# scoring basis: v2
# bs=4 slots=32 temp=0 thinking=on cooldown=10s images=16 pairs=18
# images from /Users/mh/Pictures/sample_imgs   iogpu.wired_limit_mb=14336
# warmup (discarded): NO_FUSION_0401_001.png bs=0
# cooldown 10s (after warmup)
image	role	order	wall_off	wall_on	new_off	new_on	ratio	hit_on	io_on	accept	stop
# cooldown 10s 
# cooldown 10s 
NO_FUSION_0401_001.png	head	off/on	43.6	40.5	853	1246	1.077	79.9	16.67	2.022	endOfTurn/endOfTurn
# cooldown 10s 
# cooldown 10s 
NO_FUSION_0401_007.png	body	on/off	41.7	30.3	821	834	1.376	81.3	17.27	1.789	endOfTurn/endOfTurn
# cooldown 10s 
# cooldown 10s 
NO_FUSION_0404_004.png	body	off/on	64.1	41.6	1343	1343	1.540	80.2	15.02	1.996	endOfTurn/endOfTurn
# cooldown 10s 
# cooldown 10s 
NO_FUSION_0524_013.png	body	on/off	42.1	30.4	813	813	1.387	79.2	19.20	1.853	endOfTurn/endOfTurn
# cooldown 10s 
# cooldown 10s 
NO_FUSION_0606_028.png	body	off/on	49.6	36.2	1006	1047	1.371	80.7	17.13	1.789	endOfTurn/endOfTurn
# cooldown 10s 
# cooldown 10s 
NO_FUSION_0607_025.png	body	on/off	52.4	37.5	1067	1125	1.397	80.4	16.74	1.942	endOfTurn/endOfTurn
# cooldown 10s 
# cooldown 10s 
NO_FUSION_0627_012.png	body	off/on	48.1	34.7	931	931	1.387	80.0	19.60	1.816	endOfTurn/endOfTurn
# cooldown 10s 
# cooldown 10s 
NO_FUSION_0627_015.png	body	on/off	57.2	36.7	1162	1027	1.561	80.8	17.15	1.673	endOfTurn/endOfTurn
# cooldown 10s 
# cooldown 10s 
NO_FUSION_0401_001.png	mid	off/on	43.1	40.1	853	1246	1.075	79.9	16.81	2.022	endOfTurn/endOfTurn
# cooldown 10s 
# cooldown 10s 
NO_FUSION_0712_002.png	body	on/off	48.9	29.6	1015	923	1.654	81.9	14.66	2.016	endOfTurn/endOfTurn
# cooldown 10s 
# cooldown 10s 
NO_FUSION_0722_002.png	body	off/on	45.9	34.0	880	926	1.349	78.8	19.75	1.900	endOfTurn/endOfTurn
# cooldown 10s 
# cooldown 10s 
NO_FUSION_0728_007.png	body	on/off	58.0	39.5	1165	1165	1.469	79.7	17.35	1.886	endOfTurn/endOfTurn
# cooldown 10s 
# cooldown 10s 
NO_FUSION_0731_002.png	body	off/on	89.3	46.5	1532	1217	1.920	73.7	24.34	2.089	endOfTurn/endOfTurn
# cooldown 10s 
# cooldown 10s 
NO_FUSION_0804_002.png	body	on/off	41.4	28.9	807	807	1.434	79.3	17.40	1.900	endOfTurn/endOfTurn
# cooldown 10s 
# cooldown 10s 
NO_FUSION_0804_005.png	body	off/on	54.9	35.6	1101	1064	1.541	80.1	16.69	1.950	endOfTurn/endOfTurn
# cooldown 10s 
# cooldown 10s 
NO_FUSION_0804_009.png	body	on/off	58.1	39.2	1144	1161	1.484	79.3	17.20	1.932	endOfTurn/endOfTurn
# cooldown 10s 
# cooldown 10s 
NO_FUSION_0804_012.png	body	off/on	42.7	31.4	797	797	1.361	76.7	22.87	2.050	endOfTurn/endOfTurn
# cooldown 10s 
# cooldown 10s 
NO_FUSION_0401_001.png	tail	on/off	42.9	40.7	853	1246	1.054	79.9	17.09	2.022	endOfTurn/endOfTurn

length-skewed cells (|on/off - 1| > 25%): NO_FUSION_0401_001.png(1246/853), NO_FUSION_0401_001.png(1246/853), NO_FUSION_0401_001.png(1246/853)

end-to-end wall ratio (off / on), n=16 images
  median 1.415   mean 1.457   sd 0.178   min 1.075   max 1.920
  quartiles 1.372 / 1.415 / 1.541
  target 1.33 / abort 1.10 (22-GOAL-RESET §5) -> target met
  median decode t/s ratio (on/off):     1.539
  median generated-length ratio (on/off): 1.000
  identical text off vs on: 4/18 (04-PHASES §3 gate 1 records where it diverges, it does not require equality)

covariates (on side, per produced token)
  decode hit%: median 79.9  min 73.7  max 81.9
  expert io ms/tok: median 17.18  min 14.66  max 24.34
  corr(io ms/tok, ratio) = +0.282  (n=18 pairs)
  corr(hit%,      ratio) = -0.364

drift / resolution (NO_FUSION_0401_001.png, 3 reps)
  off t/s head->tail: 22.12 -> 22.55  (+1.92%)  OK
  ratio reps: 1.077 / 1.075 / 1.054   spread 2.15%  <- 本文でこれ以下の差を読まないこと

  wrote bench/logs/42_n3/goal_v2.tsv
  wrote bench/logs/42_n3/goal_v2.texts.json
