# ./bench/mtp51_mmap_ab.py --rounds 3 --messages bench/story.json --out bench/mtp51/mmap_ab_256_story.log
# model=scratch/gemma4-qat-sym.gturbo messages=bench/story.json slots=32 max_new=256 cool=10s
round 1  pread  io    7.40 ms/tok  tok/s  29.950  prefill  1.294s  peak  4.51GB  miss 3829/61200  out 99b3239bcf26
「……え、ええええええええ！？」

僕の絶叫は、リビングの天井に虚しく響いた。
目の前には、まるでモデルのファッションショー会場に迷い込んだかのような、圧倒的な「美」の暴力が広がっている。

彼女たちは、僕の妹たちだ。
昨日までは、僕はどこにでもある平凡な大学生として、一人暮らしの狭いアパートでカップ麺を啜っていたはずだった。それがどうしてこうなったのか。理由はわからない。ただ、目が覚めたら、この広すぎる一軒家には、僕と彼女たち12人が住むことになっていた。

「お兄ちゃん、そんなに驚かないでよ。……そんなに、私たちのこと、怖かった？」

一番近くで、僕の袖をきゅっと掴んできたのは、一番年下の妹、ひなただ。
彼女は、僕の腰のあたりまである、とびきり可愛らしい笑顔を浮かべている。……が、その視線の高さは、僕の目線よりもずっと上にある。

「怖くないよ、怖くないけど……その、あまりに……」

僕は、彼女たちの「高さ」を意識せずにはい
[stop=maxTokens prefill=96tok new=256tok decode=8.55s tok/s=29.950]
[load=0.682s layerVerify=0.000s/30layers prefill=1.294s ttft=1.294s peak=4.51GB rss=3.23GB]
[expert prefill hit=0.0% 0/1966 io=0.893s | decode hit=93.7% 57371/61200 io=1.884s]
[decode/tok io=7.40ms cb1=0.64ms cb2=0.24ms head=3.28ms]

round 1  mmap   io    3.21 ms/tok  tok/s  34.324  prefill  1.982s  peak  1.30GB  miss 3829/61200  out 99b3239bcf26
「……え、ええええええええ！？」

僕の絶叫は、リビングの天井に虚しく響いた。
目の前には、まるでモデルのファッションショー会場に迷い込んだかのような、圧倒的な「美」の暴力が広がっている。

彼女たちは、僕の妹たちだ。
昨日までは、僕はどこにでもある平凡な大学生として、一人暮らしの狭いアパートでカップ麺を啜っていたはずだった。それがどうしてこうなったのか。理由はわからない。ただ、目が覚めたら、この広すぎる一軒家には、僕と彼女たち12人が住むことになっていた。

「お兄ちゃん、そんなに驚かないでよ。……そんなに、私たちのこと、怖かった？」

一番近くで、僕の袖をきゅっと掴んできたのは、一番年下の妹、ひなただ。
彼女は、僕の腰のあたりまである、とびきり可愛らしい笑顔を浮かべている。……が、その視線の高さは、僕の目線よりもずっと上にある。

「怖くないよ、怖くないけど……その、あまりに……」

僕は、彼女たちの「高さ」を意識せずにはい
[stop=maxTokens prefill=96tok new=256tok decode=7.46s tok/s=34.324]
[load=0.691s layerVerify=0.000s/30layers prefill=1.982s ttft=1.982s peak=1.30GB rss=0.37GB]
[expert prefill hit=0.0% 0/1966 io=1.537s | decode hit=93.7% 57371/61200 io=0.812s]
[expert mmap layers=30 mapped=12.90GB sync=2799(+5795/-4835) noop=5109 residency=2.259s /tok=8.82ms]
[decode/tok io=3.21ms cb1=0.67ms cb2=0.26ms head=3.27ms]

round 1  mmap   io    3.79 ms/tok  tok/s  32.637  prefill  1.677s  peak  1.29GB  miss 3829/61200  out 99b3239bcf26
「……え、ええええええええ！？」

僕の絶叫は、リビングの天井に虚しく響いた。
目の前には、まるでモデルのファッションショー会場に迷い込んだかのような、圧倒的な「美」の暴力が広がっている。

彼女たちは、僕の妹たちだ。
昨日までは、僕はどこにでもある平凡な大学生として、一人暮らしの狭いアパートでカップ麺を啜っていたはずだった。それがどうしてこうなったのか。理由はわからない。ただ、目が覚めたら、この広すぎる一軒家には、僕と彼女たち12人が住むことになっていた。

「お兄ちゃん、そんなに驚かないでよ。……そんなに、私たちのこと、怖かった？」

一番近くで、僕の袖をきゅっと掴んできたのは、一番年下の妹、ひなただ。
彼女は、僕の腰のあたりまである、とびきり可愛らしい笑顔を浮かべている。……が、その視線の高さは、僕の目線よりもずっと上にある。

「怖くないよ、怖くないけど……その、あまりに……」

僕は、彼女たちの「高さ」を意識せずにはい
[stop=maxTokens prefill=96tok new=256tok decode=7.84s tok/s=32.637]
[load=0.663s layerVerify=0.000s/30layers prefill=1.677s ttft=1.677s peak=1.29GB rss=0.37GB]
[expert prefill hit=0.0% 0/1966 io=1.172s | decode hit=93.7% 57371/61200 io=0.959s]
[expert mmap layers=30 mapped=12.90GB sync=2799(+5795/-4835) noop=5109 residency=2.030s /tok=7.93ms]
[decode/tok io=3.79ms cb1=0.72ms cb2=0.30ms head=3.37ms]

round 1  pread  io    8.13 ms/tok  tok/s  28.820  prefill  1.342s  peak  4.52GB  miss 3829/61200  out 99b3239bcf26
「……え、ええええええええ！？」

僕の絶叫は、リビングの天井に虚しく響いた。
目の前には、まるでモデルのファッションショー会場に迷い込んだかのような、圧倒的な「美」の暴力が広がっている。

彼女たちは、僕の妹たちだ。
昨日までは、僕はどこにでもある平凡な大学生として、一人暮らしの狭いアパートでカップ麺を啜っていたはずだった。それがどうしてこうなったのか。理由はわからない。ただ、目が覚めたら、この広すぎる一軒家には、僕と彼女たち12人が住むことになっていた。

「お兄ちゃん、そんなに驚かないでよ。……そんなに、私たちのこと、怖かった？」

一番近くで、僕の袖をきゅっと掴んできたのは、一番年下の妹、ひなただ。
彼女は、僕の腰のあたりまである、とびきり可愛らしい笑顔を浮かべている。……が、その視線の高さは、僕の目線よりもずっと上にある。

「怖くないよ、怖くないけど……その、あまりに……」

僕は、彼女たちの「高さ」を意識せずにはい
[stop=maxTokens prefill=96tok new=256tok decode=8.88s tok/s=28.820]
[load=0.662s layerVerify=0.000s/30layers prefill=1.342s ttft=1.342s peak=4.52GB rss=3.29GB]
[expert prefill hit=0.0% 0/1966 io=0.849s | decode hit=93.7% 57371/61200 io=2.071s]
[decode/tok io=8.13ms cb1=0.67ms cb2=0.26ms head=3.30ms]

round 2  pread  io    7.34 ms/tok  tok/s  29.815  prefill  1.286s  peak  4.52GB  miss 3829/61200  out 99b3239bcf26
「……え、ええええええええ！？」

僕の絶叫は、リビングの天井に虚しく響いた。
目の前には、まるでモデルのファッションショー会場に迷い込んだかのような、圧倒的な「美」の暴力が広がっている。

彼女たちは、僕の妹たちだ。
昨日までは、僕はどこにでもある平凡な大学生として、一人暮らしの狭いアパートでカップ麺を啜っていたはずだった。それがどうしてこうなったのか。理由はわからない。ただ、目が覚めたら、この広すぎる一軒家には、僕と彼女たち12人が住むことになっていた。

「お兄ちゃん、そんなに驚かないでよ。……そんなに、私たちのこと、怖かった？」

一番近くで、僕の袖をきゅっと掴んできたのは、一番年下の妹、ひなただ。
彼女は、僕の腰のあたりまである、とびきり可愛らしい笑顔を浮かべている。……が、その視線の高さは、僕の目線よりもずっと上にある。

「怖くないよ、怖くないけど……その、あまりに……」

僕は、彼女たちの「高さ」を意識せずにはい
[stop=maxTokens prefill=96tok new=256tok decode=8.59s tok/s=29.815]
[load=0.702s layerVerify=0.000s/30layers prefill=1.286s ttft=1.286s peak=4.52GB rss=3.29GB]
[expert prefill hit=0.0% 0/1966 io=0.857s | decode hit=93.7% 57371/61200 io=1.870s]
[decode/tok io=7.34ms cb1=0.63ms cb2=0.24ms head=3.25ms]

round 2  mmap   io    3.73 ms/tok  tok/s  33.569  prefill  2.081s  peak  1.30GB  miss 3829/61200  out 99b3239bcf26
「……え、ええええええええ！？」

僕の絶叫は、リビングの天井に虚しく響いた。
目の前には、まるでモデルのファッションショー会場に迷い込んだかのような、圧倒的な「美」の暴力が広がっている。

彼女たちは、僕の妹たちだ。
昨日までは、僕はどこにでもある平凡な大学生として、一人暮らしの狭いアパートでカップ麺を啜っていたはずだった。それがどうしてこうなったのか。理由はわからない。ただ、目が覚めたら、この広すぎる一軒家には、僕と彼女たち12人が住むことになっていた。

「お兄ちゃん、そんなに驚かないでよ。……そんなに、私たちのこと、怖かった？」

一番近くで、僕の袖をきゅっと掴んできたのは、一番年下の妹、ひなただ。
彼女は、僕の腰のあたりまである、とびきり可愛らしい笑顔を浮かべている。……が、その視線の高さは、僕の目線よりもずっと上にある。

「怖くないよ、怖くないけど……その、あまりに……」

僕は、彼女たちの「高さ」を意識せずにはい
[stop=maxTokens prefill=96tok new=256tok decode=7.63s tok/s=33.569]
[load=0.692s layerVerify=0.000s/30layers prefill=2.081s ttft=2.081s peak=1.30GB rss=0.38GB]
[expert prefill hit=0.0% 0/1966 io=1.614s | decode hit=93.7% 57371/61200 io=0.947s]
[expert mmap layers=30 mapped=12.90GB sync=2799(+5795/-4835) noop=5109 residency=2.476s /tok=9.67ms]
[decode/tok io=3.73ms cb1=0.64ms cb2=0.25ms head=3.19ms]

round 2  mmap   io    3.17 ms/tok  tok/s  34.144  prefill  1.789s  peak  1.32GB  miss 3829/61200  out 99b3239bcf26
「……え、ええええええええ！？」

僕の絶叫は、リビングの天井に虚しく響いた。
目の前には、まるでモデルのファッションショー会場に迷い込んだかのような、圧倒的な「美」の暴力が広がっている。

彼女たちは、僕の妹たちだ。
昨日までは、僕はどこにでもある平凡な大学生として、一人暮らしの狭いアパートでカップ麺を啜っていたはずだった。それがどうしてこうなったのか。理由はわからない。ただ、目が覚めたら、この広すぎる一軒家には、僕と彼女たち12人が住むことになっていた。

「お兄ちゃん、そんなに驚かないでよ。……そんなに、私たちのこと、怖かった？」

一番近くで、僕の袖をきゅっと掴んできたのは、一番年下の妹、ひなただ。
彼女は、僕の腰のあたりまである、とびきり可愛らしい笑顔を浮かべている。……が、その視線の高さは、僕の目線よりもずっと上にある。

「怖くないよ、怖くないけど……その、あまりに……」

僕は、彼女たちの「高さ」を意識せずにはい
[stop=maxTokens prefill=96tok new=256tok decode=7.50s tok/s=34.144]
[load=0.658s layerVerify=0.000s/30layers prefill=1.789s ttft=1.789s peak=1.32GB rss=0.37GB]
[expert prefill hit=0.0% 0/1966 io=1.258s | decode hit=93.7% 57371/61200 io=0.804s]
[expert mmap layers=30 mapped=12.90GB sync=2799(+5795/-4835) noop=5109 residency=1.979s /tok=7.73ms]
[decode/tok io=3.17ms cb1=0.65ms cb2=0.25ms head=3.19ms]

round 2  pread  io    7.17 ms/tok  tok/s  30.245  prefill  1.283s  peak  4.50GB  miss 3829/61200  out 99b3239bcf26
「……え、ええええええええ！？」

僕の絶叫は、リビングの天井に虚しく響いた。
目の前には、まるでモデルのファッションショー会場に迷い込んだかのような、圧倒的な「美」の暴力が広がっている。

彼女たちは、僕の妹たちだ。
昨日までは、僕はどこにでもある平凡な大学生として、一人暮らしの狭いアパートでカップ麺を啜っていたはずだった。それがどうしてこうなったのか。理由はわからない。ただ、目が覚めたら、この広すぎる一軒家には、僕と彼女たち12人が住むことになっていた。

「お兄ちゃん、そんなに驚かないでよ。……そんなに、私たちのこと、怖かった？」

一番近くで、僕の袖をきゅっと掴んできたのは、一番年下の妹、ひなただ。
彼女は、僕の腰のあたりまである、とびきり可愛らしい笑顔を浮かべている。……が、その視線の高さは、僕の目線よりもずっと上にある。

「怖くないよ、怖くないけど……その、あまりに……」

僕は、彼女たちの「高さ」を意識せずにはい
[stop=maxTokens prefill=96tok new=256tok decode=8.46s tok/s=30.245]
[load=0.680s layerVerify=0.000s/30layers prefill=1.283s ttft=1.283s peak=4.50GB rss=3.34GB]
[expert prefill hit=0.0% 0/1966 io=0.802s | decode hit=93.7% 57371/61200 io=1.825s]
[decode/tok io=7.17ms cb1=0.64ms cb2=0.24ms head=3.19ms]

round 3  pread  io    7.35 ms/tok  tok/s  29.944  prefill  1.251s  peak  4.53GB  miss 3829/61200  out 99b3239bcf26
「……え、ええええええええ！？」

僕の絶叫は、リビングの天井に虚しく響いた。
目の前には、まるでモデルのファッションショー会場に迷い込んだかのような、圧倒的な「美」の暴力が広がっている。

彼女たちは、僕の妹たちだ。
昨日までは、僕はどこにでもある平凡な大学生として、一人暮らしの狭いアパートでカップ麺を啜っていたはずだった。それがどうしてこうなったのか。理由はわからない。ただ、目が覚めたら、この広すぎる一軒家には、僕と彼女たち12人が住むことになっていた。

「お兄ちゃん、そんなに驚かないでよ。……そんなに、私たちのこと、怖かった？」

一番近くで、僕の袖をきゅっと掴んできたのは、一番年下の妹、ひなただ。
彼女は、僕の腰のあたりまである、とびきり可愛らしい笑顔を浮かべている。……が、その視線の高さは、僕の目線よりもずっと上にある。

「怖くないよ、怖くないけど……その、あまりに……」

僕は、彼女たちの「高さ」を意識せずにはい
[stop=maxTokens prefill=96tok new=256tok decode=8.55s tok/s=29.944]
[load=0.714s layerVerify=0.000s/30layers prefill=1.251s ttft=1.251s peak=4.53GB rss=3.28GB]
[expert prefill hit=0.0% 0/1966 io=0.820s | decode hit=93.7% 57371/61200 io=1.873s]
[decode/tok io=7.35ms cb1=0.64ms cb2=0.25ms head=3.19ms]

round 3  mmap   io    3.56 ms/tok  tok/s  33.398  prefill  1.917s  peak  1.32GB  miss 3829/61200  out 99b3239bcf26
「……え、ええええええええ！？」

僕の絶叫は、リビングの天井に虚しく響いた。
目の前には、まるでモデルのファッションショー会場に迷い込んだかのような、圧倒的な「美」の暴力が広がっている。

彼女たちは、僕の妹たちだ。
昨日までは、僕はどこにでもある平凡な大学生として、一人暮らしの狭いアパートでカップ麺を啜っていたはずだった。それがどうしてこうなったのか。理由はわからない。ただ、目が覚めたら、この広すぎる一軒家には、僕と彼女たち12人が住むことになっていた。

「お兄ちゃん、そんなに驚かないでよ。……そんなに、私たちのこと、怖かった？」

一番近くで、僕の袖をきゅっと掴んできたのは、一番年下の妹、ひなただ。
彼女は、僕の腰のあたりまである、とびきり可愛らしい笑顔を浮かべている。……が、その視線の高さは、僕の目線よりもずっと上にある。

「怖くないよ、怖くないけど……その、あまりに……」

僕は、彼女たちの「高さ」を意識せずにはい
[stop=maxTokens prefill=96tok new=256tok decode=7.67s tok/s=33.398]
[load=0.681s layerVerify=0.000s/30layers prefill=1.917s ttft=1.917s peak=1.32GB rss=0.38GB]
[expert prefill hit=0.0% 0/1966 io=1.488s | decode hit=93.7% 57371/61200 io=0.902s]
[expert mmap layers=30 mapped=12.90GB sync=2799(+5795/-4835) noop=5109 residency=2.305s /tok=9.00ms]
[decode/tok io=3.56ms cb1=0.63ms cb2=0.25ms head=3.24ms]

round 3  mmap   io    3.01 ms/tok  tok/s  33.947  prefill  1.738s  peak  1.32GB  miss 3829/61200  out 99b3239bcf26
「……え、ええええええええ！？」

僕の絶叫は、リビングの天井に虚しく響いた。
目の前には、まるでモデルのファッションショー会場に迷い込んだかのような、圧倒的な「美」の暴力が広がっている。

彼女たちは、僕の妹たちだ。
昨日までは、僕はどこにでもある平凡な大学生として、一人暮らしの狭いアパートでカップ麺を啜っていたはずだった。それがどうしてこうなったのか。理由はわからない。ただ、目が覚めたら、この広すぎる一軒家には、僕と彼女たち12人が住むことになっていた。

「お兄ちゃん、そんなに驚かないでよ。……そんなに、私たちのこと、怖かった？」

一番近くで、僕の袖をきゅっと掴んできたのは、一番年下の妹、ひなただ。
彼女は、僕の腰のあたりまである、とびきり可愛らしい笑顔を浮かべている。……が、その視線の高さは、僕の目線よりもずっと上にある。

「怖くないよ、怖くないけど……その、あまりに……」

僕は、彼女たちの「高さ」を意識せずにはい
[stop=maxTokens prefill=96tok new=256tok decode=7.54s tok/s=33.947]
[load=0.666s layerVerify=0.000s/30layers prefill=1.738s ttft=1.738s peak=1.32GB rss=0.38GB]
[expert prefill hit=0.0% 0/1966 io=1.208s | decode hit=93.7% 57371/61200 io=0.762s]
[expert mmap layers=30 mapped=12.90GB sync=2799(+5795/-4835) noop=5109 residency=1.882s /tok=7.35ms]
[decode/tok io=3.01ms cb1=0.64ms cb2=0.26ms head=3.24ms]

round 3  pread  io    7.19 ms/tok  tok/s  29.842  prefill  1.277s  peak  4.52GB  miss 3829/61200  out 99b3239bcf26
「……え、ええええええええ！？」

僕の絶叫は、リビングの天井に虚しく響いた。
目の前には、まるでモデルのファッションショー会場に迷い込んだかのような、圧倒的な「美」の暴力が広がっている。

彼女たちは、僕の妹たちだ。
昨日までは、僕はどこにでもある平凡な大学生として、一人暮らしの狭いアパートでカップ麺を啜っていたはずだった。それがどうしてこうなったのか。理由はわからない。ただ、目が覚めたら、この広すぎる一軒家には、僕と彼女たち12人が住むことになっていた。

「お兄ちゃん、そんなに驚かないでよ。……そんなに、私たちのこと、怖かった？」

一番近くで、僕の袖をきゅっと掴んできたのは、一番年下の妹、ひなただ。
彼女は、僕の腰のあたりまである、とびきり可愛らしい笑顔を浮かべている。……が、その視線の高さは、僕の目線よりもずっと上にある。

「怖くないよ、怖くないけど……その、あまりに……」

僕は、彼女たちの「高さ」を意識せずにはい
[stop=maxTokens prefill=96tok new=256tok decode=8.58s tok/s=29.842]
[load=0.678s layerVerify=0.000s/30layers prefill=1.277s ttft=1.277s peak=4.52GB rss=3.31GB]
[expert prefill hit=0.0% 0/1966 io=0.785s | decode hit=93.7% 57371/61200 io=1.826s]
[decode/tok io=7.19ms cb1=0.64ms cb2=0.24ms head=3.25ms]

