[prefill host enc.front=0.002s(0%) wait.front=0.537s(21%) drain=0.000s(0%) route=0.006s(0%) wait.shared=0.110s(4%) meta=0.000s(0%) fetch=1.727s(69%) enc.moe=0.013s(1%) wait.tile=0.081s(3%) tail=0.014s(1%) head=0.004s(0%) other=0.005s(0%) call=2.501s | tiles=361 ahead=0 experts=0 miss=0 io=0.000s 0.0GB/s]
[prefill gpuq busy=1.327s(56%) idle=1.042s(44%) span=2.369s buffers=452]
[prefill host enc.front=0.003s(1%) wait.front=0.075s(28%) drain=0.001s(0%) route=0.001s(0%) meta=0.000s(0%) fetch=0.179s(67%) enc.moe=0.002s(1%) tail=0.000s(0%) head=0.004s(1%) other=0.001s(0%) call=0.265s | tiles=66 ahead=66 experts=350 miss=220 io=0.242s 3.1GB/s]
[prefill gpuq busy=0.054s(21%) idle=0.210s(79%) span=0.264s buffers=157]
[prefill host enc.front=0.002s(2%) wait.front=0.027s(20%) drain=0.000s(0%) route=0.000s(0%) meta=0.000s(0%) fetch=0.096s(73%) enc.moe=0.001s(1%) tail=0.000s(0%) head=0.004s(3%) other=0.001s(0%) call=0.131s | tiles=85 ahead=85 experts=393 miss=111 io=0.107s 3.6GB/s]
[prefill gpuq busy=0.040s(30%) idle=0.091s(70%) span=0.131s buffers=176]
[prefill host enc.front=0.002s(2%) wait.front=0.024s(33%) drain=0.001s(1%) route=0.000s(0%) meta=0.000s(0%) fetch=0.043s(57%) enc.moe=0.001s(1%) tail=0.000s(0%) head=0.004s(5%) other=0.000s(1%) call=0.075s | tiles=83 ahead=83 experts=358 miss=53 io=0.043s 4.2GB/s]
[prefill gpuq busy=0.037s(50%) idle=0.037s(50%) span=0.075s buffers=174]
[prefill host enc.front=0.002s(3%) wait.front=0.025s(41%) drain=0.001s(1%) route=0.000s(0%) meta=0.000s(0%) fetch=0.029s(47%) enc.moe=0.001s(1%) tail=0.000s(0%) head=0.004s(6%) other=0.000s(1%) call=0.062s | tiles=77 ahead=77 experts=367 miss=36 io=0.029s 4.2GB/s]
[prefill gpuq busy=0.037s(60%) idle=0.025s(40%) span=0.062s buffers=168]
[prefill host enc.front=0.002s(2%) wait.front=0.029s(31%) drain=0.001s(1%) route=0.000s(0%) meta=0.000s(0%) fetch=0.056s(61%) enc.moe=0.001s(1%) tail=0.000s(0%) head=0.004s(4%) other=0.000s(0%) call=0.093s | tiles=83 ahead=83 experts=398 miss=68 io=0.057s 4.2GB/s]
[prefill gpuq busy=0.038s(41%) idle=0.055s(59%) span=0.093s buffers=174]
[prefill host enc.front=0.002s(2%) wait.front=0.023s(25%) drain=0.000s(0%) route=0.000s(0%) meta=0.000s(0%) fetch=0.062s(67%) enc.moe=0.001s(1%) tail=0.000s(0%) head=0.004s(4%) other=0.000s(1%) call=0.093s | tiles=84 ahead=84 experts=366 miss=81 io=0.069s 4.1GB/s]
[prefill gpuq busy=0.039s(42%) idle=0.054s(58%) span=0.093s buffers=175]
[prefill host enc.front=0.002s(3%) wait.front=0.023s(42%) drain=0.000s(1%) route=0.000s(0%) meta=0.000s(0%) fetch=0.025s(46%) enc.moe=0.001s(1%) tail=0.000s(0%) head=0.004s(6%) other=0.000s(1%) call=0.055s | tiles=81 ahead=81 experts=396 miss=29 io=0.025s 4.0GB/s]
[prefill gpuq busy=0.037s(67%) idle=0.018s(33%) span=0.055s buffers=172]
[prefill host enc.front=0.002s(3%) wait.front=0.026s(48%) drain=0.001s(1%) route=0.000s(0%) meta=0.000s(0%) fetch=0.022s(39%) enc.moe=0.001s(1%) tail=0.000s(0%) head=0.004s(6%) other=0.000s(1%) call=0.056s | tiles=74 ahead=74 experts=357 miss=34 io=0.023s 5.1GB/s]
[prefill gpuq busy=0.037s(67%) idle=0.018s(33%) span=0.055s buffers=165]
[prefill host enc.front=0.002s(3%) wait.front=0.026s(48%) drain=0.001s(1%) route=0.000s(0%) meta=0.000s(0%) fetch=0.021s(39%) enc.moe=0.001s(1%) tail=0.000s(0%) head=0.004s(7%) other=0.000s(1%) call=0.054s | tiles=73 ahead=73 experts=369 miss=32 io=0.021s 5.3GB/s]
[prefill gpuq busy=0.037s(69%) idle=0.016s(31%) span=0.053s buffers=164]
[prefill host enc.front=0.002s(3%) wait.front=0.025s(40%) drain=0.000s(0%) route=0.000s(0%) meta=0.000s(0%) fetch=0.032s(49%) enc.moe=0.001s(1%) tail=0.000s(0%) head=0.004s(6%) other=0.000s(1%) call=0.064s | tiles=79 ahead=79 experts=379 miss=46 io=0.032s 5.0GB/s]
[prefill gpuq busy=0.037s(59%) idle=0.026s(41%) span=0.064s buffers=170]
[prefill host enc.front=0.002s(3%) wait.front=0.025s(53%) drain=0.001s(1%) route=0.000s(0%) meta=0.000s(0%) fetch=0.015s(32%) enc.moe=0.001s(1%) tail=0.000s(0%) head=0.003s(7%) other=0.000s(1%) call=0.047s | tiles=72 ahead=72 experts=338 miss=20 io=0.015s 4.6GB/s]
[prefill gpuq busy=0.036s(78%) idle=0.010s(22%) span=0.047s buffers=163]
[prefill host enc.front=0.002s(3%) wait.front=0.025s(52%) drain=0.001s(2%) route=0.000s(0%) meta=0.000s(0%) fetch=0.015s(32%) enc.moe=0.001s(1%) tail=0.000s(0%) head=0.004s(8%) other=0.000s(1%) call=0.047s | tiles=71 ahead=71 experts=366 miss=20 io=0.015s 4.6GB/s]
[prefill gpuq busy=0.036s(77%) idle=0.011s(23%) span=0.047s buffers=162]
[prefill host enc.front=0.002s(3%) wait.front=0.024s(49%) drain=0.001s(1%) route=0.000s(0%) meta=0.000s(0%) fetch=0.018s(37%) enc.moe=0.001s(1%) tail=0.000s(0%) head=0.004s(7%) other=0.000s(1%) call=0.049s | tiles=75 ahead=75 experts=379 miss=27 io=0.018s 5.1GB/s]
[prefill gpuq busy=0.037s(75%) idle=0.012s(25%) span=0.049s buffers=166]
[prefill host enc.front=0.002s(3%) wait.front=0.024s(51%) drain=0.001s(2%) route=0.000s(0%) meta=0.000s(0%) fetch=0.015s(33%) enc.moe=0.001s(1%) tail=0.000s(0%) head=0.004s(8%) other=0.000s(1%) call=0.046s | tiles=75 ahead=75 experts=355 miss=22 io=0.015s 4.9GB/s]
[prefill gpuq busy=0.036s(79%) idle=0.010s(21%) span=0.046s buffers=166]
[prefill host enc.front=0.002s(4%) wait.front=0.028s(66%) drain=0.001s(2%) route=0.000s(0%) meta=0.000s(0%) fetch=0.007s(17%) enc.moe=0.000s(1%) tail=0.000s(0%) head=0.004s(8%) other=0.000s(1%) call=0.042s | tiles=67 ahead=67 experts=384 miss=13 io=0.007s 6.3GB/s]
[prefill gpuq busy=0.037s(88%) idle=0.005s(12%) span=0.042s buffers=158]
[prefill host enc.front=0.002s(3%) wait.front=0.026s(57%) drain=0.000s(1%) route=0.000s(0%) meta=0.000s(0%) fetch=0.013s(28%) enc.moe=0.001s(1%) tail=0.000s(0%) head=0.004s(9%) other=0.000s(1%) call=0.046s | tiles=70 ahead=70 experts=340 miss=17 io=0.013s 4.6GB/s]
[prefill gpuq busy=0.036s(80%) idle=0.009s(20%) span=0.045s buffers=161]
[prefill host enc.front=0.002s(3%) wait.front=0.024s(46%) drain=0.000s(1%) route=0.000s(0%) meta=0.000s(0%) fetch=0.022s(41%) enc.moe=0.001s(1%) tail=0.000s(0%) head=0.004s(7%) other=0.000s(1%) call=0.054s | tiles=74 ahead=74 experts=363 miss=35 io=0.022s 5.5GB/s]
[prefill gpuq busy=0.037s(69%) idle=0.017s(31%) span=0.054s buffers=165]
[prefill host enc.front=0.002s(2%) wait.front=0.025s(28%) drain=0.000s(0%) route=0.000s(0%) meta=0.000s(0%) fetch=0.057s(64%) enc.moe=0.001s(1%) tail=0.000s(0%) head=0.004s(4%) other=0.001s(1%) call=0.089s | tiles=88 ahead=88 experts=430 miss=99 io=0.057s 6.0GB/s]
[prefill gpuq busy=0.040s(45%) idle=0.049s(55%) span=0.089s buffers=179]
[prefill host enc.front=0.002s(3%) wait.front=0.024s(48%) drain=0.001s(2%) route=0.000s(0%) meta=0.000s(0%) fetch=0.019s(38%) enc.moe=0.001s(1%) tail=0.000s(0%) head=0.004s(7%) other=0.000s(1%) call=0.050s | tiles=75 ahead=75 experts=379 miss=38 io=0.021s 6.3GB/s]
[prefill gpuq busy=0.037s(74%) idle=0.013s(26%) span=0.050s buffers=166]
[prefill host enc.front=0.002s(3%) wait.front=0.023s(46%) drain=0.001s(1%) route=0.000s(0%) meta=0.000s(0%) fetch=0.019s(39%) enc.moe=0.001s(1%) tail=0.000s(0%) head=0.004s(8%) other=0.000s(1%) call=0.049s | tiles=76 ahead=76 experts=392 miss=28 io=0.019s 5.1GB/s]
[prefill gpuq busy=0.037s(76%) idle=0.012s(24%) span=0.049s buffers=167]
[prefill host enc.front=0.002s(3%) wait.front=0.024s(48%) drain=0.000s(1%) route=0.000s(0%) meta=0.000s(0%) fetch=0.019s(37%) enc.moe=0.001s(1%) tail=0.000s(0%) head=0.004s(7%) other=0.000s(1%) call=0.050s | tiles=75 ahead=75 experts=370 miss=35 io=0.019s 6.4GB/s]
[prefill gpuq busy=0.037s(75%) idle=0.013s(25%) span=0.050s buffers=166]
[prefill host enc.front=0.002s(3%) wait.front=0.023s(46%) drain=0.000s(1%) route=0.000s(0%) meta=0.000s(0%) fetch=0.019s(39%) enc.moe=0.001s(1%) tail=0.000s(0%) head=0.004s(8%) other=0.000s(1%) call=0.049s | tiles=77 ahead=77 experts=367 miss=35 io=0.021s 5.9GB/s]
[prefill gpuq busy=0.038s(76%) idle=0.012s(24%) span=0.049s buffers=168]
[prefill host enc.front=0.002s(3%) wait.front=0.022s(41%) drain=0.001s(1%) route=0.000s(0%) meta=0.000s(0%) fetch=0.024s(45%) enc.moe=0.001s(1%) tail=0.000s(0%) head=0.004s(7%) other=0.000s(1%) call=0.054s | tiles=79 ahead=79 experts=372 miss=42 io=0.026s 5.7GB/s]
[prefill gpuq busy=0.037s(69%) idle=0.016s(31%) span=0.054s buffers=170]
[prefill host enc.front=0.002s(3%) wait.front=0.021s(42%) drain=0.001s(1%) route=0.000s(0%) meta=0.000s(0%) fetch=0.021s(43%) enc.moe=0.001s(1%) tail=0.000s(0%) head=0.004s(7%) other=0.000s(1%) call=0.049s | tiles=80 ahead=80 experts=386 miss=33 io=0.021s 5.4GB/s]
[prefill gpuq busy=0.037s(76%) idle=0.012s(24%) span=0.048s buffers=171]
[prefill host enc.front=0.002s(4%) wait.front=0.023s(48%) drain=0.000s(1%) route=0.000s(0%) meta=0.000s(0%) fetch=0.018s(37%) enc.moe=0.001s(1%) tail=0.000s(0%) head=0.004s(8%) other=0.000s(1%) call=0.049s | tiles=77 ahead=77 experts=410 miss=45 io=0.018s 8.5GB/s]
[prefill gpuq busy=0.038s(79%) idle=0.010s(21%) span=0.048s buffers=168]
[prefill host enc.front=0.002s(3%) wait.front=0.022s(42%) drain=0.001s(1%) route=0.000s(0%) meta=0.000s(0%) fetch=0.023s(43%) enc.moe=0.001s(1%) tail=0.000s(0%) head=0.004s(7%) other=0.000s(1%) call=0.053s | tiles=82 ahead=82 experts=452 miss=65 io=0.025s 9.1GB/s]
[prefill gpuq busy=0.040s(76%) idle=0.013s(24%) span=0.053s buffers=173]
[prefill host enc.front=0.002s(3%) wait.front=0.023s(45%) drain=0.000s(1%) route=0.000s(0%) meta=0.000s(0%) fetch=0.021s(41%) enc.moe=0.001s(1%) tail=0.000s(0%) head=0.004s(7%) other=0.000s(1%) call=0.051s | tiles=75 ahead=75 experts=333 miss=38 io=0.021s 6.2GB/s]
[prefill gpuq busy=0.037s(73%) idle=0.014s(27%) span=0.051s buffers=166]
[prefill host enc.front=0.002s(3%) wait.front=0.024s(45%) drain=0.001s(2%) route=0.000s(0%) meta=0.000s(0%) fetch=0.021s(40%) enc.moe=0.001s(1%) tail=0.000s(0%) head=0.004s(7%) other=0.000s(1%) call=0.052s | tiles=77 ahead=77 experts=386 miss=48 io=0.021s 7.8GB/s]
[prefill gpuq busy=0.038s(73%) idle=0.014s(27%) span=0.052s buffers=168]
[prefill host enc.front=0.002s(4%) wait.front=0.026s(62%) drain=0.001s(2%) route=0.000s(0%) meta=0.000s(0%) fetch=0.009s(21%) enc.moe=0.001s(1%) tail=0.000s(0%) head=0.004s(9%) other=0.000s(1%) call=0.041s | tiles=73 ahead=73 experts=396 miss=16 io=0.009s 6.3GB/s]
[prefill gpuq busy=0.037s(89%) idle=0.005s(11%) span=0.041s buffers=164]
[prefill host enc.front=0.002s(4%) wait.front=0.026s(55%) drain=0.001s(2%) route=0.000s(0%) meta=0.000s(0%) fetch=0.013s(28%) enc.moe=0.001s(1%) tail=0.000s(0%) head=0.004s(8%) other=0.000s(1%) call=0.046s | tiles=74 ahead=74 experts=364 miss=26 io=0.013s 6.8GB/s]
[prefill gpuq busy=0.038s(82%) idle=0.008s(18%) span=0.046s buffers=165]
[prefill host enc.front=0.002s(3%) wait.front=0.023s(51%) drain=0.001s(2%) route=0.000s(0%) meta=0.000s(0%) fetch=0.015s(33%) enc.moe=0.001s(1%) tail=0.000s(0%) head=0.004s(9%) other=0.000s(1%) call=0.046s | tiles=76 ahead=76 experts=381 miss=22 io=0.015s 5.1GB/s]
[prefill gpuq busy=0.038s(83%) idle=0.008s(17%) span=0.045s buffers=167]
[prefill host enc.front=0.002s(4%) wait.front=0.022s(43%) drain=0.001s(2%) route=0.000s(0%) meta=0.000s(0%) fetch=0.021s(41%) enc.moe=0.001s(2%) tail=0.000s(0%) head=0.004s(7%) other=0.000s(1%) call=0.051s | tiles=80 ahead=80 experts=436 miss=62 io=0.021s 10.1GB/s]
[prefill gpuq busy=0.039s(77%) idle=0.012s(23%) span=0.051s buffers=171]
[prefill host enc.front=0.002s(2%) wait.front=0.025s(27%) drain=0.001s(1%) route=0.000s(0%) meta=0.000s(0%) fetch=0.060s(64%) enc.moe=0.001s(1%) tail=0.000s(0%) head=0.004s(4%) other=0.001s(1%) call=0.094s | tiles=87 ahead=87 experts=457 miss=120 io=0.071s 5.8GB/s]
[prefill gpuq busy=0.040s(43%) idle=0.054s(57%) span=0.093s buffers=178]
[prefill host enc.front=0.002s(4%) wait.front=0.023s(47%) drain=0.001s(2%) route=0.000s(1%) meta=0.000s(0%) fetch=0.017s(36%) enc.moe=0.001s(2%) tail=0.000s(0%) head=0.004s(8%) other=0.000s(1%) call=0.048s | tiles=80 ahead=80 experts=410 miss=48 io=0.019s 9.0GB/s]
[prefill gpuq busy=0.039s(82%) idle=0.009s(18%) span=0.047s buffers=171]
[prefill host enc.front=0.002s(3%) wait.front=0.021s(42%) drain=0.001s(1%) route=0.000s(0%) meta=0.000s(0%) fetch=0.021s(42%) enc.moe=0.001s(1%) tail=0.000s(0%) head=0.004s(8%) other=0.000s(1%) call=0.051s | tiles=77 ahead=77 experts=340 miss=44 io=0.022s 6.8GB/s]
[prefill gpuq busy=0.038s(75%) idle=0.013s(25%) span=0.050s buffers=168]
[prefill host enc.front=0.002s(4%) wait.front=0.023s(50%) drain=0.001s(2%) route=0.000s(0%) meta=0.000s(0%) fetch=0.015s(32%) enc.moe=0.001s(1%) tail=0.000s(0%) head=0.004s(9%) other=0.000s(1%) call=0.045s | tiles=75 ahead=75 experts=345 miss=34 io=0.016s 7.4GB/s]
[prefill gpuq busy=0.039s(86%) idle=0.007s(14%) span=0.045s buffers=166]
[prefill host enc.front=0.002s(4%) wait.front=0.023s(53%) drain=0.001s(2%) route=0.000s(0%) meta=0.000s(0%) fetch=0.013s(29%) enc.moe=0.001s(1%) tail=0.000s(0%) head=0.004s(9%) other=0.000s(1%) call=0.044s | tiles=71 ahead=71 experts=329 miss=30 io=0.015s 7.0GB/s]
[prefill gpuq busy=0.036s(84%) idle=0.007s(16%) span=0.044s buffers=162]
[prefill host enc.front=0.002s(3%) wait.front=0.021s(45%) drain=0.000s(1%) route=0.000s(0%) meta=0.000s(0%) fetch=0.019s(41%) enc.moe=0.001s(1%) tail=0.000s(0%) head=0.004s(7%) other=0.000s(1%) call=0.048s | tiles=81 ahead=81 experts=386 miss=40 io=0.020s 7.1GB/s]
[prefill gpuq busy=0.038s(79%) idle=0.010s(21%) span=0.048s buffers=172]
[prefill host enc.front=0.002s(4%) wait.front=0.022s(50%) drain=0.001s(2%) route=0.000s(0%) meta=0.000s(0%) fetch=0.015s(34%) enc.moe=0.001s(1%) tail=0.000s(0%) head=0.004s(8%) other=0.000s(1%) call=0.045s | tiles=76 ahead=76 experts=353 miss=34 io=0.015s 7.8GB/s]
[prefill gpuq busy=0.038s(84%) idle=0.007s(16%) span=0.045s buffers=167]
[prefill host enc.front=0.002s(4%) wait.front=0.027s(66%) drain=0.001s(2%) route=0.000s(0%) meta=0.000s(0%) fetch=0.007s(17%) enc.moe=0.000s(1%) tail=0.000s(0%) head=0.004s(9%) other=0.000s(1%) call=0.041s | tiles=67 ahead=67 experts=359 miss=19 io=0.007s 9.6GB/s]
[prefill gpuq busy=0.036s(90%) idle=0.004s(10%) span=0.040s buffers=158]
[prefill host enc.front=0.002s(4%) wait.front=0.025s(63%) drain=0.001s(2%) route=0.000s(0%) meta=0.000s(0%) fetch=0.007s(19%) enc.moe=0.001s(1%) tail=0.000s(0%) head=0.004s(9%) other=0.000s(1%) call=0.039s | tiles=71 ahead=71 experts=396 miss=17 io=0.007s 7.9GB/s]
[prefill gpuq busy=0.036s(93%) idle=0.003s(7%) span=0.039s buffers=162]
[prefill host enc.front=0.002s(4%) wait.front=0.021s(50%) drain=0.001s(2%) route=0.000s(0%) meta=0.000s(0%) fetch=0.014s(33%) enc.moe=0.001s(1%) tail=0.000s(0%) head=0.004s(8%) other=0.000s(1%) call=0.043s | tiles=77 ahead=77 experts=368 miss=32 io=0.015s 7.6GB/s]
[prefill gpuq busy=0.037s(87%) idle=0.006s(13%) span=0.043s buffers=168]
[prefill host enc.front=0.002s(4%) wait.front=0.022s(52%) drain=0.001s(2%) route=0.000s(1%) meta=0.000s(0%) fetch=0.012s(29%) enc.moe=0.001s(2%) tail=0.000s(0%) head=0.004s(9%) other=0.000s(1%) call=0.042s | tiles=79 ahead=79 experts=423 miss=41 io=0.012s 11.4GB/s]
[prefill gpuq busy=0.039s(93%) idle=0.003s(7%) span=0.042s buffers=170]
[prefill host enc.front=0.002s(3%) wait.front=0.024s(49%) drain=0.001s(1%) route=0.000s(0%) meta=0.000s(0%) fetch=0.017s(36%) enc.moe=0.001s(1%) tail=0.000s(0%) head=0.004s(8%) other=0.000s(1%) call=0.048s | tiles=77 ahead=77 experts=360 miss=38 io=0.017s 7.6GB/s]
[prefill gpuq busy=0.038s(79%) idle=0.010s(21%) span=0.048s buffers=168]
[prefill host enc.front=0.002s(3%) wait.front=0.025s(49%) drain=0.001s(1%) route=0.000s(0%) meta=0.000s(0%) fetch=0.018s(35%) enc.moe=0.001s(1%) tail=0.000s(0%) head=0.004s(8%) other=0.000s(1%) call=0.051s | tiles=72 ahead=72 experts=357 miss=31 io=0.018s 6.0GB/s]
[prefill gpuq busy=0.037s(74%) idle=0.013s(26%) span=0.050s buffers=163]
[prefill host enc.front=0.002s(3%) wait.front=0.022s(45%) drain=0.000s(1%) route=0.000s(0%) meta=0.000s(0%) fetch=0.020s(41%) enc.moe=0.001s(1%) tail=0.000s(0%) head=0.004s(7%) other=0.000s(1%) call=0.049s | tiles=78 ahead=78 experts=360 miss=46 io=0.020s 7.9GB/s]
[prefill gpuq busy=0.038s(77%) idle=0.011s(23%) span=0.049s buffers=169]
[prefill host enc.front=0.002s(4%) wait.front=0.025s(60%) drain=0.001s(2%) route=0.000s(0%) meta=0.000s(0%) fetch=0.009s(22%) enc.moe=0.001s(1%) tail=0.000s(0%) head=0.004s(9%) other=0.000s(1%) call=0.041s | tiles=72 ahead=72 experts=363 miss=24 io=0.009s 9.1GB/s]
[prefill gpuq busy=0.037s(92%) idle=0.003s(8%) span=0.041s buffers=163]
[prefill host enc.front=0.002s(4%) wait.front=0.026s(63%) drain=0.001s(2%) route=0.000s(1%) meta=0.000s(0%) fetch=0.008s(19%) enc.moe=0.001s(1%) tail=0.000s(0%) head=0.004s(9%) other=0.000s(1%) call=0.041s | tiles=67 ahead=67 experts=331 miss=20 io=0.008s 8.8GB/s]
[prefill gpuq busy=0.036s(88%) idle=0.005s(12%) span=0.041s buffers=158]
[prefill host enc.front=0.002s(4%) wait.front=0.026s(63%) drain=0.001s(2%) route=0.000s(0%) meta=0.000s(0%) fetch=0.008s(19%) enc.moe=0.001s(1%) tail=0.000s(0%) head=0.004s(9%) other=0.000s(1%) call=0.041s | tiles=71 ahead=71 experts=343 miss=15 io=0.008s 6.6GB/s]
[prefill gpuq busy=0.037s(92%) idle=0.003s(8%) span=0.040s buffers=162]
[prefill host enc.front=0.002s(4%) wait.front=0.024s(51%) drain=0.001s(2%) route=0.000s(1%) meta=0.000s(0%) fetch=0.015s(32%) enc.moe=0.001s(2%) tail=0.000s(0%) head=0.004s(8%) other=0.000s(1%) call=0.048s | tiles=80 ahead=80 experts=431 miss=51 io=0.016s 10.8GB/s]
[prefill gpuq busy=0.039s(82%) idle=0.008s(18%) span=0.048s buffers=171]
[prefill host enc.front=0.002s(3%) wait.front=0.024s(51%) drain=0.001s(2%) route=0.000s(0%) meta=0.000s(0%) fetch=0.016s(33%) enc.moe=0.001s(1%) tail=0.000s(0%) head=0.004s(8%) other=0.000s(1%) call=0.047s | tiles=75 ahead=75 experts=381 miss=40 io=0.016s 8.8GB/s]
[prefill gpuq busy=0.038s(81%) idle=0.009s(19%) span=0.046s buffers=166]
[prefill host enc.front=0.002s(4%) wait.front=0.022s(44%) drain=0.001s(2%) route=0.000s(0%) meta=0.000s(0%) fetch=0.020s(40%) enc.moe=0.001s(1%) tail=0.000s(0%) head=0.004s(8%) other=0.000s(1%) call=0.049s | tiles=80 ahead=80 experts=395 miss=56 io=0.020s 9.7GB/s]
[prefill gpuq busy=0.038s(78%) idle=0.011s(22%) span=0.049s buffers=171]
[prefill host enc.front=0.002s(4%) wait.front=0.021s(44%) drain=0.001s(2%) route=0.000s(0%) meta=0.000s(0%) fetch=0.018s(39%) enc.moe=0.001s(2%) tail=0.000s(0%) head=0.004s(8%) other=0.000s(1%) call=0.047s | tiles=80 ahead=80 experts=394 miss=44 io=0.019s 8.2GB/s]
[prefill gpuq busy=0.039s(83%) idle=0.008s(17%) span=0.047s buffers=171]
[prefill host enc.front=0.002s(4%) wait.front=0.025s(50%) drain=0.001s(1%) route=0.000s(0%) meta=0.000s(0%) fetch=0.017s(34%) enc.moe=0.001s(1%) tail=0.000s(0%) head=0.004s(8%) other=0.000s(1%) call=0.049s | tiles=73 ahead=73 experts=392 miss=34 io=0.017s 7.0GB/s]
[prefill gpuq busy=0.038s(78%) idle=0.011s(22%) span=0.049s buffers=164]
[prefill host enc.front=0.002s(4%) wait.front=0.026s(59%) drain=0.001s(2%) route=0.000s(0%) meta=0.000s(0%) fetch=0.010s(24%) enc.moe=0.001s(1%) tail=0.000s(0%) head=0.004s(8%) other=0.000s(1%) call=0.043s | tiles=72 ahead=72 experts=401 miss=22 io=0.011s 7.2GB/s]
[prefill gpuq busy=0.038s(87%) idle=0.005s(13%) span=0.043s buffers=163]
[prefill host enc.front=0.002s(4%) wait.front=0.023s(52%) drain=0.000s(1%) route=0.000s(0%) meta=0.000s(0%) fetch=0.014s(32%) enc.moe=0.001s(1%) tail=0.000s(0%) head=0.004s(9%) other=0.000s(1%) call=0.044s | tiles=77 ahead=77 experts=361 miss=33 io=0.014s 8.0GB/s]
[prefill gpuq busy=0.037s(85%) idle=0.007s(15%) span=0.044s buffers=168]
[prefill host enc.front=0.002s(4%) wait.front=0.024s(55%) drain=0.001s(2%) route=0.000s(0%) meta=0.000s(0%) fetch=0.012s(28%) enc.moe=0.001s(1%) tail=0.000s(0%) head=0.004s(9%) other=0.000s(1%) call=0.044s | tiles=73 ahead=73 experts=393 miss=32 io=0.012s 9.1GB/s]
[prefill gpuq busy=0.038s(86%) idle=0.006s(14%) span=0.044s buffers=164]
[prefill host enc.front=0.002s(4%) wait.front=0.024s(55%) drain=0.001s(2%) route=0.000s(0%) meta=0.000s(0%) fetch=0.012s(28%) enc.moe=0.001s(1%) tail=0.000s(0%) head=0.004s(8%) other=0.000s(1%) call=0.043s | tiles=73 ahead=73 experts=344 miss=33 io=0.012s 9.6GB/s]
[prefill gpuq busy=0.037s(88%) idle=0.005s(12%) span=0.042s buffers=164]
[prefill host enc.front=0.002s(3%) wait.front=0.022s(43%) drain=0.000s(1%) route=0.000s(0%) meta=0.000s(0%) fetch=0.022s(42%) enc.moe=0.001s(1%) tail=0.000s(0%) head=0.004s(7%) other=0.000s(1%) call=0.051s | tiles=81 ahead=81 experts=371 miss=42 io=0.022s 6.7GB/s]
[prefill gpuq busy=0.039s(76%) idle=0.012s(24%) span=0.051s buffers=172]
[prefill host enc.front=0.002s(3%) wait.front=0.024s(45%) drain=0.001s(1%) route=0.000s(0%) meta=0.000s(0%) fetch=0.021s(41%) enc.moe=0.001s(1%) tail=0.000s(0%) head=0.004s(7%) other=0.000s(1%) call=0.053s | tiles=80 ahead=80 experts=373 miss=44 io=0.022s 7.1GB/s]
[prefill gpuq busy=0.039s(74%) idle=0.014s(26%) span=0.052s buffers=171]
[prefill host enc.front=0.002s(4%) wait.front=0.024s(54%) drain=0.000s(1%) route=0.000s(0%) meta=0.000s(0%) fetch=0.013s(30%) enc.moe=0.001s(1%) tail=0.000s(0%) head=0.004s(8%) other=0.000s(1%) call=0.044s | tiles=76 ahead=76 experts=360 miss=34 io=0.013s 8.9GB/s]
[prefill gpuq busy=0.038s(86%) idle=0.006s(14%) span=0.044s buffers=167]
[prefill host enc.front=0.002s(4%) wait.front=0.021s(46%) drain=0.001s(2%) route=0.000s(0%) meta=0.000s(0%) fetch=0.017s(37%) enc.moe=0.001s(1%) tail=0.000s(0%) head=0.004s(8%) other=0.000s(1%) call=0.046s | tiles=80 ahead=80 experts=386 miss=48 io=0.017s 9.5GB/s]
[prefill gpuq busy=0.038s(83%) idle=0.008s(17%) span=0.046s buffers=171]
[prefill host enc.front=0.002s(4%) wait.front=0.023s(55%) drain=0.001s(2%) route=0.000s(0%) meta=0.000s(0%) fetch=0.012s(27%) enc.moe=0.001s(2%) tail=0.000s(0%) head=0.004s(9%) other=0.000s(1%) call=0.042s | tiles=78 ahead=78 experts=424 miss=28 io=0.012s 8.3GB/s]
[prefill gpuq busy=0.038s(92%) idle=0.003s(8%) span=0.042s buffers=169]
[prefill host enc.front=0.002s(4%) wait.front=0.025s(51%) drain=0.001s(2%) route=0.000s(0%) meta=0.000s(0%) fetch=0.016s(34%) enc.moe=0.001s(1%) tail=0.000s(0%) head=0.004s(7%) other=0.000s(1%) call=0.048s | tiles=73 ahead=73 experts=388 miss=43 io=0.016s 9.1GB/s]
[prefill gpuq busy=0.039s(81%) idle=0.009s(19%) span=0.048s buffers=164]
[prefill host enc.front=0.002s(4%) wait.front=0.026s(63%) drain=0.001s(2%) route=0.000s(0%) meta=0.000s(0%) fetch=0.008s(19%) enc.moe=0.001s(1%) tail=0.000s(0%) head=0.004s(9%) other=0.000s(1%) call=0.042s | tiles=69 ahead=69 experts=346 miss=28 io=0.008s 11.8GB/s]
[prefill gpuq busy=0.037s(90%) idle=0.004s(10%) span=0.042s buffers=160]
[prefill host enc.front=0.002s(4%) wait.front=0.029s(68%) drain=0.001s(2%) route=0.000s(0%) meta=0.000s(0%) fetch=0.007s(16%) enc.moe=0.000s(1%) tail=0.000s(0%) head=0.004s(8%) other=0.000s(1%) call=0.042s | tiles=67 ahead=67 experts=349 miss=12 io=0.007s 6.2GB/s]
[prefill gpuq busy=0.037s(88%) idle=0.005s(12%) span=0.042s buffers=158]
[prefill host enc.front=0.002s(4%) wait.front=0.025s(58%) drain=0.001s(2%) route=0.000s(0%) meta=0.000s(0%) fetch=0.011s(25%) enc.moe=0.001s(1%) tail=0.000s(0%) head=0.004s(8%) other=0.000s(1%) call=0.043s | tiles=72 ahead=72 experts=345 miss=21 io=0.011s 6.7GB/s]
[prefill gpuq busy=0.036s(86%) idle=0.006s(14%) span=0.042s buffers=163]
[prefill host enc.front=0.002s(4%) wait.front=0.024s(53%) drain=0.001s(2%) route=0.000s(0%) meta=0.000s(0%) fetch=0.013s(29%) enc.moe=0.001s(1%) tail=0.000s(0%) head=0.004s(9%) other=0.000s(1%) call=0.044s | tiles=77 ahead=77 experts=368 miss=21 io=0.013s 5.6GB/s]
[prefill gpuq busy=0.038s(87%) idle=0.006s(13%) span=0.044s buffers=168]
[prefill host enc.front=0.002s(3%) wait.front=0.024s(50%) drain=0.001s(2%) route=0.000s(0%) meta=0.000s(0%) fetch=0.016s(34%) enc.moe=0.001s(1%) tail=0.000s(0%) head=0.004s(7%) other=0.000s(1%) call=0.048s | tiles=73 ahead=73 experts=370 miss=37 io=0.017s 7.7GB/s]
[prefill gpuq busy=0.037s(77%) idle=0.011s(23%) span=0.048s buffers=164]
[prefill host enc.front=0.002s(4%) wait.front=0.023s(47%) drain=0.000s(1%) route=0.000s(1%) meta=0.000s(0%) fetch=0.018s(38%) enc.moe=0.001s(2%) tail=0.000s(0%) head=0.004s(8%) other=0.000s(1%) call=0.049s | tiles=85 ahead=85 experts=462 miss=61 io=0.018s 11.4GB/s]
[prefill gpuq busy=0.040s(83%) idle=0.008s(17%) span=0.048s buffers=176]
[prefill host enc.front=0.002s(4%) wait.front=0.023s(51%) drain=0.000s(1%) route=0.000s(0%) meta=0.000s(0%) fetch=0.015s(32%) enc.moe=0.001s(1%) tail=0.000s(0%) head=0.004s(9%) other=0.000s(1%) call=0.045s | tiles=75 ahead=75 experts=365 miss=45 io=0.015s 10.7GB/s]
[prefill gpuq busy=0.038s(84%) idle=0.007s(16%) span=0.045s buffers=166]
[prefill host enc.front=0.002s(3%) wait.front=0.029s(60%) drain=0.001s(2%) route=0.000s(0%) meta=0.000s(0%) fetch=0.012s(25%) enc.moe=0.001s(1%) tail=0.000s(0%) head=0.004s(8%) other=0.000s(1%) call=0.048s | tiles=73 ahead=73 experts=346 miss=29 io=0.012s 8.5GB/s]
[prefill gpuq busy=0.037s(78%) idle=0.010s(22%) span=0.047s buffers=164]
[prefill host enc.front=0.002s(4%) wait.front=0.022s(49%) drain=0.001s(2%) route=0.000s(0%) meta=0.000s(0%) fetch=0.015s(34%) enc.moe=0.001s(1%) tail=0.000s(0%) head=0.004s(8%) other=0.000s(1%) call=0.046s | tiles=77 ahead=77 experts=356 miss=38 io=0.015s 8.5GB/s]
[prefill gpuq busy=0.038s(84%) idle=0.007s(16%) span=0.045s buffers=168]
[prefill host enc.front=0.002s(4%) wait.front=0.026s(65%) drain=0.001s(2%) route=0.000s(1%) meta=0.000s(0%) fetch=0.007s(16%) enc.moe=0.001s(1%) tail=0.000s(0%) head=0.004s(10%) other=0.000s(1%) call=0.040s | tiles=68 ahead=68 experts=349 miss=17 io=0.007s 8.9GB/s]
[prefill gpuq busy=0.037s(92%) idle=0.003s(8%) span=0.040s buffers=159]
[prefill host enc.front=0.002s(4%) wait.front=0.026s(66%) drain=0.001s(2%) route=0.000s(0%) meta=0.000s(0%) fetch=0.007s(17%) enc.moe=0.001s(1%) tail=0.000s(0%) head=0.004s(9%) other=0.000s(1%) call=0.040s | tiles=68 ahead=68 experts=330 miss=18 io=0.007s 9.1GB/s]
[prefill gpuq busy=0.036s(91%) idle=0.004s(9%) span=0.040s buffers=159]
[prefill host enc.front=0.002s(4%) wait.front=0.023s(54%) drain=0.000s(1%) route=0.000s(1%) meta=0.000s(0%) fetch=0.013s(29%) enc.moe=0.001s(2%) tail=0.000s(0%) head=0.004s(9%) other=0.000s(1%) call=0.043s | tiles=77 ahead=77 experts=385 miss=30 io=0.013s 8.2GB/s]
[prefill gpuq busy=0.037s(88%) idle=0.005s(12%) span=0.042s buffers=168]
[prefill host enc.front=0.002s(4%) wait.front=0.025s(59%) drain=0.001s(2%) route=0.000s(0%) meta=0.000s(0%) fetch=0.010s(24%) enc.moe=0.001s(1%) tail=0.000s(0%) head=0.004s(9%) other=0.000s(1%) call=0.043s | tiles=73 ahead=73 experts=372 miss=32 io=0.012s 9.5GB/s]
[prefill gpuq busy=0.038s(89%) idle=0.005s(11%) span=0.042s buffers=164]
[prefill host enc.front=0.002s(4%) wait.front=0.026s(64%) drain=0.001s(2%) route=0.000s(0%) meta=0.000s(0%) fetch=0.007s(18%) enc.moe=0.001s(1%) tail=0.000s(0%) head=0.004s(9%) other=0.000s(1%) call=0.040s | tiles=69 ahead=69 experts=327 miss=24 io=0.007s 11.4GB/s]
[prefill gpuq busy=0.037s(92%) idle=0.003s(8%) span=0.040s buffers=160]
[prefill host enc.front=0.002s(3%) wait.front=0.020s(42%) drain=0.000s(1%) route=0.000s(0%) meta=0.000s(0%) fetch=0.021s(43%) enc.moe=0.001s(2%) tail=0.000s(0%) head=0.004s(8%) other=0.000s(1%) call=0.048s | tiles=84 ahead=84 experts=418 miss=41 io=0.021s 6.8GB/s]
[prefill gpuq busy=0.038s(81%) idle=0.009s(19%) span=0.048s buffers=175]
[prefill host enc.front=0.002s(4%) wait.front=0.026s(66%) drain=0.001s(3%) route=0.000s(1%) meta=0.000s(0%) fetch=0.006s(15%) enc.moe=0.001s(1%) tail=0.000s(0%) head=0.004s(9%) other=0.000s(1%) call=0.040s | tiles=71 ahead=71 experts=389 miss=21 io=0.006s 11.6GB/s]
[prefill gpuq busy=0.038s(95%) idle=0.002s(5%) span=0.040s buffers=162]
[prefill host enc.front=0.002s(4%) wait.front=0.025s(57%) drain=0.001s(2%) route=0.000s(0%) meta=0.000s(0%) fetch=0.011s(26%) enc.moe=0.001s(1%) tail=0.000s(0%) head=0.004s(9%) other=0.000s(1%) call=0.043s | tiles=73 ahead=73 experts=366 miss=31 io=0.012s 8.7GB/s]
[prefill gpuq busy=0.037s(87%) idle=0.005s(13%) span=0.043s buffers=164]
[prefill host enc.front=0.002s(4%) wait.front=0.023s(50%) drain=0.000s(1%) route=0.000s(0%) meta=0.000s(0%) fetch=0.016s(35%) enc.moe=0.001s(2%) tail=0.000s(0%) head=0.004s(8%) other=0.000s(1%) call=0.046s | tiles=79 ahead=79 experts=403 miss=49 io=0.017s 9.8GB/s]
[prefill gpuq busy=0.039s(85%) idle=0.007s(15%) span=0.045s buffers=170]
[prefill host enc.front=0.002s(4%) wait.front=0.023s(45%) drain=0.001s(2%) route=0.000s(1%) meta=0.000s(0%) fetch=0.020s(39%) enc.moe=0.001s(2%) tail=0.000s(0%) head=0.004s(7%) other=0.001s(1%) call=0.052s | tiles=82 ahead=82 experts=431 miss=99 io=0.023s 14.9GB/s]
[prefill gpuq busy=0.041s(80%) idle=0.010s(20%) span=0.051s buffers=173]
[prefill host enc.front=0.002s(4%) wait.front=0.024s(54%) drain=0.001s(2%) route=0.000s(1%) meta=0.000s(0%) fetch=0.013s(29%) enc.moe=0.001s(2%) tail=0.000s(0%) head=0.004s(8%) other=0.000s(1%) call=0.045s | tiles=78 ahead=78 experts=412 miss=47 io=0.014s 11.4GB/s]
[prefill gpuq busy=0.039s(88%) idle=0.006s(12%) span=0.045s buffers=169]
[prefill host enc.front=0.002s(4%) wait.front=0.024s(57%) drain=0.001s(2%) route=0.000s(1%) meta=0.000s(0%) fetch=0.011s(26%) enc.moe=0.001s(1%) tail=0.000s(0%) head=0.004s(8%) other=0.000s(1%) call=0.043s | tiles=74 ahead=74 experts=392 miss=35 io=0.011s 10.9GB/s]
[prefill gpuq busy=0.038s(89%) idle=0.004s(11%) span=0.042s buffers=165]
[prefill host enc.front=0.002s(4%) wait.front=0.020s(42%) drain=0.001s(1%) route=0.000s(1%) meta=0.000s(0%) fetch=0.021s(43%) enc.moe=0.001s(2%) tail=0.000s(0%) head=0.004s(7%) other=0.000s(1%) call=0.049s | tiles=84 ahead=84 experts=397 miss=64 io=0.021s 10.4GB/s]
[prefill gpuq busy=0.039s(80%) idle=0.010s(20%) span=0.049s buffers=175]
[prefill host enc.front=0.002s(4%) wait.front=0.024s(58%) drain=0.001s(2%) route=0.000s(1%) meta=0.000s(0%) fetch=0.010s(24%) enc.moe=0.001s(1%) tail=0.000s(0%) head=0.004s(9%) other=0.000s(1%) call=0.041s | tiles=73 ahead=73 experts=396 miss=27 io=0.010s 9.4GB/s]
[prefill gpuq busy=0.038s(93%) idle=0.003s(7%) span=0.040s buffers=164]
[prefill host enc.front=0.002s(4%) wait.front=0.026s(64%) drain=0.000s(1%) route=0.000s(1%) meta=0.000s(0%) fetch=0.008s(20%) enc.moe=0.001s(1%) tail=0.000s(0%) head=0.004s(9%) other=0.000s(1%) call=0.041s | tiles=71 ahead=71 experts=365 miss=20 io=0.008s 8.2GB/s]
[prefill gpuq busy=0.038s(91%) idle=0.004s(9%) span=0.041s buffers=162]
[prefill host enc.front=0.002s(4%) wait.front=0.026s(61%) drain=0.001s(2%) route=0.000s(0%) meta=0.000s(0%) fetch=0.009s(21%) enc.moe=0.001s(1%) tail=0.000s(0%) head=0.004s(9%) other=0.000s(1%) call=0.043s | tiles=72 ahead=72 experts=394 miss=26 io=0.009s 10.1GB/s]
[prefill gpuq busy=0.038s(89%) idle=0.005s(11%) span=0.042s buffers=163]
[prefill host enc.front=0.002s(4%) wait.front=0.025s(58%) drain=0.001s(2%) route=0.000s(0%) meta=0.000s(0%) fetch=0.011s(25%) enc.moe=0.001s(1%) tail=0.000s(0%) head=0.004s(8%) other=0.000s(1%) call=0.043s | tiles=73 ahead=73 experts=382 miss=34 io=0.012s 9.8GB/s]
[prefill gpuq busy=0.038s(89%) idle=0.004s(11%) span=0.042s buffers=164]

[stop=maxTokens prefill=371tok new=192tok decode=5.34s tok/s=35.933]
[load=0.761s layerVerify=0.000s/30layers prefill=4.333s ttft=4.333s peak=4.99GB rss=3.21GB]
[expert prefill hit=0.0% 0/2785 io=1.724s | decode hit=89.4% 30381/34001 io=1.947s]
[vision images=1 soft=266 tower=1.829s towerLoad=0.002s]
[decode/tok io=0.00ms cb1=0.00ms cb2=0.00ms head=0.00ms]
[mtp bs=3 rounds=90 accept=1.122/2 tok/round=2.133 draft=0.605s verify=4.728s accepted=27,25,38]
