[prefill host enc.front=0.003s(0%) wait.front=0.534s(22%) drain=0.000s(0%) route=0.006s(0%) wait.shared=0.112s(5%) meta=0.000s(0%) fetch=1.608s(67%) enc.moe=0.012s(0%) wait.tile=0.103s(4%) tail=0.015s(1%) head=0.004s(0%) other=0.005s(0%) call=2.402s | tiles=361 ahead=0 experts=0 miss=0 io=0.000s 0.0GB/s]
[prefill gpuq busy=1.325s(58%) idle=0.946s(42%) span=2.271s buffers=452]
[prefill host enc.front=0.003s(1%) wait.front=0.052s(25%) drain=0.001s(0%) route=0.000s(0%) wait.shared=0.000s(0%) meta=0.000s(0%) fetch=0.143s(69%) enc.moe=0.002s(1%) wait.tile=0.002s(1%) tail=0.000s(0%) head=0.004s(2%) other=0.001s(0%) call=0.208s | tiles=77 ahead=71 experts=350 miss=278 io=0.220s 4.4GB/s]
[prefill gpuq busy=0.051s(25%) idle=0.156s(75%) span=0.207s buffers=168]
[prefill host enc.front=0.002s(2%) wait.front=0.028s(24%) drain=0.000s(0%) route=0.000s(0%) wait.shared=0.000s(0%) meta=0.000s(0%) fetch=0.079s(68%) enc.moe=0.001s(1%) wait.tile=0.001s(1%) tail=0.000s(0%) head=0.004s(3%) other=0.001s(0%) call=0.116s | tiles=78 ahead=72 experts=393 miss=131 io=0.079s 5.7GB/s]
[prefill gpuq busy=0.041s(35%) idle=0.075s(65%) span=0.116s buffers=169]
[prefill host enc.front=0.002s(2%) wait.front=0.023s(31%) drain=0.000s(0%) route=0.000s(0%) wait.shared=0.000s(0%) meta=0.000s(0%) fetch=0.044s(58%) enc.moe=0.001s(1%) wait.tile=0.001s(2%) tail=0.000s(0%) head=0.004s(5%) other=0.000s(1%) call=0.076s | tiles=81 ahead=78 experts=358 miss=71 io=0.044s 5.6GB/s]
[prefill gpuq busy=0.038s(50%) idle=0.038s(50%) span=0.075s buffers=172]
[prefill host enc.front=0.002s(3%) wait.front=0.023s(37%) drain=0.001s(1%) route=0.000s(0%) wait.shared=0.000s(0%) meta=0.000s(0%) fetch=0.031s(49%) enc.moe=0.001s(1%) wait.tile=0.001s(1%) tail=0.000s(0%) head=0.004s(6%) other=0.000s(1%) call=0.062s | tiles=79 ahead=76 experts=367 miss=60 io=0.031s 6.8GB/s]
[prefill gpuq busy=0.038s(61%) idle=0.024s(39%) span=0.062s buffers=170]
[prefill host enc.front=0.002s(2%) wait.front=0.022s(26%) drain=0.000s(0%) route=0.000s(0%) wait.shared=0.001s(1%) meta=0.000s(0%) fetch=0.053s(62%) enc.moe=0.001s(1%) wait.tile=0.003s(3%) tail=0.000s(0%) head=0.004s(4%) other=0.000s(0%) call=0.086s | tiles=87 ahead=71 experts=398 miss=90 io=0.054s 5.8GB/s]
[prefill gpuq busy=0.038s(44%) idle=0.048s(56%) span=0.086s buffers=178]
[prefill host enc.front=0.002s(2%) wait.front=0.024s(25%) drain=0.000s(0%) route=0.000s(0%) wait.shared=0.000s(0%) meta=0.000s(0%) fetch=0.065s(66%) enc.moe=0.001s(1%) wait.tile=0.002s(2%) tail=0.000s(0%) head=0.004s(4%) other=0.000s(0%) call=0.099s | tiles=75 ahead=69 experts=366 miss=125 io=0.065s 6.6GB/s]
[prefill gpuq busy=0.039s(39%) idle=0.061s(61%) span=0.099s buffers=166]
[prefill host enc.front=0.002s(3%) wait.front=0.019s(33%) drain=0.000s(1%) route=0.000s(0%) wait.shared=0.000s(1%) meta=0.000s(0%) fetch=0.029s(50%) enc.moe=0.001s(1%) wait.tile=0.002s(3%) tail=0.000s(0%) head=0.004s(7%) other=0.000s(1%) call=0.058s | tiles=83 ahead=74 experts=396 miss=83 io=0.029s 9.7GB/s]
[prefill gpuq busy=0.039s(66%) idle=0.020s(34%) span=0.058s buffers=174]
[prefill host enc.front=0.002s(3%) wait.front=0.021s(35%) drain=0.000s(0%) route=0.000s(0%) wait.shared=0.000s(0%) meta=0.000s(0%) fetch=0.030s(49%) enc.moe=0.001s(1%) wait.tile=0.001s(2%) tail=0.000s(0%) head=0.004s(7%) other=0.000s(1%) call=0.061s | tiles=80 ahead=74 experts=357 miss=87 io=0.030s 10.1GB/s]
[prefill gpuq busy=0.039s(64%) idle=0.022s(36%) span=0.060s buffers=171]
[prefill host enc.front=0.002s(3%) wait.front=0.019s(35%) drain=0.001s(1%) route=0.000s(0%) wait.shared=0.000s(0%) meta=0.000s(0%) fetch=0.026s(49%) enc.moe=0.001s(2%) wait.tile=0.000s(1%) tail=0.000s(0%) head=0.004s(7%) other=0.000s(1%) call=0.053s | tiles=84 ahead=80 experts=369 miss=77 io=0.027s 9.9GB/s]
[prefill gpuq busy=0.038s(72%) idle=0.015s(28%) span=0.053s buffers=175]
[prefill host enc.front=0.002s(3%) wait.front=0.023s(34%) drain=0.000s(0%) route=0.000s(0%) wait.shared=0.000s(0%) meta=0.000s(0%) fetch=0.035s(52%) enc.moe=0.001s(1%) wait.tile=0.001s(2%) tail=0.000s(0%) head=0.004s(6%) other=0.001s(1%) call=0.068s | tiles=78 ahead=72 experts=379 miss=107 io=0.037s 10.0GB/s]
[prefill gpuq busy=0.039s(57%) idle=0.029s(43%) span=0.068s buffers=169]
[prefill host enc.front=0.002s(3%) wait.front=0.021s(44%) drain=0.000s(1%) route=0.000s(0%) meta=0.000s(0%) fetch=0.020s(41%) enc.moe=0.001s(1%) tail=0.000s(0%) head=0.004s(7%) other=0.000s(1%) call=0.048s | tiles=78 ahead=78 experts=338 miss=48 io=0.020s 8.2GB/s]
[prefill gpuq busy=0.037s(77%) idle=0.011s(23%) span=0.048s buffers=169]
[prefill host enc.front=0.002s(3%) wait.front=0.022s(45%) drain=0.000s(1%) route=0.000s(0%) wait.shared=0.000s(0%) meta=0.000s(0%) fetch=0.019s(38%) enc.moe=0.001s(1%) wait.tile=0.001s(2%) tail=0.000s(0%) head=0.004s(8%) other=0.000s(1%) call=0.050s | tiles=77 ahead=71 experts=366 miss=51 io=0.019s 9.4GB/s]
[prefill gpuq busy=0.038s(76%) idle=0.012s(24%) span=0.050s buffers=168]
[prefill host enc.front=0.002s(3%) wait.front=0.021s(38%) drain=0.001s(1%) route=0.000s(1%) wait.shared=0.000s(0%) meta=0.000s(0%) fetch=0.025s(46%) enc.moe=0.001s(1%) wait.tile=0.000s(1%) tail=0.000s(0%) head=0.004s(7%) other=0.000s(1%) call=0.054s | tiles=82 ahead=78 experts=379 miss=75 io=0.025s 10.3GB/s]
[prefill gpuq busy=0.039s(71%) idle=0.016s(29%) span=0.054s buffers=173]
[prefill host enc.front=0.002s(3%) wait.front=0.022s(47%) drain=0.001s(2%) route=0.000s(0%) wait.shared=0.000s(0%) meta=0.000s(0%) fetch=0.017s(35%) enc.moe=0.001s(1%) wait.tile=0.001s(3%) tail=0.000s(0%) head=0.004s(8%) other=0.000s(1%) call=0.048s | tiles=76 ahead=70 experts=355 miss=37 io=0.017s 7.7GB/s]
[prefill gpuq busy=0.036s(76%) idle=0.011s(24%) span=0.048s buffers=167]
[prefill host enc.front=0.002s(3%) wait.front=0.023s(46%) drain=0.001s(1%) route=0.000s(0%) wait.shared=0.000s(1%) meta=0.000s(0%) fetch=0.016s(33%) enc.moe=0.001s(1%) wait.tile=0.002s(5%) tail=0.000s(0%) head=0.004s(7%) other=0.000s(1%) call=0.049s | tiles=78 ahead=65 experts=384 miss=51 io=0.016s 11.1GB/s]
[prefill gpuq busy=0.038s(78%) idle=0.011s(22%) span=0.049s buffers=169]
[prefill host enc.front=0.002s(3%) wait.front=0.023s(47%) drain=0.000s(1%) route=0.000s(0%) wait.shared=0.000s(0%) meta=0.000s(0%) fetch=0.018s(37%) enc.moe=0.001s(1%) wait.tile=0.000s(1%) tail=0.000s(0%) head=0.004s(8%) other=0.000s(1%) call=0.050s | tiles=73 ahead=70 experts=340 miss=54 io=0.018s 10.2GB/s]
[prefill gpuq busy=0.038s(76%) idle=0.012s(24%) span=0.049s buffers=164]
[prefill host enc.front=0.002s(3%) wait.front=0.020s(36%) drain=0.000s(0%) route=0.000s(0%) wait.shared=0.000s(0%) meta=0.000s(0%) fetch=0.027s(49%) enc.moe=0.001s(1%) wait.tile=0.001s(2%) tail=0.000s(0%) head=0.004s(6%) other=0.000s(1%) call=0.055s | tiles=80 ahead=77 experts=363 miss=65 io=0.027s 8.3GB/s]
[prefill gpuq busy=0.037s(68%) idle=0.017s(32%) span=0.055s buffers=171]
[prefill host enc.front=0.002s(2%) wait.front=0.022s(24%) drain=0.000s(0%) route=0.000s(0%) wait.shared=0.001s(1%) meta=0.000s(0%) fetch=0.058s(62%) enc.moe=0.001s(1%) wait.tile=0.004s(5%) tail=0.000s(0%) head=0.004s(4%) other=0.000s(1%) call=0.093s | tiles=82 ahead=57 experts=430 miss=176 io=0.062s 9.8GB/s]
[prefill gpuq busy=0.040s(43%) idle=0.053s(57%) span=0.093s buffers=173]
[prefill host enc.front=0.002s(3%) wait.front=0.023s(40%) drain=0.000s(1%) route=0.000s(1%) wait.shared=0.000s(1%) meta=0.000s(0%) fetch=0.025s(44%) enc.moe=0.001s(1%) wait.tile=0.001s(3%) tail=0.000s(0%) head=0.004s(6%) other=0.000s(1%) call=0.058s | tiles=74 ahead=65 experts=379 miss=112 io=0.026s 14.9GB/s]
[prefill gpuq busy=0.039s(68%) idle=0.018s(32%) span=0.058s buffers=165]
[prefill host enc.front=0.002s(3%) wait.front=0.022s(39%) drain=0.000s(0%) route=0.000s(0%) wait.shared=0.000s(1%) meta=0.000s(0%) fetch=0.025s(44%) enc.moe=0.001s(1%) wait.tile=0.002s(4%) tail=0.000s(0%) head=0.004s(6%) other=0.000s(1%) call=0.057s | tiles=82 ahead=70 experts=392 miss=86 io=0.025s 11.9GB/s]
[prefill gpuq busy=0.039s(69%) idle=0.017s(31%) span=0.057s buffers=173]
[prefill host enc.front=0.002s(3%) wait.front=0.020s(37%) drain=0.000s(0%) route=0.000s(0%) wait.shared=0.000s(0%) meta=0.000s(0%) fetch=0.025s(46%) enc.moe=0.001s(2%) wait.tile=0.001s(2%) tail=0.000s(0%) head=0.004s(7%) other=0.000s(1%) call=0.053s | tiles=80 ahead=74 experts=370 miss=87 io=0.025s 12.2GB/s]
[prefill gpuq busy=0.039s(74%) idle=0.014s(26%) span=0.053s buffers=171]
[prefill host enc.front=0.002s(3%) wait.front=0.021s(39%) drain=0.000s(1%) route=0.000s(1%) wait.shared=0.000s(0%) meta=0.000s(0%) fetch=0.023s(43%) enc.moe=0.001s(1%) wait.tile=0.001s(2%) tail=0.000s(0%) head=0.004s(7%) other=0.000s(1%) call=0.052s | tiles=78 ahead=72 experts=367 miss=77 io=0.023s 11.7GB/s]
[prefill gpuq busy=0.038s(73%) idle=0.014s(27%) span=0.052s buffers=169]
[prefill host enc.front=0.002s(3%) wait.front=0.020s(36%) drain=0.000s(1%) route=0.000s(0%) wait.shared=0.000s(0%) meta=0.000s(0%) fetch=0.028s(50%) enc.moe=0.001s(1%) wait.tile=0.001s(1%) tail=0.000s(0%) head=0.004s(6%) other=0.000s(1%) call=0.056s | tiles=83 ahead=80 experts=372 miss=81 io=0.028s 10.0GB/s]
[prefill gpuq busy=0.038s(68%) idle=0.018s(32%) span=0.056s buffers=174]
[prefill host enc.front=0.002s(3%) wait.front=0.021s(36%) drain=0.000s(0%) route=0.000s(1%) wait.shared=0.000s(1%) meta=0.000s(0%) fetch=0.026s(46%) enc.moe=0.001s(2%) wait.tile=0.002s(4%) tail=0.000s(0%) head=0.004s(6%) other=0.000s(1%) call=0.057s | tiles=79 ahead=67 experts=386 miss=101 io=0.027s 12.9GB/s]
[prefill gpuq busy=0.039s(70%) idle=0.017s(30%) span=0.057s buffers=170]
[prefill host enc.front=0.002s(3%) wait.front=0.021s(37%) drain=0.000s(1%) route=0.000s(1%) wait.shared=0.000s(1%) meta=0.000s(0%) fetch=0.026s(45%) enc.moe=0.001s(2%) wait.tile=0.002s(3%) tail=0.000s(0%) head=0.004s(6%) other=0.001s(1%) call=0.058s | tiles=80 ahead=68 experts=410 miss=117 io=0.027s 14.9GB/s]
[prefill gpuq busy=0.040s(70%) idle=0.017s(30%) span=0.057s buffers=171]
[prefill host enc.front=0.002s(3%) wait.front=0.020s(29%) drain=0.000s(1%) route=0.000s(0%) wait.shared=0.001s(2%) meta=0.000s(0%) fetch=0.034s(49%) enc.moe=0.001s(1%) wait.tile=0.005s(8%) tail=0.000s(0%) head=0.004s(6%) other=0.000s(1%) call=0.069s | tiles=88 ahead=50 experts=452 miss=159 io=0.034s 16.3GB/s]
[prefill gpuq busy=0.041s(59%) idle=0.028s(41%) span=0.069s buffers=179]
[prefill host enc.front=0.002s(3%) wait.front=0.021s(39%) drain=0.000s(0%) route=0.000s(0%) wait.shared=0.000s(0%) meta=0.000s(0%) fetch=0.026s(47%) enc.moe=0.001s(1%) wait.tile=0.001s(1%) tail=0.000s(0%) head=0.004s(7%) other=0.000s(1%) call=0.055s | tiles=65 ahead=62 experts=333 miss=88 io=0.028s 10.9GB/s]
[prefill gpuq busy=0.037s(69%) idle=0.017s(31%) span=0.054s buffers=156]
[prefill host enc.front=0.002s(3%) wait.front=0.022s(37%) drain=0.000s(1%) route=0.000s(0%) wait.shared=0.000s(0%) meta=0.000s(0%) fetch=0.029s(48%) enc.moe=0.001s(1%) wait.tile=0.001s(2%) tail=0.000s(0%) head=0.004s(6%) other=0.001s(1%) call=0.060s | tiles=79 ahead=73 experts=386 miss=103 io=0.029s 12.3GB/s]
[prefill gpuq busy=0.039s(66%) idle=0.020s(34%) span=0.060s buffers=170]
[prefill host enc.front=0.002s(3%) wait.front=0.019s(40%) drain=0.000s(1%) route=0.000s(0%) wait.shared=0.000s(1%) meta=0.000s(0%) fetch=0.020s(40%) enc.moe=0.001s(2%) wait.tile=0.002s(4%) tail=0.000s(0%) head=0.004s(8%) other=0.000s(1%) call=0.049s | tiles=87 ahead=73 experts=396 miss=58 io=0.020s 10.2GB/s]
[prefill gpuq busy=0.038s(79%) idle=0.010s(21%) span=0.049s buffers=178]
[prefill host enc.front=0.002s(3%) wait.front=0.022s(42%) drain=0.000s(1%) route=0.000s(0%) wait.shared=0.000s(0%) meta=0.000s(0%) fetch=0.022s(43%) enc.moe=0.001s(2%) wait.tile=0.001s(1%) tail=0.000s(0%) head=0.004s(7%) other=0.000s(1%) call=0.052s | tiles=79 ahead=76 experts=364 miss=75 io=0.023s 11.1GB/s]
[prefill gpuq busy=0.040s(76%) idle=0.012s(24%) span=0.052s buffers=170]
[prefill host enc.front=0.002s(4%) wait.front=0.021s(40%) drain=0.000s(1%) route=0.000s(1%) wait.shared=0.000s(0%) meta=0.000s(0%) fetch=0.023s(44%) enc.moe=0.001s(2%) wait.tile=0.001s(1%) tail=0.000s(0%) head=0.004s(7%) other=0.001s(1%) call=0.052s | tiles=79 ahead=76 experts=381 miss=92 io=0.023s 13.6GB/s]
[prefill gpuq busy=0.039s(76%) idle=0.013s(24%) span=0.052s buffers=170]
[prefill host enc.front=0.002s(3%) wait.front=0.019s(29%) drain=0.000s(0%) route=0.000s(0%) wait.shared=0.001s(1%) meta=0.000s(0%) fetch=0.035s(51%) enc.moe=0.001s(2%) wait.tile=0.005s(7%) tail=0.000s(0%) head=0.004s(5%) other=0.000s(1%) call=0.068s | tiles=87 ahead=57 experts=436 miss=169 io=0.035s 17.0GB/s]
[prefill gpuq busy=0.041s(61%) idle=0.026s(39%) span=0.067s buffers=178]
[prefill host enc.front=0.002s(2%) wait.front=0.025s(24%) drain=0.000s(0%) route=0.000s(0%) wait.shared=0.001s(1%) meta=0.000s(0%) fetch=0.062s(62%) enc.moe=0.001s(1%) wait.tile=0.005s(5%) tail=0.000s(0%) head=0.004s(4%) other=0.001s(1%) call=0.101s | tiles=85 ahead=63 experts=457 miss=192 io=0.071s 9.3GB/s]
[prefill gpuq busy=0.042s(42%) idle=0.059s(58%) span=0.100s buffers=176]
[prefill host enc.front=0.002s(3%) wait.front=0.021s(31%) drain=0.001s(1%) route=0.000s(0%) wait.shared=0.001s(1%) meta=0.000s(0%) fetch=0.034s(51%) enc.moe=0.001s(1%) wait.tile=0.003s(4%) tail=0.000s(0%) head=0.004s(6%) other=0.001s(1%) call=0.066s | tiles=80 ahead=65 experts=410 miss=163 io=0.039s 14.3GB/s]
[prefill gpuq busy=0.041s(62%) idle=0.025s(38%) span=0.066s buffers=171]
[prefill host enc.front=0.002s(3%) wait.front=0.021s(38%) drain=0.001s(2%) route=0.000s(1%) wait.shared=0.000s(0%) meta=0.000s(0%) fetch=0.025s(46%) enc.moe=0.001s(1%) wait.tile=0.000s(1%) tail=0.000s(0%) head=0.004s(7%) other=0.000s(1%) call=0.054s | tiles=70 ahead=67 experts=340 miss=89 io=0.025s 12.2GB/s]
[prefill gpuq busy=0.038s(70%) idle=0.016s(30%) span=0.054s buffers=161]
[prefill host enc.front=0.002s(3%) wait.front=0.020s(41%) drain=0.000s(1%) route=0.000s(0%) wait.shared=0.000s(1%) meta=0.000s(0%) fetch=0.020s(40%) enc.moe=0.001s(1%) wait.tile=0.002s(4%) tail=0.000s(0%) head=0.004s(7%) other=0.000s(1%) call=0.049s | tiles=77 ahead=68 experts=345 miss=64 io=0.020s 11.1GB/s]
[prefill gpuq busy=0.038s(77%) idle=0.011s(23%) span=0.049s buffers=168]
[prefill host enc.front=0.002s(4%) wait.front=0.021s(43%) drain=0.000s(1%) route=0.000s(1%) wait.shared=0.000s(0%) meta=0.000s(0%) fetch=0.020s(40%) enc.moe=0.001s(1%) wait.tile=0.000s(1%) tail=0.000s(0%) head=0.004s(8%) other=0.000s(1%) call=0.049s | tiles=68 ahead=65 experts=329 miss=78 io=0.020s 13.8GB/s]
[prefill gpuq busy=0.038s(79%) idle=0.010s(21%) span=0.048s buffers=159]
[prefill host enc.front=0.002s(4%) wait.front=0.020s(38%) drain=0.000s(0%) route=0.000s(1%) wait.shared=0.000s(0%) meta=0.000s(0%) fetch=0.023s(45%) enc.moe=0.001s(2%) wait.tile=0.001s(1%) tail=0.000s(0%) head=0.004s(7%) other=0.001s(1%) call=0.051s | tiles=83 ahead=80 experts=386 miss=89 io=0.023s 13.3GB/s]
[prefill gpuq busy=0.039s(77%) idle=0.012s(23%) span=0.051s buffers=174]
[prefill host enc.front=0.002s(4%) wait.front=0.020s(43%) drain=0.001s(2%) route=0.000s(1%) wait.shared=0.000s(0%) meta=0.000s(0%) fetch=0.019s(39%) enc.moe=0.001s(2%) wait.tile=0.000s(1%) tail=0.000s(0%) head=0.004s(8%) other=0.000s(1%) call=0.047s | tiles=79 ahead=75 experts=353 miss=72 io=0.019s 13.3GB/s]
[prefill gpuq busy=0.038s(82%) idle=0.009s(18%) span=0.047s buffers=170]
[prefill host enc.front=0.002s(4%) wait.front=0.022s(49%) drain=0.000s(1%) route=0.000s(1%) meta=0.000s(0%) fetch=0.015s(33%) enc.moe=0.001s(2%) tail=0.000s(0%) head=0.004s(9%) other=0.000s(1%) call=0.045s | tiles=76 ahead=76 experts=359 miss=56 io=0.016s 11.9GB/s]
[prefill gpuq busy=0.039s(87%) idle=0.006s(13%) span=0.044s buffers=167]
[prefill host enc.front=0.002s(4%) wait.front=0.020s(41%) drain=0.000s(1%) route=0.000s(1%) wait.shared=0.000s(1%) meta=0.000s(0%) fetch=0.019s(39%) enc.moe=0.001s(2%) wait.tile=0.001s(3%) tail=0.000s(0%) head=0.004s(7%) other=0.000s(1%) call=0.047s | tiles=84 ahead=74 experts=396 miss=73 io=0.019s 13.6GB/s]
[prefill gpuq busy=0.038s(82%) idle=0.009s(18%) span=0.047s buffers=175]
[prefill host enc.front=0.002s(4%) wait.front=0.021s(41%) drain=0.001s(1%) route=0.000s(1%) wait.shared=0.000s(0%) meta=0.000s(0%) fetch=0.022s(42%) enc.moe=0.001s(2%) wait.tile=0.000s(1%) tail=0.000s(0%) head=0.004s(7%) other=0.001s(1%) call=0.052s | tiles=74 ahead=71 experts=368 miss=100 io=0.023s 14.9GB/s]
[prefill gpuq busy=0.039s(76%) idle=0.013s(24%) span=0.051s buffers=165]
[prefill host enc.front=0.002s(3%) wait.front=0.021s(36%) drain=0.000s(1%) route=0.000s(1%) wait.shared=0.001s(1%) meta=0.000s(0%) fetch=0.025s(43%) enc.moe=0.001s(2%) wait.tile=0.004s(7%) tail=0.000s(0%) head=0.004s(6%) other=0.000s(1%) call=0.059s | tiles=82 ahead=57 experts=423 miss=133 io=0.025s 18.2GB/s]
[prefill gpuq busy=0.040s(69%) idle=0.018s(31%) span=0.059s buffers=173]
[prefill host enc.front=0.002s(4%) wait.front=0.021s(42%) drain=0.001s(1%) route=0.000s(1%) wait.shared=0.000s(0%) meta=0.000s(0%) fetch=0.021s(41%) enc.moe=0.001s(2%) wait.tile=0.001s(1%) tail=0.000s(0%) head=0.004s(7%) other=0.000s(1%) call=0.051s | tiles=77 ahead=74 experts=360 miss=87 io=0.021s 14.6GB/s]
[prefill gpuq busy=0.039s(77%) idle=0.011s(23%) span=0.050s buffers=168]
[prefill host enc.front=0.002s(3%) wait.front=0.021s(39%) drain=0.000s(1%) route=0.000s(0%) wait.shared=0.000s(0%) meta=0.000s(0%) fetch=0.025s(46%) enc.moe=0.001s(1%) wait.tile=0.000s(1%) tail=0.000s(0%) head=0.004s(7%) other=0.000s(1%) call=0.055s | tiles=79 ahead=76 experts=357 miss=74 io=0.025s 10.2GB/s]
[prefill gpuq busy=0.039s(71%) idle=0.016s(29%) span=0.054s buffers=170]
[prefill host enc.front=0.002s(3%) wait.front=0.020s(38%) drain=0.000s(1%) route=0.000s(1%) wait.shared=0.000s(0%) meta=0.000s(0%) fetch=0.025s(46%) enc.moe=0.001s(2%) wait.tile=0.001s(2%) tail=0.000s(0%) head=0.004s(7%) other=0.000s(1%) call=0.054s | tiles=77 ahead=71 experts=360 miss=87 io=0.025s 12.1GB/s]
[prefill gpuq busy=0.039s(72%) idle=0.015s(28%) span=0.054s buffers=168]
[prefill host enc.front=0.002s(4%) wait.front=0.021s(45%) drain=0.001s(2%) route=0.000s(1%) wait.shared=0.000s(0%) meta=0.000s(0%) fetch=0.017s(36%) enc.moe=0.001s(2%) wait.tile=0.001s(1%) tail=0.000s(0%) head=0.004s(8%) other=0.000s(1%) call=0.046s | tiles=76 ahead=73 experts=363 miss=73 io=0.017s 15.2GB/s]
[prefill gpuq busy=0.039s(85%) idle=0.007s(15%) span=0.045s buffers=167]
[prefill host enc.front=0.002s(4%) wait.front=0.021s(49%) drain=0.001s(2%) route=0.000s(1%) meta=0.000s(0%) fetch=0.014s(33%) enc.moe=0.001s(2%) tail=0.000s(0%) head=0.004s(8%) other=0.000s(1%) call=0.043s | tiles=77 ahead=77 experts=331 miss=45 io=0.015s 10.7GB/s]
[prefill gpuq busy=0.037s(87%) idle=0.006s(13%) span=0.043s buffers=168]
[prefill host enc.front=0.002s(4%) wait.front=0.022s(50%) drain=0.001s(2%) route=0.000s(1%) wait.shared=0.000s(0%) meta=0.000s(0%) fetch=0.014s(31%) enc.moe=0.001s(2%) wait.tile=0.000s(1%) tail=0.000s(0%) head=0.004s(8%) other=0.000s(1%) call=0.044s | tiles=75 ahead=71 experts=343 miss=54 io=0.014s 13.3GB/s]
[prefill gpuq busy=0.038s(85%) idle=0.007s(15%) span=0.044s buffers=166]
[prefill host enc.front=0.002s(3%) wait.front=0.021s(36%) drain=0.000s(1%) route=0.000s(1%) wait.shared=0.000s(1%) meta=0.000s(0%) fetch=0.026s(45%) enc.moe=0.001s(2%) wait.tile=0.002s(4%) tail=0.000s(0%) head=0.004s(7%) other=0.001s(1%) call=0.058s | tiles=83 ahead=66 experts=431 miss=137 io=0.026s 18.1GB/s]
[prefill gpuq busy=0.041s(71%) idle=0.016s(29%) span=0.058s buffers=174]
[prefill host enc.front=0.002s(3%) wait.front=0.021s(35%) drain=0.000s(0%) route=0.000s(0%) wait.shared=0.000s(1%) meta=0.000s(0%) fetch=0.030s(49%) enc.moe=0.001s(1%) wait.tile=0.002s(3%) tail=0.000s(0%) head=0.004s(6%) other=0.000s(1%) call=0.061s | tiles=76 ahead=62 experts=381 miss=129 io=0.030s 15.1GB/s]
[prefill gpuq busy=0.039s(64%) idle=0.021s(36%) span=0.060s buffers=167]
[prefill host enc.front=0.002s(3%) wait.front=0.021s(36%) drain=0.000s(0%) route=0.000s(1%) wait.shared=0.000s(0%) meta=0.000s(0%) fetch=0.028s(48%) enc.moe=0.001s(2%) wait.tile=0.001s(1%) tail=0.000s(0%) head=0.004s(7%) other=0.001s(1%) call=0.058s | tiles=82 ahead=74 experts=395 miss=131 io=0.030s 15.3GB/s]
[prefill gpuq busy=0.041s(71%) idle=0.016s(29%) span=0.057s buffers=173]
[prefill host enc.front=0.002s(4%) wait.front=0.020s(37%) drain=0.000s(0%) route=0.000s(0%) wait.shared=0.001s(1%) meta=0.000s(0%) fetch=0.023s(42%) enc.moe=0.001s(2%) wait.tile=0.003s(5%) tail=0.000s(0%) head=0.004s(7%) other=0.000s(1%) call=0.054s | tiles=82 ahead=66 experts=394 miss=92 io=0.023s 13.9GB/s]
[prefill gpuq busy=0.039s(73%) idle=0.015s(27%) span=0.054s buffers=173]
[prefill host enc.front=0.002s(4%) wait.front=0.022s(44%) drain=0.000s(1%) route=0.000s(0%) wait.shared=0.000s(1%) meta=0.000s(0%) fetch=0.018s(37%) enc.moe=0.001s(1%) wait.tile=0.002s(4%) tail=0.000s(0%) head=0.004s(8%) other=0.000s(1%) call=0.050s | tiles=80 ahead=67 experts=392 miss=70 io=0.018s 13.1GB/s]
[prefill gpuq busy=0.038s(76%) idle=0.012s(24%) span=0.050s buffers=171]
[prefill host enc.front=0.002s(4%) wait.front=0.021s(42%) drain=0.000s(1%) route=0.000s(1%) wait.shared=0.000s(1%) meta=0.000s(0%) fetch=0.018s(37%) enc.moe=0.001s(2%) wait.tile=0.003s(5%) tail=0.000s(0%) head=0.004s(8%) other=0.000s(1%) call=0.049s | tiles=83 ahead=71 experts=401 miss=66 io=0.018s 12.5GB/s]
[prefill gpuq busy=0.039s(81%) idle=0.009s(19%) span=0.049s buffers=174]
[prefill host enc.front=0.002s(4%) wait.front=0.021s(45%) drain=0.000s(1%) route=0.000s(1%) wait.shared=0.000s(0%) meta=0.000s(0%) fetch=0.018s(38%) enc.moe=0.001s(2%) wait.tile=0.000s(1%) tail=0.000s(0%) head=0.004s(8%) other=0.000s(1%) call=0.048s | tiles=81 ahead=77 experts=361 miss=66 io=0.020s 11.5GB/s]
[prefill gpuq busy=0.038s(81%) idle=0.009s(19%) span=0.048s buffers=172]
[prefill host enc.front=0.002s(4%) wait.front=0.021s(39%) drain=0.000s(1%) route=0.000s(1%) wait.shared=0.000s(1%) meta=0.000s(0%) fetch=0.022s(42%) enc.moe=0.001s(2%) wait.tile=0.002s(4%) tail=0.000s(0%) head=0.004s(7%) other=0.000s(1%) call=0.054s | tiles=79 ahead=67 experts=393 miss=92 io=0.023s 14.1GB/s]
[prefill gpuq busy=0.040s(74%) idle=0.014s(26%) span=0.054s buffers=170]
[prefill host enc.front=0.002s(4%) wait.front=0.022s(43%) drain=0.000s(1%) route=0.000s(1%) wait.shared=0.000s(0%) meta=0.000s(0%) fetch=0.020s(40%) enc.moe=0.001s(2%) wait.tile=0.001s(2%) tail=0.000s(0%) head=0.004s(7%) other=0.000s(1%) call=0.051s | tiles=72 ahead=66 experts=344 miss=100 io=0.023s 15.4GB/s]
[prefill gpuq busy=0.039s(77%) idle=0.012s(23%) span=0.051s buffers=163]
[prefill host enc.front=0.002s(4%) wait.front=0.020s(41%) drain=0.000s(1%) route=0.000s(1%) wait.shared=0.000s(0%) meta=0.000s(0%) fetch=0.021s(42%) enc.moe=0.001s(2%) wait.tile=0.000s(1%) tail=0.000s(0%) head=0.004s(8%) other=0.000s(1%) call=0.050s | tiles=81 ahead=78 experts=371 miss=75 io=0.021s 12.3GB/s]
[prefill gpuq busy=0.039s(80%) idle=0.010s(20%) span=0.049s buffers=172]
[prefill host enc.front=0.002s(3%) wait.front=0.019s(35%) drain=0.001s(1%) route=0.000s(1%) wait.shared=0.000s(0%) meta=0.000s(0%) fetch=0.027s(49%) enc.moe=0.001s(2%) wait.tile=0.001s(1%) tail=0.000s(0%) head=0.004s(7%) other=0.001s(1%) call=0.055s | tiles=79 ahead=75 experts=373 miss=104 io=0.027s 13.2GB/s]
[prefill gpuq busy=0.039s(72%) idle=0.015s(28%) span=0.055s buffers=170]
[prefill host enc.front=0.002s(4%) wait.front=0.021s(42%) drain=0.000s(1%) route=0.000s(1%) meta=0.000s(0%) fetch=0.022s(43%) enc.moe=0.001s(2%) tail=0.000s(0%) head=0.004s(7%) other=0.001s(1%) call=0.050s | tiles=77 ahead=77 experts=360 miss=92 io=0.024s 13.3GB/s]
[prefill gpuq busy=0.039s(78%) idle=0.011s(22%) span=0.050s buffers=168]
[prefill host enc.front=0.002s(4%) wait.front=0.020s(36%) drain=0.000s(1%) route=0.000s(1%) wait.shared=0.000s(1%) meta=0.000s(0%) fetch=0.025s(46%) enc.moe=0.001s(2%) wait.tile=0.002s(3%) tail=0.000s(0%) head=0.004s(7%) other=0.001s(1%) call=0.054s | tiles=81 ahead=72 experts=386 miss=106 io=0.025s 14.7GB/s]
[prefill gpuq busy=0.040s(75%) idle=0.014s(25%) span=0.054s buffers=172]
[prefill host enc.front=0.002s(3%) wait.front=0.022s(39%) drain=0.000s(1%) route=0.000s(1%) wait.shared=0.001s(1%) meta=0.000s(0%) fetch=0.021s(38%) enc.moe=0.001s(2%) wait.tile=0.004s(7%) tail=0.000s(0%) head=0.004s(7%) other=0.000s(1%) call=0.055s | tiles=82 ahead=61 experts=424 miss=96 io=0.021s 15.9GB/s]
[prefill gpuq busy=0.039s(73%) idle=0.015s(27%) span=0.054s buffers=173]
[prefill host enc.front=0.002s(3%) wait.front=0.021s(36%) drain=0.000s(1%) route=0.000s(0%) wait.shared=0.000s(1%) meta=0.000s(0%) fetch=0.028s(47%) enc.moe=0.001s(1%) wait.tile=0.002s(3%) tail=0.000s(0%) head=0.004s(6%) other=0.000s(1%) call=0.060s | tiles=81 ahead=67 experts=388 miss=116 io=0.028s 14.2GB/s]
[prefill gpuq busy=0.040s(67%) idle=0.020s(33%) span=0.059s buffers=172]
[prefill host enc.front=0.002s(4%) wait.front=0.020s(43%) drain=0.001s(2%) route=0.000s(1%) wait.shared=0.000s(0%) meta=0.000s(0%) fetch=0.018s(38%) enc.moe=0.001s(2%) wait.tile=0.000s(1%) tail=0.000s(0%) head=0.004s(8%) other=0.000s(1%) call=0.046s | tiles=76 ahead=73 experts=346 miss=72 io=0.019s 13.3GB/s]
[prefill gpuq busy=0.038s(83%) idle=0.008s(17%) span=0.046s buffers=167]
[prefill host enc.front=0.002s(4%) wait.front=0.020s(44%) drain=0.001s(2%) route=0.000s(1%) wait.shared=0.000s(0%) meta=0.000s(0%) fetch=0.017s(38%) enc.moe=0.001s(2%) wait.tile=0.000s(1%) tail=0.000s(0%) head=0.004s(8%) other=0.000s(1%) call=0.045s | tiles=81 ahead=78 experts=349 miss=50 io=0.017s 10.2GB/s]
[prefill gpuq busy=0.037s(83%) idle=0.007s(17%) span=0.044s buffers=172]
[prefill host enc.front=0.002s(4%) wait.front=0.020s(45%) drain=0.001s(2%) route=0.000s(0%) wait.shared=0.000s(0%) meta=0.000s(0%) fetch=0.017s(37%) enc.moe=0.001s(2%) wait.tile=0.000s(1%) tail=0.000s(0%) head=0.004s(8%) other=0.000s(1%) call=0.045s | tiles=82 ahead=79 experts=345 miss=44 io=0.017s 9.1GB/s]
[prefill gpuq busy=0.037s(84%) idle=0.007s(16%) span=0.044s buffers=173]
[prefill host enc.front=0.002s(3%) wait.front=0.020s(38%) drain=0.000s(1%) route=0.000s(1%) wait.shared=0.000s(0%) meta=0.000s(0%) fetch=0.023s(44%) enc.moe=0.001s(2%) wait.tile=0.001s(2%) tail=0.000s(0%) head=0.004s(8%) other=0.000s(1%) call=0.051s | tiles=82 ahead=76 experts=368 miss=79 io=0.023s 12.0GB/s]
[prefill gpuq busy=0.039s(76%) idle=0.012s(24%) span=0.051s buffers=173]
[prefill host enc.front=0.002s(4%) wait.front=0.020s(40%) drain=0.000s(1%) route=0.000s(1%) wait.shared=0.000s(0%) meta=0.000s(0%) fetch=0.022s(43%) enc.moe=0.001s(2%) wait.tile=0.001s(1%) tail=0.000s(0%) head=0.004s(8%) other=0.001s(1%) call=0.051s | tiles=76 ahead=73 experts=370 miss=95 io=0.022s 15.0GB/s]
[prefill gpuq busy=0.040s(79%) idle=0.011s(21%) span=0.050s buffers=167]
[prefill host enc.front=0.002s(3%) wait.front=0.019s(28%) drain=0.000s(1%) route=0.000s(0%) wait.shared=0.001s(1%) meta=0.000s(0%) fetch=0.035s(50%) enc.moe=0.001s(2%) wait.tile=0.006s(9%) tail=0.000s(0%) head=0.004s(6%) other=0.000s(1%) call=0.070s | tiles=91 ahead=52 experts=462 miss=187 io=0.036s 18.2GB/s]
[prefill gpuq busy=0.043s(61%) idle=0.027s(39%) span=0.070s buffers=182]
[prefill host enc.front=0.002s(3%) wait.front=0.022s(39%) drain=0.000s(1%) route=0.000s(1%) wait.shared=0.000s(1%) meta=0.000s(0%) fetch=0.025s(44%) enc.moe=0.001s(1%) wait.tile=0.001s(3%) tail=0.000s(0%) head=0.004s(6%) other=0.000s(1%) call=0.056s | tiles=73 ahead=64 experts=365 miss=117 io=0.025s 16.2GB/s]
[prefill gpuq busy=0.039s(70%) idle=0.017s(30%) span=0.056s buffers=164]
[prefill host enc.front=0.002s(4%) wait.front=0.020s(40%) drain=0.000s(0%) route=0.000s(1%) wait.shared=0.000s(0%) meta=0.000s(0%) fetch=0.022s(43%) enc.moe=0.001s(2%) wait.tile=0.001s(1%) tail=0.000s(0%) head=0.004s(7%) other=0.001s(1%) call=0.050s | tiles=76 ahead=73 experts=346 miss=95 io=0.022s 15.1GB/s]
[prefill gpuq busy=0.039s(78%) idle=0.011s(22%) span=0.050s buffers=167]
[prefill host enc.front=0.002s(4%) wait.front=0.022s(46%) drain=0.000s(1%) route=0.000s(1%) meta=0.000s(0%) fetch=0.018s(39%) enc.moe=0.001s(2%) tail=0.000s(0%) head=0.004s(7%) other=0.000s(1%) call=0.048s | tiles=75 ahead=75 experts=356 miss=70 io=0.019s 13.0GB/s]
[prefill gpuq busy=0.038s(81%) idle=0.009s(19%) span=0.048s buffers=166]
[prefill host enc.front=0.002s(4%) wait.front=0.022s(52%) drain=0.001s(2%) route=0.000s(1%) wait.shared=0.000s(0%) meta=0.000s(0%) fetch=0.011s(27%) enc.moe=0.001s(2%) wait.tile=0.001s(3%) tail=0.000s(0%) head=0.004s(9%) other=0.000s(1%) call=0.043s | tiles=76 ahead=70 experts=349 miss=38 io=0.011s 11.5GB/s]
[prefill gpuq busy=0.037s(87%) idle=0.005s(13%) span=0.043s buffers=167]
[prefill host enc.front=0.002s(4%) wait.front=0.023s(54%) drain=0.000s(1%) route=0.000s(0%) wait.shared=0.000s(1%) meta=0.000s(0%) fetch=0.011s(27%) enc.moe=0.001s(1%) wait.tile=0.001s(2%) tail=0.000s(0%) head=0.004s(9%) other=0.000s(1%) call=0.043s | tiles=73 ahead=67 experts=330 miss=37 io=0.012s 11.1GB/s]
[prefill gpuq busy=0.037s(86%) idle=0.006s(14%) span=0.043s buffers=164]
[prefill host enc.front=0.002s(4%) wait.front=0.021s(38%) drain=0.000s(1%) route=0.000s(1%) wait.shared=0.000s(0%) meta=0.000s(0%) fetch=0.025s(46%) enc.moe=0.001s(2%) wait.tile=0.001s(2%) tail=0.000s(0%) head=0.004s(7%) other=0.001s(1%) call=0.056s | tiles=71 ahead=65 experts=385 miss=128 io=0.027s 16.6GB/s]
[prefill gpuq busy=0.041s(74%) idle=0.015s(26%) span=0.056s buffers=162]
[prefill host enc.front=0.002s(4%) wait.front=0.021s(43%) drain=0.000s(1%) route=0.000s(0%) wait.shared=0.000s(0%) meta=0.000s(0%) fetch=0.019s(39%) enc.moe=0.001s(2%) wait.tile=0.001s(2%) tail=0.000s(0%) head=0.004s(8%) other=0.000s(1%) call=0.050s | tiles=78 ahead=71 experts=372 miss=90 io=0.019s 16.0GB/s]
[prefill gpuq busy=0.039s(79%) idle=0.010s(21%) span=0.050s buffers=169]
[prefill host enc.front=0.002s(4%) wait.front=0.022s(49%) drain=0.000s(1%) route=0.000s(0%) wait.shared=0.000s(0%) meta=0.000s(0%) fetch=0.016s(34%) enc.moe=0.001s(2%) wait.tile=0.001s(1%) tail=0.000s(0%) head=0.004s(8%) other=0.000s(1%) call=0.046s | tiles=69 ahead=66 experts=327 miss=69 io=0.016s 15.2GB/s]
[prefill gpuq busy=0.038s(83%) idle=0.008s(17%) span=0.045s buffers=160]
[prefill host enc.front=0.002s(3%) wait.front=0.022s(35%) drain=0.000s(1%) route=0.000s(0%) wait.shared=0.000s(0%) meta=0.000s(0%) fetch=0.030s(48%) enc.moe=0.001s(2%) wait.tile=0.002s(3%) tail=0.000s(0%) head=0.004s(6%) other=0.001s(1%) call=0.061s | tiles=83 ahead=74 experts=418 miss=115 io=0.030s 13.4GB/s]
[prefill gpuq busy=0.041s(67%) idle=0.020s(33%) span=0.061s buffers=174]
[prefill host enc.front=0.002s(4%) wait.front=0.021s(41%) drain=0.000s(1%) route=0.000s(1%) wait.shared=0.000s(0%) meta=0.000s(0%) fetch=0.022s(41%) enc.moe=0.001s(2%) wait.tile=0.001s(2%) tail=0.000s(0%) head=0.004s(7%) other=0.001s(1%) call=0.052s | tiles=82 ahead=74 experts=389 miss=108 io=0.022s 17.2GB/s]
[prefill gpuq busy=0.041s(79%) idle=0.011s(21%) span=0.052s buffers=173]
[prefill host enc.front=0.002s(4%) wait.front=0.022s(46%) drain=0.001s(2%) route=0.000s(1%) wait.shared=0.000s(0%) meta=0.000s(0%) fetch=0.017s(36%) enc.moe=0.001s(2%) wait.tile=0.000s(1%) tail=0.000s(0%) head=0.004s(8%) other=0.000s(1%) call=0.047s | tiles=79 ahead=75 experts=366 miss=61 io=0.017s 12.3GB/s]
[prefill gpuq busy=0.038s(82%) idle=0.008s(18%) span=0.047s buffers=170]
[prefill host enc.front=0.002s(3%) wait.front=0.020s(35%) drain=0.000s(1%) route=0.000s(1%) wait.shared=0.000s(0%) meta=0.000s(0%) fetch=0.027s(48%) enc.moe=0.001s(2%) wait.tile=0.001s(2%) tail=0.000s(0%) head=0.004s(6%) other=0.001s(1%) call=0.057s | tiles=78 ahead=72 experts=403 miss=131 io=0.027s 16.7GB/s]
[prefill gpuq busy=0.041s(73%) idle=0.015s(27%) span=0.056s buffers=169]
[prefill host enc.front=0.002s(3%) wait.front=0.021s(33%) drain=0.000s(1%) route=0.000s(1%) wait.shared=0.001s(1%) meta=0.000s(0%) fetch=0.030s(47%) enc.moe=0.001s(2%) wait.tile=0.004s(6%) tail=0.000s(0%) head=0.004s(6%) other=0.000s(1%) call=0.064s | tiles=82 ahead=57 experts=431 miss=159 io=0.031s 17.9GB/s]
[prefill gpuq busy=0.041s(65%) idle=0.022s(35%) span=0.063s buffers=173]
[prefill host enc.front=0.002s(3%) wait.front=0.022s(36%) drain=0.000s(1%) route=0.000s(1%) wait.shared=0.001s(1%) meta=0.000s(0%) fetch=0.027s(45%) enc.moe=0.001s(2%) wait.tile=0.003s(5%) tail=0.000s(0%) head=0.004s(6%) other=0.000s(1%) call=0.061s | tiles=78 ahead=54 experts=412 miss=152 io=0.030s 17.4GB/s]
[prefill gpuq busy=0.040s(66%) idle=0.021s(34%) span=0.060s buffers=169]
[prefill host enc.front=0.002s(4%) wait.front=0.019s(36%) drain=0.001s(1%) route=0.000s(1%) wait.shared=0.000s(0%) meta=0.000s(0%) fetch=0.023s(45%) enc.moe=0.001s(2%) wait.tile=0.001s(2%) tail=0.000s(0%) head=0.004s(7%) other=0.001s(1%) call=0.051s | tiles=86 ahead=80 experts=392 miss=103 io=0.024s 14.6GB/s]
[prefill gpuq busy=0.040s(79%) idle=0.011s(21%) span=0.051s buffers=177]
[prefill host enc.front=0.002s(3%) wait.front=0.019s(34%) drain=0.001s(1%) route=0.000s(1%) wait.shared=0.000s(0%) meta=0.000s(0%) fetch=0.027s(47%) enc.moe=0.001s(2%) wait.tile=0.002s(3%) tail=0.000s(0%) head=0.004s(7%) other=0.001s(1%) call=0.056s | tiles=85 ahead=75 experts=397 miss=105 io=0.027s 13.6GB/s]
[prefill gpuq busy=0.040s(72%) idle=0.016s(28%) span=0.056s buffers=176]
[prefill host enc.front=0.002s(4%) wait.front=0.022s(44%) drain=0.000s(1%) route=0.000s(1%) wait.shared=0.000s(1%) meta=0.000s(0%) fetch=0.018s(36%) enc.moe=0.001s(2%) wait.tile=0.002s(5%) tail=0.000s(0%) head=0.004s(7%) other=0.000s(1%) call=0.050s | tiles=82 ahead=70 experts=396 miss=78 io=0.019s 14.3GB/s]
[prefill gpuq busy=0.039s(78%) idle=0.011s(22%) span=0.050s buffers=173]
[prefill host enc.front=0.002s(4%) wait.front=0.020s(45%) drain=0.000s(1%) route=0.000s(1%) meta=0.000s(0%) fetch=0.017s(38%) enc.moe=0.001s(2%) tail=0.000s(0%) head=0.004s(8%) other=0.001s(1%) call=0.045s | tiles=81 ahead=81 experts=365 miss=67 io=0.017s 13.5GB/s]
[prefill gpuq busy=0.039s(87%) idle=0.006s(13%) span=0.045s buffers=172]
[prefill host enc.front=0.002s(4%) wait.front=0.020s(39%) drain=0.000s(1%) route=0.000s(1%) wait.shared=0.000s(1%) meta=0.000s(0%) fetch=0.020s(40%) enc.moe=0.001s(2%) wait.tile=0.002s(5%) tail=0.000s(0%) head=0.004s(8%) other=0.000s(1%) call=0.050s | tiles=83 ahead=71 experts=394 miss=81 io=0.020s 14.0GB/s]
[prefill gpuq busy=0.040s(79%) idle=0.011s(21%) span=0.050s buffers=174]
[prefill host enc.front=0.002s(4%) wait.front=0.021s(43%) drain=0.000s(1%) route=0.000s(1%) wait.shared=0.000s(1%) meta=0.000s(0%) fetch=0.018s(37%) enc.moe=0.001s(2%) wait.tile=0.001s(3%) tail=0.000s(0%) head=0.004s(8%) other=0.000s(1%) call=0.049s | tiles=81 ahead=71 experts=382 miss=76 io=0.018s 14.3GB/s]
[prefill gpuq busy=0.039s(80%) idle=0.010s(20%) span=0.049s buffers=172]

[stop=maxTokens prefill=371tok new=192tok decode=5.83s tok/s=32.929]
[load=0.790s layerVerify=0.000s/30layers prefill=4.219s ttft=4.219s peak=3.12GB rss=2.09GB]
[expert prefill hit=0.0% 0/2785 io=1.605s | decode hit=75.1% 25522/34001 io=2.532s]
[vision images=1 soft=266 tower=1.814s towerLoad=0.001s]
[decode/tok io=0.00ms cb1=0.00ms cb2=0.00ms head=0.00ms]
[mtp bs=3 rounds=90 accept=1.122/2 tok/round=2.133 draft=0.610s verify=5.212s accepted=27,25,38]
