[prefill host enc.front=0.002s(0%) wait.front=0.536s(22%) drain=0.000s(0%) route=0.006s(0%) wait.shared=0.110s(5%) meta=0.000s(0%) fetch=1.652s(67%) enc.moe=0.013s(1%) wait.tile=0.110s(4%) tail=0.014s(1%) head=0.004s(0%) other=0.005s(0%) call=2.453s | tiles=361 ahead=0 experts=0 miss=0 io=0.000s 0.0GB/s]
[prefill gpuq busy=1.328s(57%) idle=0.993s(43%) span=2.321s buffers=452]
[prefill host enc.front=0.004s(1%) wait.front=0.123s(30%) drain=0.002s(0%) route=0.001s(0%) wait.shared=0.000s(0%) meta=0.000s(0%) fetch=0.275s(66%) enc.moe=0.003s(1%) wait.tile=0.001s(0%) tail=0.000s(0%) head=0.007s(2%) other=0.001s(0%) call=0.417s | tiles=89 ahead=83 experts=530 miss=352 io=0.486s 2.5GB/s]
[prefill gpuq busy=0.125s(30%) idle=0.291s(70%) span=0.416s buffers=180]
[prefill host enc.front=0.003s(1%) wait.front=0.048s(23%) drain=0.002s(1%) route=0.000s(0%) wait.shared=0.000s(0%) meta=0.000s(0%) fetch=0.145s(69%) enc.moe=0.002s(1%) wait.tile=0.001s(0%) tail=0.000s(0%) head=0.007s(4%) other=0.001s(0%) call=0.209s | tiles=101 ahead=96 experts=590 miss=176 io=0.184s 3.3GB/s]
[prefill gpuq busy=0.096s(46%) idle=0.113s(54%) span=0.209s buffers=192]
[prefill host enc.front=0.002s(2%) wait.front=0.045s(48%) drain=0.002s(2%) route=0.000s(0%) wait.shared=0.000s(0%) meta=0.000s(0%) fetch=0.035s(37%) enc.moe=0.001s(1%) wait.tile=0.000s(0%) tail=0.000s(0%) head=0.007s(7%) other=0.000s(1%) call=0.093s | tiles=101 ahead=96 experts=596 miss=51 io=0.035s 5.0GB/s]
[prefill gpuq busy=0.083s(89%) idle=0.010s(11%) span=0.093s buffers=192]
[prefill host enc.front=0.002s(2%) wait.front=0.046s(52%) drain=0.002s(2%) route=0.000s(0%) wait.shared=0.000s(0%) meta=0.000s(0%) fetch=0.028s(32%) enc.moe=0.001s(1%) wait.tile=0.001s(2%) tail=0.000s(0%) head=0.007s(8%) other=0.000s(0%) call=0.089s | tiles=101 ahead=95 experts=581 miss=34 io=0.028s 4.1GB/s]
[prefill gpuq busy=0.083s(93%) idle=0.006s(7%) span=0.088s buffers=192]
[prefill host enc.front=0.002s(2%) wait.front=0.042s(40%) drain=0.001s(1%) route=0.000s(0%) wait.shared=0.000s(0%) meta=0.000s(0%) fetch=0.049s(47%) enc.moe=0.001s(1%) wait.tile=0.001s(1%) tail=0.000s(0%) head=0.008s(7%) other=0.000s(0%) call=0.104s | tiles=94 ahead=89 experts=549 miss=70 io=0.049s 5.0GB/s]
[prefill gpuq busy=0.083s(80%) idle=0.021s(20%) span=0.104s buffers=185]
[prefill host enc.front=0.002s(2%) wait.front=0.047s(47%) drain=0.002s(2%) route=0.000s(0%) wait.shared=0.000s(0%) meta=0.000s(0%) fetch=0.039s(39%) enc.moe=0.001s(1%) wait.tile=0.001s(1%) tail=0.000s(0%) head=0.007s(7%) other=0.000s(0%) call=0.101s | tiles=91 ahead=85 experts=507 miss=67 io=0.043s 5.4GB/s]
[prefill gpuq busy=0.083s(83%) idle=0.017s(17%) span=0.100s buffers=182]
[prefill host enc.front=0.002s(3%) wait.front=0.047s(54%) drain=0.001s(2%) route=0.000s(0%) wait.shared=0.000s(0%) meta=0.000s(0%) fetch=0.027s(31%) enc.moe=0.001s(1%) wait.tile=0.001s(1%) tail=0.000s(0%) head=0.007s(8%) other=0.000s(0%) call=0.088s | tiles=91 ahead=86 experts=510 miss=46 io=0.027s 5.9GB/s]
[prefill gpuq busy=0.083s(95%) idle=0.004s(5%) span=0.087s buffers=182]
[prefill host enc.front=0.002s(2%) wait.front=0.039s(39%) drain=0.002s(2%) route=0.000s(0%) wait.shared=0.000s(0%) meta=0.000s(0%) fetch=0.047s(46%) enc.moe=0.001s(1%) wait.tile=0.001s(1%) tail=0.000s(0%) head=0.007s(7%) other=0.000s(0%) call=0.102s | tiles=96 ahead=90 experts=544 miss=72 io=0.053s 4.7GB/s]
[prefill gpuq busy=0.083s(82%) idle=0.019s(18%) span=0.101s buffers=187]
[prefill host enc.front=0.002s(3%) wait.front=0.042s(47%) drain=0.001s(2%) route=0.000s(1%) wait.shared=0.000s(0%) meta=0.000s(0%) fetch=0.034s(37%) enc.moe=0.001s(1%) wait.tile=0.001s(1%) tail=0.000s(0%) head=0.008s(8%) other=0.001s(1%) call=0.090s | tiles=95 ahead=89 experts=546 miss=67 io=0.034s 6.8GB/s]
[prefill gpuq busy=0.084s(94%) idle=0.006s(6%) span=0.090s buffers=186]
[prefill host enc.front=0.002s(2%) wait.front=0.057s(67%) drain=0.002s(2%) route=0.000s(0%) wait.shared=0.000s(0%) meta=0.000s(0%) fetch=0.015s(18%) enc.moe=0.001s(1%) wait.tile=0.000s(1%) tail=0.000s(0%) head=0.007s(8%) other=0.000s(0%) call=0.086s | tiles=91 ahead=86 experts=550 miss=36 io=0.015s 8.0GB/s]
[prefill gpuq busy=0.083s(96%) idle=0.003s(4%) span=0.086s buffers=182]
[prefill host enc.front=0.002s(2%) wait.front=0.047s(52%) drain=0.002s(2%) route=0.000s(0%) wait.shared=0.000s(0%) meta=0.000s(0%) fetch=0.029s(33%) enc.moe=0.001s(1%) wait.tile=0.000s(1%) tail=0.000s(0%) head=0.007s(8%) other=0.000s(0%) call=0.089s | tiles=95 ahead=90 experts=550 miss=53 io=0.030s 6.2GB/s]
[prefill gpuq busy=0.083s(93%) idle=0.006s(7%) span=0.089s buffers=186]
[prefill host enc.front=0.002s(2%) wait.front=0.049s(55%) drain=0.002s(2%) route=0.000s(0%) wait.shared=0.000s(0%) meta=0.000s(0%) fetch=0.027s(30%) enc.moe=0.001s(1%) wait.tile=0.000s(1%) tail=0.000s(0%) head=0.007s(8%) other=0.000s(1%) call=0.090s | tiles=95 ahead=90 experts=567 miss=64 io=0.027s 8.2GB/s]
[prefill gpuq busy=0.083s(92%) idle=0.007s(8%) span=0.090s buffers=186]
[prefill host enc.front=0.002s(3%) wait.front=0.055s(64%) drain=0.002s(2%) route=0.000s(0%) wait.shared=0.000s(0%) meta=0.000s(0%) fetch=0.017s(20%) enc.moe=0.001s(1%) wait.tile=0.001s(1%) tail=0.000s(0%) head=0.007s(8%) other=0.000s(0%) call=0.086s | tiles=93 ahead=88 experts=535 miss=46 io=0.019s 8.4GB/s]
[prefill gpuq busy=0.083s(97%) idle=0.003s(3%) span=0.086s buffers=184]
[prefill host enc.front=0.002s(3%) wait.front=0.044s(47%) drain=0.001s(1%) route=0.000s(0%) meta=0.000s(0%) fetch=0.036s(39%) enc.moe=0.001s(1%) tail=0.000s(0%) head=0.008s(8%) other=0.000s(1%) call=0.093s | tiles=96 ahead=96 experts=527 miss=81 io=0.040s 7.0GB/s]
[prefill gpuq busy=0.085s(92%) idle=0.008s(8%) span=0.093s buffers=187]
[prefill host enc.front=0.002s(2%) wait.front=0.035s(33%) drain=0.002s(2%) route=0.000s(0%) wait.shared=0.000s(0%) meta=0.000s(0%) fetch=0.057s(53%) enc.moe=0.001s(1%) wait.tile=0.001s(1%) tail=0.000s(0%) head=0.007s(7%) other=0.001s(1%) call=0.107s | tiles=107 ahead=101 experts=619 miss=118 io=0.060s 6.9GB/s]
[prefill gpuq busy=0.084s(79%) idle=0.022s(21%) span=0.106s buffers=198]
[prefill host enc.front=0.002s(3%) wait.front=0.051s(56%) drain=0.002s(2%) route=0.000s(0%) meta=0.000s(0%) fetch=0.026s(29%) enc.moe=0.001s(1%) tail=0.000s(0%) head=0.007s(8%) other=0.000s(1%) call=0.090s | tiles=85 ahead=85 experts=504 miss=76 io=0.030s 8.8GB/s]
[prefill gpuq busy=0.083s(93%) idle=0.006s(7%) span=0.090s buffers=176]
[prefill host enc.front=0.002s(3%) wait.front=0.045s(49%) drain=0.001s(1%) route=0.000s(0%) wait.shared=0.000s(0%) meta=0.000s(0%) fetch=0.034s(37%) enc.moe=0.001s(1%) wait.tile=0.001s(1%) tail=0.000s(0%) head=0.007s(8%) other=0.000s(1%) call=0.092s | tiles=103 ahead=97 experts=572 miss=78 io=0.034s 7.9GB/s]
[prefill gpuq busy=0.084s(92%) idle=0.007s(8%) span=0.091s buffers=194]
[prefill host enc.front=0.002s(3%) wait.front=0.042s(46%) drain=0.001s(1%) route=0.000s(0%) wait.shared=0.000s(0%) meta=0.000s(0%) fetch=0.034s(38%) enc.moe=0.001s(1%) wait.tile=0.001s(1%) tail=0.000s(0%) head=0.008s(8%) other=0.001s(1%) call=0.090s | tiles=97 ahead=91 experts=543 miss=79 io=0.035s 7.9GB/s]
[prefill gpuq busy=0.084s(93%) idle=0.006s(7%) span=0.090s buffers=188]
[prefill host enc.front=0.003s(3%) wait.front=0.043s(43%) drain=0.002s(2%) route=0.000s(0%) wait.shared=0.000s(0%) meta=0.000s(0%) fetch=0.042s(42%) enc.moe=0.001s(1%) wait.tile=0.001s(1%) tail=0.000s(0%) head=0.007s(7%) other=0.001s(1%) call=0.099s | tiles=108 ahead=102 experts=681 miss=134 io=0.047s 9.9GB/s]
[prefill gpuq busy=0.085s(86%) idle=0.014s(14%) span=0.099s buffers=199]
[prefill host enc.front=0.002s(3%) wait.front=0.043s(45%) drain=0.002s(2%) route=0.000s(0%) wait.shared=0.000s(0%) meta=0.000s(0%) fetch=0.037s(39%) enc.moe=0.001s(1%) wait.tile=0.000s(0%) tail=0.000s(0%) head=0.007s(8%) other=0.001s(1%) call=0.094s | tiles=113 ahead=107 experts=695 miss=94 io=0.038s 8.5GB/s]
[prefill gpuq busy=0.085s(90%) idle=0.009s(10%) span=0.094s buffers=204]
[prefill host enc.front=0.002s(2%) wait.front=0.047s(48%) drain=0.001s(1%) route=0.000s(0%) wait.shared=0.000s(0%) meta=0.000s(0%) fetch=0.036s(37%) enc.moe=0.001s(1%) wait.tile=0.001s(1%) tail=0.000s(0%) head=0.007s(7%) other=0.001s(1%) call=0.097s | tiles=89 ahead=83 experts=523 miss=94 io=0.040s 8.1GB/s]
[prefill gpuq busy=0.085s(87%) idle=0.012s(13%) span=0.097s buffers=180]
[prefill host enc.front=0.002s(3%) wait.front=0.047s(52%) drain=0.002s(2%) route=0.000s(0%) wait.shared=0.000s(0%) meta=0.000s(0%) fetch=0.029s(32%) enc.moe=0.001s(1%) wait.tile=0.001s(1%) tail=0.000s(0%) head=0.007s(8%) other=0.001s(1%) call=0.090s | tiles=107 ahead=102 experts=650 miss=84 io=0.029s 9.9GB/s]
[prefill gpuq busy=0.084s(93%) idle=0.006s(7%) span=0.090s buffers=198]
[prefill host enc.front=0.002s(3%) wait.front=0.053s(62%) drain=0.002s(2%) route=0.000s(0%) wait.shared=0.000s(0%) meta=0.000s(0%) fetch=0.018s(21%) enc.moe=0.001s(1%) wait.tile=0.001s(2%) tail=0.000s(0%) head=0.007s(8%) other=0.000s(1%) call=0.086s | tiles=108 ahead=103 experts=667 miss=39 io=0.018s 7.4GB/s]
[prefill gpuq busy=0.083s(97%) idle=0.003s(3%) span=0.086s buffers=199]
[prefill host enc.front=0.002s(3%) wait.front=0.047s(54%) drain=0.002s(3%) route=0.000s(0%) wait.shared=0.000s(0%) meta=0.000s(0%) fetch=0.024s(28%) enc.moe=0.001s(1%) wait.tile=0.001s(1%) tail=0.000s(0%) head=0.008s(9%) other=0.001s(1%) call=0.087s | tiles=110 ahead=104 experts=644 miss=53 io=0.025s 7.4GB/s]
[prefill gpuq busy=0.083s(96%) idle=0.004s(4%) span=0.087s buffers=201]
[prefill host enc.front=0.003s(2%) wait.front=0.039s(31%) drain=0.002s(2%) route=0.000s(0%) wait.shared=0.001s(1%) meta=0.000s(0%) fetch=0.069s(55%) enc.moe=0.001s(1%) wait.tile=0.002s(2%) tail=0.000s(0%) head=0.007s(6%) other=0.001s(1%) call=0.126s | tiles=119 ahead=102 experts=721 miss=194 io=0.086s 7.8GB/s]
[prefill gpuq busy=0.089s(71%) idle=0.036s(29%) span=0.125s buffers=210]
[prefill host enc.front=0.002s(3%) wait.front=0.043s(44%) drain=0.002s(2%) route=0.000s(0%) wait.shared=0.000s(0%) meta=0.000s(0%) fetch=0.039s(40%) enc.moe=0.001s(1%) wait.tile=0.000s(0%) tail=0.000s(0%) head=0.007s(8%) other=0.001s(1%) call=0.098s | tiles=97 ahead=91 experts=560 miss=122 io=0.045s 9.4GB/s]
[prefill gpuq busy=0.086s(88%) idle=0.012s(12%) span=0.098s buffers=188]
[prefill host enc.front=0.003s(4%) wait.front=0.048s(54%) drain=0.002s(2%) route=0.001s(1%) wait.shared=0.000s(0%) meta=0.000s(0%) fetch=0.025s(28%) enc.moe=0.001s(1%) wait.tile=0.001s(1%) tail=0.000s(0%) head=0.007s(8%) other=0.001s(1%) call=0.089s | tiles=88 ahead=82 experts=495 miss=74 io=0.025s 10.1GB/s]
[prefill gpuq busy=0.084s(95%) idle=0.004s(5%) span=0.089s buffers=179]
[prefill host enc.front=0.003s(3%) wait.front=0.051s(57%) drain=0.001s(1%) route=0.000s(1%) wait.shared=0.000s(0%) meta=0.000s(0%) fetch=0.024s(27%) enc.moe=0.001s(1%) wait.tile=0.001s(1%) tail=0.000s(0%) head=0.007s(8%) other=0.001s(1%) call=0.088s | tiles=90 ahead=84 experts=517 miss=73 io=0.024s 10.4GB/s]
[prefill gpuq busy=0.084s(96%) idle=0.004s(4%) span=0.088s buffers=181]
[prefill host enc.front=0.002s(3%) wait.front=0.052s(59%) drain=0.002s(2%) route=0.000s(0%) wait.shared=0.000s(0%) meta=0.000s(0%) fetch=0.022s(25%) enc.moe=0.001s(1%) wait.tile=0.000s(0%) tail=0.000s(0%) head=0.007s(8%) other=0.001s(1%) call=0.088s | tiles=100 ahead=94 experts=612 miss=87 io=0.022s 13.8GB/s]
[prefill gpuq busy=0.085s(97%) idle=0.003s(3%) span=0.088s buffers=191]
[prefill host enc.front=0.002s(3%) wait.front=0.058s(68%) drain=0.002s(2%) route=0.000s(0%) wait.shared=0.000s(0%) meta=0.000s(0%) fetch=0.014s(16%) enc.moe=0.001s(1%) wait.tile=0.000s(1%) tail=0.000s(0%) head=0.007s(8%) other=0.000s(1%) call=0.086s | tiles=99 ahead=94 experts=595 miss=44 io=0.014s 10.7GB/s]
[prefill gpuq busy=0.084s(98%) idle=0.002s(2%) span=0.086s buffers=190]
[prefill host enc.front=0.002s(3%) wait.front=0.055s(64%) drain=0.002s(2%) route=0.000s(0%) wait.shared=0.000s(0%) meta=0.000s(0%) fetch=0.016s(19%) enc.moe=0.001s(1%) wait.tile=0.001s(2%) tail=0.000s(0%) head=0.007s(9%) other=0.000s(1%) call=0.087s | tiles=106 ahead=100 experts=642 miss=50 io=0.017s 10.4GB/s]
[prefill gpuq busy=0.084s(97%) idle=0.003s(3%) span=0.086s buffers=197]
[prefill host enc.front=0.002s(3%) wait.front=0.047s(51%) drain=0.002s(2%) route=0.000s(0%) wait.shared=0.000s(0%) meta=0.000s(0%) fetch=0.031s(33%) enc.moe=0.001s(1%) wait.tile=0.000s(1%) tail=0.000s(0%) head=0.007s(8%) other=0.001s(1%) call=0.093s | tiles=97 ahead=91 experts=573 miss=99 io=0.032s 10.7GB/s]
[prefill gpuq busy=0.086s(93%) idle=0.007s(7%) span=0.092s buffers=188]
[prefill host enc.front=0.002s(3%) wait.front=0.048s(54%) drain=0.001s(1%) route=0.000s(1%) wait.shared=0.000s(0%) meta=0.000s(0%) fetch=0.027s(31%) enc.moe=0.001s(1%) wait.tile=0.001s(1%) tail=0.000s(0%) head=0.007s(8%) other=0.001s(1%) call=0.088s | tiles=93 ahead=87 experts=507 miss=87 io=0.028s 10.9GB/s]
[prefill gpuq busy=0.085s(96%) idle=0.004s(4%) span=0.088s buffers=184]
[prefill host enc.front=0.002s(3%) wait.front=0.054s(62%) drain=0.002s(2%) route=0.000s(1%) wait.shared=0.000s(0%) meta=0.000s(0%) fetch=0.018s(21%) enc.moe=0.001s(1%) wait.tile=0.000s(1%) tail=0.000s(0%) head=0.007s(9%) other=0.001s(1%) call=0.087s | tiles=101 ahead=96 experts=589 miss=72 io=0.018s 13.7GB/s]
[prefill gpuq busy=0.084s(97%) idle=0.002s(3%) span=0.087s buffers=192]
[prefill host enc.front=0.002s(2%) wait.front=0.062s(73%) drain=0.002s(2%) route=0.000s(0%) meta=0.000s(0%) fetch=0.010s(11%) enc.moe=0.001s(1%) tail=0.000s(0%) head=0.008s(9%) other=0.000s(0%) call=0.085s | tiles=87 ahead=87 experts=526 miss=24 io=0.010s 8.6GB/s]
[prefill gpuq busy=0.084s(99%) idle=0.001s(1%) span=0.084s buffers=178]
[prefill host enc.front=0.002s(3%) wait.front=0.052s(58%) drain=0.002s(2%) route=0.000s(1%) wait.shared=0.000s(0%) meta=0.000s(0%) fetch=0.023s(26%) enc.moe=0.001s(1%) wait.tile=0.000s(0%) tail=0.000s(0%) head=0.007s(8%) other=0.001s(1%) call=0.090s | tiles=102 ahead=96 experts=615 miss=90 io=0.025s 12.6GB/s]
[prefill gpuq busy=0.086s(96%) idle=0.004s(4%) span=0.089s buffers=193]
[prefill host enc.front=0.002s(3%) wait.front=0.051s(57%) drain=0.002s(2%) route=0.000s(0%) wait.shared=0.000s(0%) meta=0.000s(0%) fetch=0.025s(28%) enc.moe=0.001s(1%) wait.tile=0.000s(0%) tail=0.000s(0%) head=0.007s(8%) other=0.001s(1%) call=0.091s | tiles=93 ahead=87 experts=550 miss=88 io=0.025s 12.0GB/s]
[prefill gpuq busy=0.084s(93%) idle=0.006s(7%) span=0.090s buffers=184]
[prefill host enc.front=0.002s(3%) wait.front=0.049s(55%) drain=0.002s(2%) route=0.000s(0%) wait.shared=0.000s(0%) meta=0.000s(0%) fetch=0.025s(28%) enc.moe=0.001s(1%) wait.tile=0.001s(1%) tail=0.000s(0%) head=0.007s(8%) other=0.001s(1%) call=0.089s | tiles=99 ahead=94 experts=563 miss=90 io=0.028s 11.1GB/s]
[prefill gpuq busy=0.085s(96%) idle=0.003s(4%) span=0.089s buffers=190]
[prefill host enc.front=0.002s(3%) wait.front=0.056s(64%) drain=0.001s(1%) route=0.000s(0%) wait.shared=0.000s(0%) meta=0.000s(0%) fetch=0.018s(21%) enc.moe=0.001s(1%) wait.tile=0.001s(2%) tail=0.000s(0%) head=0.007s(8%) other=0.000s(0%) call=0.087s | tiles=91 ahead=85 experts=538 miss=44 io=0.018s 8.4GB/s]
[prefill gpuq busy=0.084s(96%) idle=0.004s(4%) span=0.087s buffers=182]
[prefill host enc.front=0.002s(3%) wait.front=0.054s(63%) drain=0.002s(2%) route=0.000s(0%) meta=0.000s(0%) fetch=0.019s(22%) enc.moe=0.001s(1%) tail=0.000s(0%) head=0.007s(8%) other=0.000s(1%) call=0.086s | tiles=89 ahead=89 experts=517 miss=43 io=0.021s 7.0GB/s]
[prefill gpuq busy=0.084s(97%) idle=0.002s(3%) span=0.086s buffers=180]
[prefill host enc.front=0.002s(3%) wait.front=0.059s(71%) drain=0.002s(2%) route=0.000s(0%) meta=0.000s(0%) fetch=0.012s(14%) enc.moe=0.001s(1%) tail=0.000s(0%) head=0.007s(8%) other=0.000s(1%) call=0.084s | tiles=88 ahead=88 experts=505 miss=33 io=0.014s 8.4GB/s]
[prefill gpuq busy=0.083s(99%) idle=0.001s(1%) span=0.084s buffers=179]
[prefill host enc.front=0.002s(3%) wait.front=0.057s(68%) drain=0.002s(2%) route=0.000s(0%) meta=0.000s(0%) fetch=0.014s(17%) enc.moe=0.001s(1%) tail=0.000s(0%) head=0.007s(8%) other=0.000s(1%) call=0.084s | tiles=90 ahead=90 experts=521 miss=44 io=0.016s 9.6GB/s]
[prefill gpuq busy=0.083s(99%) idle=0.001s(1%) span=0.084s buffers=181]
[prefill host enc.front=0.002s(3%) wait.front=0.061s(72%) drain=0.002s(2%) route=0.000s(0%) meta=0.000s(0%) fetch=0.010s(12%) enc.moe=0.001s(1%) tail=0.000s(0%) head=0.008s(9%) other=0.000s(1%) call=0.084s | tiles=90 ahead=90 experts=538 miss=23 io=0.010s 8.0GB/s]
[prefill gpuq busy=0.084s(100%) idle=0.000s(0%) span=0.084s buffers=181]
[prefill host enc.front=0.002s(2%) wait.front=0.057s(64%) drain=0.002s(2%) route=0.000s(0%) wait.shared=0.000s(0%) meta=0.000s(0%) fetch=0.018s(20%) enc.moe=0.001s(1%) wait.tile=0.001s(1%) tail=0.000s(0%) head=0.007s(8%) other=0.000s(1%) call=0.090s | tiles=93 ahead=87 experts=536 miss=59 io=0.018s 11.3GB/s]
[prefill gpuq busy=0.084s(96%) idle=0.003s(4%) span=0.087s buffers=184]
[prefill host enc.front=0.002s(3%) wait.front=0.055s(63%) drain=0.001s(1%) route=0.000s(1%) wait.shared=0.000s(0%) meta=0.000s(0%) fetch=0.018s(21%) enc.moe=0.001s(1%) wait.tile=0.001s(1%) tail=0.000s(0%) head=0.007s(8%) other=0.001s(1%) call=0.086s | tiles=103 ahead=98 experts=572 miss=47 io=0.019s 8.8GB/s]
[prefill gpuq busy=0.085s(98%) idle=0.002s(2%) span=0.086s buffers=194]
[prefill host enc.front=0.002s(3%) wait.front=0.052s(56%) drain=0.001s(1%) route=0.000s(0%) wait.shared=0.000s(0%) meta=0.000s(0%) fetch=0.026s(28%) enc.moe=0.001s(1%) wait.tile=0.001s(1%) tail=0.000s(0%) head=0.007s(8%) other=0.001s(1%) call=0.092s | tiles=105 ahead=100 experts=609 miss=72 io=0.026s 9.5GB/s]
[prefill gpuq busy=0.086s(94%) idle=0.006s(6%) span=0.091s buffers=196]
[prefill host enc.front=0.002s(3%) wait.front=0.052s(59%) drain=0.002s(2%) route=0.000s(1%) wait.shared=0.000s(0%) meta=0.000s(0%) fetch=0.022s(25%) enc.moe=0.001s(1%) wait.tile=0.000s(1%) tail=0.000s(0%) head=0.007s(8%) other=0.001s(1%) call=0.088s | tiles=98 ahead=93 experts=598 miss=67 io=0.022s 10.5GB/s]
[prefill gpuq busy=0.084s(97%) idle=0.003s(3%) span=0.087s buffers=189]
[prefill host enc.front=0.002s(3%) wait.front=0.049s(54%) drain=0.001s(1%) route=0.000s(0%) wait.shared=0.000s(0%) meta=0.000s(0%) fetch=0.027s(30%) enc.moe=0.001s(1%) wait.tile=0.001s(1%) tail=0.000s(0%) head=0.007s(8%) other=0.001s(1%) call=0.090s | tiles=106 ahead=101 experts=629 miss=90 io=0.030s 10.3GB/s]
[prefill gpuq busy=0.086s(95%) idle=0.004s(5%) span=0.090s buffers=197]
[prefill host enc.front=0.002s(3%) wait.front=0.058s(67%) drain=0.002s(2%) route=0.000s(0%) wait.shared=0.000s(0%) meta=0.000s(0%) fetch=0.015s(17%) enc.moe=0.001s(1%) wait.tile=0.000s(1%) tail=0.000s(0%) head=0.007s(8%) other=0.000s(1%) call=0.088s | tiles=99 ahead=94 experts=596 miss=46 io=0.015s 10.5GB/s]
[prefill gpuq busy=0.085s(97%) idle=0.003s(3%) span=0.087s buffers=190]
[prefill host enc.front=0.002s(3%) wait.front=0.051s(56%) drain=0.001s(1%) route=0.000s(0%) wait.shared=0.000s(0%) meta=0.000s(0%) fetch=0.027s(30%) enc.moe=0.001s(1%) wait.tile=0.000s(0%) tail=0.000s(0%) head=0.007s(8%) other=0.001s(1%) call=0.091s | tiles=108 ahead=102 experts=624 miss=100 io=0.028s 12.3GB/s]
[prefill gpuq busy=0.086s(95%) idle=0.005s(5%) span=0.090s buffers=199]
[prefill host enc.front=0.002s(3%) wait.front=0.050s(55%) drain=0.002s(2%) route=0.000s(0%) wait.shared=0.000s(0%) meta=0.000s(0%) fetch=0.025s(27%) enc.moe=0.001s(1%) wait.tile=0.002s(2%) tail=0.000s(0%) head=0.007s(8%) other=0.001s(1%) call=0.092s | tiles=107 ahead=97 experts=677 miss=110 io=0.027s 14.2GB/s]
[prefill gpuq busy=0.085s(93%) idle=0.006s(7%) span=0.091s buffers=198]
[prefill host enc.front=0.002s(3%) wait.front=0.051s(58%) drain=0.002s(2%) route=0.000s(1%) wait.shared=0.000s(0%) meta=0.000s(0%) fetch=0.023s(26%) enc.moe=0.001s(1%) wait.tile=0.000s(1%) tail=0.000s(0%) head=0.007s(8%) other=0.001s(1%) call=0.089s | tiles=109 ahead=104 experts=671 miss=73 io=0.023s 10.8GB/s]
[prefill gpuq busy=0.085s(96%) idle=0.003s(4%) span=0.088s buffers=200]
[prefill host enc.front=0.002s(3%) wait.front=0.056s(65%) drain=0.002s(2%) route=0.000s(1%) wait.shared=0.000s(0%) meta=0.000s(0%) fetch=0.014s(17%) enc.moe=0.001s(1%) wait.tile=0.002s(2%) tail=0.000s(0%) head=0.007s(8%) other=0.001s(1%) call=0.086s | tiles=109 ahead=103 experts=691 miss=53 io=0.015s 12.4GB/s]
[prefill gpuq busy=0.083s(97%) idle=0.003s(3%) span=0.086s buffers=200]
[prefill host enc.front=0.002s(3%) wait.front=0.053s(59%) drain=0.002s(2%) route=0.000s(1%) wait.shared=0.000s(0%) meta=0.000s(0%) fetch=0.023s(25%) enc.moe=0.001s(1%) wait.tile=0.000s(1%) tail=0.000s(0%) head=0.008s(8%) other=0.001s(1%) call=0.090s | tiles=110 ahead=105 experts=693 miss=70 io=0.023s 10.5GB/s]
[prefill gpuq busy=0.085s(95%) idle=0.005s(5%) span=0.090s buffers=201]
[prefill host enc.front=0.002s(3%) wait.front=0.047s(49%) drain=0.001s(1%) route=0.000s(0%) wait.shared=0.000s(0%) meta=0.000s(0%) fetch=0.034s(36%) enc.moe=0.001s(1%) wait.tile=0.001s(1%) tail=0.000s(0%) head=0.007s(8%) other=0.001s(1%) call=0.095s | tiles=95 ahead=89 experts=556 miss=133 io=0.040s 11.5GB/s]
[prefill gpuq busy=0.086s(91%) idle=0.009s(9%) span=0.094s buffers=186]
[prefill host enc.front=0.002s(3%) wait.front=0.056s(63%) drain=0.002s(2%) route=0.000s(0%) wait.shared=0.000s(0%) meta=0.000s(0%) fetch=0.018s(21%) enc.moe=0.001s(1%) wait.tile=0.001s(1%) tail=0.000s(0%) head=0.007s(8%) other=0.000s(1%) call=0.088s | tiles=94 ahead=88 experts=525 miss=61 io=0.019s 11.3GB/s]
[prefill gpuq busy=0.084s(96%) idle=0.004s(4%) span=0.088s buffers=185]
[prefill host enc.front=0.002s(3%) wait.front=0.056s(64%) drain=0.002s(2%) route=0.000s(1%) wait.shared=0.000s(1%) meta=0.000s(0%) fetch=0.017s(20%) enc.moe=0.001s(1%) wait.tile=0.000s(0%) tail=0.000s(0%) head=0.007s(8%) other=0.000s(1%) call=0.087s | tiles=94 ahead=88 experts=542 miss=53 io=0.018s 10.4GB/s]
[prefill gpuq busy=0.084s(97%) idle=0.003s(3%) span=0.087s buffers=185]
[prefill host enc.front=0.002s(3%) wait.front=0.062s(72%) drain=0.002s(2%) route=0.000s(0%) wait.shared=0.000s(0%) meta=0.000s(0%) fetch=0.010s(12%) enc.moe=0.001s(1%) wait.tile=0.001s(2%) tail=0.000s(0%) head=0.007s(8%) other=0.000s(0%) call=0.086s | tiles=87 ahead=81 experts=546 miss=33 io=0.010s 11.3GB/s]
[prefill gpuq busy=0.083s(96%) idle=0.003s(4%) span=0.086s buffers=178]
[prefill host enc.front=0.002s(2%) wait.front=0.059s(69%) drain=0.002s(2%) route=0.000s(0%) wait.shared=0.000s(0%) meta=0.000s(0%) fetch=0.012s(14%) enc.moe=0.001s(1%) wait.tile=0.001s(1%) tail=0.000s(0%) head=0.007s(9%) other=0.000s(0%) call=0.086s | tiles=87 ahead=81 experts=521 miss=33 io=0.012s 9.5GB/s]
[prefill gpuq busy=0.083s(96%) idle=0.003s(4%) span=0.086s buffers=178]
[prefill host enc.front=0.002s(3%) wait.front=0.055s(62%) drain=0.001s(2%) route=0.000s(1%) wait.shared=0.000s(0%) meta=0.000s(0%) fetch=0.020s(22%) enc.moe=0.001s(1%) wait.tile=0.001s(1%) tail=0.000s(0%) head=0.007s(8%) other=0.001s(1%) call=0.088s | tiles=97 ahead=91 experts=577 miss=82 io=0.020s 14.2GB/s]
[prefill gpuq busy=0.085s(97%) idle=0.003s(3%) span=0.088s buffers=188]
[prefill host enc.front=0.002s(3%) wait.front=0.058s(67%) drain=0.002s(2%) route=0.001s(1%) wait.shared=0.000s(0%) meta=0.000s(0%) fetch=0.014s(16%) enc.moe=0.001s(1%) wait.tile=0.001s(1%) tail=0.000s(0%) head=0.007s(8%) other=0.000s(0%) call=0.087s | tiles=88 ahead=82 experts=496 miss=51 io=0.014s 12.3GB/s]
[prefill gpuq busy=0.083s(96%) idle=0.003s(4%) span=0.086s buffers=179]
[prefill host enc.front=0.002s(3%) wait.front=0.051s(57%) drain=0.001s(2%) route=0.000s(1%) wait.shared=0.000s(0%) meta=0.000s(0%) fetch=0.024s(27%) enc.moe=0.001s(1%) wait.tile=0.001s(1%) tail=0.000s(0%) head=0.008s(8%) other=0.001s(1%) call=0.090s | tiles=105 ahead=100 experts=604 miss=85 io=0.025s 11.9GB/s]
[prefill gpuq busy=0.086s(96%) idle=0.003s(4%) span=0.089s buffers=196]
[prefill host enc.front=0.002s(3%) wait.front=0.052s(60%) drain=0.002s(2%) route=0.000s(0%) meta=0.000s(0%) fetch=0.020s(23%) enc.moe=0.001s(1%) tail=0.000s(0%) head=0.007s(8%) other=0.001s(1%) call=0.086s | tiles=111 ahead=111 experts=666 miss=54 io=0.021s 9.1GB/s]
[prefill gpuq busy=0.084s(98%) idle=0.002s(2%) span=0.086s buffers=202]
[prefill host enc.front=0.003s(3%) wait.front=0.045s(48%) drain=0.001s(1%) route=0.001s(1%) wait.shared=0.000s(0%) meta=0.000s(0%) fetch=0.034s(37%) enc.moe=0.001s(1%) wait.tile=0.000s(0%) tail=0.000s(0%) head=0.007s(8%) other=0.001s(1%) call=0.094s | tiles=109 ahead=103 experts=634 miss=133 io=0.039s 11.9GB/s]
[prefill gpuq busy=0.086s(93%) idle=0.007s(7%) span=0.093s buffers=200]
[prefill host enc.front=0.002s(3%) wait.front=0.047s(48%) drain=0.002s(2%) route=0.000s(0%) wait.shared=0.000s(0%) meta=0.000s(0%) fetch=0.037s(38%) enc.moe=0.001s(1%) wait.tile=0.001s(1%) tail=0.000s(0%) head=0.007s(7%) other=0.001s(1%) call=0.099s | tiles=99 ahead=94 experts=601 miss=160 io=0.051s 10.9GB/s]
[prefill gpuq busy=0.087s(88%) idle=0.012s(12%) span=0.099s buffers=190]
[prefill host enc.front=0.002s(3%) wait.front=0.065s(75%) drain=0.002s(2%) route=0.000s(1%) wait.shared=0.000s(0%) meta=0.000s(0%) fetch=0.006s(7%) enc.moe=0.001s(1%) wait.tile=0.001s(2%) tail=0.000s(0%) head=0.007s(9%) other=0.000s(0%) call=0.086s | tiles=94 ahead=88 experts=582 miss=23 io=0.006s 12.8GB/s]
[prefill gpuq busy=0.083s(97%) idle=0.003s(3%) span=0.085s buffers=185]
[prefill host enc.front=0.002s(3%) wait.front=0.055s(63%) drain=0.002s(2%) route=0.000s(0%) wait.shared=0.000s(0%) meta=0.000s(0%) fetch=0.019s(21%) enc.moe=0.001s(1%) wait.tile=0.001s(1%) tail=0.000s(0%) head=0.007s(8%) other=0.000s(1%) call=0.088s | tiles=95 ahead=90 experts=563 miss=71 io=0.021s 11.9GB/s]
[prefill gpuq busy=0.085s(97%) idle=0.003s(3%) span=0.088s buffers=186]
[prefill host enc.front=0.002s(3%) wait.front=0.055s(63%) drain=0.002s(3%) route=0.000s(0%) wait.shared=0.001s(1%) meta=0.000s(0%) fetch=0.017s(20%) enc.moe=0.001s(1%) wait.tile=0.001s(1%) tail=0.000s(0%) head=0.007s(8%) other=0.000s(1%) call=0.087s | tiles=91 ahead=86 experts=530 miss=59 io=0.019s 11.0GB/s]
[prefill gpuq busy=0.085s(98%) idle=0.002s(2%) span=0.086s buffers=182]
[prefill host enc.front=0.002s(3%) wait.front=0.057s(65%) drain=0.002s(2%) route=0.000s(1%) wait.shared=0.000s(0%) meta=0.000s(0%) fetch=0.017s(19%) enc.moe=0.001s(1%) wait.tile=0.000s(1%) tail=0.000s(0%) head=0.007s(8%) other=0.000s(1%) call=0.088s | tiles=92 ahead=86 experts=558 miss=63 io=0.017s 12.6GB/s]
[prefill gpuq busy=0.085s(96%) idle=0.004s(4%) span=0.088s buffers=183]
[prefill host enc.front=0.002s(3%) wait.front=0.058s(67%) drain=0.001s(1%) route=0.000s(1%) wait.shared=0.000s(0%) meta=0.000s(0%) fetch=0.015s(18%) enc.moe=0.001s(1%) wait.tile=0.001s(1%) tail=0.000s(0%) head=0.007s(9%) other=0.000s(1%) call=0.087s | tiles=96 ahead=91 experts=553 miss=50 io=0.016s 11.2GB/s]
[prefill gpuq busy=0.085s(98%) idle=0.002s(2%) span=0.087s buffers=187]
[prefill host enc.front=0.002s(4%) wait.front=0.026s(64%) drain=0.001s(2%) route=0.000s(1%) meta=0.000s(0%) fetch=0.007s(17%) enc.moe=0.001s(1%) tail=0.000s(0%) head=0.004s(10%) other=0.000s(1%) call=0.041s | tiles=69 ahead=69 experts=382 miss=25 io=0.007s 12.2GB/s]
[prefill gpuq busy=0.038s(93%) idle=0.003s(7%) span=0.040s buffers=160]

[stop=maxTokens prefill=371tok new=192tok decode=8.32s tok/s=23.071]
[load=0.782s layerVerify=0.000s/30layers prefill=4.280s ttft=4.280s peak=4.98GB rss=3.23GB]
[expert prefill hit=0.0% 0/2785 io=1.649s | decode hit=86.8% 35395/40796 io=2.505s]
[vision images=1 soft=266 tower=1.825s towerLoad=0.001s]
[decode/tok io=0.00ms cb1=0.00ms cb2=0.00ms head=0.00ms]
[mtp bs=8 rounds=71 accept=1.690/7 tok/round=2.704 draft=1.475s verify=6.837s accepted=24,19,10,6,6,0,3,3]
