[prefill host enc.front=0.002s(0%) wait.front=0.537s(22%) drain=0.000s(0%) route=0.006s(0%) wait.shared=0.110s(4%) meta=0.000s(0%) fetch=1.693s(68%) enc.moe=0.013s(1%) wait.tile=0.095s(4%) tail=0.014s(1%) head=0.004s(0%) other=0.005s(0%) call=2.480s | tiles=361 ahead=0 experts=0 miss=0 io=0.000s 0.0GB/s]
[prefill gpuq busy=1.328s(57%) idle=1.020s(43%) span=2.348s buffers=452]
[prefill host enc.front=0.003s(1%) wait.front=0.082s(28%) drain=0.001s(0%) route=0.001s(0%) meta=0.000s(0%) fetch=0.204s(68%) enc.moe=0.002s(1%) tail=0.000s(0%) head=0.004s(1%) other=0.001s(0%) call=0.299s | tiles=77 ahead=77 experts=423 miss=273 io=0.332s 2.9GB/s]
[prefill gpuq busy=0.070s(23%) idle=0.228s(77%) span=0.298s buffers=168]
[prefill host enc.front=0.002s(2%) wait.front=0.030s(27%) drain=0.000s(0%) route=0.000s(0%) meta=0.000s(0%) fetch=0.071s(65%) enc.moe=0.001s(1%) tail=0.000s(0%) head=0.004s(3%) other=0.001s(0%) call=0.108s | tiles=83 ahead=83 experts=387 miss=90 io=0.081s 3.9GB/s]
[prefill gpuq busy=0.047s(44%) idle=0.061s(56%) span=0.108s buffers=174]
[prefill host enc.front=0.002s(2%) wait.front=0.026s(35%) drain=0.001s(1%) route=0.000s(0%) meta=0.000s(0%) fetch=0.040s(54%) enc.moe=0.001s(1%) tail=0.000s(0%) head=0.004s(5%) other=0.001s(1%) call=0.074s | tiles=83 ahead=83 experts=401 miss=51 io=0.041s 4.3GB/s]
[prefill gpuq busy=0.043s(58%) idle=0.031s(42%) span=0.074s buffers=174]
[prefill host enc.front=0.002s(2%) wait.front=0.027s(37%) drain=0.000s(1%) route=0.000s(0%) meta=0.000s(0%) fetch=0.038s(53%) enc.moe=0.001s(1%) tail=0.000s(0%) head=0.004s(6%) other=0.000s(1%) call=0.073s | tiles=84 ahead=84 experts=425 miss=44 io=0.042s 3.7GB/s]
[prefill gpuq busy=0.043s(60%) idle=0.029s(40%) span=0.072s buffers=175]
[prefill host enc.front=0.002s(2%) wait.front=0.026s(28%) drain=0.001s(1%) route=0.000s(0%) meta=0.000s(0%) fetch=0.061s(64%) enc.moe=0.001s(1%) tail=0.000s(0%) head=0.004s(4%) other=0.001s(1%) call=0.095s | tiles=89 ahead=89 experts=457 miss=77 io=0.067s 4.0GB/s]
[prefill gpuq busy=0.044s(47%) idle=0.050s(53%) span=0.094s buffers=180]
[prefill host enc.front=0.002s(2%) wait.front=0.026s(30%) drain=0.001s(1%) route=0.000s(0%) meta=0.000s(0%) fetch=0.053s(61%) enc.moe=0.001s(1%) tail=0.000s(0%) head=0.004s(5%) other=0.000s(1%) call=0.088s | tiles=88 ahead=88 experts=427 miss=73 io=0.056s 4.5GB/s]
[prefill gpuq busy=0.044s(51%) idle=0.043s(49%) span=0.087s buffers=179]
[prefill host enc.front=0.002s(3%) wait.front=0.026s(48%) drain=0.000s(1%) route=0.000s(0%) meta=0.000s(0%) fetch=0.021s(39%) enc.moe=0.001s(1%) tail=0.000s(0%) head=0.004s(7%) other=0.000s(1%) call=0.054s | tiles=82 ahead=82 experts=435 miss=29 io=0.021s 4.8GB/s]
[prefill gpuq busy=0.043s(80%) idle=0.011s(20%) span=0.054s buffers=173]
[prefill host enc.front=0.002s(3%) wait.front=0.029s(49%) drain=0.001s(2%) route=0.000s(0%) meta=0.000s(0%) fetch=0.022s(38%) enc.moe=0.001s(1%) tail=0.000s(0%) head=0.004s(7%) other=0.000s(1%) call=0.058s | tiles=75 ahead=75 experts=382 miss=35 io=0.023s 5.2GB/s]
[prefill gpuq busy=0.043s(74%) idle=0.015s(26%) span=0.058s buffers=166]
[prefill host enc.front=0.002s(3%) wait.front=0.029s(55%) drain=0.000s(1%) route=0.000s(0%) meta=0.000s(0%) fetch=0.017s(32%) enc.moe=0.001s(1%) tail=0.000s(0%) head=0.004s(7%) other=0.000s(1%) call=0.054s | tiles=73 ahead=73 experts=417 miss=32 io=0.017s 6.4GB/s]
[prefill gpuq busy=0.042s(80%) idle=0.011s(20%) span=0.053s buffers=164]
[prefill host enc.front=0.002s(3%) wait.front=0.029s(44%) drain=0.001s(1%) route=0.000s(0%) meta=0.000s(0%) fetch=0.030s(45%) enc.moe=0.001s(1%) tail=0.000s(0%) head=0.004s(5%) other=0.000s(1%) call=0.066s | tiles=79 ahead=79 experts=406 miss=39 io=0.030s 4.5GB/s]
[prefill gpuq busy=0.044s(66%) idle=0.022s(34%) span=0.066s buffers=170]
[prefill host enc.front=0.002s(3%) wait.front=0.027s(47%) drain=0.001s(2%) route=0.000s(0%) meta=0.000s(0%) fetch=0.022s(38%) enc.moe=0.001s(1%) tail=0.000s(0%) head=0.004s(8%) other=0.000s(1%) call=0.057s | tiles=75 ahead=75 experts=387 miss=31 io=0.022s 4.9GB/s]
[prefill gpuq busy=0.044s(78%) idle=0.013s(22%) span=0.057s buffers=166]
[prefill host enc.front=0.002s(3%) wait.front=0.026s(44%) drain=0.001s(2%) route=0.000s(0%) meta=0.000s(0%) fetch=0.025s(42%) enc.moe=0.001s(1%) tail=0.000s(0%) head=0.004s(6%) other=0.000s(1%) call=0.059s | tiles=79 ahead=79 experts=432 miss=33 io=0.025s 4.5GB/s]
[prefill gpuq busy=0.043s(74%) idle=0.015s(26%) span=0.059s buffers=170]
[prefill host enc.front=0.002s(3%) wait.front=0.029s(59%) drain=0.001s(1%) route=0.000s(0%) meta=0.000s(0%) fetch=0.013s(26%) enc.moe=0.001s(1%) tail=0.000s(0%) head=0.004s(7%) other=0.000s(1%) call=0.049s | tiles=75 ahead=75 experts=426 miss=22 io=0.013s 5.8GB/s]
[prefill gpuq busy=0.042s(86%) idle=0.007s(14%) span=0.049s buffers=166]
[prefill host enc.front=0.002s(3%) wait.front=0.029s(56%) drain=0.001s(2%) route=0.000s(0%) meta=0.000s(0%) fetch=0.015s(29%) enc.moe=0.001s(1%) tail=0.000s(0%) head=0.004s(7%) other=0.000s(1%) call=0.052s | tiles=77 ahead=77 experts=422 miss=23 io=0.015s 5.2GB/s]
[prefill gpuq busy=0.043s(83%) idle=0.009s(17%) span=0.052s buffers=168]
[prefill host enc.front=0.002s(3%) wait.front=0.032s(67%) drain=0.001s(2%) route=0.000s(1%) meta=0.000s(0%) fetch=0.008s(18%) enc.moe=0.001s(1%) tail=0.000s(0%) head=0.004s(8%) other=0.000s(1%) call=0.048s | tiles=71 ahead=71 experts=403 miss=17 io=0.010s 5.8GB/s]
[prefill gpuq busy=0.043s(91%) idle=0.004s(9%) span=0.048s buffers=162]
[prefill host enc.front=0.002s(3%) wait.front=0.026s(43%) drain=0.001s(1%) route=0.000s(0%) meta=0.000s(0%) fetch=0.028s(45%) enc.moe=0.001s(1%) tail=0.000s(0%) head=0.004s(6%) other=0.000s(1%) call=0.061s | tiles=80 ahead=80 experts=408 miss=47 io=0.032s 5.2GB/s]
[prefill gpuq busy=0.043s(71%) idle=0.018s(29%) span=0.061s buffers=171]
[prefill host enc.front=0.002s(2%) wait.front=0.024s(26%) drain=0.001s(1%) route=0.000s(0%) meta=0.000s(0%) fetch=0.060s(65%) enc.moe=0.001s(1%) tail=0.000s(0%) head=0.004s(4%) other=0.001s(1%) call=0.093s | tiles=89 ahead=89 experts=478 miss=110 io=0.062s 6.1GB/s]
[prefill gpuq busy=0.047s(50%) idle=0.046s(50%) span=0.093s buffers=180]
[prefill host enc.front=0.002s(3%) wait.front=0.027s(48%) drain=0.000s(1%) route=0.000s(0%) meta=0.000s(0%) fetch=0.021s(38%) enc.moe=0.001s(1%) tail=0.000s(0%) head=0.004s(7%) other=0.000s(1%) call=0.055s | tiles=78 ahead=78 experts=400 miss=37 io=0.024s 5.4GB/s]
[prefill gpuq busy=0.043s(79%) idle=0.012s(21%) span=0.055s buffers=169]
[prefill host enc.front=0.002s(3%) wait.front=0.026s(46%) drain=0.001s(2%) route=0.000s(0%) meta=0.000s(0%) fetch=0.023s(41%) enc.moe=0.001s(1%) tail=0.000s(0%) head=0.004s(6%) other=0.000s(1%) call=0.056s | tiles=80 ahead=80 experts=433 miss=42 io=0.023s 6.4GB/s]
[prefill gpuq busy=0.044s(79%) idle=0.012s(21%) span=0.056s buffers=171]
[prefill host enc.front=0.002s(3%) wait.front=0.027s(52%) drain=0.001s(1%) route=0.000s(0%) meta=0.000s(0%) fetch=0.017s(34%) enc.moe=0.001s(1%) tail=0.000s(0%) head=0.004s(8%) other=0.000s(1%) call=0.052s | tiles=78 ahead=78 experts=408 miss=34 io=0.019s 6.2GB/s]
[prefill gpuq busy=0.043s(84%) idle=0.008s(16%) span=0.051s buffers=169]
[prefill host enc.front=0.002s(3%) wait.front=0.023s(35%) drain=0.001s(1%) route=0.000s(0%) meta=0.000s(0%) fetch=0.034s(53%) enc.moe=0.001s(1%) tail=0.000s(0%) head=0.004s(6%) other=0.000s(1%) call=0.065s | tiles=87 ahead=87 experts=424 miss=59 io=0.036s 5.7GB/s]
[prefill gpuq busy=0.044s(68%) idle=0.021s(32%) span=0.065s buffers=178]
[prefill host enc.front=0.002s(3%) wait.front=0.025s(42%) drain=0.000s(1%) route=0.000s(0%) meta=0.000s(0%) fetch=0.027s(45%) enc.moe=0.001s(1%) tail=0.000s(0%) head=0.004s(6%) other=0.000s(1%) call=0.060s | tiles=86 ahead=86 experts=474 miss=79 io=0.029s 9.6GB/s]
[prefill gpuq busy=0.045s(76%) idle=0.014s(24%) span=0.059s buffers=177]
[prefill host enc.front=0.002s(3%) wait.front=0.025s(39%) drain=0.001s(1%) route=0.000s(0%) meta=0.000s(0%) fetch=0.030s(48%) enc.moe=0.001s(1%) tail=0.000s(0%) head=0.004s(6%) other=0.000s(1%) call=0.063s | tiles=82 ahead=82 experts=406 miss=71 io=0.032s 7.7GB/s]
[prefill gpuq busy=0.045s(71%) idle=0.018s(29%) span=0.063s buffers=173]
[prefill host enc.front=0.002s(3%) wait.front=0.025s(42%) drain=0.000s(1%) route=0.000s(0%) meta=0.000s(0%) fetch=0.027s(45%) enc.moe=0.001s(1%) tail=0.000s(0%) head=0.004s(6%) other=0.000s(1%) call=0.059s | tiles=89 ahead=89 experts=454 miss=56 io=0.029s 6.8GB/s]
[prefill gpuq busy=0.045s(76%) idle=0.014s(24%) span=0.059s buffers=180]
[prefill host enc.front=0.002s(3%) wait.front=0.027s(52%) drain=0.001s(2%) route=0.000s(0%) meta=0.000s(0%) fetch=0.016s(32%) enc.moe=0.001s(1%) tail=0.000s(0%) head=0.004s(8%) other=0.000s(1%) call=0.051s | tiles=78 ahead=78 experts=419 miss=33 io=0.016s 7.0GB/s]
[prefill gpuq busy=0.044s(86%) idle=0.007s(14%) span=0.051s buffers=169]
[prefill host enc.front=0.002s(3%) wait.front=0.023s(39%) drain=0.001s(2%) route=0.000s(0%) meta=0.000s(0%) fetch=0.028s(47%) enc.moe=0.001s(1%) tail=0.000s(0%) head=0.004s(6%) other=0.000s(1%) call=0.060s | tiles=85 ahead=85 experts=479 miss=77 io=0.028s 9.4GB/s]
[prefill gpuq busy=0.046s(77%) idle=0.014s(23%) span=0.059s buffers=176]
[prefill host enc.front=0.002s(2%) wait.front=0.029s(28%) drain=0.001s(1%) route=0.000s(0%) meta=0.000s(0%) fetch=0.066s(64%) enc.moe=0.001s(1%) tail=0.000s(0%) head=0.004s(3%) other=0.001s(1%) call=0.103s | tiles=90 ahead=90 experts=519 miss=136 io=0.080s 5.9GB/s]
[prefill gpuq busy=0.047s(45%) idle=0.056s(55%) span=0.103s buffers=181]
[prefill host enc.front=0.002s(2%) wait.front=0.025s(35%) drain=0.000s(0%) route=0.000s(0%) meta=0.000s(0%) fetch=0.040s(55%) enc.moe=0.001s(1%) tail=0.000s(0%) head=0.004s(5%) other=0.000s(1%) call=0.074s | tiles=89 ahead=89 experts=435 miss=81 io=0.044s 6.4GB/s]
[prefill gpuq busy=0.046s(63%) idle=0.027s(37%) span=0.073s buffers=180]
[prefill host enc.front=0.002s(3%) wait.front=0.030s(53%) drain=0.001s(2%) route=0.000s(0%) meta=0.000s(0%) fetch=0.018s(32%) enc.moe=0.001s(1%) tail=0.000s(0%) head=0.004s(7%) other=0.000s(1%) call=0.056s | tiles=77 ahead=77 experts=381 miss=42 io=0.020s 7.3GB/s]
[prefill gpuq busy=0.044s(78%) idle=0.012s(22%) span=0.056s buffers=168]
[prefill host enc.front=0.002s(3%) wait.front=0.026s(52%) drain=0.001s(2%) route=0.000s(0%) meta=0.000s(0%) fetch=0.016s(32%) enc.moe=0.001s(1%) tail=0.000s(0%) head=0.004s(7%) other=0.000s(1%) call=0.050s | tiles=78 ahead=78 experts=382 miss=41 io=0.018s 7.8GB/s]
[prefill gpuq busy=0.043s(87%) idle=0.007s(13%) span=0.050s buffers=169]
[prefill host enc.front=0.002s(4%) wait.front=0.027s(56%) drain=0.001s(2%) route=0.000s(0%) meta=0.000s(0%) fetch=0.014s(28%) enc.moe=0.001s(1%) tail=0.000s(0%) head=0.004s(8%) other=0.000s(1%) call=0.049s | tiles=75 ahead=75 experts=381 miss=33 io=0.016s 7.2GB/s]
[prefill gpuq busy=0.044s(90%) idle=0.005s(10%) span=0.049s buffers=166]
[prefill host enc.front=0.002s(3%) wait.front=0.024s(34%) drain=0.001s(1%) route=0.000s(0%) meta=0.000s(0%) fetch=0.037s(54%) enc.moe=0.001s(1%) tail=0.000s(0%) head=0.004s(5%) other=0.000s(1%) call=0.069s | tiles=88 ahead=88 experts=473 miss=91 io=0.041s 7.7GB/s]
[prefill gpuq busy=0.047s(68%) idle=0.022s(32%) span=0.069s buffers=179]
[prefill host enc.front=0.002s(3%) wait.front=0.024s(46%) drain=0.001s(2%) route=0.000s(0%) meta=0.000s(0%) fetch=0.020s(38%) enc.moe=0.001s(1%) tail=0.000s(0%) head=0.004s(7%) other=0.000s(1%) call=0.051s | tiles=83 ahead=83 experts=415 miss=47 io=0.020s 8.2GB/s]
[prefill gpuq busy=0.044s(86%) idle=0.007s(14%) span=0.051s buffers=174]
[prefill host enc.front=0.002s(3%) wait.front=0.028s(57%) drain=0.000s(1%) route=0.000s(0%) meta=0.000s(0%) fetch=0.014s(29%) enc.moe=0.001s(1%) tail=0.000s(0%) head=0.004s(7%) other=0.000s(1%) call=0.049s | tiles=78 ahead=78 experts=413 miss=42 io=0.016s 9.0GB/s]
[prefill gpuq busy=0.044s(90%) idle=0.005s(10%) span=0.049s buffers=169]
[prefill host enc.front=0.002s(4%) wait.front=0.027s(56%) drain=0.001s(2%) route=0.000s(0%) meta=0.000s(0%) fetch=0.013s(27%) enc.moe=0.001s(1%) tail=0.000s(0%) head=0.004s(8%) other=0.000s(1%) call=0.048s | tiles=83 ahead=83 experts=465 miss=36 io=0.013s 9.3GB/s]
[prefill gpuq busy=0.044s(92%) idle=0.004s(8%) span=0.048s buffers=174]
[prefill host enc.front=0.002s(4%) wait.front=0.024s(49%) drain=0.001s(2%) route=0.000s(0%) meta=0.000s(0%) fetch=0.017s(35%) enc.moe=0.001s(2%) tail=0.000s(0%) head=0.004s(7%) other=0.000s(1%) call=0.050s | tiles=80 ahead=80 experts=439 miss=45 io=0.018s 8.8GB/s]
[prefill gpuq busy=0.044s(89%) idle=0.005s(11%) span=0.049s buffers=171]
[prefill host enc.front=0.002s(4%) wait.front=0.026s(52%) drain=0.001s(2%) route=0.000s(0%) meta=0.000s(0%) fetch=0.016s(32%) enc.moe=0.001s(2%) tail=0.000s(0%) head=0.004s(8%) other=0.000s(1%) call=0.050s | tiles=86 ahead=86 experts=449 miss=45 io=0.017s 9.1GB/s]
[prefill gpuq busy=0.045s(90%) idle=0.005s(10%) span=0.049s buffers=177]
[prefill host enc.front=0.002s(3%) wait.front=0.025s(46%) drain=0.001s(2%) route=0.000s(0%) meta=0.000s(0%) fetch=0.022s(40%) enc.moe=0.001s(1%) tail=0.000s(0%) head=0.004s(7%) other=0.000s(1%) call=0.055s | tiles=78 ahead=78 experts=404 miss=54 io=0.022s 8.4GB/s]
[prefill gpuq busy=0.044s(80%) idle=0.011s(20%) span=0.055s buffers=169]
[prefill host enc.front=0.002s(3%) wait.front=0.023s(44%) drain=0.000s(1%) route=0.000s(0%) meta=0.000s(0%) fetch=0.021s(41%) enc.moe=0.001s(2%) tail=0.000s(0%) head=0.004s(8%) other=0.000s(1%) call=0.052s | tiles=85 ahead=85 experts=410 miss=57 io=0.022s 8.8GB/s]
[prefill gpuq busy=0.045s(87%) idle=0.007s(13%) span=0.051s buffers=176]
[prefill host enc.front=0.002s(4%) wait.front=0.030s(68%) drain=0.001s(2%) route=0.000s(0%) meta=0.000s(0%) fetch=0.007s(15%) enc.moe=0.001s(1%) tail=0.000s(0%) head=0.004s(9%) other=0.000s(1%) call=0.045s | tiles=70 ahead=70 experts=386 miss=21 io=0.007s 10.3GB/s]
[prefill gpuq busy=0.043s(95%) idle=0.002s(5%) span=0.045s buffers=161]
[prefill host enc.front=0.002s(4%) wait.front=0.032s(70%) drain=0.001s(2%) route=0.000s(0%) meta=0.000s(0%) fetch=0.006s(13%) enc.moe=0.001s(1%) tail=0.000s(0%) head=0.004s(8%) other=0.000s(1%) call=0.045s | tiles=68 ahead=68 experts=372 miss=18 io=0.006s 10.2GB/s]
[prefill gpuq busy=0.042s(94%) idle=0.003s(6%) span=0.045s buffers=159]
[prefill host enc.front=0.002s(4%) wait.front=0.027s(56%) drain=0.001s(2%) route=0.000s(0%) meta=0.000s(0%) fetch=0.013s(27%) enc.moe=0.001s(1%) tail=0.000s(0%) head=0.004s(8%) other=0.000s(1%) call=0.048s | tiles=78 ahead=78 experts=427 miss=36 io=0.013s 9.6GB/s]
[prefill gpuq busy=0.045s(93%) idle=0.003s(7%) span=0.048s buffers=169]
[prefill host enc.front=0.002s(4%) wait.front=0.025s(49%) drain=0.001s(2%) route=0.000s(1%) meta=0.000s(0%) fetch=0.018s(34%) enc.moe=0.001s(2%) tail=0.000s(0%) head=0.004s(7%) other=0.001s(1%) call=0.052s | tiles=85 ahead=85 experts=498 miss=76 io=0.019s 13.5GB/s]
[prefill gpuq busy=0.047s(92%) idle=0.004s(8%) span=0.051s buffers=176]
[prefill host enc.front=0.002s(3%) wait.front=0.026s(51%) drain=0.001s(2%) route=0.000s(0%) meta=0.000s(0%) fetch=0.018s(34%) enc.moe=0.001s(2%) tail=0.000s(0%) head=0.004s(7%) other=0.000s(1%) call=0.052s | tiles=81 ahead=81 experts=440 miss=49 io=0.019s 8.8GB/s]
[prefill gpuq busy=0.044s(85%) idle=0.008s(15%) span=0.052s buffers=172]
[prefill host enc.front=0.002s(3%) wait.front=0.024s(45%) drain=0.000s(1%) route=0.000s(0%) meta=0.000s(0%) fetch=0.022s(41%) enc.moe=0.001s(1%) tail=0.000s(0%) head=0.004s(7%) other=0.000s(1%) call=0.053s | tiles=83 ahead=83 experts=431 miss=58 io=0.022s 9.1GB/s]
[prefill gpuq busy=0.045s(85%) idle=0.008s(15%) span=0.053s buffers=174]
[prefill host enc.front=0.002s(3%) wait.front=0.024s(46%) drain=0.001s(2%) route=0.000s(0%) meta=0.000s(0%) fetch=0.020s(38%) enc.moe=0.001s(1%) tail=0.000s(0%) head=0.004s(7%) other=0.000s(1%) call=0.052s | tiles=86 ahead=86 experts=433 miss=48 io=0.021s 7.8GB/s]
[prefill gpuq busy=0.045s(87%) idle=0.007s(13%) span=0.052s buffers=177]
[prefill host enc.front=0.002s(3%) wait.front=0.028s(55%) drain=0.000s(1%) route=0.000s(0%) meta=0.000s(0%) fetch=0.016s(32%) enc.moe=0.001s(1%) tail=0.000s(0%) head=0.004s(7%) other=0.000s(1%) call=0.051s | tiles=80 ahead=80 experts=438 miss=38 io=0.016s 8.1GB/s]
[prefill gpuq busy=0.044s(87%) idle=0.007s(13%) span=0.051s buffers=171]
[prefill host enc.front=0.002s(5%) wait.front=0.029s(58%) drain=0.001s(2%) route=0.001s(1%) meta=0.000s(0%) fetch=0.011s(21%) enc.moe=0.001s(3%) tail=0.000s(1%) head=0.004s(8%) other=0.001s(1%) call=0.050s | tiles=77 ahead=77 experts=436 miss=22 io=0.011s 7.0GB/s]
[prefill gpuq busy=0.045s(90%) idle=0.005s(10%) span=0.050s buffers=168]
[prefill host enc.front=0.002s(4%) wait.front=0.026s(55%) drain=0.001s(2%) route=0.000s(1%) meta=0.000s(0%) fetch=0.014s(29%) enc.moe=0.001s(1%) tail=0.000s(0%) head=0.004s(8%) other=0.000s(1%) call=0.048s | tiles=80 ahead=80 experts=440 miss=36 io=0.014s 8.8GB/s]
[prefill gpuq busy=0.044s(91%) idle=0.004s(9%) span=0.048s buffers=171]
[prefill host enc.front=0.002s(3%) wait.front=0.028s(60%) drain=0.001s(2%) route=0.000s(0%) meta=0.000s(0%) fetch=0.011s(24%) enc.moe=0.001s(1%) tail=0.000s(0%) head=0.004s(8%) other=0.000s(1%) call=0.047s | tiles=80 ahead=80 experts=441 miss=24 io=0.012s 7.2GB/s]
[prefill gpuq busy=0.043s(91%) idle=0.004s(9%) span=0.047s buffers=171]
[prefill host enc.front=0.002s(4%) wait.front=0.028s(59%) drain=0.001s(2%) route=0.000s(0%) meta=0.000s(0%) fetch=0.011s(24%) enc.moe=0.001s(1%) tail=0.000s(0%) head=0.004s(8%) other=0.000s(1%) call=0.047s | tiles=77 ahead=77 experts=387 miss=30 io=0.013s 8.3GB/s]
[prefill gpuq busy=0.044s(93%) idle=0.003s(7%) span=0.047s buffers=168]
[prefill host enc.front=0.002s(3%) wait.front=0.025s(52%) drain=0.000s(1%) route=0.000s(0%) meta=0.000s(0%) fetch=0.016s(33%) enc.moe=0.001s(1%) tail=0.000s(0%) head=0.004s(7%) other=0.000s(1%) call=0.048s | tiles=81 ahead=81 experts=412 miss=33 io=0.016s 7.1GB/s]
[prefill gpuq busy=0.044s(91%) idle=0.004s(9%) span=0.048s buffers=172]
[prefill host enc.front=0.002s(3%) wait.front=0.025s(46%) drain=0.000s(1%) route=0.000s(0%) meta=0.000s(0%) fetch=0.021s(39%) enc.moe=0.001s(1%) tail=0.000s(0%) head=0.004s(7%) other=0.000s(1%) call=0.054s | tiles=84 ahead=84 experts=434 miss=56 io=0.023s 8.4GB/s]
[prefill gpuq busy=0.045s(83%) idle=0.009s(17%) span=0.054s buffers=175]
[prefill host enc.front=0.002s(4%) wait.front=0.028s(57%) drain=0.000s(1%) route=0.000s(0%) meta=0.000s(0%) fetch=0.014s(28%) enc.moe=0.001s(1%) tail=0.000s(0%) head=0.004s(8%) other=0.000s(1%) call=0.049s | tiles=78 ahead=78 experts=410 miss=36 io=0.014s 9.1GB/s]
[prefill gpuq busy=0.044s(91%) idle=0.004s(9%) span=0.048s buffers=169]
[prefill host enc.front=0.002s(4%) wait.front=0.025s(49%) drain=0.000s(1%) route=0.000s(0%) meta=0.000s(0%) fetch=0.019s(37%) enc.moe=0.001s(2%) tail=0.000s(0%) head=0.004s(7%) other=0.000s(1%) call=0.052s | tiles=85 ahead=85 experts=451 miss=63 io=0.021s 10.4GB/s]
[prefill gpuq busy=0.045s(87%) idle=0.007s(13%) span=0.052s buffers=176]
[prefill host enc.front=0.002s(4%) wait.front=0.027s(57%) drain=0.001s(2%) route=0.000s(0%) meta=0.000s(0%) fetch=0.013s(27%) enc.moe=0.001s(2%) tail=0.000s(0%) head=0.004s(7%) other=0.000s(1%) call=0.048s | tiles=82 ahead=82 experts=479 miss=43 io=0.013s 11.3GB/s]
[prefill gpuq busy=0.044s(92%) idle=0.004s(8%) span=0.048s buffers=173]
[prefill host enc.front=0.002s(3%) wait.front=0.028s(56%) drain=0.000s(1%) route=0.000s(0%) meta=0.000s(0%) fetch=0.015s(29%) enc.moe=0.001s(1%) tail=0.000s(0%) head=0.004s(7%) other=0.000s(1%) call=0.050s | tiles=74 ahead=74 experts=383 miss=52 io=0.015s 12.1GB/s]
[prefill gpuq busy=0.044s(87%) idle=0.006s(13%) span=0.050s buffers=165]
[prefill host enc.front=0.002s(4%) wait.front=0.029s(60%) drain=0.001s(2%) route=0.000s(0%) meta=0.000s(0%) fetch=0.012s(24%) enc.moe=0.001s(1%) tail=0.000s(0%) head=0.004s(8%) other=0.000s(1%) call=0.048s | tiles=79 ahead=79 experts=437 miss=29 io=0.012s 8.6GB/s]
[prefill gpuq busy=0.044s(92%) idle=0.004s(8%) span=0.048s buffers=170]
[prefill host enc.front=0.002s(3%) wait.front=0.028s(59%) drain=0.001s(2%) route=0.000s(0%) meta=0.000s(0%) fetch=0.012s(25%) enc.moe=0.001s(1%) tail=0.000s(0%) head=0.004s(8%) other=0.000s(1%) call=0.048s | tiles=75 ahead=75 experts=403 miss=28 io=0.012s 8.0GB/s]
[prefill gpuq busy=0.043s(91%) idle=0.004s(9%) span=0.048s buffers=166]
[prefill host enc.front=0.002s(4%) wait.front=0.027s(57%) drain=0.000s(1%) route=0.000s(0%) meta=0.000s(0%) fetch=0.013s(28%) enc.moe=0.001s(2%) tail=0.000s(0%) head=0.004s(8%) other=0.000s(1%) call=0.047s | tiles=84 ahead=84 experts=463 miss=31 io=0.013s 8.1GB/s]
[prefill gpuq busy=0.044s(94%) idle=0.003s(6%) span=0.047s buffers=175]
[prefill host enc.front=0.002s(3%) wait.front=0.028s(56%) drain=0.001s(2%) route=0.000s(0%) meta=0.000s(0%) fetch=0.013s(27%) enc.moe=0.001s(1%) tail=0.000s(0%) head=0.004s(8%) other=0.000s(1%) call=0.050s | tiles=82 ahead=82 experts=463 miss=39 io=0.015s 9.2GB/s]
[prefill gpuq busy=0.044s(89%) idle=0.005s(11%) span=0.050s buffers=173]
[prefill host enc.front=0.002s(3%) wait.front=0.027s(49%) drain=0.001s(2%) route=0.000s(0%) meta=0.000s(0%) fetch=0.020s(36%) enc.moe=0.001s(2%) tail=0.000s(0%) head=0.004s(6%) other=0.000s(1%) call=0.056s | tiles=89 ahead=89 experts=516 miss=78 io=0.022s 12.2GB/s]
[prefill gpuq busy=0.047s(85%) idle=0.008s(15%) span=0.056s buffers=180]
[prefill host enc.front=0.002s(3%) wait.front=0.027s(52%) drain=0.001s(1%) route=0.000s(0%) meta=0.000s(0%) fetch=0.017s(33%) enc.moe=0.001s(2%) tail=0.000s(0%) head=0.004s(7%) other=0.000s(1%) call=0.052s | tiles=79 ahead=79 experts=424 miss=60 io=0.018s 11.3GB/s]
[prefill gpuq busy=0.045s(87%) idle=0.007s(13%) span=0.051s buffers=170]
[prefill host enc.front=0.002s(4%) wait.front=0.026s(54%) drain=0.001s(2%) route=0.000s(0%) meta=0.000s(0%) fetch=0.015s(30%) enc.moe=0.001s(1%) tail=0.000s(0%) head=0.004s(7%) other=0.000s(1%) call=0.048s | tiles=78 ahead=78 experts=379 miss=37 io=0.015s 8.7GB/s]
[prefill gpuq busy=0.043s(90%) idle=0.005s(10%) span=0.047s buffers=169]
[prefill host enc.front=0.002s(4%) wait.front=0.026s(51%) drain=0.001s(2%) route=0.000s(1%) meta=0.000s(0%) fetch=0.016s(32%) enc.moe=0.001s(2%) tail=0.000s(0%) head=0.004s(7%) other=0.000s(1%) call=0.050s | tiles=80 ahead=80 experts=444 miss=49 io=0.016s 10.4GB/s]
[prefill gpuq busy=0.045s(90%) idle=0.005s(10%) span=0.050s buffers=171]
[prefill host enc.front=0.002s(4%) wait.front=0.032s(69%) drain=0.001s(2%) route=0.000s(0%) meta=0.000s(0%) fetch=0.007s(15%) enc.moe=0.001s(1%) tail=0.000s(0%) head=0.004s(8%) other=0.000s(1%) call=0.046s | tiles=72 ahead=72 experts=434 miss=19 io=0.007s 9.5GB/s]
[prefill gpuq busy=0.044s(96%) idle=0.002s(4%) span=0.046s buffers=163]
[prefill host enc.front=0.002s(3%) wait.front=0.032s(68%) drain=0.001s(2%) route=0.000s(0%) meta=0.000s(0%) fetch=0.007s(16%) enc.moe=0.001s(1%) tail=0.000s(0%) head=0.004s(9%) other=0.000s(1%) call=0.047s | tiles=71 ahead=71 experts=420 miss=19 io=0.007s 9.0GB/s]
[prefill gpuq busy=0.044s(94%) idle=0.003s(6%) span=0.046s buffers=162]
[prefill host enc.front=0.002s(4%) wait.front=0.025s(51%) drain=0.000s(1%) route=0.000s(1%) meta=0.000s(0%) fetch=0.017s(34%) enc.moe=0.001s(2%) tail=0.000s(0%) head=0.004s(7%) other=0.000s(1%) call=0.050s | tiles=88 ahead=88 experts=468 miss=60 io=0.019s 11.1GB/s]
[prefill gpuq busy=0.046s(92%) idle=0.004s(8%) span=0.049s buffers=179]
[prefill host enc.front=0.002s(4%) wait.front=0.028s(62%) drain=0.001s(2%) route=0.000s(0%) meta=0.000s(0%) fetch=0.010s(21%) enc.moe=0.001s(1%) tail=0.000s(0%) head=0.004s(8%) other=0.000s(1%) call=0.046s | tiles=76 ahead=76 experts=415 miss=31 io=0.011s 9.8GB/s]
[prefill gpuq busy=0.043s(96%) idle=0.002s(4%) span=0.045s buffers=167]
[prefill host enc.front=0.002s(4%) wait.front=0.027s(56%) drain=0.000s(1%) route=0.000s(0%) meta=0.000s(0%) fetch=0.014s(29%) enc.moe=0.001s(1%) tail=0.000s(0%) head=0.004s(8%) other=0.000s(1%) call=0.049s | tiles=77 ahead=77 experts=411 miss=43 io=0.014s 10.5GB/s]
[prefill gpuq busy=0.044s(91%) idle=0.005s(9%) span=0.049s buffers=168]
[prefill host enc.front=0.002s(4%) wait.front=0.026s(52%) drain=0.001s(2%) route=0.000s(0%) meta=0.000s(0%) fetch=0.016s(32%) enc.moe=0.001s(1%) tail=0.000s(0%) head=0.004s(7%) other=0.000s(1%) call=0.049s | tiles=84 ahead=84 experts=456 miss=36 io=0.016s 7.9GB/s]
[prefill gpuq busy=0.044s(90%) idle=0.005s(10%) span=0.049s buffers=175]
[prefill host enc.front=0.002s(3%) wait.front=0.027s(51%) drain=0.000s(1%) route=0.000s(0%) meta=0.000s(0%) fetch=0.018s(35%) enc.moe=0.001s(1%) tail=0.000s(0%) head=0.004s(7%) other=0.000s(1%) call=0.052s | tiles=79 ahead=79 experts=411 miss=59 io=0.021s 9.8GB/s]
[prefill gpuq busy=0.044s(85%) idle=0.008s(15%) span=0.052s buffers=170]
[prefill host enc.front=0.002s(3%) wait.front=0.025s(44%) drain=0.001s(2%) route=0.000s(0%) meta=0.000s(0%) fetch=0.023s(41%) enc.moe=0.001s(2%) tail=0.000s(0%) head=0.004s(6%) other=0.001s(1%) call=0.057s | tiles=86 ahead=86 experts=492 miss=110 io=0.026s 14.6GB/s]
[prefill gpuq busy=0.048s(85%) idle=0.009s(15%) span=0.057s buffers=177]
[prefill host enc.front=0.002s(3%) wait.front=0.029s(54%) drain=0.001s(2%) route=0.000s(1%) meta=0.000s(0%) fetch=0.016s(30%) enc.moe=0.001s(1%) tail=0.000s(0%) head=0.004s(7%) other=0.000s(1%) call=0.053s | tiles=81 ahead=81 experts=463 miss=68 io=0.018s 13.0GB/s]
[prefill gpuq busy=0.047s(88%) idle=0.006s(12%) span=0.053s buffers=172]
[prefill host enc.front=0.002s(4%) wait.front=0.027s(56%) drain=0.001s(2%) route=0.000s(0%) meta=0.000s(0%) fetch=0.014s(28%) enc.moe=0.001s(2%) tail=0.000s(0%) head=0.004s(8%) other=0.000s(1%) call=0.049s | tiles=87 ahead=87 experts=466 miss=37 io=0.014s 9.3GB/s]
[prefill gpuq busy=0.045s(93%) idle=0.004s(7%) span=0.049s buffers=178]
[prefill host enc.front=0.002s(3%) wait.front=0.027s(55%) drain=0.001s(2%) route=0.000s(0%) meta=0.000s(0%) fetch=0.015s(30%) enc.moe=0.001s(2%) tail=0.000s(0%) head=0.004s(7%) other=0.000s(1%) call=0.050s | tiles=78 ahead=78 experts=433 miss=44 io=0.015s 10.2GB/s]
[prefill gpuq busy=0.044s(90%) idle=0.005s(10%) span=0.049s buffers=169]
[prefill host enc.front=0.002s(4%) wait.front=0.026s(53%) drain=0.001s(2%) route=0.000s(0%) meta=0.000s(0%) fetch=0.015s(31%) enc.moe=0.001s(1%) tail=0.000s(0%) head=0.004s(7%) other=0.000s(1%) call=0.049s | tiles=82 ahead=82 experts=430 miss=48 io=0.017s 9.9GB/s]
[prefill gpuq busy=0.044s(91%) idle=0.004s(9%) span=0.049s buffers=173]
[prefill host enc.front=0.002s(4%) wait.front=0.029s(61%) drain=0.001s(2%) route=0.000s(0%) meta=0.000s(0%) fetch=0.011s(23%) enc.moe=0.001s(1%) tail=0.000s(0%) head=0.004s(8%) other=0.000s(1%) call=0.048s | tiles=77 ahead=77 experts=424 miss=34 io=0.011s 10.7GB/s]
[prefill gpuq busy=0.045s(93%) idle=0.003s(7%) span=0.048s buffers=168]
[prefill host enc.front=0.002s(3%) wait.front=0.029s(63%) drain=0.000s(1%) route=0.000s(0%) meta=0.000s(0%) fetch=0.010s(23%) enc.moe=0.001s(1%) tail=0.000s(0%) head=0.004s(8%) other=0.000s(1%) call=0.046s | tiles=75 ahead=75 experts=401 miss=25 io=0.011s 8.2GB/s]
[prefill gpuq busy=0.043s(93%) idle=0.003s(7%) span=0.046s buffers=166]
[prefill host enc.front=0.002s(4%) wait.front=0.027s(55%) drain=0.001s(2%) route=0.000s(0%) meta=0.000s(0%) fetch=0.014s(28%) enc.moe=0.001s(1%) tail=0.000s(0%) head=0.004s(8%) other=0.000s(1%) call=0.049s | tiles=78 ahead=78 experts=415 miss=44 io=0.016s 9.6GB/s]
[prefill gpuq busy=0.044s(91%) idle=0.005s(9%) span=0.048s buffers=169]

[stop=maxTokens prefill=371tok new=192tok decode=5.50s tok/s=34.926]
[load=0.739s layerVerify=0.000s/30layers prefill=4.305s ttft=4.305s peak=4.99GB rss=3.17GB]
[expert prefill hit=0.0% 0/2785 io=1.690s | decode hit=88.3% 30314/34345 io=2.092s]
[vision images=1 soft=266 tower=1.822s towerLoad=0.001s]
[decode/tok io=0.00ms cb1=0.00ms cb2=0.00ms head=0.00ms]
[mtp bs=4 rounds=80 accept=1.387/3 tok/round=2.400 draft=0.777s verify=4.710s accepted=27,19,10,24]
