[prefill host enc.front=0.002s(0%) wait.front=0.251s(16%) drain=0.000s(0%) route=0.001s(0%) wait.shared=0.042s(3%) meta=0.000s(0%) fetch=1.180s(75%) enc.moe=0.009s(1%) wait.tile=0.080s(5%) tail=0.010s(1%) head=0.004s(0%) other=0.004s(0%) call=1.582s | tiles=268 ahead=0 experts=0 miss=0 io=0.000s 0.0GB/s]
[prefill gpuq busy=0.733s(51%) idle=0.714s(49%) span=1.446s buffers=359]
[prefill host enc.front=0.003s(1%) wait.front=0.081s(41%) drain=0.001s(1%) route=0.000s(0%) meta=0.000s(0%) fetch=0.106s(53%) enc.moe=0.002s(1%) tail=0.000s(0%) head=0.004s(2%) other=0.001s(0%) call=0.198s | tiles=82 ahead=82 experts=464 miss=241 io=0.155s 5.4GB/s]
[prefill gpuq busy=0.069s(35%) idle=0.128s(65%) span=0.197s buffers=173]
[prefill host enc.front=0.002s(2%) wait.front=0.027s(29%) drain=0.001s(1%) route=0.000s(0%) meta=0.000s(0%) fetch=0.057s(62%) enc.moe=0.001s(1%) tail=0.000s(0%) head=0.004s(4%) other=0.000s(1%) call=0.091s | tiles=83 ahead=83 experts=372 miss=95 io=0.065s 5.1GB/s]
[prefill gpuq busy=0.045s(49%) idle=0.046s(51%) span=0.091s buffers=174]
[prefill host enc.front=0.002s(2%) wait.front=0.037s(32%) drain=0.001s(1%) route=0.000s(0%) meta=0.000s(0%) fetch=0.070s(61%) enc.moe=0.001s(1%) tail=0.000s(0%) head=0.004s(3%) other=0.001s(0%) call=0.115s | tiles=87 ahead=87 experts=440 miss=121 io=0.077s 5.5GB/s]
[prefill gpuq busy=0.043s(38%) idle=0.072s(62%) span=0.115s buffers=178]
[prefill host enc.front=0.002s(3%) wait.front=0.023s(42%) drain=0.000s(1%) route=0.000s(0%) meta=0.000s(0%) fetch=0.026s(46%) enc.moe=0.001s(1%) tail=0.000s(0%) head=0.004s(6%) other=0.000s(1%) call=0.056s | tiles=80 ahead=80 experts=437 miss=43 io=0.026s 5.8GB/s]
[prefill gpuq busy=0.037s(66%) idle=0.019s(34%) span=0.056s buffers=171]
[prefill host enc.front=0.002s(3%) wait.front=0.027s(54%) drain=0.000s(1%) route=0.000s(0%) meta=0.000s(0%) fetch=0.016s(32%) enc.moe=0.001s(1%) tail=0.000s(0%) head=0.004s(8%) other=0.000s(1%) call=0.050s | tiles=73 ahead=73 experts=385 miss=24 io=0.016s 5.2GB/s]
[prefill gpuq busy=0.036s(73%) idle=0.014s(27%) span=0.049s buffers=164]
[prefill host enc.front=0.002s(2%) wait.front=0.023s(31%) drain=0.000s(1%) route=0.000s(0%) meta=0.000s(0%) fetch=0.045s(59%) enc.moe=0.001s(1%) tail=0.000s(0%) head=0.004s(5%) other=0.000s(1%) call=0.076s | tiles=84 ahead=84 experts=436 miss=72 io=0.051s 4.9GB/s]
[prefill gpuq busy=0.038s(50%) idle=0.038s(50%) span=0.075s buffers=175]
[prefill host enc.front=0.002s(3%) wait.front=0.024s(49%) drain=0.000s(1%) route=0.000s(0%) meta=0.000s(0%) fetch=0.017s(35%) enc.moe=0.001s(1%) tail=0.000s(0%) head=0.004s(8%) other=0.000s(1%) call=0.048s | tiles=76 ahead=76 experts=405 miss=24 io=0.017s 4.9GB/s]
[prefill gpuq busy=0.037s(76%) idle=0.011s(24%) span=0.048s buffers=167]
[prefill host enc.front=0.002s(2%) wait.front=0.022s(29%) drain=0.001s(1%) route=0.000s(0%) meta=0.000s(0%) fetch=0.046s(61%) enc.moe=0.001s(1%) tail=0.000s(0%) head=0.004s(5%) other=0.000s(1%) call=0.076s | tiles=91 ahead=91 experts=497 miss=83 io=0.047s 6.2GB/s]
[prefill gpuq busy=0.039s(51%) idle=0.037s(49%) span=0.076s buffers=182]
[prefill host enc.front=0.002s(2%) wait.front=0.025s(23%) drain=0.001s(1%) route=0.000s(0%) meta=0.000s(0%) fetch=0.076s(70%) enc.moe=0.001s(1%) tail=0.000s(0%) head=0.004s(3%) other=0.000s(0%) call=0.109s | tiles=86 ahead=86 experts=437 miss=126 io=0.082s 5.3GB/s]
[prefill gpuq busy=0.039s(36%) idle=0.070s(64%) span=0.108s buffers=177]
[prefill host enc.front=0.002s(2%) wait.front=0.024s(24%) drain=0.000s(0%) route=0.000s(0%) meta=0.000s(0%) fetch=0.068s(68%) enc.moe=0.001s(1%) tail=0.000s(0%) head=0.004s(4%) other=0.000s(0%) call=0.100s | tiles=89 ahead=89 experts=459 miss=123 io=0.070s 6.1GB/s]
[prefill gpuq busy=0.040s(40%) idle=0.060s(60%) span=0.100s buffers=180]
[prefill host enc.front=0.002s(3%) wait.front=0.021s(37%) drain=0.001s(1%) route=0.000s(0%) meta=0.000s(0%) fetch=0.029s(51%) enc.moe=0.001s(1%) tail=0.000s(0%) head=0.004s(6%) other=0.000s(1%) call=0.057s | tiles=85 ahead=85 experts=467 miss=46 io=0.029s 5.5GB/s]
[prefill gpuq busy=0.038s(67%) idle=0.019s(33%) span=0.057s buffers=176]
[prefill host enc.front=0.002s(2%) wait.front=0.024s(26%) drain=0.000s(1%) route=0.000s(0%) meta=0.000s(0%) fetch=0.060s(66%) enc.moe=0.001s(1%) tail=0.000s(0%) head=0.004s(4%) other=0.000s(1%) call=0.091s | tiles=89 ahead=89 experts=494 miss=108 io=0.062s 6.0GB/s]
[prefill gpuq busy=0.040s(44%) idle=0.051s(56%) span=0.091s buffers=180]
[prefill host enc.front=0.002s(2%) wait.front=0.022s(25%) drain=0.001s(1%) route=0.000s(0%) meta=0.000s(0%) fetch=0.056s(65%) enc.moe=0.001s(1%) tail=0.000s(0%) head=0.004s(4%) other=0.001s(1%) call=0.086s | tiles=96 ahead=96 experts=571 miss=119 io=0.059s 7.0GB/s]
[prefill gpuq busy=0.041s(49%) idle=0.044s(51%) span=0.085s buffers=187]
[prefill host enc.front=0.002s(2%) wait.front=0.023s(28%) drain=0.001s(1%) route=0.000s(0%) meta=0.000s(0%) fetch=0.051s(63%) enc.moe=0.001s(1%) tail=0.000s(0%) head=0.004s(4%) other=0.000s(1%) call=0.082s | tiles=87 ahead=87 experts=456 miss=104 io=0.057s 6.3GB/s]
[prefill gpuq busy=0.040s(49%) idle=0.042s(51%) span=0.081s buffers=178]
[prefill host enc.front=0.002s(3%) wait.front=0.018s(26%) drain=0.001s(1%) route=0.000s(0%) meta=0.000s(0%) fetch=0.043s(62%) enc.moe=0.001s(1%) tail=0.000s(0%) head=0.004s(5%) other=0.001s(1%) call=0.069s | tiles=90 ahead=90 experts=481 miss=101 io=0.044s 8.0GB/s]
[prefill gpuq busy=0.040s(58%) idle=0.029s(42%) span=0.069s buffers=181]
[prefill host enc.front=0.002s(3%) wait.front=0.020s(28%) drain=0.000s(1%) route=0.000s(0%) meta=0.000s(0%) fetch=0.042s(61%) enc.moe=0.001s(1%) tail=0.000s(0%) head=0.004s(5%) other=0.001s(1%) call=0.070s | tiles=94 ahead=94 experts=514 miss=97 io=0.044s 7.6GB/s]
[prefill gpuq busy=0.041s(59%) idle=0.029s(41%) span=0.070s buffers=185]
[prefill host enc.front=0.002s(2%) wait.front=0.023s(29%) drain=0.000s(0%) route=0.000s(0%) meta=0.000s(0%) fetch=0.050s(62%) enc.moe=0.001s(1%) tail=0.000s(0%) head=0.004s(4%) other=0.001s(1%) call=0.081s | tiles=90 ahead=90 experts=512 miss=113 io=0.052s 7.6GB/s]
[prefill gpuq busy=0.041s(51%) idle=0.039s(49%) span=0.081s buffers=181]
[prefill host enc.front=0.002s(3%) wait.front=0.023s(36%) drain=0.001s(1%) route=0.000s(0%) meta=0.000s(0%) fetch=0.033s(51%) enc.moe=0.001s(2%) tail=0.000s(0%) head=0.004s(6%) other=0.001s(1%) call=0.064s | tiles=87 ahead=87 experts=496 miss=98 io=0.037s 9.3GB/s]
[prefill gpuq busy=0.042s(66%) idle=0.022s(34%) span=0.064s buffers=178]
[prefill host enc.front=0.002s(4%) wait.front=0.018s(35%) drain=0.001s(1%) route=0.000s(1%) meta=0.000s(0%) fetch=0.026s(49%) enc.moe=0.001s(2%) tail=0.000s(0%) head=0.004s(8%) other=0.001s(1%) call=0.052s | tiles=87 ahead=87 experts=443 miss=77 io=0.026s 10.3GB/s]
[prefill gpuq busy=0.040s(77%) idle=0.012s(23%) span=0.052s buffers=178]
[prefill host enc.front=0.002s(3%) wait.front=0.020s(39%) drain=0.000s(0%) route=0.000s(0%) meta=0.000s(0%) fetch=0.024s(47%) enc.moe=0.001s(1%) tail=0.000s(0%) head=0.004s(8%) other=0.000s(1%) call=0.052s | tiles=85 ahead=85 experts=437 miss=54 io=0.031s 6.1GB/s]
[prefill gpuq busy=0.038s(74%) idle=0.014s(26%) span=0.052s buffers=176]
[prefill host enc.front=0.002s(3%) wait.front=0.021s(38%) drain=0.001s(1%) route=0.000s(0%) meta=0.000s(0%) fetch=0.026s(47%) enc.moe=0.001s(2%) tail=0.000s(0%) head=0.004s(7%) other=0.000s(1%) call=0.054s | tiles=83 ahead=83 experts=444 miss=79 io=0.026s 10.6GB/s]
[prefill gpuq busy=0.040s(74%) idle=0.014s(26%) span=0.054s buffers=174]
[prefill host enc.front=0.002s(3%) wait.front=0.021s(39%) drain=0.001s(2%) route=0.000s(0%) meta=0.000s(0%) fetch=0.024s(45%) enc.moe=0.001s(2%) tail=0.000s(0%) head=0.004s(8%) other=0.001s(1%) call=0.053s | tiles=87 ahead=87 experts=494 miss=75 io=0.026s 9.8GB/s]
[prefill gpuq busy=0.040s(76%) idle=0.013s(24%) span=0.053s buffers=178]
[prefill host enc.front=0.002s(3%) wait.front=0.020s(31%) drain=0.001s(1%) route=0.000s(0%) meta=0.000s(0%) fetch=0.037s(57%) enc.moe=0.001s(1%) tail=0.000s(0%) head=0.004s(6%) other=0.001s(1%) call=0.065s | tiles=91 ahead=91 experts=494 miss=113 io=0.040s 9.9GB/s]
[prefill gpuq busy=0.041s(63%) idle=0.024s(37%) span=0.065s buffers=182]
[prefill host enc.front=0.002s(3%) wait.front=0.021s(28%) drain=0.001s(1%) route=0.000s(0%) meta=0.000s(0%) fetch=0.046s(61%) enc.moe=0.001s(1%) tail=0.000s(0%) head=0.004s(5%) other=0.001s(1%) call=0.075s | tiles=93 ahead=93 experts=544 miss=149 io=0.048s 10.8GB/s]
[prefill gpuq busy=0.044s(59%) idle=0.031s(41%) span=0.075s buffers=184]
[prefill host enc.front=0.002s(3%) wait.front=0.019s(27%) drain=0.001s(1%) route=0.000s(0%) meta=0.000s(0%) fetch=0.043s(62%) enc.moe=0.001s(1%) tail=0.000s(0%) head=0.004s(5%) other=0.001s(1%) call=0.069s | tiles=91 ahead=91 experts=502 miss=98 io=0.044s 7.7GB/s]
[prefill gpuq busy=0.040s(58%) idle=0.029s(42%) span=0.069s buffers=182]
[prefill host enc.front=0.002s(2%) wait.front=0.021s(27%) drain=0.001s(1%) route=0.000s(0%) meta=0.000s(0%) fetch=0.051s(63%) enc.moe=0.001s(1%) tail=0.000s(0%) head=0.004s(4%) other=0.001s(1%) call=0.081s | tiles=99 ahead=99 experts=554 miss=149 io=0.056s 9.2GB/s]
[prefill gpuq busy=0.044s(54%) idle=0.037s(46%) span=0.080s buffers=190]
[prefill host enc.front=0.002s(3%) wait.front=0.019s(32%) drain=0.000s(1%) route=0.000s(0%) meta=0.000s(0%) fetch=0.033s(55%) enc.moe=0.001s(2%) tail=0.000s(0%) head=0.004s(6%) other=0.001s(1%) call=0.060s | tiles=88 ahead=88 experts=446 miss=115 io=0.037s 10.6GB/s]
[prefill gpuq busy=0.040s(66%) idle=0.020s(34%) span=0.060s buffers=179]
[prefill host enc.front=0.002s(2%) wait.front=0.021s(27%) drain=0.001s(1%) route=0.000s(0%) meta=0.000s(0%) fetch=0.048s(62%) enc.moe=0.001s(1%) tail=0.000s(0%) head=0.004s(5%) other=0.001s(1%) call=0.077s | tiles=89 ahead=89 experts=479 miss=124 io=0.050s 8.5GB/s]
[prefill gpuq busy=0.041s(53%) idle=0.036s(47%) span=0.077s buffers=180]
[prefill host enc.front=0.002s(2%) wait.front=0.022s(29%) drain=0.000s(1%) route=0.000s(0%) meta=0.000s(0%) fetch=0.048s(61%) enc.moe=0.001s(1%) tail=0.000s(0%) head=0.004s(5%) other=0.001s(1%) call=0.078s | tiles=89 ahead=89 experts=482 miss=116 io=0.053s 7.5GB/s]
[prefill gpuq busy=0.040s(52%) idle=0.037s(48%) span=0.078s buffers=180]
[prefill host enc.front=0.002s(3%) wait.front=0.020s(32%) drain=0.001s(1%) route=0.000s(1%) meta=0.000s(0%) fetch=0.034s(55%) enc.moe=0.001s(2%) tail=0.000s(0%) head=0.004s(6%) other=0.001s(1%) call=0.063s | tiles=91 ahead=91 experts=507 miss=138 io=0.044s 10.9GB/s]
[prefill gpuq busy=0.041s(66%) idle=0.021s(34%) span=0.062s buffers=182]
[prefill host enc.front=0.002s(3%) wait.front=0.019s(29%) drain=0.000s(1%) route=0.000s(0%) meta=0.000s(0%) fetch=0.039s(59%) enc.moe=0.001s(1%) tail=0.000s(0%) head=0.003s(5%) other=0.001s(1%) call=0.067s | tiles=89 ahead=89 experts=477 miss=106 io=0.042s 8.7GB/s]
[prefill gpuq busy=0.040s(60%) idle=0.027s(40%) span=0.066s buffers=180]
[prefill host enc.front=0.002s(2%) wait.front=0.022s(25%) drain=0.001s(1%) route=0.000s(0%) meta=0.000s(0%) fetch=0.055s(65%) enc.moe=0.001s(1%) tail=0.000s(0%) head=0.004s(4%) other=0.001s(1%) call=0.085s | tiles=85 ahead=85 experts=460 miss=149 io=0.069s 7.5GB/s]
[prefill gpuq busy=0.040s(47%) idle=0.045s(53%) span=0.085s buffers=176]
[prefill host enc.front=0.002s(3%) wait.front=0.018s(29%) drain=0.000s(1%) route=0.000s(0%) meta=0.000s(0%) fetch=0.037s(59%) enc.moe=0.001s(1%) tail=0.000s(0%) head=0.004s(6%) other=0.001s(1%) call=0.063s | tiles=90 ahead=90 experts=431 miss=86 io=0.037s 8.0GB/s]
[prefill gpuq busy=0.040s(63%) idle=0.023s(37%) span=0.063s buffers=181]
[prefill host enc.front=0.002s(2%) wait.front=0.023s(26%) drain=0.001s(1%) route=0.000s(0%) meta=0.000s(0%) fetch=0.057s(64%) enc.moe=0.001s(1%) tail=0.000s(0%) head=0.004s(4%) other=0.001s(1%) call=0.089s | tiles=98 ahead=98 experts=541 miss=200 io=0.076s 9.1GB/s]
[prefill gpuq busy=0.046s(52%) idle=0.042s(48%) span=0.089s buffers=189]
[prefill host enc.front=0.002s(2%) wait.front=0.022s(26%) drain=0.001s(1%) route=0.000s(0%) meta=0.000s(0%) fetch=0.053s(64%) enc.moe=0.001s(1%) tail=0.000s(0%) head=0.004s(4%) other=0.001s(1%) call=0.084s | tiles=91 ahead=91 experts=483 miss=164 io=0.060s 9.4GB/s]
[prefill gpuq busy=0.043s(51%) idle=0.041s(49%) span=0.083s buffers=182]
[prefill host enc.front=0.002s(2%) wait.front=0.025s(27%) drain=0.001s(1%) route=0.000s(0%) meta=0.000s(0%) fetch=0.060s(63%) enc.moe=0.001s(1%) tail=0.000s(0%) head=0.004s(4%) other=0.001s(1%) call=0.094s | tiles=92 ahead=92 experts=524 miss=218 io=0.074s 10.2GB/s]
[prefill gpuq busy=0.044s(47%) idle=0.049s(53%) span=0.094s buffers=183]
[prefill host enc.front=0.002s(3%) wait.front=0.019s(28%) drain=0.001s(1%) route=0.000s(0%) meta=0.000s(0%) fetch=0.039s(59%) enc.moe=0.001s(2%) tail=0.000s(0%) head=0.004s(6%) other=0.001s(1%) call=0.066s | tiles=94 ahead=94 experts=480 miss=127 io=0.048s 9.2GB/s]
[prefill gpuq busy=0.042s(63%) idle=0.024s(37%) span=0.066s buffers=185]
[prefill host enc.front=0.002s(3%) wait.front=0.021s(29%) drain=0.001s(1%) route=0.000s(0%) meta=0.000s(0%) fetch=0.043s(59%) enc.moe=0.001s(2%) tail=0.000s(0%) head=0.004s(5%) other=0.001s(1%) call=0.072s | tiles=92 ahead=92 experts=504 miss=153 io=0.047s 11.3GB/s]
[prefill gpuq busy=0.043s(60%) idle=0.029s(40%) span=0.072s buffers=183]
[prefill host enc.front=0.002s(4%) wait.front=0.019s(33%) drain=0.001s(1%) route=0.000s(1%) meta=0.000s(0%) fetch=0.030s(52%) enc.moe=0.001s(2%) tail=0.000s(0%) head=0.004s(6%) other=0.001s(1%) call=0.057s | tiles=91 ahead=91 experts=474 miss=129 io=0.033s 13.7GB/s]
[prefill gpuq busy=0.042s(74%) idle=0.015s(26%) span=0.057s buffers=182]
[prefill host enc.front=0.002s(3%) wait.front=0.020s(30%) drain=0.001s(1%) route=0.000s(1%) meta=0.000s(0%) fetch=0.038s(57%) enc.moe=0.001s(2%) tail=0.000s(0%) head=0.004s(5%) other=0.001s(1%) call=0.067s | tiles=95 ahead=95 experts=554 miss=173 io=0.049s 12.4GB/s]
[prefill gpuq busy=0.046s(68%) idle=0.021s(32%) span=0.067s buffers=186]
[prefill host enc.front=0.002s(3%) wait.front=0.023s(29%) drain=0.001s(1%) route=0.000s(0%) meta=0.000s(0%) fetch=0.048s(60%) enc.moe=0.001s(1%) tail=0.000s(0%) head=0.003s(4%) other=0.001s(1%) call=0.080s | tiles=79 ahead=79 experts=454 miss=178 io=0.051s 12.0GB/s]
[prefill gpuq busy=0.043s(54%) idle=0.037s(46%) span=0.079s buffers=170]
[prefill host enc.front=0.002s(3%) wait.front=0.022s(31%) drain=0.000s(1%) route=0.000s(0%) meta=0.000s(0%) fetch=0.041s(58%) enc.moe=0.001s(1%) tail=0.000s(0%) head=0.004s(5%) other=0.001s(1%) call=0.070s | tiles=87 ahead=87 experts=493 miss=119 io=0.043s 9.6GB/s]
[prefill gpuq busy=0.041s(59%) idle=0.029s(41%) span=0.070s buffers=178]
[prefill host enc.front=0.002s(3%) wait.front=0.020s(32%) drain=0.001s(1%) route=0.000s(1%) meta=0.000s(0%) fetch=0.033s(54%) enc.moe=0.001s(2%) tail=0.000s(0%) head=0.004s(6%) other=0.001s(1%) call=0.062s | tiles=89 ahead=89 experts=482 miss=165 io=0.039s 14.7GB/s]
[prefill gpuq busy=0.043s(71%) idle=0.018s(29%) span=0.061s buffers=180]
[prefill host enc.front=0.002s(2%) wait.front=0.023s(23%) drain=0.001s(1%) route=0.000s(0%) meta=0.000s(0%) fetch=0.068s(68%) enc.moe=0.001s(1%) tail=0.000s(0%) head=0.004s(4%) other=0.001s(1%) call=0.099s | tiles=87 ahead=87 experts=451 miss=125 io=0.082s 5.3GB/s]
[prefill gpuq busy=0.040s(41%) idle=0.059s(59%) span=0.099s buffers=178]
[prefill host enc.front=0.002s(2%) wait.front=0.022s(25%) drain=0.001s(1%) route=0.000s(0%) meta=0.000s(0%) fetch=0.057s(65%) enc.moe=0.001s(1%) tail=0.000s(0%) head=0.004s(4%) other=0.001s(1%) call=0.088s | tiles=87 ahead=87 experts=446 miss=108 io=0.066s 5.7GB/s]
[prefill gpuq busy=0.040s(45%) idle=0.048s(55%) span=0.088s buffers=178]
[prefill host enc.front=0.002s(3%) wait.front=0.021s(27%) drain=0.001s(1%) route=0.000s(0%) meta=0.000s(0%) fetch=0.047s(61%) enc.moe=0.001s(1%) tail=0.000s(0%) head=0.004s(5%) other=0.001s(1%) call=0.077s | tiles=87 ahead=87 experts=470 miss=130 io=0.049s 9.1GB/s]
[prefill gpuq busy=0.041s(54%) idle=0.035s(46%) span=0.076s buffers=178]
[prefill host enc.front=0.002s(2%) wait.front=0.023s(29%) drain=0.001s(1%) route=0.000s(0%) meta=0.000s(0%) fetch=0.046s(60%) enc.moe=0.001s(1%) tail=0.000s(0%) head=0.004s(5%) other=0.000s(1%) call=0.077s | tiles=85 ahead=85 experts=433 miss=84 io=0.049s 6.0GB/s]
[prefill gpuq busy=0.039s(51%) idle=0.037s(49%) span=0.076s buffers=176]
[prefill host enc.front=0.002s(3%) wait.front=0.021s(39%) drain=0.001s(1%) route=0.000s(0%) meta=0.000s(0%) fetch=0.026s(47%) enc.moe=0.001s(1%) tail=0.000s(0%) head=0.004s(7%) other=0.000s(1%) call=0.054s | tiles=84 ahead=84 experts=434 miss=80 io=0.030s 9.2GB/s]
[prefill gpuq busy=0.039s(72%) idle=0.015s(28%) span=0.054s buffers=175]
[prefill host enc.front=0.002s(3%) wait.front=0.019s(31%) drain=0.000s(1%) route=0.000s(0%) meta=0.000s(0%) fetch=0.034s(57%) enc.moe=0.001s(1%) tail=0.000s(0%) head=0.004s(6%) other=0.001s(1%) call=0.061s | tiles=92 ahead=92 experts=466 miss=77 io=0.036s 7.4GB/s]
[prefill gpuq busy=0.039s(65%) idle=0.021s(35%) span=0.061s buffers=183]
[prefill host enc.front=0.002s(2%) wait.front=0.021s(24%) drain=0.001s(1%) route=0.000s(0%) meta=0.000s(0%) fetch=0.057s(66%) enc.moe=0.001s(1%) tail=0.000s(0%) head=0.004s(4%) other=0.001s(1%) call=0.086s | tiles=93 ahead=93 experts=468 miss=137 io=0.067s 7.1GB/s]
[prefill gpuq busy=0.041s(48%) idle=0.044s(52%) span=0.085s buffers=184]
[prefill host enc.front=0.002s(2%) wait.front=0.024s(27%) drain=0.001s(1%) route=0.000s(0%) meta=0.000s(0%) fetch=0.057s(64%) enc.moe=0.001s(1%) tail=0.000s(0%) head=0.004s(4%) other=0.000s(1%) call=0.088s | tiles=86 ahead=86 experts=434 miss=107 io=0.066s 5.7GB/s]
[prefill gpuq busy=0.039s(44%) idle=0.049s(56%) span=0.088s buffers=177]
[prefill host enc.front=0.002s(3%) wait.front=0.021s(31%) drain=0.001s(1%) route=0.000s(0%) meta=0.000s(0%) fetch=0.039s(57%) enc.moe=0.001s(1%) tail=0.000s(0%) head=0.004s(5%) other=0.001s(1%) call=0.068s | tiles=81 ahead=81 experts=425 miss=131 io=0.040s 11.2GB/s]
[prefill gpuq busy=0.041s(60%) idle=0.027s(40%) span=0.068s buffers=172]
[prefill host enc.front=0.002s(2%) wait.front=0.024s(24%) drain=0.001s(1%) route=0.000s(0%) meta=0.000s(0%) fetch=0.067s(66%) enc.moe=0.001s(1%) tail=0.000s(0%) head=0.004s(4%) other=0.001s(1%) call=0.100s | tiles=98 ahead=98 experts=603 miss=213 io=0.089s 8.3GB/s]
[prefill gpuq busy=0.047s(47%) idle=0.053s(53%) span=0.100s buffers=189]
[prefill host enc.front=0.002s(3%) wait.front=0.021s(31%) drain=0.000s(1%) route=0.000s(0%) meta=0.000s(0%) fetch=0.039s(57%) enc.moe=0.001s(2%) tail=0.000s(0%) head=0.004s(5%) other=0.001s(1%) call=0.068s | tiles=93 ahead=93 experts=521 miss=135 io=0.044s 10.6GB/s]
[prefill gpuq busy=0.043s(63%) idle=0.025s(37%) span=0.068s buffers=184]
[prefill host enc.front=0.002s(3%) wait.front=0.019s(30%) drain=0.000s(1%) route=0.000s(0%) meta=0.000s(0%) fetch=0.035s(56%) enc.moe=0.001s(2%) tail=0.000s(0%) head=0.004s(6%) other=0.001s(1%) call=0.062s | tiles=99 ahead=99 experts=558 miss=130 io=0.041s 11.0GB/s]
[prefill gpuq busy=0.044s(70%) idle=0.018s(30%) span=0.062s buffers=190]
[prefill host enc.front=0.002s(3%) wait.front=0.021s(32%) drain=0.001s(1%) route=0.000s(0%) meta=0.000s(0%) fetch=0.036s(55%) enc.moe=0.001s(2%) tail=0.000s(0%) head=0.004s(6%) other=0.001s(1%) call=0.065s | tiles=91 ahead=91 experts=499 miss=123 io=0.040s 10.7GB/s]
[prefill gpuq busy=0.044s(68%) idle=0.021s(32%) span=0.065s buffers=182]
[prefill host enc.front=0.002s(2%) wait.front=0.022s(28%) drain=0.001s(1%) route=0.000s(0%) meta=0.000s(0%) fetch=0.048s(61%) enc.moe=0.001s(1%) tail=0.000s(0%) head=0.004s(5%) other=0.001s(1%) call=0.078s | tiles=85 ahead=85 experts=439 miss=151 io=0.052s 10.0GB/s]
[prefill gpuq busy=0.041s(53%) idle=0.037s(47%) span=0.077s buffers=176]
[prefill host enc.front=0.002s(2%) wait.front=0.022s(25%) drain=0.001s(1%) route=0.000s(0%) meta=0.000s(0%) fetch=0.059s(66%) enc.moe=0.001s(1%) tail=0.000s(0%) head=0.004s(4%) other=0.001s(1%) call=0.090s | tiles=90 ahead=90 experts=461 miss=130 io=0.061s 7.4GB/s]
[prefill gpuq busy=0.041s(46%) idle=0.049s(54%) span=0.089s buffers=181]
[prefill host enc.front=0.002s(3%) wait.front=0.021s(28%) drain=0.000s(1%) route=0.000s(0%) meta=0.000s(0%) fetch=0.046s(61%) enc.moe=0.001s(1%) tail=0.000s(0%) head=0.004s(5%) other=0.001s(1%) call=0.074s | tiles=94 ahead=94 experts=493 miss=120 io=0.054s 7.7GB/s]
[prefill gpuq busy=0.042s(56%) idle=0.033s(44%) span=0.074s buffers=185]
[prefill host enc.front=0.002s(3%) wait.front=0.022s(28%) drain=0.001s(1%) route=0.000s(0%) meta=0.000s(0%) fetch=0.047s(60%) enc.moe=0.001s(1%) tail=0.000s(0%) head=0.004s(5%) other=0.001s(1%) call=0.078s | tiles=94 ahead=94 experts=553 miss=181 io=0.059s 10.7GB/s]
[prefill gpuq busy=0.045s(58%) idle=0.033s(42%) span=0.078s buffers=185]
[prefill host enc.front=0.002s(2%) wait.front=0.026s(22%) drain=0.001s(1%) route=0.000s(0%) meta=0.000s(0%) fetch=0.081s(70%) enc.moe=0.001s(1%) tail=0.000s(0%) head=0.003s(3%) other=0.001s(1%) call=0.115s | tiles=92 ahead=92 experts=525 miss=179 io=0.100s 6.2GB/s]
[prefill gpuq busy=0.041s(36%) idle=0.073s(64%) span=0.115s buffers=183]
[prefill host enc.front=0.002s(3%) wait.front=0.021s(28%) drain=0.000s(1%) route=0.000s(0%) meta=0.000s(0%) fetch=0.044s(60%) enc.moe=0.001s(1%) tail=0.000s(0%) head=0.004s(5%) other=0.001s(1%) call=0.073s | tiles=95 ahead=95 experts=514 miss=138 io=0.047s 10.1GB/s]
[prefill gpuq busy=0.042s(58%) idle=0.030s(42%) span=0.073s buffers=186]
[prefill host enc.front=0.002s(3%) wait.front=0.018s(31%) drain=0.000s(1%) route=0.000s(1%) meta=0.000s(0%) fetch=0.033s(56%) enc.moe=0.001s(2%) tail=0.000s(0%) head=0.004s(6%) other=0.001s(1%) call=0.060s | tiles=90 ahead=90 experts=480 miss=118 io=0.035s 11.6GB/s]
[prefill gpuq busy=0.042s(71%) idle=0.017s(29%) span=0.060s buffers=181]
[prefill host enc.front=0.002s(3%) wait.front=0.019s(28%) drain=0.000s(1%) route=0.000s(0%) meta=0.000s(0%) fetch=0.042s(61%) enc.moe=0.001s(1%) tail=0.000s(0%) head=0.004s(5%) other=0.001s(1%) call=0.069s | tiles=91 ahead=91 experts=484 miss=112 io=0.043s 8.9GB/s]
[prefill gpuq busy=0.042s(61%) idle=0.027s(39%) span=0.069s buffers=182]
[prefill host enc.front=0.002s(2%) wait.front=0.023s(25%) drain=0.001s(1%) route=0.000s(0%) meta=0.000s(0%) fetch=0.060s(65%) enc.moe=0.001s(1%) tail=0.000s(0%) head=0.004s(4%) other=0.001s(1%) call=0.092s | tiles=95 ahead=95 experts=526 miss=176 io=0.078s 7.8GB/s]
[prefill gpuq busy=0.044s(48%) idle=0.047s(52%) span=0.091s buffers=186]
[prefill host enc.front=0.002s(2%) wait.front=0.023s(27%) drain=0.001s(1%) route=0.000s(0%) meta=0.000s(0%) fetch=0.056s(63%) enc.moe=0.001s(1%) tail=0.000s(0%) head=0.004s(4%) other=0.001s(1%) call=0.088s | tiles=93 ahead=93 experts=534 miss=206 io=0.064s 11.1GB/s]
[prefill gpuq busy=0.046s(52%) idle=0.042s(48%) span=0.088s buffers=184]
[prefill host enc.front=0.002s(2%) wait.front=0.023s(26%) drain=0.001s(1%) route=0.000s(0%) meta=0.000s(0%) fetch=0.056s(64%) enc.moe=0.001s(1%) tail=0.000s(0%) head=0.004s(4%) other=0.001s(1%) call=0.088s | tiles=89 ahead=89 experts=497 miss=139 io=0.060s 8.0GB/s]
[prefill gpuq busy=0.042s(48%) idle=0.045s(52%) span=0.088s buffers=180]
[prefill host enc.front=0.002s(2%) wait.front=0.025s(26%) drain=0.001s(1%) route=0.000s(0%) meta=0.000s(0%) fetch=0.063s(65%) enc.moe=0.001s(1%) tail=0.000s(0%) head=0.004s(4%) other=0.001s(1%) call=0.097s | tiles=99 ahead=99 experts=595 miss=240 io=0.087s 9.5GB/s]
[prefill gpuq busy=0.048s(50%) idle=0.049s(50%) span=0.097s buffers=190]
[prefill host enc.front=0.002s(3%) wait.front=0.019s(34%) drain=0.001s(1%) route=0.000s(0%) meta=0.000s(0%) fetch=0.029s(52%) enc.moe=0.001s(2%) tail=0.000s(0%) head=0.004s(6%) other=0.001s(1%) call=0.056s | tiles=85 ahead=85 experts=403 miss=98 io=0.034s 10.1GB/s]
[prefill gpuq busy=0.039s(70%) idle=0.016s(30%) span=0.055s buffers=176]
[prefill host enc.front=0.002s(3%) wait.front=0.021s(35%) drain=0.000s(1%) route=0.000s(0%) meta=0.000s(0%) fetch=0.031s(52%) enc.moe=0.001s(1%) tail=0.000s(0%) head=0.004s(6%) other=0.000s(1%) call=0.059s | tiles=85 ahead=85 experts=449 miss=78 io=0.031s 8.8GB/s]
[prefill gpuq busy=0.040s(68%) idle=0.019s(32%) span=0.059s buffers=176]
[prefill host enc.front=0.002s(3%) wait.front=0.022s(29%) drain=0.000s(1%) route=0.000s(0%) meta=0.000s(0%) fetch=0.046s(61%) enc.moe=0.001s(1%) tail=0.000s(0%) head=0.004s(5%) other=0.001s(1%) call=0.076s | tiles=94 ahead=94 experts=508 miss=143 io=0.063s 7.8GB/s]
[prefill gpuq busy=0.042s(56%) idle=0.034s(44%) span=0.076s buffers=185]
[prefill host enc.front=0.002s(3%) wait.front=0.019s(33%) drain=0.001s(1%) route=0.000s(0%) meta=0.000s(0%) fetch=0.031s(52%) enc.moe=0.001s(2%) tail=0.000s(0%) head=0.004s(7%) other=0.001s(1%) call=0.058s | tiles=94 ahead=94 experts=530 miss=110 io=0.036s 10.5GB/s]
[prefill gpuq busy=0.043s(74%) idle=0.015s(26%) span=0.058s buffers=185]
[prefill host enc.front=0.002s(4%) wait.front=0.020s(46%) drain=0.000s(1%) route=0.000s(0%) meta=0.000s(0%) fetch=0.016s(37%) enc.moe=0.001s(1%) tail=0.000s(0%) head=0.004s(9%) other=0.000s(1%) call=0.043s | tiles=70 ahead=70 experts=349 miss=52 io=0.016s 11.2GB/s]
[prefill gpuq busy=0.031s(73%) idle=0.012s(27%) span=0.043s buffers=161]

[stop=maxTokens prefill=46tok new=192tok decode=6.05s tok/s=31.749]
[load=0.789s layerVerify=0.000s/30layers prefill=1.582s ttft=1.582s peak=4.85GB rss=3.95GB]
[expert prefill hit=0.0% 0/2028 io=1.178s | decode hit=74.5% 26111/35054 io=3.757s]
[decode/tok io=0.00ms cb1=0.00ms cb2=0.00ms head=0.00ms]
[mtp bs=3 rounds=73 accept=1.616/2 tok/round=2.630 draft=0.484s verify=5.555s accepted=9,10,54]
