[prefill host enc.front=0.002s(0%) wait.front=0.536s(21%) drain=0.000s(0%) route=0.006s(0%) wait.shared=0.110s(4%) meta=0.000s(0%) fetch=1.706s(68%) enc.moe=0.013s(1%) wait.tile=0.101s(4%) tail=0.014s(1%) head=0.004s(0%) other=0.005s(0%) call=2.498s | tiles=361 ahead=0 experts=0 miss=0 io=0.000s 0.0GB/s]
[prefill gpuq busy=1.327s(56%) idle=1.041s(44%) span=2.367s buffers=452]
[prefill host enc.front=0.003s(1%) wait.front=0.058s(27%) drain=0.001s(0%) route=0.001s(0%) meta=0.000s(0%) fetch=0.140s(67%) enc.moe=0.002s(1%) tail=0.000s(0%) head=0.004s(2%) other=0.001s(1%) call=0.210s | tiles=63 ahead=63 experts=311 miss=198 io=0.167s 4.1GB/s]
[prefill gpuq busy=0.049s(23%) idle=0.160s(77%) span=0.209s buffers=154]
[prefill host enc.front=0.002s(2%) wait.front=0.024s(26%) drain=0.000s(0%) route=0.000s(0%) meta=0.000s(0%) fetch=0.060s(66%) enc.moe=0.001s(1%) tail=0.000s(0%) head=0.004s(4%) other=0.000s(1%) call=0.090s | tiles=67 ahead=67 experts=306 miss=63 io=0.060s 3.7GB/s]
[prefill gpuq busy=0.031s(34%) idle=0.060s(66%) span=0.090s buffers=158]
[prefill host enc.front=0.002s(2%) wait.front=0.025s(25%) drain=0.000s(0%) route=0.000s(0%) meta=0.000s(0%) fetch=0.068s(67%) enc.moe=0.001s(1%) tail=0.000s(0%) head=0.004s(4%) other=0.000s(0%) call=0.101s | tiles=76 ahead=76 experts=337 miss=67 io=0.068s 3.4GB/s]
[prefill gpuq busy=0.034s(33%) idle=0.067s(67%) span=0.101s buffers=167]
[prefill host enc.front=0.002s(2%) wait.front=0.022s(31%) drain=0.001s(1%) route=0.000s(0%) meta=0.000s(0%) fetch=0.042s(58%) enc.moe=0.001s(1%) tail=0.000s(0%) head=0.004s(6%) other=0.000s(1%) call=0.072s | tiles=73 ahead=73 experts=316 miss=51 io=0.042s 4.2GB/s]
[prefill gpuq busy=0.030s(42%) idle=0.041s(58%) span=0.071s buffers=164]
[prefill host enc.front=0.002s(3%) wait.front=0.021s(39%) drain=0.001s(1%) route=0.000s(0%) meta=0.000s(0%) fetch=0.026s(47%) enc.moe=0.001s(1%) tail=0.000s(0%) head=0.004s(7%) other=0.000s(1%) call=0.055s | tiles=72 ahead=72 experts=320 miss=30 io=0.026s 4.0GB/s]
[prefill gpuq busy=0.030s(55%) idle=0.024s(45%) span=0.055s buffers=163]
[prefill host enc.front=0.002s(2%) wait.front=0.024s(28%) drain=0.001s(1%) route=0.000s(0%) meta=0.000s(0%) fetch=0.055s(63%) enc.moe=0.001s(1%) tail=0.000s(0%) head=0.004s(4%) other=0.000s(0%) call=0.087s | tiles=78 ahead=78 experts=338 miss=41 io=0.055s 2.6GB/s]
[prefill gpuq busy=0.032s(36%) idle=0.055s(64%) span=0.086s buffers=169]
[prefill host enc.front=0.002s(2%) wait.front=0.023s(24%) drain=0.000s(0%) route=0.000s(0%) meta=0.000s(0%) fetch=0.064s(67%) enc.moe=0.001s(1%) tail=0.000s(0%) head=0.004s(4%) other=0.000s(1%) call=0.095s | tiles=77 ahead=77 experts=338 miss=70 io=0.064s 3.8GB/s]
[prefill gpuq busy=0.032s(34%) idle=0.063s(66%) span=0.095s buffers=168]
[prefill host enc.front=0.002s(2%) wait.front=0.023s(31%) drain=0.001s(1%) route=0.000s(0%) meta=0.000s(0%) fetch=0.044s(59%) enc.moe=0.001s(1%) tail=0.000s(0%) head=0.004s(5%) other=0.000s(1%) call=0.074s | tiles=70 ahead=70 experts=308 miss=52 io=0.044s 4.1GB/s]
[prefill gpuq busy=0.030s(40%) idle=0.044s(60%) span=0.074s buffers=161]
[prefill host enc.front=0.002s(3%) wait.front=0.022s(39%) drain=0.000s(1%) route=0.000s(0%) meta=0.000s(0%) fetch=0.029s(49%) enc.moe=0.001s(1%) tail=0.000s(0%) head=0.004s(7%) other=0.000s(1%) call=0.058s | tiles=77 ahead=77 experts=338 miss=20 io=0.029s 2.4GB/s]
[prefill gpuq busy=0.031s(54%) idle=0.026s(46%) span=0.058s buffers=168]
[prefill host enc.front=0.002s(4%) wait.front=0.022s(49%) drain=0.000s(1%) route=0.000s(0%) meta=0.000s(0%) fetch=0.016s(36%) enc.moe=0.001s(1%) tail=0.000s(0%) head=0.004s(8%) other=0.000s(1%) call=0.045s | tiles=67 ahead=67 experts=309 miss=27 io=0.016s 5.8GB/s]
[prefill gpuq busy=0.029s(65%) idle=0.015s(35%) span=0.044s buffers=158]
[prefill host enc.front=0.002s(4%) wait.front=0.022s(56%) drain=0.001s(1%) route=0.000s(0%) meta=0.000s(0%) fetch=0.010s(26%) enc.moe=0.000s(1%) tail=0.000s(0%) head=0.004s(10%) other=0.000s(1%) call=0.040s | tiles=65 ahead=65 experts=303 miss=14 io=0.010s 4.7GB/s]
[prefill gpuq busy=0.029s(75%) idle=0.010s(25%) span=0.039s buffers=156]
[prefill host enc.front=0.002s(3%) wait.front=0.022s(48%) drain=0.001s(1%) route=0.000s(0%) meta=0.000s(0%) fetch=0.018s(38%) enc.moe=0.001s(1%) tail=0.000s(0%) head=0.004s(8%) other=0.000s(1%) call=0.047s | tiles=68 ahead=68 experts=319 miss=25 io=0.018s 4.9GB/s]
[prefill gpuq busy=0.030s(63%) idle=0.017s(37%) span=0.047s buffers=159]
[prefill host enc.front=0.002s(4%) wait.front=0.022s(52%) drain=0.000s(1%) route=0.000s(0%) meta=0.000s(0%) fetch=0.014s(33%) enc.moe=0.001s(1%) tail=0.000s(0%) head=0.004s(8%) other=0.000s(1%) call=0.043s | tiles=66 ahead=66 experts=309 miss=22 io=0.014s 5.4GB/s]
[prefill gpuq busy=0.029s(68%) idle=0.014s(32%) span=0.043s buffers=157]
[prefill host enc.front=0.002s(3%) wait.front=0.023s(48%) drain=0.000s(1%) route=0.000s(0%) meta=0.000s(0%) fetch=0.018s(37%) enc.moe=0.000s(1%) tail=0.000s(0%) head=0.004s(8%) other=0.000s(1%) call=0.047s | tiles=64 ahead=64 experts=295 miss=19 io=0.018s 3.7GB/s]
[prefill gpuq busy=0.030s(63%) idle=0.018s(37%) span=0.047s buffers=155]
[prefill host enc.front=0.002s(4%) wait.front=0.021s(47%) drain=0.000s(1%) route=0.000s(0%) meta=0.000s(0%) fetch=0.017s(38%) enc.moe=0.001s(1%) tail=0.000s(0%) head=0.004s(8%) other=0.000s(1%) call=0.044s | tiles=68 ahead=68 experts=312 miss=20 io=0.017s 4.2GB/s]
[prefill gpuq busy=0.029s(67%) idle=0.014s(33%) span=0.044s buffers=159]
[prefill host enc.front=0.002s(4%) wait.front=0.021s(53%) drain=0.000s(1%) route=0.000s(0%) meta=0.000s(0%) fetch=0.012s(30%) enc.moe=0.000s(1%) tail=0.000s(0%) head=0.004s(9%) other=0.000s(1%) call=0.040s | tiles=68 ahead=68 experts=315 miss=15 io=0.012s 4.4GB/s]
[prefill gpuq busy=0.029s(73%) idle=0.011s(27%) span=0.039s buffers=159]
[prefill host enc.front=0.002s(4%) wait.front=0.021s(51%) drain=0.001s(1%) route=0.000s(0%) meta=0.000s(0%) fetch=0.014s(33%) enc.moe=0.000s(1%) tail=0.000s(0%) head=0.004s(9%) other=0.000s(1%) call=0.042s | tiles=61 ahead=61 experts=294 miss=16 io=0.014s 4.0GB/s]
[prefill gpuq busy=0.029s(69%) idle=0.013s(31%) span=0.041s buffers=152]
[prefill host enc.front=0.002s(4%) wait.front=0.020s(51%) drain=0.000s(1%) route=0.000s(0%) meta=0.000s(0%) fetch=0.013s(32%) enc.moe=0.000s(1%) tail=0.000s(0%) head=0.004s(10%) other=0.000s(1%) call=0.040s | tiles=68 ahead=68 experts=309 miss=20 io=0.013s 5.4GB/s]
[prefill gpuq busy=0.029s(73%) idle=0.011s(27%) span=0.040s buffers=159]
[prefill host enc.front=0.002s(5%) wait.front=0.021s(63%) drain=0.000s(1%) route=0.000s(0%) meta=0.000s(0%) fetch=0.006s(17%) enc.moe=0.000s(1%) tail=0.000s(0%) head=0.004s(11%) other=0.000s(1%) call=0.033s | tiles=62 ahead=62 experts=301 miss=11 io=0.006s 6.7GB/s]
[prefill gpuq busy=0.028s(85%) idle=0.005s(15%) span=0.033s buffers=153]
[prefill host enc.front=0.002s(4%) wait.front=0.021s(53%) drain=0.001s(1%) route=0.000s(0%) meta=0.000s(0%) fetch=0.011s(29%) enc.moe=0.000s(1%) tail=0.000s(0%) head=0.004s(9%) other=0.000s(1%) call=0.039s | tiles=66 ahead=66 experts=295 miss=16 io=0.011s 4.9GB/s]
[prefill gpuq busy=0.028s(74%) idle=0.010s(26%) span=0.039s buffers=157]
[prefill host enc.front=0.002s(2%) wait.front=0.024s(33%) drain=0.001s(1%) route=0.000s(0%) meta=0.000s(0%) fetch=0.041s(56%) enc.moe=0.001s(1%) tail=0.000s(0%) head=0.004s(6%) other=0.000s(1%) call=0.073s | tiles=71 ahead=71 experts=337 miss=61 io=0.041s 5.1GB/s]
[prefill gpuq busy=0.032s(44%) idle=0.041s(56%) span=0.073s buffers=162]
[prefill host enc.front=0.002s(2%) wait.front=0.022s(30%) drain=0.000s(0%) route=0.000s(0%) meta=0.000s(0%) fetch=0.043s(59%) enc.moe=0.001s(1%) tail=0.000s(0%) head=0.004s(5%) other=0.000s(1%) call=0.073s | tiles=82 ahead=82 experts=370 miss=67 io=0.043s 5.4GB/s]
[prefill gpuq busy=0.033s(46%) idle=0.039s(54%) span=0.072s buffers=173]
[prefill host enc.front=0.002s(3%) wait.front=0.022s(46%) drain=0.001s(1%) route=0.000s(0%) meta=0.000s(0%) fetch=0.018s(38%) enc.moe=0.001s(1%) tail=0.000s(0%) head=0.004s(8%) other=0.000s(1%) call=0.048s | tiles=72 ahead=72 experts=332 miss=32 io=0.018s 6.1GB/s]
[prefill gpuq busy=0.031s(65%) idle=0.017s(35%) span=0.048s buffers=163]
[prefill host enc.front=0.002s(4%) wait.front=0.020s(50%) drain=0.000s(1%) route=0.000s(0%) meta=0.000s(0%) fetch=0.013s(33%) enc.moe=0.001s(1%) tail=0.000s(0%) head=0.004s(9%) other=0.000s(1%) call=0.040s | tiles=69 ahead=69 experts=329 miss=22 io=0.013s 5.7GB/s]
[prefill gpuq busy=0.030s(74%) idle=0.010s(26%) span=0.040s buffers=160]
[prefill host enc.front=0.002s(4%) wait.front=0.020s(44%) drain=0.000s(1%) route=0.000s(0%) meta=0.000s(0%) fetch=0.020s(42%) enc.moe=0.001s(1%) tail=0.000s(0%) head=0.004s(8%) other=0.000s(1%) call=0.047s | tiles=68 ahead=68 experts=306 miss=34 io=0.020s 6.0GB/s]
[prefill gpuq busy=0.030s(64%) idle=0.017s(36%) span=0.046s buffers=159]
[prefill host enc.front=0.002s(4%) wait.front=0.021s(52%) drain=0.000s(1%) route=0.000s(0%) meta=0.000s(0%) fetch=0.013s(31%) enc.moe=0.000s(1%) tail=0.000s(0%) head=0.004s(10%) other=0.000s(1%) call=0.040s | tiles=70 ahead=70 experts=322 miss=19 io=0.013s 5.2GB/s]
[prefill gpuq busy=0.030s(76%) idle=0.010s(24%) span=0.040s buffers=161]
[prefill host enc.front=0.002s(4%) wait.front=0.021s(57%) drain=0.000s(1%) route=0.000s(0%) meta=0.000s(0%) fetch=0.010s(26%) enc.moe=0.000s(1%) tail=0.000s(0%) head=0.004s(10%) other=0.000s(1%) call=0.038s | tiles=67 ahead=67 experts=316 miss=20 io=0.010s 7.1GB/s]
[prefill gpuq busy=0.029s(78%) idle=0.008s(22%) span=0.038s buffers=158]
[prefill host enc.front=0.002s(3%) wait.front=0.020s(38%) drain=0.001s(1%) route=0.000s(0%) meta=0.000s(0%) fetch=0.025s(48%) enc.moe=0.001s(1%) tail=0.000s(0%) head=0.004s(7%) other=0.000s(1%) call=0.053s | tiles=66 ahead=66 experts=307 miss=40 io=0.025s 5.4GB/s]
[prefill gpuq busy=0.030s(57%) idle=0.023s(43%) span=0.053s buffers=157]
[prefill host enc.front=0.002s(3%) wait.front=0.021s(43%) drain=0.001s(1%) route=0.000s(0%) meta=0.000s(0%) fetch=0.020s(42%) enc.moe=0.001s(1%) tail=0.000s(0%) head=0.004s(7%) other=0.000s(1%) call=0.048s | tiles=76 ahead=76 experts=369 miss=32 io=0.020s 5.5GB/s]
[prefill gpuq busy=0.032s(66%) idle=0.016s(34%) span=0.048s buffers=167]
[prefill host enc.front=0.002s(4%) wait.front=0.020s(48%) drain=0.000s(1%) route=0.000s(0%) meta=0.000s(0%) fetch=0.014s(35%) enc.moe=0.001s(1%) tail=0.000s(0%) head=0.004s(9%) other=0.000s(1%) call=0.041s | tiles=75 ahead=75 experts=327 miss=25 io=0.015s 6.0GB/s]
[prefill gpuq busy=0.030s(75%) idle=0.010s(25%) span=0.041s buffers=166]
[prefill host enc.front=0.002s(4%) wait.front=0.020s(55%) drain=0.001s(2%) route=0.000s(1%) meta=0.000s(0%) fetch=0.009s(25%) enc.moe=0.001s(1%) tail=0.000s(0%) head=0.004s(11%) other=0.000s(1%) call=0.037s | tiles=70 ahead=70 experts=317 miss=20 io=0.009s 7.4GB/s]
[prefill gpuq busy=0.030s(80%) idle=0.007s(20%) span=0.037s buffers=161]
[prefill host enc.front=0.002s(4%) wait.front=0.020s(46%) drain=0.000s(1%) route=0.000s(0%) meta=0.000s(0%) fetch=0.017s(38%) enc.moe=0.001s(1%) tail=0.000s(0%) head=0.004s(8%) other=0.000s(1%) call=0.044s | tiles=66 ahead=66 experts=311 miss=54 io=0.017s 11.1GB/s]
[prefill gpuq busy=0.031s(70%) idle=0.013s(30%) span=0.044s buffers=157]
[prefill host enc.front=0.002s(4%) wait.front=0.020s(43%) drain=0.000s(1%) route=0.000s(0%) meta=0.000s(0%) fetch=0.019s(42%) enc.moe=0.001s(1%) tail=0.000s(0%) head=0.004s(8%) other=0.000s(1%) call=0.046s | tiles=75 ahead=75 experts=326 miss=38 io=0.019s 6.8GB/s]
[prefill gpuq busy=0.030s(67%) idle=0.015s(33%) span=0.045s buffers=166]
[prefill host enc.front=0.002s(4%) wait.front=0.019s(42%) drain=0.000s(1%) route=0.000s(0%) meta=0.000s(0%) fetch=0.020s(44%) enc.moe=0.000s(1%) tail=0.000s(0%) head=0.004s(8%) other=0.000s(1%) call=0.046s | tiles=63 ahead=63 experts=295 miss=30 io=0.020s 5.2GB/s]
[prefill gpuq busy=0.029s(63%) idle=0.017s(37%) span=0.046s buffers=154]
[prefill host enc.front=0.002s(4%) wait.front=0.021s(53%) drain=0.000s(1%) route=0.000s(0%) meta=0.000s(0%) fetch=0.012s(31%) enc.moe=0.001s(1%) tail=0.000s(0%) head=0.004s(9%) other=0.000s(1%) call=0.039s | tiles=72 ahead=72 experts=328 miss=22 io=0.012s 6.3GB/s]
[prefill gpuq busy=0.030s(76%) idle=0.009s(24%) span=0.039s buffers=163]
[prefill host enc.front=0.002s(3%) wait.front=0.019s(39%) drain=0.000s(1%) route=0.000s(0%) meta=0.000s(0%) fetch=0.022s(46%) enc.moe=0.001s(1%) tail=0.000s(0%) head=0.004s(7%) other=0.000s(1%) call=0.048s | tiles=78 ahead=78 experts=349 miss=39 io=0.022s 6.0GB/s]
[prefill gpuq busy=0.031s(65%) idle=0.017s(35%) span=0.048s buffers=169]
[prefill host enc.front=0.002s(4%) wait.front=0.020s(52%) drain=0.000s(1%) route=0.000s(0%) meta=0.000s(0%) fetch=0.011s(29%) enc.moe=0.000s(1%) tail=0.000s(0%) head=0.004s(10%) other=0.000s(1%) call=0.039s | tiles=67 ahead=67 experts=300 miss=19 io=0.011s 5.8GB/s]
[prefill gpuq busy=0.029s(76%) idle=0.009s(24%) span=0.038s buffers=158]
[prefill host enc.front=0.002s(4%) wait.front=0.020s(53%) drain=0.000s(1%) route=0.000s(0%) meta=0.000s(0%) fetch=0.011s(30%) enc.moe=0.001s(1%) tail=0.000s(0%) head=0.004s(9%) other=0.000s(1%) call=0.038s | tiles=72 ahead=72 experts=325 miss=24 io=0.011s 7.3GB/s]
[prefill gpuq busy=0.030s(79%) idle=0.008s(21%) span=0.038s buffers=163]
[prefill host enc.front=0.002s(4%) wait.front=0.021s(59%) drain=0.001s(2%) route=0.000s(0%) meta=0.000s(0%) fetch=0.008s(22%) enc.moe=0.000s(1%) tail=0.000s(0%) head=0.004s(10%) other=0.000s(1%) call=0.036s | tiles=70 ahead=70 experts=319 miss=14 io=0.008s 5.9GB/s]
[prefill gpuq busy=0.030s(82%) idle=0.007s(18%) span=0.036s buffers=161]
[prefill host enc.front=0.002s(3%) wait.front=0.020s(37%) drain=0.000s(1%) route=0.000s(0%) meta=0.000s(0%) fetch=0.027s(50%) enc.moe=0.001s(1%) tail=0.000s(0%) head=0.004s(7%) other=0.000s(1%) call=0.055s | tiles=81 ahead=81 experts=361 miss=51 io=0.027s 6.4GB/s]
[prefill gpuq busy=0.032s(59%) idle=0.022s(41%) span=0.054s buffers=172]
[prefill host enc.front=0.002s(4%) wait.front=0.020s(44%) drain=0.000s(1%) route=0.000s(0%) meta=0.000s(0%) fetch=0.018s(40%) enc.moe=0.001s(1%) tail=0.000s(0%) head=0.004s(9%) other=0.000s(1%) call=0.046s | tiles=77 ahead=77 experts=380 miss=42 io=0.018s 7.9GB/s]
[prefill gpuq busy=0.033s(71%) idle=0.013s(29%) span=0.046s buffers=168]
[prefill host enc.front=0.002s(2%) wait.front=0.024s(31%) drain=0.001s(1%) route=0.000s(0%) meta=0.000s(0%) fetch=0.047s(60%) enc.moe=0.001s(1%) tail=0.000s(0%) head=0.004s(5%) other=0.000s(1%) call=0.078s | tiles=78 ahead=78 experts=380 miss=81 io=0.047s 6.0GB/s]
[prefill gpuq busy=0.034s(43%) idle=0.044s(57%) span=0.078s buffers=169]
[prefill host enc.front=0.002s(3%) wait.front=0.021s(38%) drain=0.000s(1%) route=0.000s(0%) meta=0.000s(0%) fetch=0.026s(48%) enc.moe=0.001s(1%) tail=0.000s(0%) head=0.004s(7%) other=0.000s(1%) call=0.054s | tiles=73 ahead=73 experts=338 miss=55 io=0.026s 7.3GB/s]
[prefill gpuq busy=0.030s(57%) idle=0.023s(43%) span=0.053s buffers=164]
[prefill host enc.front=0.002s(3%) wait.front=0.020s(44%) drain=0.000s(1%) route=0.000s(0%) meta=0.000s(0%) fetch=0.020s(42%) enc.moe=0.001s(1%) tail=0.000s(0%) head=0.004s(8%) other=0.000s(1%) call=0.047s | tiles=76 ahead=76 experts=346 miss=34 io=0.020s 6.0GB/s]
[prefill gpuq busy=0.031s(66%) idle=0.016s(34%) span=0.046s buffers=167]
[prefill host enc.front=0.002s(4%) wait.front=0.019s(47%) drain=0.000s(1%) route=0.000s(0%) meta=0.000s(0%) fetch=0.014s(35%) enc.moe=0.001s(1%) tail=0.000s(0%) head=0.004s(10%) other=0.000s(1%) call=0.041s | tiles=70 ahead=70 experts=305 miss=26 io=0.015s 6.2GB/s]
[prefill gpuq busy=0.030s(74%) idle=0.011s(26%) span=0.041s buffers=161]
[prefill host enc.front=0.002s(4%) wait.front=0.021s(59%) drain=0.001s(1%) route=0.000s(1%) meta=0.000s(0%) fetch=0.008s(22%) enc.moe=0.000s(1%) tail=0.000s(0%) head=0.004s(10%) other=0.000s(1%) call=0.035s | tiles=64 ahead=64 experts=302 miss=17 io=0.008s 7.4GB/s]
[prefill gpuq busy=0.029s(83%) idle=0.006s(17%) span=0.035s buffers=155]
[prefill host enc.front=0.002s(4%) wait.front=0.020s(56%) drain=0.001s(1%) route=0.000s(1%) meta=0.000s(0%) fetch=0.009s(26%) enc.moe=0.000s(1%) tail=0.000s(0%) head=0.004s(10%) other=0.000s(1%) call=0.036s | tiles=63 ahead=63 experts=294 miss=22 io=0.009s 8.1GB/s]
[prefill gpuq busy=0.029s(80%) idle=0.007s(20%) span=0.036s buffers=154]
[prefill host enc.front=0.002s(4%) wait.front=0.021s(58%) drain=0.000s(1%) route=0.000s(0%) meta=0.000s(0%) fetch=0.008s(23%) enc.moe=0.000s(1%) tail=0.000s(0%) head=0.004s(11%) other=0.000s(1%) call=0.037s | tiles=67 ahead=67 experts=304 miss=19 io=0.008s 7.9GB/s]
[prefill gpuq busy=0.029s(80%) idle=0.007s(20%) span=0.036s buffers=158]
[prefill host enc.front=0.002s(4%) wait.front=0.021s(50%) drain=0.000s(1%) route=0.000s(0%) meta=0.000s(0%) fetch=0.014s(33%) enc.moe=0.001s(1%) tail=0.000s(0%) head=0.004s(9%) other=0.000s(1%) call=0.041s | tiles=74 ahead=74 experts=357 miss=26 io=0.014s 6.5GB/s]
[prefill gpuq busy=0.031s(75%) idle=0.010s(25%) span=0.041s buffers=165]
[prefill host enc.front=0.002s(4%) wait.front=0.020s(45%) drain=0.000s(1%) route=0.000s(0%) meta=0.000s(0%) fetch=0.017s(40%) enc.moe=0.001s(1%) tail=0.000s(0%) head=0.004s(8%) other=0.000s(1%) call=0.044s | tiles=74 ahead=74 experts=330 miss=36 io=0.018s 7.1GB/s]
[prefill gpuq busy=0.031s(72%) idle=0.012s(28%) span=0.044s buffers=165]
[prefill host enc.front=0.002s(5%) wait.front=0.021s(58%) drain=0.000s(1%) route=0.000s(0%) meta=0.000s(0%) fetch=0.007s(21%) enc.moe=0.000s(1%) tail=0.000s(0%) head=0.004s(12%) other=0.000s(1%) call=0.035s | tiles=67 ahead=67 experts=308 miss=22 io=0.008s 10.1GB/s]
[prefill gpuq busy=0.030s(85%) idle=0.005s(15%) span=0.035s buffers=158]
[prefill host enc.front=0.002s(5%) wait.front=0.022s(66%) drain=0.000s(1%) route=0.000s(1%) meta=0.000s(0%) fetch=0.005s(15%) enc.moe=0.000s(1%) tail=0.000s(0%) head=0.004s(11%) other=0.000s(1%) call=0.033s | tiles=66 ahead=66 experts=319 miss=11 io=0.005s 7.9GB/s]
[prefill gpuq busy=0.029s(89%) idle=0.004s(11%) span=0.033s buffers=157]
[prefill host enc.front=0.002s(4%) wait.front=0.021s(53%) drain=0.000s(1%) route=0.000s(0%) meta=0.000s(0%) fetch=0.011s(29%) enc.moe=0.001s(1%) tail=0.000s(0%) head=0.004s(9%) other=0.000s(1%) call=0.039s | tiles=71 ahead=71 experts=337 miss=22 io=0.011s 6.8GB/s]
[prefill gpuq busy=0.031s(80%) idle=0.008s(20%) span=0.039s buffers=162]
[prefill host enc.front=0.002s(4%) wait.front=0.020s(49%) drain=0.000s(1%) route=0.000s(0%) meta=0.000s(0%) fetch=0.013s(33%) enc.moe=0.001s(1%) tail=0.000s(0%) head=0.004s(10%) other=0.000s(1%) call=0.041s | tiles=74 ahead=74 experts=344 miss=21 io=0.013s 5.4GB/s]
[prefill gpuq busy=0.031s(76%) idle=0.010s(24%) span=0.040s buffers=165]
[prefill host enc.front=0.002s(4%) wait.front=0.020s(51%) drain=0.000s(1%) route=0.000s(1%) meta=0.000s(0%) fetch=0.012s(31%) enc.moe=0.001s(1%) tail=0.000s(0%) head=0.004s(9%) other=0.000s(1%) call=0.039s | tiles=75 ahead=75 experts=352 miss=31 io=0.012s 8.8GB/s]
[prefill gpuq busy=0.031s(81%) idle=0.007s(19%) span=0.039s buffers=166]
[prefill host enc.front=0.002s(4%) wait.front=0.020s(50%) drain=0.001s(1%) route=0.000s(0%) meta=0.000s(0%) fetch=0.013s(32%) enc.moe=0.001s(1%) tail=0.000s(0%) head=0.004s(10%) other=0.000s(1%) call=0.040s | tiles=72 ahead=72 experts=316 miss=29 io=0.013s 7.6GB/s]
[prefill gpuq busy=0.031s(76%) idle=0.010s(24%) span=0.040s buffers=163]
[prefill host enc.front=0.002s(4%) wait.front=0.021s(60%) drain=0.000s(1%) route=0.000s(0%) meta=0.000s(0%) fetch=0.007s(21%) enc.moe=0.000s(1%) tail=0.000s(0%) head=0.004s(10%) other=0.000s(1%) call=0.035s | tiles=64 ahead=64 experts=310 miss=14 io=0.007s 6.6GB/s]
[prefill gpuq busy=0.029s(83%) idle=0.006s(17%) span=0.035s buffers=155]
[prefill host enc.front=0.002s(4%) wait.front=0.020s(49%) drain=0.000s(1%) route=0.000s(0%) meta=0.000s(0%) fetch=0.014s(34%) enc.moe=0.001s(1%) tail=0.000s(0%) head=0.004s(10%) other=0.000s(1%) call=0.041s | tiles=67 ahead=67 experts=306 miss=32 io=0.014s 7.8GB/s]
[prefill gpuq busy=0.031s(75%) idle=0.010s(25%) span=0.041s buffers=158]
[prefill host enc.front=0.002s(5%) wait.front=0.021s(61%) drain=0.000s(1%) route=0.000s(0%) meta=0.000s(0%) fetch=0.007s(20%) enc.moe=0.000s(1%) tail=0.000s(0%) head=0.004s(10%) other=0.000s(1%) call=0.035s | tiles=68 ahead=68 experts=314 miss=19 io=0.007s 9.5GB/s]
[prefill gpuq busy=0.029s(85%) idle=0.005s(15%) span=0.034s buffers=159]
[prefill host enc.front=0.002s(4%) wait.front=0.021s(59%) drain=0.000s(1%) route=0.000s(0%) meta=0.000s(0%) fetch=0.008s(22%) enc.moe=0.000s(1%) tail=0.000s(0%) head=0.004s(10%) other=0.000s(1%) call=0.036s | tiles=63 ahead=63 experts=296 miss=17 io=0.008s 7.3GB/s]
[prefill gpuq busy=0.029s(82%) idle=0.006s(18%) span=0.035s buffers=154]
[prefill host enc.front=0.002s(5%) wait.front=0.021s(65%) drain=0.000s(2%) route=0.000s(1%) meta=0.000s(0%) fetch=0.005s(14%) enc.moe=0.000s(1%) tail=0.000s(0%) head=0.004s(11%) other=0.000s(1%) call=0.033s | tiles=62 ahead=62 experts=299 miss=11 io=0.005s 8.2GB/s]
[prefill gpuq busy=0.029s(89%) idle=0.004s(11%) span=0.032s buffers=153]
[prefill host enc.front=0.002s(5%) wait.front=0.021s(59%) drain=0.000s(1%) route=0.000s(0%) meta=0.000s(0%) fetch=0.007s(21%) enc.moe=0.000s(1%) tail=0.000s(0%) head=0.004s(10%) other=0.000s(1%) call=0.035s | tiles=67 ahead=67 experts=298 miss=11 io=0.007s 5.1GB/s]
[prefill gpuq busy=0.029s(84%) idle=0.005s(16%) span=0.034s buffers=158]
[prefill host enc.front=0.002s(4%) wait.front=0.021s(56%) drain=0.001s(2%) route=0.000s(0%) meta=0.000s(0%) fetch=0.010s(26%) enc.moe=0.001s(1%) tail=0.000s(0%) head=0.004s(9%) other=0.000s(1%) call=0.038s | tiles=74 ahead=74 experts=358 miss=23 io=0.010s 8.1GB/s]
[prefill gpuq busy=0.031s(83%) idle=0.006s(17%) span=0.038s buffers=165]
[prefill host enc.front=0.002s(4%) wait.front=0.021s(51%) drain=0.000s(1%) route=0.000s(1%) meta=0.000s(0%) fetch=0.012s(30%) enc.moe=0.001s(2%) tail=0.000s(0%) head=0.004s(10%) other=0.000s(1%) call=0.040s | tiles=75 ahead=75 experts=392 miss=44 io=0.012s 12.4GB/s]
[prefill gpuq busy=0.033s(83%) idle=0.007s(17%) span=0.040s buffers=166]
[prefill host enc.front=0.002s(4%) wait.front=0.020s(51%) drain=0.000s(1%) route=0.000s(0%) meta=0.000s(0%) fetch=0.012s(31%) enc.moe=0.001s(1%) tail=0.000s(0%) head=0.004s(10%) other=0.000s(1%) call=0.039s | tiles=72 ahead=72 experts=320 miss=23 io=0.012s 6.5GB/s]
[prefill gpuq busy=0.030s(78%) idle=0.009s(22%) span=0.039s buffers=163]
[prefill host enc.front=0.002s(4%) wait.front=0.021s(53%) drain=0.001s(1%) route=0.000s(1%) meta=0.000s(0%) fetch=0.011s(29%) enc.moe=0.001s(1%) tail=0.000s(0%) head=0.004s(9%) other=0.000s(1%) call=0.039s | tiles=74 ahead=74 experts=345 miss=24 io=0.011s 7.3GB/s]
[prefill gpuq busy=0.031s(80%) idle=0.008s(20%) span=0.039s buffers=165]
[prefill host enc.front=0.002s(4%) wait.front=0.019s(50%) drain=0.000s(1%) route=0.000s(1%) meta=0.000s(0%) fetch=0.013s(33%) enc.moe=0.001s(1%) tail=0.000s(0%) head=0.004s(9%) other=0.000s(1%) call=0.039s | tiles=72 ahead=72 experts=320 miss=30 io=0.013s 8.1GB/s]
[prefill gpuq busy=0.030s(77%) idle=0.009s(23%) span=0.039s buffers=163]
[prefill host enc.front=0.002s(4%) wait.front=0.021s(57%) drain=0.000s(1%) route=0.000s(0%) meta=0.000s(0%) fetch=0.009s(23%) enc.moe=0.000s(1%) tail=0.000s(0%) head=0.004s(11%) other=0.000s(1%) call=0.037s | tiles=69 ahead=69 experts=324 miss=17 io=0.009s 6.7GB/s]
[prefill gpuq busy=0.031s(82%) idle=0.007s(18%) span=0.037s buffers=160]
[prefill host enc.front=0.002s(4%) wait.front=0.021s(56%) drain=0.000s(1%) route=0.000s(0%) meta=0.000s(0%) fetch=0.009s(25%) enc.moe=0.000s(1%) tail=0.000s(0%) head=0.004s(11%) other=0.000s(1%) call=0.037s | tiles=59 ahead=59 experts=287 miss=23 io=0.009s 8.5GB/s]
[prefill gpuq busy=0.030s(80%) idle=0.008s(20%) span=0.037s buffers=150]
[prefill host enc.front=0.002s(4%) wait.front=0.020s(48%) drain=0.000s(1%) route=0.000s(0%) meta=0.000s(0%) fetch=0.015s(35%) enc.moe=0.001s(1%) tail=0.000s(0%) head=0.004s(8%) other=0.000s(1%) call=0.042s | tiles=73 ahead=73 experts=344 miss=33 io=0.015s 7.7GB/s]
[prefill gpuq busy=0.031s(74%) idle=0.011s(26%) span=0.041s buffers=164]
[prefill host enc.front=0.002s(4%) wait.front=0.020s(56%) drain=0.000s(1%) route=0.000s(0%) meta=0.000s(0%) fetch=0.010s(26%) enc.moe=0.000s(1%) tail=0.000s(0%) head=0.004s(10%) other=0.000s(1%) call=0.036s | tiles=69 ahead=69 experts=308 miss=21 io=0.010s 7.6GB/s]
[prefill gpuq busy=0.030s(83%) idle=0.006s(17%) span=0.036s buffers=160]
[prefill host enc.front=0.002s(4%) wait.front=0.021s(52%) drain=0.000s(1%) route=0.000s(0%) meta=0.000s(0%) fetch=0.013s(31%) enc.moe=0.001s(1%) tail=0.000s(0%) head=0.004s(9%) other=0.000s(1%) call=0.041s | tiles=73 ahead=73 experts=347 miss=27 io=0.013s 7.3GB/s]
[prefill gpuq busy=0.031s(77%) idle=0.009s(23%) span=0.040s buffers=164]
[prefill host enc.front=0.002s(4%) wait.front=0.021s(60%) drain=0.000s(1%) route=0.000s(1%) meta=0.000s(0%) fetch=0.007s(21%) enc.moe=0.000s(1%) tail=0.000s(0%) head=0.004s(11%) other=0.000s(1%) call=0.034s | tiles=71 ahead=71 experts=351 miss=17 io=0.007s 8.2GB/s]
[prefill gpuq busy=0.031s(91%) idle=0.003s(9%) span=0.034s buffers=162]
[prefill host enc.front=0.002s(4%) wait.front=0.020s(53%) drain=0.000s(1%) route=0.000s(1%) meta=0.000s(0%) fetch=0.011s(29%) enc.moe=0.000s(1%) tail=0.000s(0%) head=0.004s(10%) other=0.000s(1%) call=0.038s | tiles=65 ahead=65 experts=311 miss=29 io=0.011s 9.1GB/s]
[prefill gpuq busy=0.030s(79%) idle=0.008s(21%) span=0.038s buffers=156]
[prefill host enc.front=0.002s(4%) wait.front=0.019s(43%) drain=0.000s(1%) route=0.000s(0%) meta=0.000s(0%) fetch=0.018s(42%) enc.moe=0.001s(1%) tail=0.000s(0%) head=0.003s(8%) other=0.000s(1%) call=0.044s | tiles=73 ahead=73 experts=311 miss=33 io=0.018s 6.2GB/s]
[prefill gpuq busy=0.030s(70%) idle=0.013s(30%) span=0.043s buffers=164]
[prefill host enc.front=0.002s(4%) wait.front=0.020s(56%) drain=0.000s(1%) route=0.000s(0%) meta=0.000s(0%) fetch=0.009s(25%) enc.moe=0.001s(1%) tail=0.000s(0%) head=0.004s(11%) other=0.000s(1%) call=0.036s | tiles=72 ahead=72 experts=328 miss=20 io=0.009s 7.7GB/s]
[prefill gpuq busy=0.031s(86%) idle=0.005s(14%) span=0.036s buffers=163]
[prefill host enc.front=0.002s(4%) wait.front=0.020s(50%) drain=0.001s(1%) route=0.000s(0%) meta=0.000s(0%) fetch=0.014s(33%) enc.moe=0.001s(1%) tail=0.000s(0%) head=0.004s(9%) other=0.000s(1%) call=0.041s | tiles=75 ahead=75 experts=337 miss=33 io=0.014s 8.3GB/s]
[prefill gpuq busy=0.031s(76%) idle=0.010s(24%) span=0.041s buffers=166]
[prefill host enc.front=0.002s(4%) wait.front=0.020s(49%) drain=0.000s(1%) route=0.000s(0%) meta=0.000s(0%) fetch=0.013s(34%) enc.moe=0.001s(1%) tail=0.000s(0%) head=0.004s(9%) other=0.000s(1%) call=0.040s | tiles=65 ahead=65 experts=298 miss=28 io=0.014s 7.2GB/s]
[prefill gpuq busy=0.029s(73%) idle=0.010s(27%) span=0.039s buffers=156]
[prefill host enc.front=0.002s(4%) wait.front=0.020s(47%) drain=0.001s(1%) route=0.000s(0%) meta=0.000s(0%) fetch=0.015s(36%) enc.moe=0.001s(1%) tail=0.000s(0%) head=0.004s(8%) other=0.000s(1%) call=0.042s | tiles=77 ahead=77 experts=331 miss=42 io=0.016s 9.3GB/s]
[prefill gpuq busy=0.032s(75%) idle=0.010s(25%) span=0.042s buffers=168]
[prefill host enc.front=0.002s(4%) wait.front=0.020s(53%) drain=0.000s(1%) route=0.000s(0%) meta=0.000s(0%) fetch=0.011s(29%) enc.moe=0.001s(1%) tail=0.000s(0%) head=0.004s(10%) other=0.000s(1%) call=0.037s | tiles=71 ahead=71 experts=326 miss=23 io=0.011s 7.2GB/s]
[prefill gpuq busy=0.030s(80%) idle=0.007s(20%) span=0.037s buffers=162]
[prefill host enc.front=0.002s(4%) wait.front=0.022s(57%) drain=0.000s(1%) route=0.000s(0%) meta=0.000s(0%) fetch=0.009s(24%) enc.moe=0.000s(1%) tail=0.000s(0%) head=0.004s(10%) other=0.000s(1%) call=0.038s | tiles=66 ahead=66 experts=315 miss=24 io=0.009s 9.1GB/s]
[prefill gpuq busy=0.030s(81%) idle=0.007s(19%) span=0.037s buffers=157]
[prefill host enc.front=0.002s(4%) wait.front=0.020s(54%) drain=0.000s(1%) route=0.000s(1%) meta=0.000s(0%) fetch=0.010s(27%) enc.moe=0.000s(1%) tail=0.000s(0%) head=0.004s(10%) other=0.000s(1%) call=0.037s | tiles=58 ahead=58 experts=287 miss=28 io=0.010s 9.5GB/s]
[prefill gpuq busy=0.029s(79%) idle=0.008s(21%) span=0.037s buffers=149]
[prefill host enc.front=0.002s(4%) wait.front=0.022s(63%) drain=0.000s(1%) route=0.000s(0%) meta=0.000s(0%) fetch=0.006s(18%) enc.moe=0.000s(1%) tail=0.000s(0%) head=0.004s(10%) other=0.000s(1%) call=0.035s | tiles=64 ahead=64 experts=309 miss=14 io=0.007s 7.4GB/s]
[prefill gpuq busy=0.029s(84%) idle=0.006s(16%) span=0.035s buffers=155]
[prefill host enc.front=0.002s(4%) wait.front=0.020s(53%) drain=0.000s(1%) route=0.000s(0%) meta=0.000s(0%) fetch=0.011s(28%) enc.moe=0.001s(1%) tail=0.000s(0%) head=0.004s(10%) other=0.000s(1%) call=0.038s | tiles=71 ahead=71 experts=309 miss=24 io=0.011s 7.6GB/s]
[prefill gpuq busy=0.030s(80%) idle=0.007s(20%) span=0.038s buffers=162]
[prefill host enc.front=0.002s(4%) wait.front=0.020s(54%) drain=0.001s(1%) route=0.000s(1%) meta=0.000s(0%) fetch=0.010s(28%) enc.moe=0.001s(1%) tail=0.000s(0%) head=0.004s(10%) other=0.000s(1%) call=0.037s | tiles=71 ahead=71 experts=314 miss=18 io=0.010s 6.0GB/s]
[prefill gpuq busy=0.030s(81%) idle=0.007s(19%) span=0.037s buffers=162]
[prefill host enc.front=0.002s(4%) wait.front=0.021s(56%) drain=0.001s(2%) route=0.000s(0%) meta=0.000s(0%) fetch=0.010s(26%) enc.moe=0.001s(1%) tail=0.000s(0%) head=0.004s(9%) other=0.000s(1%) call=0.038s | tiles=67 ahead=67 experts=330 miss=32 io=0.010s 11.3GB/s]
[prefill gpuq busy=0.031s(82%) idle=0.007s(18%) span=0.038s buffers=158]
[prefill host enc.front=0.002s(4%) wait.front=0.019s(47%) drain=0.000s(1%) route=0.000s(0%) meta=0.000s(0%) fetch=0.015s(37%) enc.moe=0.001s(1%) tail=0.000s(0%) head=0.004s(9%) other=0.000s(1%) call=0.041s | tiles=77 ahead=77 experts=372 miss=24 io=0.015s 5.5GB/s]
[prefill gpuq busy=0.032s(78%) idle=0.009s(22%) span=0.041s buffers=168]
[prefill host enc.front=0.002s(4%) wait.front=0.020s(47%) drain=0.000s(1%) route=0.000s(1%) meta=0.000s(0%) fetch=0.015s(35%) enc.moe=0.001s(2%) tail=0.000s(0%) head=0.004s(9%) other=0.000s(1%) call=0.043s | tiles=79 ahead=79 experts=390 miss=49 io=0.015s 11.4GB/s]
[prefill gpuq busy=0.034s(80%) idle=0.009s(20%) span=0.042s buffers=170]
[prefill host enc.front=0.002s(4%) wait.front=0.020s(48%) drain=0.000s(1%) route=0.000s(1%) meta=0.000s(0%) fetch=0.015s(35%) enc.moe=0.001s(1%) tail=0.000s(0%) head=0.004s(9%) other=0.000s(1%) call=0.041s | tiles=63 ahead=63 experts=290 miss=34 io=0.015s 8.1GB/s]
[prefill gpuq busy=0.030s(73%) idle=0.011s(27%) span=0.041s buffers=154]
[prefill host enc.front=0.002s(5%) wait.front=0.022s(62%) drain=0.000s(1%) route=0.000s(1%) meta=0.000s(0%) fetch=0.007s(19%) enc.moe=0.001s(1%) tail=0.000s(0%) head=0.004s(10%) other=0.000s(1%) call=0.036s | tiles=67 ahead=67 experts=331 miss=14 io=0.007s 7.1GB/s]
[prefill gpuq busy=0.031s(88%) idle=0.004s(12%) span=0.035s buffers=158]
[prefill host enc.front=0.002s(4%) wait.front=0.019s(48%) drain=0.001s(2%) route=0.000s(0%) meta=0.000s(0%) fetch=0.013s(33%) enc.moe=0.001s(1%) tail=0.000s(0%) head=0.004s(10%) other=0.000s(1%) call=0.040s | tiles=72 ahead=72 experts=319 miss=35 io=0.013s 9.1GB/s]
[prefill gpuq busy=0.031s(78%) idle=0.009s(22%) span=0.040s buffers=163]
[prefill host enc.front=0.002s(5%) wait.front=0.021s(60%) drain=0.000s(1%) route=0.000s(1%) meta=0.000s(0%) fetch=0.007s(20%) enc.moe=0.000s(1%) tail=0.000s(0%) head=0.004s(10%) other=0.000s(1%) call=0.035s | tiles=67 ahead=67 experts=306 miss=19 io=0.007s 9.1GB/s]
[prefill gpuq busy=0.030s(86%) idle=0.005s(14%) span=0.035s buffers=158]
[prefill host enc.front=0.002s(4%) wait.front=0.021s(60%) drain=0.001s(1%) route=0.000s(0%) meta=0.000s(0%) fetch=0.007s(20%) enc.moe=0.000s(1%) tail=0.000s(0%) head=0.004s(11%) other=0.000s(1%) call=0.035s | tiles=67 ahead=67 experts=301 miss=11 io=0.007s 5.5GB/s]
[prefill gpuq busy=0.030s(86%) idle=0.005s(14%) span=0.035s buffers=158]
[prefill host enc.front=0.002s(4%) wait.front=0.021s(60%) drain=0.000s(1%) route=0.000s(0%) meta=0.000s(0%) fetch=0.008s(22%) enc.moe=0.000s(1%) tail=0.000s(0%) head=0.004s(10%) other=0.000s(1%) call=0.035s | tiles=64 ahead=64 experts=332 miss=18 io=0.008s 7.9GB/s]
[prefill gpuq busy=0.030s(85%) idle=0.005s(15%) span=0.035s buffers=155]
[prefill host enc.front=0.002s(4%) wait.front=0.020s(53%) drain=0.000s(1%) route=0.000s(1%) meta=0.000s(0%) fetch=0.010s(28%) enc.moe=0.001s(1%) tail=0.000s(0%) head=0.004s(10%) other=0.000s(1%) call=0.037s | tiles=72 ahead=72 experts=325 miss=28 io=0.010s 9.4GB/s]
[prefill gpuq busy=0.031s(83%) idle=0.006s(17%) span=0.037s buffers=163]
[prefill host enc.front=0.002s(5%) wait.front=0.018s(56%) drain=0.001s(2%) route=0.000s(1%) meta=0.000s(0%) fetch=0.008s(24%) enc.moe=0.000s(1%) tail=0.000s(0%) head=0.003s(11%) other=0.000s(1%) call=0.033s | tiles=64 ahead=64 experts=291 miss=22 io=0.008s 9.7GB/s]
[prefill gpuq busy=0.028s(86%) idle=0.005s(14%) span=0.033s buffers=155]
[prefill host enc.front=0.002s(5%) wait.front=0.019s(59%) drain=0.000s(1%) route=0.000s(1%) meta=0.000s(0%) fetch=0.006s(20%) enc.moe=0.000s(1%) tail=0.000s(0%) head=0.004s(11%) other=0.000s(1%) call=0.032s | tiles=65 ahead=65 experts=329 miss=15 io=0.006s 8.0GB/s]
[prefill gpuq busy=0.029s(92%) idle=0.002s(8%) span=0.031s buffers=156]
[prefill host enc.front=0.001s(5%) wait.front=0.019s(61%) drain=0.000s(1%) route=0.000s(1%) meta=0.000s(0%) fetch=0.005s(18%) enc.moe=0.000s(1%) tail=0.000s(0%) head=0.003s(11%) other=0.000s(1%) call=0.031s | tiles=67 ahead=67 experts=306 miss=13 io=0.005s 8.2GB/s]
[prefill gpuq busy=0.028s(93%) idle=0.002s(7%) span=0.030s buffers=158]
[prefill host enc.front=0.002s(5%) wait.front=0.020s(56%) drain=0.000s(1%) route=0.000s(1%) meta=0.000s(0%) fetch=0.008s(24%) enc.moe=0.000s(1%) tail=0.000s(0%) head=0.004s(10%) other=0.000s(1%) call=0.035s | tiles=66 ahead=66 experts=306 miss=20 io=0.009s 8.1GB/s]
[prefill gpuq busy=0.029s(85%) idle=0.005s(15%) span=0.035s buffers=157]
[prefill host enc.front=0.002s(4%) wait.front=0.020s(46%) drain=0.000s(1%) route=0.000s(0%) meta=0.000s(0%) fetch=0.016s(37%) enc.moe=0.001s(1%) tail=0.000s(0%) head=0.004s(9%) other=0.000s(1%) call=0.043s | tiles=76 ahead=76 experts=358 miss=39 io=0.016s 8.5GB/s]
[prefill gpuq busy=0.032s(76%) idle=0.010s(24%) span=0.042s buffers=167]
[prefill host enc.front=0.002s(4%) wait.front=0.019s(46%) drain=0.000s(1%) route=0.000s(0%) meta=0.000s(0%) fetch=0.015s(37%) enc.moe=0.001s(1%) tail=0.000s(0%) head=0.004s(9%) other=0.000s(1%) call=0.040s | tiles=70 ahead=70 experts=304 miss=30 io=0.016s 6.5GB/s]
[prefill gpuq busy=0.029s(73%) idle=0.011s(27%) span=0.040s buffers=161]
[prefill host enc.front=0.002s(4%) wait.front=0.020s(54%) drain=0.000s(1%) route=0.000s(1%) meta=0.000s(0%) fetch=0.010s(28%) enc.moe=0.001s(1%) tail=0.000s(0%) head=0.004s(10%) other=0.000s(1%) call=0.037s | tiles=66 ahead=66 experts=313 miss=30 io=0.011s 9.1GB/s]
[prefill gpuq busy=0.031s(82%) idle=0.007s(18%) span=0.037s buffers=157]
[prefill host enc.front=0.002s(4%) wait.front=0.019s(48%) drain=0.001s(1%) route=0.000s(1%) meta=0.000s(0%) fetch=0.013s(33%) enc.moe=0.001s(2%) tail=0.000s(0%) head=0.004s(10%) other=0.000s(1%) call=0.040s | tiles=75 ahead=75 experts=366 miss=31 io=0.013s 8.2GB/s]
[prefill gpuq busy=0.032s(80%) idle=0.008s(20%) span=0.040s buffers=166]
[prefill host enc.front=0.002s(4%) wait.front=0.019s(45%) drain=0.000s(1%) route=0.000s(1%) meta=0.000s(0%) fetch=0.016s(38%) enc.moe=0.001s(1%) tail=0.000s(0%) head=0.004s(8%) other=0.000s(1%) call=0.042s | tiles=64 ahead=64 experts=315 miss=70 io=0.016s 14.9GB/s]
[prefill gpuq busy=0.031s(75%) idle=0.011s(25%) span=0.042s buffers=155]
[prefill host enc.front=0.002s(4%) wait.front=0.019s(50%) drain=0.000s(1%) route=0.000s(1%) meta=0.000s(0%) fetch=0.012s(31%) enc.moe=0.001s(1%) tail=0.000s(0%) head=0.003s(9%) other=0.000s(1%) call=0.038s | tiles=65 ahead=65 experts=316 miss=44 io=0.012s 12.6GB/s]
[prefill gpuq busy=0.030s(80%) idle=0.008s(20%) span=0.038s buffers=156]
[prefill host enc.front=0.002s(5%) wait.front=0.020s(56%) drain=0.000s(1%) route=0.000s(1%) meta=0.000s(0%) fetch=0.009s(25%) enc.moe=0.000s(1%) tail=0.000s(0%) head=0.003s(10%) other=0.000s(1%) call=0.035s | tiles=64 ahead=64 experts=311 miss=22 io=0.009s 8.8GB/s]
[prefill gpuq busy=0.030s(85%) idle=0.005s(15%) span=0.035s buffers=155]
[prefill host enc.front=0.002s(4%) wait.front=0.020s(55%) drain=0.000s(1%) route=0.000s(1%) meta=0.000s(0%) fetch=0.010s(27%) enc.moe=0.001s(1%) tail=0.000s(0%) head=0.004s(10%) other=0.000s(1%) call=0.037s | tiles=70 ahead=70 experts=317 miss=32 io=0.010s 11.0GB/s]
[prefill gpuq busy=0.031s(84%) idle=0.006s(16%) span=0.037s buffers=161]
[prefill host enc.front=0.002s(4%) wait.front=0.020s(43%) drain=0.000s(1%) route=0.000s(0%) meta=0.000s(0%) fetch=0.018s(41%) enc.moe=0.001s(1%) tail=0.000s(0%) head=0.004s(8%) other=0.000s(1%) call=0.045s | tiles=79 ahead=79 experts=351 miss=47 io=0.018s 8.8GB/s]
[prefill gpuq busy=0.032s(72%) idle=0.012s(28%) span=0.045s buffers=170]
[prefill host enc.front=0.002s(4%) wait.front=0.021s(59%) drain=0.001s(1%) route=0.000s(0%) meta=0.000s(0%) fetch=0.007s(21%) enc.moe=0.000s(1%) tail=0.000s(0%) head=0.004s(10%) other=0.000s(1%) call=0.035s | tiles=69 ahead=69 experts=339 miss=15 io=0.007s 6.9GB/s]
[prefill gpuq busy=0.031s(89%) idle=0.004s(11%) span=0.034s buffers=160]
[prefill host enc.front=0.002s(4%) wait.front=0.021s(60%) drain=0.000s(1%) route=0.000s(0%) meta=0.000s(0%) fetch=0.008s(21%) enc.moe=0.001s(1%) tail=0.000s(0%) head=0.004s(10%) other=0.000s(1%) call=0.036s | tiles=69 ahead=69 experts=323 miss=21 io=0.008s 9.4GB/s]
[prefill gpuq busy=0.030s(85%) idle=0.005s(15%) span=0.036s buffers=160]
[prefill host enc.front=0.002s(5%) wait.front=0.021s(63%) drain=0.000s(1%) route=0.000s(0%) meta=0.000s(0%) fetch=0.006s(18%) enc.moe=0.000s(1%) tail=0.000s(0%) head=0.004s(11%) other=0.000s(1%) call=0.034s | tiles=64 ahead=64 experts=293 miss=13 io=0.006s 7.1GB/s]
[prefill gpuq busy=0.029s(85%) idle=0.005s(15%) span=0.034s buffers=155]
[prefill host enc.front=0.002s(4%) wait.front=0.020s(59%) drain=0.000s(1%) route=0.000s(1%) meta=0.000s(0%) fetch=0.008s(22%) enc.moe=0.001s(1%) tail=0.000s(0%) head=0.004s(10%) other=0.000s(1%) call=0.035s | tiles=72 ahead=72 experts=325 miss=15 io=0.008s 6.7GB/s]
[prefill gpuq busy=0.030s(88%) idle=0.004s(12%) span=0.035s buffers=163]
[prefill host enc.front=0.002s(4%) wait.front=0.020s(54%) drain=0.001s(2%) route=0.000s(0%) meta=0.000s(0%) fetch=0.009s(25%) enc.moe=0.001s(1%) tail=0.000s(0%) head=0.004s(11%) other=0.000s(1%) call=0.037s | tiles=68 ahead=68 experts=322 miss=27 io=0.009s 9.9GB/s]
[prefill gpuq busy=0.030s(82%) idle=0.007s(18%) span=0.037s buffers=159]

[stop=maxTokens prefill=371tok new=192tok decode=5.51s tok/s=34.822]
[load=0.735s layerVerify=0.000s/30layers prefill=4.308s ttft=4.308s peak=4.96GB rss=3.20GB]
[expert prefill hit=0.0% 0/2785 io=1.703s | decode hit=90.6% 33081/36507 io=1.931s]
[vision images=1 soft=266 tower=1.807s towerLoad=0.002s]
[decode/tok io=0.00ms cb1=0.00ms cb2=0.00ms head=0.00ms]
[mtp bs=2 rounds=113 accept=0.690/1 tok/round=1.699 draft=0.418s verify=5.085s accepted=35,78]
