[prefill host enc.front=0.002s(0%) wait.front=0.533s(21%) drain=0.000s(0%) route=0.006s(0%) wait.shared=0.109s(4%) meta=0.000s(0%) fetch=1.787s(70%) enc.moe=0.013s(1%) wait.tile=0.088s(3%) tail=0.014s(1%) head=0.004s(0%) other=0.005s(0%) call=2.562s | tiles=393 ahead=0 experts=0 miss=0 io=0.000s 0.0GB/s]
[prefill gpuq busy=1.344s(55%) idle=1.087s(45%) span=2.431s buffers=484]
[prefill host enc.front=0.003s(1%) wait.front=0.083s(26%) drain=0.002s(1%) route=0.001s(0%) meta=0.000s(0%) fetch=0.223s(69%) enc.moe=0.003s(1%) tail=0.000s(0%) head=0.005s(1%) other=0.001s(0%) call=0.322s | tiles=83 ahead=83 experts=482 miss=326 io=0.371s 3.0GB/s]
[prefill gpuq busy=0.059s(18%) idle=0.262s(82%) span=0.321s buffers=174]
[prefill host enc.front=0.002s(2%) wait.front=0.035s(30%) drain=0.000s(0%) route=0.000s(0%) meta=0.000s(0%) fetch=0.074s(63%) enc.moe=0.001s(1%) tail=0.000s(0%) head=0.004s(3%) other=0.001s(1%) call=0.117s | tiles=90 ahead=90 experts=477 miss=106 io=0.082s 4.5GB/s]
[prefill gpuq busy=0.057s(49%) idle=0.060s(51%) span=0.117s buffers=181]
[prefill host enc.front=0.002s(2%) wait.front=0.032s(28%) drain=0.001s(0%) route=0.000s(0%) meta=0.000s(0%) fetch=0.074s(65%) enc.moe=0.001s(1%) tail=0.000s(0%) head=0.004s(3%) other=0.001s(0%) call=0.114s | tiles=87 ahead=87 experts=460 miss=88 io=0.074s 4.1GB/s]
[prefill gpuq busy=0.048s(43%) idle=0.065s(57%) span=0.113s buffers=178]
[prefill host enc.front=0.002s(1%) wait.front=0.040s(25%) drain=0.002s(1%) route=0.000s(0%) meta=0.000s(0%) fetch=0.114s(69%) enc.moe=0.001s(1%) tail=0.000s(0%) head=0.005s(3%) other=0.001s(0%) call=0.165s | tiles=92 ahead=92 experts=511 miss=179 io=0.127s 4.9GB/s]
[prefill gpuq busy=0.058s(35%) idle=0.107s(65%) span=0.165s buffers=183]
[prefill host enc.front=0.002s(1%) wait.front=0.029s(19%) drain=0.001s(1%) route=0.000s(0%) meta=0.000s(0%) fetch=0.111s(75%) enc.moe=0.001s(1%) tail=0.000s(0%) head=0.004s(3%) other=0.001s(0%) call=0.149s | tiles=94 ahead=94 experts=540 miss=172 io=0.138s 4.3GB/s]
[prefill gpuq busy=0.043s(29%) idle=0.106s(71%) span=0.149s buffers=185]
[prefill host enc.front=0.002s(1%) wait.front=0.041s(21%) drain=0.001s(0%) route=0.000s(0%) meta=0.000s(0%) fetch=0.143s(73%) enc.moe=0.001s(0%) tail=0.000s(0%) head=0.007s(4%) other=0.001s(0%) call=0.196s | tiles=73 ahead=73 experts=441 miss=220 io=0.188s 4.1GB/s]
[prefill gpuq busy=0.060s(30%) idle=0.136s(70%) span=0.195s buffers=164]
[prefill host enc.front=0.002s(1%) wait.front=0.029s(23%) drain=0.001s(0%) route=0.000s(0%) meta=0.000s(0%) fetch=0.090s(71%) enc.moe=0.001s(1%) tail=0.000s(0%) head=0.004s(3%) other=0.001s(0%) call=0.127s | tiles=94 ahead=94 experts=512 miss=158 io=0.101s 5.4GB/s]
[prefill gpuq busy=0.043s(34%) idle=0.083s(66%) span=0.126s buffers=185]
[prefill host enc.front=0.002s(2%) wait.front=0.023s(28%) drain=0.001s(1%) route=0.000s(0%) meta=0.000s(0%) fetch=0.050s(62%) enc.moe=0.001s(1%) tail=0.000s(0%) head=0.004s(4%) other=0.001s(1%) call=0.082s | tiles=85 ahead=85 experts=436 miss=133 io=0.057s 8.1GB/s]
[prefill gpuq busy=0.041s(50%) idle=0.040s(50%) span=0.081s buffers=176]
[prefill host enc.front=0.002s(2%) wait.front=0.023s(26%) drain=0.000s(0%) route=0.000s(0%) meta=0.000s(0%) fetch=0.055s(64%) enc.moe=0.001s(1%) tail=0.000s(0%) head=0.004s(4%) other=0.001s(1%) call=0.086s | tiles=84 ahead=84 experts=410 miss=122 io=0.059s 7.2GB/s]
[prefill gpuq busy=0.040s(47%) idle=0.045s(53%) span=0.085s buffers=175]
[prefill host enc.front=0.002s(2%) wait.front=0.025s(24%) drain=0.001s(1%) route=0.000s(0%) meta=0.000s(0%) fetch=0.069s(67%) enc.moe=0.001s(1%) tail=0.000s(0%) head=0.004s(3%) other=0.001s(1%) call=0.103s | tiles=97 ahead=97 experts=553 miss=176 io=0.085s 7.1GB/s]
[prefill gpuq busy=0.044s(43%) idle=0.058s(57%) span=0.103s buffers=188]
[prefill host enc.front=0.002s(2%) wait.front=0.024s(26%) drain=0.000s(1%) route=0.000s(0%) meta=0.000s(0%) fetch=0.059s(64%) enc.moe=0.001s(1%) tail=0.000s(0%) head=0.004s(4%) other=0.001s(1%) call=0.092s | tiles=92 ahead=92 experts=553 miss=158 io=0.064s 8.5GB/s]
[prefill gpuq busy=0.045s(49%) idle=0.047s(51%) span=0.091s buffers=183]
[prefill host enc.front=0.002s(2%) wait.front=0.027s(27%) drain=0.001s(1%) route=0.000s(0%) meta=0.000s(0%) fetch=0.064s(65%) enc.moe=0.001s(1%) tail=0.000s(0%) head=0.004s(4%) other=0.001s(1%) call=0.100s | tiles=79 ahead=79 experts=447 miss=162 io=0.069s 8.1GB/s]
[prefill gpuq busy=0.042s(42%) idle=0.058s(58%) span=0.099s buffers=170]
[prefill host enc.front=0.002s(2%) wait.front=0.022s(29%) drain=0.000s(1%) route=0.000s(0%) meta=0.000s(0%) fetch=0.047s(61%) enc.moe=0.001s(1%) tail=0.000s(0%) head=0.004s(5%) other=0.001s(1%) call=0.077s | tiles=91 ahead=91 experts=465 miss=125 io=0.052s 8.3GB/s]
[prefill gpuq busy=0.041s(54%) idle=0.035s(46%) span=0.076s buffers=182]
[prefill host enc.front=0.002s(2%) wait.front=0.022s(26%) drain=0.001s(1%) route=0.000s(0%) meta=0.000s(0%) fetch=0.053s(63%) enc.moe=0.001s(1%) tail=0.000s(0%) head=0.004s(4%) other=0.001s(1%) call=0.083s | tiles=95 ahead=95 experts=578 miss=148 io=0.055s 9.2GB/s]
[prefill gpuq busy=0.045s(54%) idle=0.038s(46%) span=0.083s buffers=186]
[prefill host enc.front=0.002s(2%) wait.front=0.024s(28%) drain=0.001s(1%) route=0.000s(0%) meta=0.000s(0%) fetch=0.051s(62%) enc.moe=0.001s(2%) tail=0.000s(0%) head=0.004s(4%) other=0.001s(1%) call=0.084s | tiles=97 ahead=97 experts=531 miss=151 io=0.056s 9.3GB/s]
[prefill gpuq busy=0.044s(52%) idle=0.040s(48%) span=0.083s buffers=188]
[prefill host enc.front=0.002s(3%) wait.front=0.021s(30%) drain=0.000s(1%) route=0.000s(0%) meta=0.000s(0%) fetch=0.039s(58%) enc.moe=0.001s(1%) tail=0.000s(0%) head=0.004s(5%) other=0.001s(1%) call=0.068s | tiles=85 ahead=85 experts=436 miss=122 io=0.044s 9.6GB/s]
[prefill gpuq busy=0.041s(60%) idle=0.027s(40%) span=0.068s buffers=176]
[prefill host enc.front=0.002s(3%) wait.front=0.023s(29%) drain=0.000s(1%) route=0.000s(0%) meta=0.000s(0%) fetch=0.046s(60%) enc.moe=0.001s(1%) tail=0.000s(0%) head=0.004s(5%) other=0.001s(1%) call=0.077s | tiles=79 ahead=79 experts=413 miss=125 io=0.046s 9.3GB/s]
[prefill gpuq busy=0.040s(53%) idle=0.036s(47%) span=0.076s buffers=170]
[prefill host enc.front=0.002s(3%) wait.front=0.020s(33%) drain=0.000s(1%) route=0.000s(0%) meta=0.000s(0%) fetch=0.032s(53%) enc.moe=0.001s(1%) tail=0.000s(0%) head=0.004s(6%) other=0.000s(1%) call=0.060s | tiles=89 ahead=89 experts=466 miss=89 io=0.032s 9.6GB/s]
[prefill gpuq busy=0.041s(69%) idle=0.018s(31%) span=0.060s buffers=180]
[prefill host enc.front=0.002s(3%) wait.front=0.021s(31%) drain=0.000s(1%) route=0.000s(0%) meta=0.000s(0%) fetch=0.038s(58%) enc.moe=0.001s(1%) tail=0.000s(0%) head=0.004s(5%) other=0.000s(1%) call=0.067s | tiles=90 ahead=90 experts=479 miss=96 io=0.040s 8.2GB/s]
[prefill gpuq busy=0.041s(61%) idle=0.026s(39%) span=0.066s buffers=181]
[prefill host enc.front=0.002s(3%) wait.front=0.019s(35%) drain=0.000s(1%) route=0.000s(0%) meta=0.000s(0%) fetch=0.028s(51%) enc.moe=0.001s(2%) tail=0.000s(0%) head=0.004s(7%) other=0.001s(1%) call=0.054s | tiles=87 ahead=87 experts=459 miss=74 io=0.029s 9.0GB/s]
[prefill gpuq busy=0.040s(74%) idle=0.014s(26%) span=0.054s buffers=178]
[prefill host enc.front=0.002s(2%) wait.front=0.023s(29%) drain=0.000s(1%) route=0.000s(0%) meta=0.000s(0%) fetch=0.047s(60%) enc.moe=0.001s(1%) tail=0.000s(0%) head=0.004s(5%) other=0.001s(1%) call=0.077s | tiles=90 ahead=90 experts=488 miss=123 io=0.049s 8.7GB/s]
[prefill gpuq busy=0.043s(56%) idle=0.034s(44%) span=0.077s buffers=181]
[prefill host enc.front=0.002s(2%) wait.front=0.023s(25%) drain=0.001s(1%) route=0.000s(0%) meta=0.000s(0%) fetch=0.059s(65%) enc.moe=0.001s(1%) tail=0.000s(0%) head=0.004s(4%) other=0.001s(1%) call=0.090s | tiles=91 ahead=91 experts=527 miss=136 io=0.063s 7.5GB/s]
[prefill gpuq busy=0.044s(49%) idle=0.046s(51%) span=0.090s buffers=182]
[prefill host enc.front=0.002s(2%) wait.front=0.021s(22%) drain=0.001s(1%) route=0.000s(0%) meta=0.000s(0%) fetch=0.064s(68%) enc.moe=0.001s(1%) tail=0.000s(0%) head=0.004s(4%) other=0.001s(1%) call=0.094s | tiles=93 ahead=93 experts=560 miss=173 io=0.073s 8.2GB/s]
[prefill gpuq busy=0.044s(47%) idle=0.050s(53%) span=0.094s buffers=184]
[prefill host enc.front=0.002s(1%) wait.front=0.025s(19%) drain=0.001s(1%) route=0.000s(0%) meta=0.000s(0%) fetch=0.102s(75%) enc.moe=0.001s(1%) tail=0.000s(0%) head=0.004s(3%) other=0.001s(1%) call=0.136s | tiles=94 ahead=94 experts=527 miss=188 io=0.130s 5.0GB/s]
[prefill gpuq busy=0.040s(30%) idle=0.096s(70%) span=0.136s buffers=185]
[prefill host enc.front=0.002s(2%) wait.front=0.024s(26%) drain=0.001s(1%) route=0.000s(0%) meta=0.000s(0%) fetch=0.059s(65%) enc.moe=0.001s(1%) tail=0.000s(0%) head=0.004s(4%) other=0.001s(1%) call=0.092s | tiles=85 ahead=85 experts=448 miss=148 io=0.072s 7.1GB/s]
[prefill gpuq busy=0.041s(45%) idle=0.051s(55%) span=0.091s buffers=176]
[prefill host enc.front=0.002s(2%) wait.front=0.022s(27%) drain=0.001s(1%) route=0.000s(0%) meta=0.000s(0%) fetch=0.053s(64%) enc.moe=0.001s(1%) tail=0.000s(0%) head=0.004s(4%) other=0.001s(1%) call=0.083s | tiles=89 ahead=89 experts=491 miss=125 io=0.057s 7.6GB/s]
[prefill gpuq busy=0.041s(49%) idle=0.042s(51%) span=0.083s buffers=180]
[prefill host enc.front=0.002s(3%) wait.front=0.019s(27%) drain=0.001s(1%) route=0.000s(0%) meta=0.000s(0%) fetch=0.043s(61%) enc.moe=0.001s(1%) tail=0.000s(0%) head=0.004s(5%) other=0.001s(1%) call=0.070s | tiles=91 ahead=91 experts=504 miss=106 io=0.045s 8.2GB/s]
[prefill gpuq busy=0.042s(60%) idle=0.028s(40%) span=0.070s buffers=182]
[prefill host enc.front=0.002s(3%) wait.front=0.020s(30%) drain=0.001s(1%) route=0.000s(0%) meta=0.000s(0%) fetch=0.040s(58%) enc.moe=0.001s(1%) tail=0.000s(0%) head=0.004s(5%) other=0.001s(1%) call=0.068s | tiles=92 ahead=92 experts=489 miss=98 io=0.040s 8.5GB/s]
[prefill gpuq busy=0.041s(61%) idle=0.027s(39%) span=0.068s buffers=183]
[prefill host enc.front=0.002s(2%) wait.front=0.023s(27%) drain=0.001s(1%) route=0.000s(0%) meta=0.000s(0%) fetch=0.056s(64%) enc.moe=0.001s(1%) tail=0.000s(0%) head=0.004s(4%) other=0.000s(1%) call=0.088s | tiles=88 ahead=88 experts=451 miss=93 io=0.060s 5.4GB/s]
[prefill gpuq busy=0.040s(45%) idle=0.048s(55%) span=0.087s buffers=179]
[prefill host enc.front=0.002s(3%) wait.front=0.020s(30%) drain=0.001s(1%) route=0.000s(0%) meta=0.000s(0%) fetch=0.037s(57%) enc.moe=0.001s(2%) tail=0.000s(0%) head=0.004s(5%) other=0.001s(1%) call=0.065s | tiles=90 ahead=90 experts=467 miss=110 io=0.038s 10.1GB/s]
[prefill gpuq busy=0.042s(64%) idle=0.023s(36%) span=0.065s buffers=181]
[prefill host enc.front=0.002s(3%) wait.front=0.020s(29%) drain=0.001s(1%) route=0.000s(0%) meta=0.000s(0%) fetch=0.040s(58%) enc.moe=0.001s(2%) tail=0.000s(0%) head=0.004s(5%) other=0.001s(1%) call=0.069s | tiles=93 ahead=93 experts=540 miss=142 io=0.048s 10.3GB/s]
[prefill gpuq busy=0.045s(66%) idle=0.024s(34%) span=0.069s buffers=184]
[prefill host enc.front=0.002s(2%) wait.front=0.022s(25%) drain=0.001s(1%) route=0.000s(0%) meta=0.000s(0%) fetch=0.059s(66%) enc.moe=0.001s(1%) tail=0.000s(0%) head=0.004s(4%) other=0.000s(1%) call=0.089s | tiles=83 ahead=83 experts=400 miss=107 io=0.067s 5.5GB/s]
[prefill gpuq busy=0.039s(44%) idle=0.050s(56%) span=0.089s buffers=174]
[prefill host enc.front=0.002s(2%) wait.front=0.021s(23%) drain=0.000s(0%) route=0.000s(0%) meta=0.000s(0%) fetch=0.061s(68%) enc.moe=0.001s(1%) tail=0.000s(0%) head=0.003s(4%) other=0.001s(1%) call=0.091s | tiles=95 ahead=95 experts=555 miss=136 io=0.071s 6.7GB/s]
[prefill gpuq busy=0.042s(47%) idle=0.048s(53%) span=0.090s buffers=186]
[prefill host enc.front=0.002s(3%) wait.front=0.017s(27%) drain=0.000s(1%) route=0.000s(1%) meta=0.000s(0%) fetch=0.039s(60%) enc.moe=0.001s(2%) tail=0.000s(0%) head=0.004s(5%) other=0.001s(1%) call=0.065s | tiles=94 ahead=94 experts=529 miss=133 io=0.043s 10.7GB/s]
[prefill gpuq busy=0.042s(65%) idle=0.023s(35%) span=0.065s buffers=185]
[prefill host enc.front=0.002s(3%) wait.front=0.018s(26%) drain=0.001s(1%) route=0.000s(1%) meta=0.000s(0%) fetch=0.043s(61%) enc.moe=0.001s(2%) tail=0.000s(0%) head=0.004s(5%) other=0.001s(1%) call=0.070s | tiles=91 ahead=91 experts=493 miss=140 io=0.049s 9.8GB/s]
[prefill gpuq busy=0.043s(61%) idle=0.027s(39%) span=0.070s buffers=182]
[prefill host enc.front=0.002s(3%) wait.front=0.020s(28%) drain=0.001s(1%) route=0.000s(1%) meta=0.000s(0%) fetch=0.041s(59%) enc.moe=0.001s(2%) tail=0.000s(0%) head=0.004s(5%) other=0.001s(1%) call=0.069s | tiles=93 ahead=93 experts=505 miss=131 io=0.047s 9.7GB/s]
[prefill gpuq busy=0.044s(63%) idle=0.025s(37%) span=0.069s buffers=184]
[prefill host enc.front=0.002s(2%) wait.front=0.021s(27%) drain=0.000s(1%) route=0.000s(0%) meta=0.000s(0%) fetch=0.048s(63%) enc.moe=0.001s(1%) tail=0.000s(0%) head=0.004s(5%) other=0.001s(1%) call=0.077s | tiles=88 ahead=88 experts=420 miss=113 io=0.051s 7.7GB/s]
[prefill gpuq busy=0.040s(52%) idle=0.037s(48%) span=0.076s buffers=179]
[prefill host enc.front=0.002s(3%) wait.front=0.018s(31%) drain=0.000s(1%) route=0.000s(1%) meta=0.000s(0%) fetch=0.032s(55%) enc.moe=0.001s(2%) tail=0.000s(0%) head=0.003s(6%) other=0.001s(1%) call=0.059s | tiles=88 ahead=88 experts=473 miss=105 io=0.036s 10.1GB/s]
[prefill gpuq busy=0.042s(72%) idle=0.016s(28%) span=0.059s buffers=179]
[prefill host enc.front=0.002s(2%) wait.front=0.022s(27%) drain=0.001s(1%) route=0.000s(0%) meta=0.000s(0%) fetch=0.052s(63%) enc.moe=0.001s(1%) tail=0.000s(0%) head=0.004s(4%) other=0.001s(1%) call=0.083s | tiles=92 ahead=92 experts=518 miss=186 io=0.059s 10.8GB/s]
[prefill gpuq busy=0.045s(55%) idle=0.038s(45%) span=0.083s buffers=183]
[prefill host enc.front=0.002s(3%) wait.front=0.019s(25%) drain=0.001s(1%) route=0.000s(1%) meta=0.000s(0%) fetch=0.047s(63%) enc.moe=0.001s(1%) tail=0.000s(0%) head=0.004s(5%) other=0.001s(1%) call=0.075s | tiles=91 ahead=91 experts=526 miss=153 io=0.055s 9.6GB/s]
[prefill gpuq busy=0.043s(58%) idle=0.032s(42%) span=0.075s buffers=182]
[prefill host enc.front=0.002s(3%) wait.front=0.019s(32%) drain=0.001s(1%) route=0.000s(1%) meta=0.000s(0%) fetch=0.032s(54%) enc.moe=0.001s(2%) tail=0.000s(0%) head=0.004s(6%) other=0.001s(1%) call=0.060s | tiles=92 ahead=92 experts=523 miss=125 io=0.036s 11.9GB/s]
[prefill gpuq busy=0.044s(73%) idle=0.016s(27%) span=0.059s buffers=183]
[prefill host enc.front=0.002s(3%) wait.front=0.019s(32%) drain=0.001s(1%) route=0.000s(1%) meta=0.000s(0%) fetch=0.032s(54%) enc.moe=0.001s(2%) tail=0.000s(0%) head=0.004s(6%) other=0.001s(1%) call=0.059s | tiles=87 ahead=87 experts=448 miss=123 io=0.034s 12.5GB/s]
[prefill gpuq busy=0.042s(71%) idle=0.017s(29%) span=0.058s buffers=178]
[prefill host enc.front=0.002s(2%) wait.front=0.022s(29%) drain=0.000s(1%) route=0.000s(0%) meta=0.000s(0%) fetch=0.047s(61%) enc.moe=0.001s(1%) tail=0.000s(0%) head=0.004s(5%) other=0.001s(1%) call=0.077s | tiles=89 ahead=89 experts=482 miss=113 io=0.052s 7.6GB/s]
[prefill gpuq busy=0.041s(54%) idle=0.036s(46%) span=0.077s buffers=180]
[prefill host enc.front=0.002s(3%) wait.front=0.019s(30%) drain=0.000s(0%) route=0.000s(0%) meta=0.000s(0%) fetch=0.037s(58%) enc.moe=0.001s(1%) tail=0.000s(0%) head=0.004s(6%) other=0.001s(1%) call=0.064s | tiles=92 ahead=92 experts=499 miss=72 io=0.037s 6.7GB/s]
[prefill gpuq busy=0.041s(65%) idle=0.022s(35%) span=0.063s buffers=183]
[prefill host enc.front=0.002s(3%) wait.front=0.018s(32%) drain=0.001s(1%) route=0.000s(1%) meta=0.000s(0%) fetch=0.029s(53%) enc.moe=0.001s(2%) tail=0.000s(0%) head=0.004s(7%) other=0.001s(1%) call=0.055s | tiles=91 ahead=91 experts=487 miss=64 io=0.029s 7.6GB/s]
[prefill gpuq busy=0.040s(73%) idle=0.015s(27%) span=0.055s buffers=182]
[prefill host enc.front=0.002s(3%) wait.front=0.021s(30%) drain=0.001s(1%) route=0.000s(0%) meta=0.000s(0%) fetch=0.041s(59%) enc.moe=0.001s(1%) tail=0.000s(0%) head=0.004s(5%) other=0.001s(1%) call=0.070s | tiles=87 ahead=87 experts=423 miss=93 io=0.045s 7.2GB/s]
[prefill gpuq busy=0.040s(57%) idle=0.030s(43%) span=0.070s buffers=178]
[prefill host enc.front=0.002s(3%) wait.front=0.020s(39%) drain=0.000s(1%) route=0.000s(1%) meta=0.000s(0%) fetch=0.025s(47%) enc.moe=0.001s(2%) tail=0.000s(0%) head=0.004s(7%) other=0.000s(1%) call=0.053s | tiles=90 ahead=90 experts=481 miss=71 io=0.025s 9.8GB/s]
[prefill gpuq busy=0.041s(78%) idle=0.011s(22%) span=0.052s buffers=181]
[prefill host enc.front=0.002s(3%) wait.front=0.019s(31%) drain=0.000s(1%) route=0.000s(0%) meta=0.000s(0%) fetch=0.035s(57%) enc.moe=0.001s(1%) tail=0.000s(0%) head=0.004s(6%) other=0.000s(1%) call=0.061s | tiles=88 ahead=88 experts=466 miss=66 io=0.035s 6.5GB/s]
[prefill gpuq busy=0.039s(64%) idle=0.022s(36%) span=0.061s buffers=179]
[prefill host enc.front=0.002s(3%) wait.front=0.020s(38%) drain=0.000s(1%) route=0.000s(0%) meta=0.000s(0%) fetch=0.024s(47%) enc.moe=0.001s(2%) tail=0.000s(0%) head=0.004s(8%) other=0.000s(1%) call=0.052s | tiles=87 ahead=87 experts=485 miss=56 io=0.025s 7.9GB/s]
[prefill gpuq busy=0.040s(78%) idle=0.011s(22%) span=0.052s buffers=178]
[prefill host enc.front=0.002s(3%) wait.front=0.019s(38%) drain=0.000s(1%) route=0.000s(0%) meta=0.000s(0%) fetch=0.024s(47%) enc.moe=0.001s(2%) tail=0.000s(0%) head=0.004s(7%) other=0.000s(1%) call=0.051s | tiles=86 ahead=86 experts=474 miss=59 io=0.024s 8.4GB/s]
[prefill gpuq busy=0.039s(78%) idle=0.011s(22%) span=0.051s buffers=177]
[prefill host enc.front=0.002s(3%) wait.front=0.020s(30%) drain=0.000s(0%) route=0.000s(0%) meta=0.000s(0%) fetch=0.039s(58%) enc.moe=0.001s(2%) tail=0.000s(0%) head=0.003s(5%) other=0.001s(1%) call=0.067s | tiles=89 ahead=89 experts=453 miss=102 io=0.039s 9.0GB/s]
[prefill gpuq busy=0.040s(60%) idle=0.027s(40%) span=0.067s buffers=180]
[prefill host enc.front=0.002s(3%) wait.front=0.022s(28%) drain=0.000s(0%) route=0.000s(0%) meta=0.000s(0%) fetch=0.049s(62%) enc.moe=0.001s(1%) tail=0.000s(0%) head=0.004s(4%) other=0.001s(1%) call=0.080s | tiles=90 ahead=90 experts=533 miss=155 io=0.054s 10.0GB/s]
[prefill gpuq busy=0.044s(55%) idle=0.036s(45%) span=0.079s buffers=181]
[prefill host enc.front=0.002s(2%) wait.front=0.022s(27%) drain=0.000s(1%) route=0.000s(0%) meta=0.000s(0%) fetch=0.051s(63%) enc.moe=0.001s(1%) tail=0.000s(0%) head=0.004s(4%) other=0.001s(1%) call=0.081s | tiles=89 ahead=89 experts=503 miss=128 io=0.054s 8.3GB/s]
[prefill gpuq busy=0.042s(51%) idle=0.039s(49%) span=0.081s buffers=180]
[prefill host enc.front=0.002s(1%) wait.front=0.028s(22%) drain=0.001s(1%) route=0.000s(0%) meta=0.000s(0%) fetch=0.090s(71%) enc.moe=0.001s(1%) tail=0.000s(0%) head=0.004s(3%) other=0.001s(0%) call=0.126s | tiles=90 ahead=90 experts=489 miss=191 io=0.118s 5.6GB/s]
[prefill gpuq busy=0.042s(33%) idle=0.084s(67%) span=0.126s buffers=181]
[prefill host enc.front=0.002s(2%) wait.front=0.025s(27%) drain=0.001s(1%) route=0.000s(0%) meta=0.000s(0%) fetch=0.060s(64%) enc.moe=0.001s(1%) tail=0.000s(0%) head=0.004s(4%) other=0.001s(1%) call=0.094s | tiles=91 ahead=91 experts=513 miss=139 io=0.062s 7.8GB/s]
[prefill gpuq busy=0.043s(46%) idle=0.051s(54%) span=0.093s buffers=182]
[prefill host enc.front=0.002s(2%) wait.front=0.026s(24%) drain=0.001s(1%) route=0.000s(0%) meta=0.000s(0%) fetch=0.071s(67%) enc.moe=0.001s(1%) tail=0.000s(0%) head=0.004s(4%) other=0.001s(1%) call=0.105s | tiles=92 ahead=92 experts=516 miss=147 io=0.082s 6.2GB/s]
[prefill gpuq busy=0.043s(41%) idle=0.062s(59%) span=0.105s buffers=183]
[prefill host enc.front=0.002s(3%) wait.front=0.021s(29%) drain=0.000s(1%) route=0.000s(0%) meta=0.000s(0%) fetch=0.043s(59%) enc.moe=0.001s(1%) tail=0.000s(0%) head=0.004s(5%) other=0.001s(1%) call=0.073s | tiles=88 ahead=88 experts=479 miss=125 io=0.045s 9.6GB/s]
[prefill gpuq busy=0.043s(59%) idle=0.030s(41%) span=0.073s buffers=179]
[prefill host enc.front=0.002s(2%) wait.front=0.021s(27%) drain=0.001s(1%) route=0.000s(0%) meta=0.000s(0%) fetch=0.049s(63%) enc.moe=0.001s(1%) tail=0.000s(0%) head=0.004s(5%) other=0.001s(1%) call=0.079s | tiles=93 ahead=93 experts=521 miss=121 io=0.060s 7.0GB/s]
[prefill gpuq busy=0.042s(54%) idle=0.036s(46%) span=0.079s buffers=184]
[prefill host enc.front=0.002s(2%) wait.front=0.021s(28%) drain=0.001s(1%) route=0.000s(0%) meta=0.000s(0%) fetch=0.047s(61%) enc.moe=0.001s(1%) tail=0.000s(0%) head=0.004s(5%) other=0.001s(1%) call=0.076s | tiles=88 ahead=88 experts=430 miss=117 io=0.051s 8.0GB/s]
[prefill gpuq busy=0.040s(53%) idle=0.036s(47%) span=0.076s buffers=179]
[prefill host enc.front=0.002s(3%) wait.front=0.021s(30%) drain=0.001s(1%) route=0.000s(0%) meta=0.000s(0%) fetch=0.041s(58%) enc.moe=0.001s(1%) tail=0.000s(0%) head=0.004s(6%) other=0.001s(1%) call=0.071s | tiles=91 ahead=91 experts=500 miss=119 io=0.045s 9.2GB/s]
[prefill gpuq busy=0.044s(62%) idle=0.027s(38%) span=0.070s buffers=182]
[prefill host enc.front=0.002s(3%) wait.front=0.019s(36%) drain=0.000s(1%) route=0.000s(0%) meta=0.000s(0%) fetch=0.027s(50%) enc.moe=0.001s(2%) tail=0.000s(0%) head=0.004s(7%) other=0.000s(1%) call=0.053s | tiles=88 ahead=88 experts=460 miss=70 io=0.028s 8.7GB/s]
[prefill gpuq busy=0.040s(76%) idle=0.013s(24%) span=0.053s buffers=179]
[prefill host enc.front=0.002s(3%) wait.front=0.020s(36%) drain=0.000s(1%) route=0.000s(1%) meta=0.000s(0%) fetch=0.027s(50%) enc.moe=0.001s(2%) tail=0.000s(0%) head=0.004s(7%) other=0.001s(1%) call=0.055s | tiles=85 ahead=85 experts=452 miss=84 io=0.028s 10.6GB/s]
[prefill gpuq busy=0.041s(75%) idle=0.014s(25%) span=0.055s buffers=176]
[prefill host enc.front=0.002s(3%) wait.front=0.019s(35%) drain=0.000s(1%) route=0.000s(0%) meta=0.000s(0%) fetch=0.028s(51%) enc.moe=0.001s(2%) tail=0.000s(0%) head=0.004s(6%) other=0.001s(1%) call=0.056s | tiles=91 ahead=91 experts=498 miss=78 io=0.029s 9.4GB/s]
[prefill gpuq busy=0.041s(75%) idle=0.014s(25%) span=0.055s buffers=182]
[prefill host enc.front=0.002s(4%) wait.front=0.022s(46%) drain=0.000s(1%) route=0.000s(1%) meta=0.000s(0%) fetch=0.017s(37%) enc.moe=0.001s(2%) tail=0.000s(0%) head=0.004s(8%) other=0.000s(1%) call=0.047s | tiles=81 ahead=81 experts=472 miss=64 io=0.018s 12.6GB/s]
[prefill gpuq busy=0.041s(88%) idle=0.006s(12%) span=0.047s buffers=172]
[prefill host enc.front=0.002s(4%) wait.front=0.020s(37%) drain=0.000s(1%) route=0.000s(0%) meta=0.000s(0%) fetch=0.025s(48%) enc.moe=0.001s(2%) tail=0.000s(0%) head=0.004s(7%) other=0.000s(1%) call=0.053s | tiles=86 ahead=86 experts=459 miss=69 io=0.025s 9.4GB/s]
[prefill gpuq busy=0.040s(76%) idle=0.012s(24%) span=0.053s buffers=177]
[prefill host enc.front=0.002s(3%) wait.front=0.021s(38%) drain=0.001s(2%) route=0.000s(0%) meta=0.000s(0%) fetch=0.025s(47%) enc.moe=0.001s(2%) tail=0.000s(0%) head=0.004s(7%) other=0.001s(1%) call=0.054s | tiles=92 ahead=92 experts=524 miss=70 io=0.026s 9.5GB/s]
[prefill gpuq busy=0.042s(78%) idle=0.012s(22%) span=0.054s buffers=183]
[prefill host enc.front=0.002s(3%) wait.front=0.022s(32%) drain=0.001s(1%) route=0.000s(0%) meta=0.000s(0%) fetch=0.038s(56%) enc.moe=0.001s(1%) tail=0.000s(0%) head=0.004s(5%) other=0.001s(1%) call=0.068s | tiles=88 ahead=88 experts=499 miss=132 io=0.046s 10.0GB/s]
[prefill gpuq busy=0.042s(62%) idle=0.026s(38%) span=0.068s buffers=179]
[prefill host enc.front=0.002s(3%) wait.front=0.021s(30%) drain=0.001s(1%) route=0.000s(0%) meta=0.000s(0%) fetch=0.041s(59%) enc.moe=0.001s(1%) tail=0.000s(0%) head=0.004s(5%) other=0.001s(1%) call=0.070s | tiles=89 ahead=89 experts=473 miss=119 io=0.047s 8.7GB/s]
[prefill gpuq busy=0.042s(60%) idle=0.028s(40%) span=0.070s buffers=180]
[prefill host enc.front=0.002s(4%) wait.front=0.021s(41%) drain=0.001s(1%) route=0.000s(1%) meta=0.000s(0%) fetch=0.022s(44%) enc.moe=0.001s(2%) tail=0.000s(0%) head=0.004s(7%) other=0.001s(1%) call=0.051s | tiles=88 ahead=88 experts=470 miss=79 io=0.024s 11.3GB/s]
[prefill gpuq busy=0.041s(81%) idle=0.009s(19%) span=0.051s buffers=179]
[prefill host enc.front=0.002s(3%) wait.front=0.023s(36%) drain=0.001s(1%) route=0.000s(1%) meta=0.000s(0%) fetch=0.032s(50%) enc.moe=0.001s(2%) tail=0.000s(0%) head=0.004s(6%) other=0.001s(1%) call=0.064s | tiles=88 ahead=88 experts=503 miss=140 io=0.036s 13.4GB/s]
[prefill gpuq busy=0.045s(70%) idle=0.019s(30%) span=0.064s buffers=179]
[prefill host enc.front=0.002s(4%) wait.front=0.020s(41%) drain=0.000s(1%) route=0.000s(1%) meta=0.000s(0%) fetch=0.020s(42%) enc.moe=0.001s(2%) tail=0.000s(0%) head=0.004s(8%) other=0.001s(1%) call=0.048s | tiles=88 ahead=88 experts=497 miss=68 io=0.021s 11.4GB/s]
[prefill gpuq busy=0.042s(88%) idle=0.006s(12%) span=0.048s buffers=179]
[prefill host enc.front=0.002s(4%) wait.front=0.020s(38%) drain=0.000s(1%) route=0.000s(1%) meta=0.000s(0%) fetch=0.024s(46%) enc.moe=0.001s(2%) tail=0.000s(0%) head=0.004s(8%) other=0.001s(1%) call=0.051s | tiles=85 ahead=85 experts=453 miss=72 io=0.024s 10.4GB/s]
[prefill gpuq busy=0.041s(81%) idle=0.010s(19%) span=0.051s buffers=176]
[prefill host enc.front=0.002s(3%) wait.front=0.020s(33%) drain=0.000s(1%) route=0.000s(0%) meta=0.000s(0%) fetch=0.031s(53%) enc.moe=0.001s(2%) tail=0.000s(0%) head=0.004s(7%) other=0.001s(1%) call=0.060s | tiles=91 ahead=91 experts=487 miss=83 io=0.032s 9.1GB/s]
[prefill gpuq busy=0.042s(70%) idle=0.018s(30%) span=0.059s buffers=182]
[prefill host enc.front=0.002s(4%) wait.front=0.020s(42%) drain=0.001s(2%) route=0.000s(1%) meta=0.000s(0%) fetch=0.019s(40%) enc.moe=0.001s(2%) tail=0.000s(0%) head=0.004s(8%) other=0.001s(1%) call=0.046s | tiles=85 ahead=85 experts=454 miss=59 io=0.019s 10.9GB/s]
[prefill gpuq busy=0.040s(87%) idle=0.006s(13%) span=0.046s buffers=176]
[prefill host enc.front=0.002s(4%) wait.front=0.022s(43%) drain=0.000s(1%) route=0.000s(0%) meta=0.000s(0%) fetch=0.021s(41%) enc.moe=0.001s(2%) tail=0.000s(0%) head=0.004s(7%) other=0.000s(1%) call=0.050s | tiles=85 ahead=85 experts=454 miss=69 io=0.021s 11.4GB/s]
[prefill gpuq busy=0.041s(82%) idle=0.009s(18%) span=0.050s buffers=176]
[prefill host enc.front=0.002s(3%) wait.front=0.024s(48%) drain=0.000s(1%) route=0.000s(0%) meta=0.000s(0%) fetch=0.020s(38%) enc.moe=0.001s(1%) tail=0.000s(0%) head=0.004s(7%) other=0.000s(1%) call=0.051s | tiles=82 ahead=82 experts=460 miss=38 io=0.020s 6.6GB/s]
[prefill gpuq busy=0.040s(78%) idle=0.011s(22%) span=0.051s buffers=173]
[prefill host enc.front=0.002s(3%) wait.front=0.020s(30%) drain=0.001s(1%) route=0.000s(0%) meta=0.000s(0%) fetch=0.039s(58%) enc.moe=0.001s(2%) tail=0.000s(0%) head=0.004s(5%) other=0.001s(1%) call=0.068s | tiles=97 ahead=97 experts=562 miss=116 io=0.041s 9.9GB/s]
[prefill gpuq busy=0.044s(65%) idle=0.023s(35%) span=0.068s buffers=188]

[stop=maxTokens prefill=355tok new=192tok decode=6.79s tok/s=28.259]
[load=0.751s layerVerify=0.000s/30layers prefill=4.375s ttft=4.375s peak=4.96GB rss=3.39GB]
[expert prefill hit=0.0% 0/2996 io=1.784s | decode hit=75.5% 28270/37442 io=4.358s]
[vision images=1 soft=266 tower=1.811s towerLoad=0.001s]
[decode/tok io=0.00ms cb1=0.00ms cb2=0.00ms head=0.00ms]
[mtp bs=3 rounds=77 accept=1.481/2 tok/round=2.494 draft=0.542s verify=6.242s accepted=13,14,50]
