[prefill host enc.front=0.002s(0%) wait.front=0.542s(22%) drain=0.000s(0%) route=0.006s(0%) wait.shared=0.111s(5%) meta=0.000s(0%) fetch=1.650s(67%) enc.moe=0.012s(1%) wait.tile=0.099s(4%) tail=0.014s(1%) head=0.004s(0%) other=0.005s(0%) call=2.445s | tiles=361 ahead=0 experts=0 miss=0 io=0.000s 0.0GB/s]
[prefill gpuq busy=1.327s(58%) idle=0.981s(42%) span=2.307s buffers=452]
[prefill host enc.front=0.004s(1%) wait.front=0.123s(32%) drain=0.002s(0%) route=0.001s(0%) wait.shared=0.000s(0%) meta=0.000s(0%) fetch=0.247s(63%) enc.moe=0.003s(1%) wait.tile=0.002s(1%) tail=0.000s(0%) head=0.007s(2%) other=0.001s(0%) call=0.389s | tiles=87 ahead=82 experts=485 miss=320 io=0.425s 2.6GB/s]
[prefill gpuq busy=0.107s(28%) idle=0.282s(72%) span=0.389s buffers=178]
[prefill host enc.front=0.003s(1%) wait.front=0.042s(23%) drain=0.001s(1%) route=0.001s(0%) meta=0.000s(0%) fetch=0.127s(70%) enc.moe=0.001s(1%) tail=0.000s(0%) head=0.007s(4%) other=0.001s(0%) call=0.183s | tiles=94 ahead=94 experts=501 miss=137 io=0.156s 3.1GB/s]
[prefill gpuq busy=0.068s(37%) idle=0.115s(63%) span=0.182s buffers=185]
[prefill host enc.front=0.002s(3%) wait.front=0.029s(33%) drain=0.001s(1%) route=0.000s(0%) wait.shared=0.000s(0%) meta=0.000s(0%) fetch=0.047s(52%) enc.moe=0.001s(1%) wait.tile=0.001s(1%) tail=0.000s(0%) head=0.007s(8%) other=0.000s(1%) call=0.089s | tiles=100 ahead=95 experts=529 miss=58 io=0.047s 4.3GB/s]
[prefill gpuq busy=0.067s(75%) idle=0.022s(25%) span=0.089s buffers=191]
[prefill host enc.front=0.002s(2%) wait.front=0.032s(35%) drain=0.001s(2%) route=0.000s(0%) meta=0.000s(0%) fetch=0.048s(52%) enc.moe=0.001s(1%) tail=0.000s(0%) head=0.007s(8%) other=0.000s(1%) call=0.092s | tiles=98 ahead=98 experts=540 miss=59 io=0.052s 3.9GB/s]
[prefill gpuq busy=0.067s(73%) idle=0.025s(27%) span=0.092s buffers=189]
[prefill host enc.front=0.002s(2%) wait.front=0.033s(32%) drain=0.000s(0%) route=0.000s(0%) meta=0.000s(0%) fetch=0.057s(56%) enc.moe=0.001s(1%) tail=0.000s(0%) head=0.007s(7%) other=0.001s(1%) call=0.102s | tiles=92 ahead=92 experts=502 miss=75 io=0.062s 4.2GB/s]
[prefill gpuq busy=0.067s(66%) idle=0.035s(34%) span=0.102s buffers=183]
[prefill host enc.front=0.002s(3%) wait.front=0.040s(47%) drain=0.001s(2%) route=0.000s(0%) meta=0.000s(0%) fetch=0.032s(38%) enc.moe=0.001s(1%) tail=0.000s(0%) head=0.007s(8%) other=0.000s(0%) call=0.084s | tiles=79 ahead=79 experts=439 miss=50 io=0.036s 4.7GB/s]
[prefill gpuq busy=0.065s(78%) idle=0.018s(22%) span=0.083s buffers=170]
[prefill host enc.front=0.002s(3%) wait.front=0.037s(47%) drain=0.001s(1%) route=0.000s(0%) meta=0.000s(0%) fetch=0.029s(37%) enc.moe=0.001s(1%) tail=0.000s(0%) head=0.007s(9%) other=0.000s(1%) call=0.078s | tiles=87 ahead=87 experts=479 miss=47 io=0.031s 5.3GB/s]
[prefill gpuq busy=0.066s(86%) idle=0.011s(14%) span=0.078s buffers=178]
[prefill host enc.front=0.002s(3%) wait.front=0.034s(44%) drain=0.001s(2%) route=0.000s(0%) meta=0.000s(0%) fetch=0.031s(40%) enc.moe=0.001s(1%) tail=0.000s(0%) head=0.007s(9%) other=0.000s(1%) call=0.077s | tiles=87 ahead=87 experts=484 miss=45 io=0.033s 4.8GB/s]
[prefill gpuq busy=0.066s(85%) idle=0.011s(15%) span=0.077s buffers=178]
[prefill host enc.front=0.002s(3%) wait.front=0.035s(47%) drain=0.001s(1%) route=0.000s(0%) meta=0.000s(0%) fetch=0.028s(37%) enc.moe=0.001s(1%) tail=0.000s(0%) head=0.007s(10%) other=0.000s(1%) call=0.075s | tiles=89 ahead=89 experts=477 miss=50 io=0.030s 5.8GB/s]
[prefill gpuq busy=0.066s(89%) idle=0.009s(11%) span=0.075s buffers=180]
[prefill host enc.front=0.002s(3%) wait.front=0.043s(60%) drain=0.001s(1%) route=0.000s(0%) wait.shared=0.000s(0%) meta=0.000s(0%) fetch=0.016s(22%) enc.moe=0.001s(1%) wait.tile=0.000s(1%) tail=0.000s(0%) head=0.008s(10%) other=0.000s(1%) call=0.073s | tiles=84 ahead=79 experts=487 miss=30 io=0.016s 6.3GB/s]
[prefill gpuq busy=0.066s(91%) idle=0.006s(9%) span=0.072s buffers=175]
[prefill host enc.front=0.002s(3%) wait.front=0.038s(53%) drain=0.001s(1%) route=0.000s(0%) wait.shared=0.000s(0%) meta=0.000s(0%) fetch=0.021s(29%) enc.moe=0.001s(1%) wait.tile=0.000s(1%) tail=0.000s(0%) head=0.007s(10%) other=0.000s(1%) call=0.071s | tiles=89 ahead=84 experts=484 miss=33 io=0.021s 5.5GB/s]
[prefill gpuq busy=0.066s(93%) idle=0.005s(7%) span=0.071s buffers=180]
[prefill host enc.front=0.002s(3%) wait.front=0.039s(55%) drain=0.001s(2%) route=0.000s(0%) meta=0.000s(0%) fetch=0.019s(27%) enc.moe=0.001s(1%) tail=0.000s(0%) head=0.008s(11%) other=0.000s(1%) call=0.071s | tiles=86 ahead=86 experts=496 miss=35 io=0.019s 6.2GB/s]
[prefill gpuq busy=0.067s(94%) idle=0.004s(6%) span=0.071s buffers=177]
[prefill host enc.front=0.002s(3%) wait.front=0.043s(61%) drain=0.001s(2%) route=0.000s(0%) meta=0.000s(0%) fetch=0.015s(21%) enc.moe=0.001s(1%) tail=0.000s(0%) head=0.007s(10%) other=0.000s(1%) call=0.070s | tiles=80 ahead=80 experts=457 miss=27 io=0.017s 5.6GB/s]
[prefill gpuq busy=0.066s(95%) idle=0.003s(5%) span=0.069s buffers=171]
[prefill host enc.front=0.002s(3%) wait.front=0.035s(47%) drain=0.001s(1%) route=0.000s(0%) meta=0.000s(0%) fetch=0.027s(36%) enc.moe=0.001s(1%) tail=0.000s(0%) head=0.008s(10%) other=0.000s(1%) call=0.075s | tiles=88 ahead=88 experts=445 miss=51 io=0.029s 6.0GB/s]
[prefill gpuq busy=0.067s(89%) idle=0.008s(11%) span=0.075s buffers=179]
[prefill host enc.front=0.002s(2%) wait.front=0.030s(29%) drain=0.001s(1%) route=0.000s(0%) wait.shared=0.000s(0%) meta=0.000s(0%) fetch=0.059s(57%) enc.moe=0.001s(1%) wait.tile=0.001s(0%) tail=0.000s(0%) head=0.007s(7%) other=0.001s(1%) call=0.103s | tiles=103 ahead=97 experts=569 miss=117 io=0.061s 6.7GB/s]
[prefill gpuq busy=0.068s(66%) idle=0.035s(34%) span=0.103s buffers=194]
[prefill host enc.front=0.002s(3%) wait.front=0.039s(54%) drain=0.001s(2%) route=0.000s(0%) meta=0.000s(0%) fetch=0.019s(27%) enc.moe=0.001s(1%) tail=0.000s(0%) head=0.008s(11%) other=0.000s(1%) call=0.071s | tiles=82 ahead=82 experts=444 miss=42 io=0.021s 6.8GB/s]
[prefill gpuq busy=0.066s(94%) idle=0.004s(6%) span=0.071s buffers=173]
[prefill host enc.front=0.002s(3%) wait.front=0.036s(50%) drain=0.000s(1%) route=0.000s(0%) meta=0.000s(0%) fetch=0.025s(35%) enc.moe=0.001s(1%) tail=0.000s(0%) head=0.007s(10%) other=0.000s(1%) call=0.072s | tiles=87 ahead=87 experts=489 miss=53 io=0.027s 6.8GB/s]
[prefill gpuq busy=0.066s(92%) idle=0.005s(8%) span=0.072s buffers=178]
[prefill host enc.front=0.002s(3%) wait.front=0.033s(41%) drain=0.001s(1%) route=0.000s(0%) meta=0.000s(0%) fetch=0.034s(42%) enc.moe=0.001s(1%) tail=0.000s(0%) head=0.008s(10%) other=0.001s(1%) call=0.080s | tiles=99 ahead=99 experts=531 miss=72 io=0.036s 6.9GB/s]
[prefill gpuq busy=0.069s(87%) idle=0.010s(13%) span=0.079s buffers=190]
[prefill host enc.front=0.002s(3%) wait.front=0.034s(42%) drain=0.001s(2%) route=0.000s(0%) meta=0.000s(0%) fetch=0.034s(42%) enc.moe=0.001s(1%) tail=0.000s(0%) head=0.007s(9%) other=0.001s(1%) call=0.081s | tiles=93 ahead=93 experts=527 miss=81 io=0.036s 7.7GB/s]
[prefill gpuq busy=0.068s(84%) idle=0.013s(16%) span=0.080s buffers=184]
[prefill host enc.front=0.002s(3%) wait.front=0.036s(50%) drain=0.002s(3%) route=0.000s(0%) wait.shared=0.000s(0%) meta=0.000s(0%) fetch=0.022s(31%) enc.moe=0.001s(1%) wait.tile=0.001s(1%) tail=0.000s(0%) head=0.007s(10%) other=0.001s(1%) call=0.073s | tiles=101 ahead=95 experts=594 miss=85 io=0.023s 13.0GB/s]
[prefill gpuq busy=0.068s(94%) idle=0.004s(6%) span=0.073s buffers=192]
[prefill host enc.front=0.002s(2%) wait.front=0.035s(35%) drain=0.000s(0%) route=0.000s(0%) meta=0.000s(0%) fetch=0.052s(53%) enc.moe=0.001s(1%) tail=0.000s(0%) head=0.007s(7%) other=0.000s(0%) call=0.099s | tiles=87 ahead=87 experts=459 miss=76 io=0.057s 4.6GB/s]
[prefill gpuq busy=0.067s(68%) idle=0.032s(32%) span=0.099s buffers=178]
[prefill host enc.front=0.002s(3%) wait.front=0.035s(42%) drain=0.001s(2%) route=0.000s(0%) meta=0.000s(0%) fetch=0.035s(43%) enc.moe=0.001s(1%) tail=0.000s(0%) head=0.007s(9%) other=0.001s(1%) call=0.083s | tiles=92 ahead=92 experts=542 miss=77 io=0.037s 7.2GB/s]
[prefill gpuq busy=0.068s(82%) idle=0.015s(18%) span=0.083s buffers=183]
[prefill host enc.front=0.002s(3%) wait.front=0.042s(61%) drain=0.001s(2%) route=0.000s(0%) meta=0.000s(0%) fetch=0.014s(20%) enc.moe=0.001s(1%) tail=0.000s(0%) head=0.008s(11%) other=0.000s(1%) call=0.069s | tiles=93 ahead=93 experts=551 miss=25 io=0.014s 6.1GB/s]
[prefill gpuq busy=0.067s(96%) idle=0.003s(4%) span=0.069s buffers=184]
[prefill host enc.front=0.002s(3%) wait.front=0.039s(57%) drain=0.001s(2%) route=0.000s(0%) meta=0.000s(0%) fetch=0.017s(25%) enc.moe=0.001s(1%) tail=0.000s(0%) head=0.007s(11%) other=0.000s(1%) call=0.069s | tiles=90 ahead=90 experts=520 miss=34 io=0.018s 6.7GB/s]
[prefill gpuq busy=0.066s(96%) idle=0.003s(4%) span=0.069s buffers=181]
[prefill host enc.front=0.002s(3%) wait.front=0.037s(46%) drain=0.001s(2%) route=0.000s(0%) wait.shared=0.000s(0%) meta=0.000s(0%) fetch=0.030s(37%) enc.moe=0.001s(1%) wait.tile=0.000s(1%) tail=0.000s(0%) head=0.007s(9%) other=0.001s(1%) call=0.080s | tiles=98 ahead=93 experts=580 miss=101 io=0.032s 10.8GB/s]
[prefill gpuq busy=0.069s(86%) idle=0.011s(14%) span=0.080s buffers=189]
[prefill host enc.front=0.002s(2%) wait.front=0.034s(29%) drain=0.001s(1%) route=0.000s(0%) wait.shared=0.000s(0%) meta=0.000s(0%) fetch=0.069s(58%) enc.moe=0.001s(1%) wait.tile=0.001s(1%) tail=0.000s(0%) head=0.008s(6%) other=0.001s(0%) call=0.118s | tiles=105 ahead=95 experts=639 miss=159 io=0.084s 6.5GB/s]
[prefill gpuq busy=0.072s(61%) idle=0.046s(39%) span=0.118s buffers=196]
[prefill host enc.front=0.002s(3%) wait.front=0.036s(41%) drain=0.002s(2%) route=0.000s(0%) wait.shared=0.000s(0%) meta=0.000s(0%) fetch=0.037s(43%) enc.moe=0.001s(1%) wait.tile=0.001s(1%) tail=0.000s(0%) head=0.007s(8%) other=0.000s(1%) call=0.087s | tiles=87 ahead=81 experts=463 miss=95 io=0.040s 8.3GB/s]
[prefill gpuq busy=0.069s(79%) idle=0.018s(21%) span=0.087s buffers=178]
[prefill host enc.front=0.002s(3%) wait.front=0.037s(51%) drain=0.001s(2%) route=0.000s(0%) wait.shared=0.000s(0%) meta=0.000s(0%) fetch=0.023s(31%) enc.moe=0.001s(1%) wait.tile=0.000s(1%) tail=0.000s(0%) head=0.007s(10%) other=0.000s(1%) call=0.072s | tiles=83 ahead=78 experts=426 miss=61 io=0.023s 9.3GB/s]
[prefill gpuq busy=0.067s(93%) idle=0.005s(7%) span=0.072s buffers=174]
[prefill host enc.front=0.002s(3%) wait.front=0.039s(53%) drain=0.000s(1%) route=0.000s(0%) wait.shared=0.000s(0%) meta=0.000s(0%) fetch=0.022s(30%) enc.moe=0.001s(1%) wait.tile=0.001s(1%) tail=0.000s(0%) head=0.007s(10%) other=0.000s(1%) call=0.072s | tiles=82 ahead=77 experts=474 miss=62 io=0.022s 9.8GB/s]
[prefill gpuq busy=0.067s(92%) idle=0.005s(8%) span=0.072s buffers=173]
[prefill host enc.front=0.002s(3%) wait.front=0.036s(50%) drain=0.001s(2%) route=0.000s(1%) wait.shared=0.000s(0%) meta=0.000s(0%) fetch=0.022s(31%) enc.moe=0.001s(1%) wait.tile=0.001s(1%) tail=0.000s(0%) head=0.008s(11%) other=0.001s(1%) call=0.072s | tiles=91 ahead=86 experts=505 miss=74 io=0.022s 11.5GB/s]
[prefill gpuq busy=0.068s(95%) idle=0.004s(5%) span=0.072s buffers=182]
[prefill host enc.front=0.002s(3%) wait.front=0.046s(67%) drain=0.001s(2%) route=0.000s(0%) meta=0.000s(0%) fetch=0.010s(14%) enc.moe=0.001s(1%) tail=0.000s(0%) head=0.007s(11%) other=0.000s(1%) call=0.069s | tiles=88 ahead=88 experts=522 miss=28 io=0.011s 8.7GB/s]
[prefill gpuq busy=0.067s(97%) idle=0.002s(3%) span=0.068s buffers=179]
[prefill host enc.front=0.002s(3%) wait.front=0.041s(58%) drain=0.002s(2%) route=0.000s(0%) wait.shared=0.000s(0%) meta=0.000s(0%) fetch=0.016s(23%) enc.moe=0.001s(1%) wait.tile=0.000s(1%) tail=0.000s(0%) head=0.007s(10%) other=0.001s(1%) call=0.070s | tiles=90 ahead=85 experts=539 miss=46 io=0.016s 9.9GB/s]
[prefill gpuq busy=0.067s(97%) idle=0.002s(3%) span=0.070s buffers=181]
[prefill host enc.front=0.002s(3%) wait.front=0.043s(61%) drain=0.001s(2%) route=0.000s(0%) meta=0.000s(0%) fetch=0.014s(20%) enc.moe=0.001s(1%) tail=0.000s(0%) head=0.007s(10%) other=0.000s(1%) call=0.070s | tiles=95 ahead=95 experts=566 miss=41 io=0.014s 9.9GB/s]
[prefill gpuq busy=0.067s(97%) idle=0.002s(3%) span=0.069s buffers=186]
[prefill host enc.front=0.002s(3%) wait.front=0.035s(41%) drain=0.001s(2%) route=0.000s(0%) meta=0.000s(0%) fetch=0.037s(44%) enc.moe=0.001s(1%) tail=0.000s(0%) head=0.007s(8%) other=0.001s(1%) call=0.085s | tiles=89 ahead=89 experts=480 miss=87 io=0.039s 7.7GB/s]
[prefill gpuq busy=0.067s(80%) idle=0.017s(20%) span=0.084s buffers=180]
[prefill host enc.front=0.002s(3%) wait.front=0.043s(64%) drain=0.001s(2%) route=0.000s(0%) meta=0.000s(0%) fetch=0.012s(17%) enc.moe=0.001s(1%) tail=0.000s(0%) head=0.007s(11%) other=0.000s(1%) call=0.067s | tiles=80 ahead=80 experts=474 miss=32 io=0.013s 8.5GB/s]
[prefill gpuq busy=0.066s(99%) idle=0.001s(1%) span=0.067s buffers=171]
[prefill host enc.front=0.002s(3%) wait.front=0.033s(46%) drain=0.000s(1%) route=0.000s(0%) meta=0.000s(0%) fetch=0.028s(38%) enc.moe=0.001s(1%) tail=0.000s(0%) head=0.007s(10%) other=0.001s(1%) call=0.073s | tiles=87 ahead=87 experts=458 miss=75 io=0.030s 8.8GB/s]
[prefill gpuq busy=0.067s(93%) idle=0.005s(7%) span=0.072s buffers=178]
[prefill host enc.front=0.002s(3%) wait.front=0.046s(67%) drain=0.001s(2%) route=0.000s(1%) meta=0.000s(0%) fetch=0.010s(15%) enc.moe=0.001s(1%) tail=0.000s(0%) head=0.007s(10%) other=0.000s(1%) call=0.069s | tiles=77 ahead=77 experts=450 miss=39 io=0.012s 10.9GB/s]
[prefill gpuq busy=0.067s(97%) idle=0.002s(3%) span=0.069s buffers=168]
[prefill host enc.front=0.002s(3%) wait.front=0.047s(71%) drain=0.001s(2%) route=0.000s(0%) meta=0.000s(0%) fetch=0.008s(12%) enc.moe=0.001s(1%) tail=0.000s(0%) head=0.007s(11%) other=0.000s(1%) call=0.067s | tiles=79 ahead=79 experts=427 miss=19 io=0.008s 8.3GB/s]
[prefill gpuq busy=0.065s(98%) idle=0.001s(2%) span=0.067s buffers=170]
[prefill host enc.front=0.002s(3%) wait.front=0.040s(53%) drain=0.001s(1%) route=0.000s(0%) wait.shared=0.000s(0%) meta=0.000s(0%) fetch=0.022s(30%) enc.moe=0.001s(1%) wait.tile=0.000s(1%) tail=0.000s(0%) head=0.007s(10%) other=0.001s(1%) call=0.075s | tiles=98 ahead=92 experts=597 miss=90 io=0.022s 13.9GB/s]
[prefill gpuq busy=0.070s(93%) idle=0.005s(7%) span=0.075s buffers=189]
[prefill host enc.front=0.002s(3%) wait.front=0.038s(50%) drain=0.002s(2%) route=0.000s(0%) wait.shared=0.000s(0%) meta=0.000s(0%) fetch=0.024s(32%) enc.moe=0.001s(1%) wait.tile=0.000s(1%) tail=0.000s(0%) head=0.007s(10%) other=0.001s(1%) call=0.076s | tiles=89 ahead=84 experts=517 miss=78 io=0.024s 11.1GB/s]
[prefill gpuq busy=0.069s(91%) idle=0.007s(9%) span=0.076s buffers=180]
[prefill host enc.front=0.002s(3%) wait.front=0.038s(52%) drain=0.002s(3%) route=0.000s(1%) meta=0.000s(0%) fetch=0.022s(30%) enc.moe=0.001s(1%) tail=0.000s(0%) head=0.007s(10%) other=0.001s(1%) call=0.073s | tiles=85 ahead=85 experts=478 miss=66 io=0.024s 9.7GB/s]
[prefill gpuq busy=0.068s(93%) idle=0.005s(7%) span=0.072s buffers=176]
[prefill host enc.front=0.002s(3%) wait.front=0.035s(48%) drain=0.001s(2%) route=0.000s(0%) meta=0.000s(0%) fetch=0.025s(34%) enc.moe=0.001s(1%) tail=0.000s(0%) head=0.007s(10%) other=0.000s(1%) call=0.072s | tiles=92 ahead=92 experts=497 miss=63 io=0.027s 8.1GB/s]
[prefill gpuq busy=0.067s(93%) idle=0.005s(7%) span=0.072s buffers=183]
[prefill host enc.front=0.002s(3%) wait.front=0.044s(59%) drain=0.001s(1%) route=0.000s(0%) meta=0.000s(0%) fetch=0.018s(24%) enc.moe=0.001s(1%) tail=0.000s(0%) head=0.008s(10%) other=0.000s(1%) call=0.074s | tiles=85 ahead=85 experts=477 miss=39 io=0.018s 7.3GB/s]
[prefill gpuq busy=0.067s(90%) idle=0.007s(10%) span=0.074s buffers=176]
[prefill host enc.front=0.002s(3%) wait.front=0.044s(64%) drain=0.001s(2%) route=0.000s(0%) meta=0.000s(0%) fetch=0.012s(17%) enc.moe=0.001s(1%) tail=0.000s(0%) head=0.007s(11%) other=0.000s(1%) call=0.068s | tiles=84 ahead=84 experts=470 miss=27 io=0.012s 8.0GB/s]
[prefill gpuq busy=0.066s(98%) idle=0.002s(2%) span=0.068s buffers=175]
[prefill host enc.front=0.002s(3%) wait.front=0.041s(60%) drain=0.001s(1%) route=0.000s(1%) meta=0.000s(0%) fetch=0.016s(23%) enc.moe=0.001s(1%) tail=0.000s(0%) head=0.007s(10%) other=0.000s(1%) call=0.068s | tiles=88 ahead=88 experts=486 miss=34 io=0.016s 7.4GB/s]
[prefill gpuq busy=0.066s(98%) idle=0.001s(2%) span=0.067s buffers=179]
[prefill host enc.front=0.002s(3%) wait.front=0.037s(53%) drain=0.000s(1%) route=0.000s(1%) meta=0.000s(0%) fetch=0.020s(29%) enc.moe=0.001s(1%) tail=0.000s(0%) head=0.007s(10%) other=0.001s(1%) call=0.070s | tiles=95 ahead=95 experts=529 miss=54 io=0.021s 9.0GB/s]
[prefill gpuq busy=0.067s(96%) idle=0.003s(4%) span=0.070s buffers=186]
[prefill host enc.front=0.002s(3%) wait.front=0.040s(57%) drain=0.001s(2%) route=0.000s(1%) meta=0.000s(0%) fetch=0.017s(24%) enc.moe=0.001s(1%) tail=0.000s(0%) head=0.007s(11%) other=0.000s(1%) call=0.070s | tiles=84 ahead=84 experts=460 miss=54 io=0.019s 9.8GB/s]
[prefill gpuq busy=0.067s(96%) idle=0.003s(4%) span=0.069s buffers=175]
[prefill host enc.front=0.002s(3%) wait.front=0.038s(56%) drain=0.000s(1%) route=0.000s(1%) meta=0.000s(0%) fetch=0.018s(27%) enc.moe=0.001s(1%) tail=0.000s(0%) head=0.008s(11%) other=0.000s(1%) call=0.069s | tiles=89 ahead=89 experts=500 miss=41 io=0.020s 7.2GB/s]
[prefill gpuq busy=0.067s(97%) idle=0.002s(3%) span=0.069s buffers=180]
[prefill host enc.front=0.002s(3%) wait.front=0.037s(49%) drain=0.001s(1%) route=0.000s(1%) meta=0.000s(0%) fetch=0.025s(34%) enc.moe=0.001s(1%) tail=0.000s(0%) head=0.007s(9%) other=0.001s(1%) call=0.074s | tiles=91 ahead=91 experts=510 miss=70 io=0.027s 8.9GB/s]
[prefill gpuq busy=0.068s(92%) idle=0.006s(8%) span=0.074s buffers=182]
[prefill host enc.front=0.002s(3%) wait.front=0.044s(64%) drain=0.001s(2%) route=0.000s(0%) meta=0.000s(0%) fetch=0.012s(18%) enc.moe=0.001s(1%) tail=0.000s(0%) head=0.007s(10%) other=0.000s(1%) call=0.069s | tiles=87 ahead=87 experts=506 miss=40 io=0.014s 10.0GB/s]
[prefill gpuq busy=0.067s(97%) idle=0.002s(3%) span=0.069s buffers=178]
[prefill host enc.front=0.002s(3%) wait.front=0.039s(53%) drain=0.000s(1%) route=0.000s(0%) meta=0.000s(0%) fetch=0.022s(31%) enc.moe=0.001s(1%) tail=0.000s(0%) head=0.007s(10%) other=0.001s(1%) call=0.073s | tiles=98 ahead=98 experts=556 miss=66 io=0.024s 9.4GB/s]
[prefill gpuq busy=0.068s(94%) idle=0.005s(6%) span=0.073s buffers=189]
[prefill host enc.front=0.002s(3%) wait.front=0.041s(56%) drain=0.002s(2%) route=0.000s(1%) meta=0.000s(0%) fetch=0.019s(26%) enc.moe=0.001s(1%) tail=0.000s(0%) head=0.007s(10%) other=0.001s(1%) call=0.073s | tiles=96 ahead=96 experts=562 miss=62 io=0.021s 10.3GB/s]
[prefill gpuq busy=0.069s(95%) idle=0.004s(5%) span=0.072s buffers=187]
[prefill host enc.front=0.002s(3%) wait.front=0.039s(54%) drain=0.001s(1%) route=0.000s(0%) meta=0.000s(0%) fetch=0.021s(29%) enc.moe=0.001s(1%) tail=0.000s(0%) head=0.008s(10%) other=0.000s(1%) call=0.073s | tiles=82 ahead=82 experts=450 miss=63 io=0.023s 9.6GB/s]
[prefill gpuq busy=0.068s(94%) idle=0.005s(6%) span=0.072s buffers=173]
[prefill host enc.front=0.003s(3%) wait.front=0.036s(48%) drain=0.002s(2%) route=0.000s(1%) meta=0.000s(0%) fetch=0.025s(33%) enc.moe=0.001s(2%) tail=0.000s(0%) head=0.007s(10%) other=0.001s(1%) call=0.074s | tiles=99 ahead=99 experts=582 miss=106 io=0.028s 12.9GB/s]
[prefill gpuq busy=0.070s(95%) idle=0.004s(5%) span=0.074s buffers=190]
[prefill host enc.front=0.002s(3%) wait.front=0.038s(53%) drain=0.000s(1%) route=0.000s(1%) meta=0.000s(0%) fetch=0.021s(29%) enc.moe=0.001s(1%) tail=0.000s(0%) head=0.007s(10%) other=0.001s(1%) call=0.070s | tiles=99 ahead=99 experts=536 miss=54 io=0.021s 8.9GB/s]
[prefill gpuq busy=0.068s(96%) idle=0.003s(4%) span=0.070s buffers=190]
[prefill host enc.front=0.002s(3%) wait.front=0.043s(61%) drain=0.002s(2%) route=0.000s(1%) meta=0.000s(0%) fetch=0.014s(20%) enc.moe=0.001s(1%) tail=0.000s(0%) head=0.007s(10%) other=0.001s(1%) call=0.070s | tiles=103 ahead=103 experts=596 miss=55 io=0.014s 13.6GB/s]
[prefill gpuq busy=0.068s(98%) idle=0.001s(2%) span=0.069s buffers=194]
[prefill host enc.front=0.002s(3%) wait.front=0.037s(49%) drain=0.002s(2%) route=0.000s(1%) meta=0.000s(0%) fetch=0.025s(33%) enc.moe=0.001s(1%) tail=0.000s(0%) head=0.007s(10%) other=0.001s(1%) call=0.075s | tiles=102 ahead=102 experts=618 miss=72 io=0.027s 9.2GB/s]
[prefill gpuq busy=0.069s(92%) idle=0.006s(8%) span=0.075s buffers=193]
[prefill host enc.front=0.002s(3%) wait.front=0.038s(52%) drain=0.001s(1%) route=0.000s(1%) meta=0.000s(0%) fetch=0.023s(31%) enc.moe=0.001s(1%) tail=0.000s(0%) head=0.007s(10%) other=0.001s(1%) call=0.073s | tiles=89 ahead=89 experts=507 miss=91 io=0.025s 12.7GB/s]
[prefill gpuq busy=0.069s(95%) idle=0.004s(5%) span=0.073s buffers=180]
[prefill host enc.front=0.002s(3%) wait.front=0.041s(59%) drain=0.001s(2%) route=0.000s(1%) meta=0.000s(0%) fetch=0.016s(23%) enc.moe=0.001s(1%) tail=0.000s(0%) head=0.007s(10%) other=0.000s(1%) call=0.069s | tiles=84 ahead=84 experts=470 miss=58 io=0.018s 11.2GB/s]
[prefill gpuq busy=0.067s(97%) idle=0.002s(3%) span=0.069s buffers=175]
[prefill host enc.front=0.002s(3%) wait.front=0.038s(55%) drain=0.001s(2%) route=0.000s(1%) meta=0.000s(0%) fetch=0.019s(26%) enc.moe=0.001s(1%) tail=0.000s(0%) head=0.008s(11%) other=0.000s(1%) call=0.070s | tiles=89 ahead=89 experts=508 miss=58 io=0.021s 9.7GB/s]
[prefill gpuq busy=0.068s(97%) idle=0.002s(3%) span=0.070s buffers=180]
[prefill host enc.front=0.002s(3%) wait.front=0.047s(69%) drain=0.001s(2%) route=0.000s(1%) wait.shared=0.000s(0%) meta=0.000s(0%) fetch=0.007s(10%) enc.moe=0.001s(1%) wait.tile=0.001s(2%) tail=0.000s(0%) head=0.007s(11%) other=0.000s(1%) call=0.068s | tiles=82 ahead=77 experts=504 miss=19 io=0.007s 9.3GB/s]
[prefill gpuq busy=0.066s(97%) idle=0.002s(3%) span=0.068s buffers=173]
[prefill host enc.front=0.002s(3%) wait.front=0.046s(67%) drain=0.001s(2%) route=0.000s(1%) wait.shared=0.000s(0%) meta=0.000s(0%) fetch=0.009s(13%) enc.moe=0.001s(1%) wait.tile=0.001s(2%) tail=0.000s(0%) head=0.007s(11%) other=0.000s(1%) call=0.069s | tiles=82 ahead=76 experts=493 miss=24 io=0.009s 8.9GB/s]
[prefill gpuq busy=0.066s(95%) idle=0.003s(5%) span=0.069s buffers=173]
[prefill host enc.front=0.002s(3%) wait.front=0.043s(60%) drain=0.000s(1%) route=0.000s(1%) wait.shared=0.000s(0%) meta=0.000s(0%) fetch=0.016s(23%) enc.moe=0.001s(1%) wait.tile=0.000s(1%) tail=0.000s(0%) head=0.007s(10%) other=0.000s(1%) call=0.071s | tiles=93 ahead=87 experts=531 miss=65 io=0.016s 13.7GB/s]
[prefill gpuq busy=0.068s(96%) idle=0.003s(4%) span=0.071s buffers=184]
[prefill host enc.front=0.002s(3%) wait.front=0.046s(64%) drain=0.002s(2%) route=0.000s(0%) wait.shared=0.000s(0%) meta=0.000s(0%) fetch=0.012s(17%) enc.moe=0.001s(1%) wait.tile=0.000s(1%) tail=0.000s(0%) head=0.007s(10%) other=0.000s(1%) call=0.071s | tiles=79 ahead=74 experts=463 miss=39 io=0.012s 11.0GB/s]
[prefill gpuq busy=0.067s(93%) idle=0.005s(7%) span=0.071s buffers=170]
[prefill host enc.front=0.002s(3%) wait.front=0.040s(57%) drain=0.001s(1%) route=0.000s(0%) meta=0.000s(0%) fetch=0.018s(25%) enc.moe=0.001s(1%) tail=0.000s(0%) head=0.007s(10%) other=0.001s(1%) call=0.070s | tiles=88 ahead=88 experts=498 miss=57 io=0.019s 10.3GB/s]
[prefill gpuq busy=0.068s(97%) idle=0.002s(3%) span=0.070s buffers=179]
[prefill host enc.front=0.002s(3%) wait.front=0.043s(59%) drain=0.002s(2%) route=0.000s(1%) meta=0.000s(0%) fetch=0.017s(23%) enc.moe=0.001s(1%) tail=0.000s(0%) head=0.007s(10%) other=0.001s(1%) call=0.074s | tiles=97 ahead=97 experts=558 miss=39 io=0.017s 7.8GB/s]
[prefill gpuq busy=0.068s(92%) idle=0.006s(8%) span=0.073s buffers=188]
[prefill host enc.front=0.002s(3%) wait.front=0.038s(51%) drain=0.001s(2%) route=0.000s(1%) wait.shared=0.000s(0%) meta=0.000s(0%) fetch=0.023s(31%) enc.moe=0.001s(1%) wait.tile=0.000s(1%) tail=0.000s(0%) head=0.007s(10%) other=0.001s(1%) call=0.075s | tiles=91 ahead=86 experts=524 miss=79 io=0.023s 11.8GB/s]
[prefill gpuq busy=0.069s(92%) idle=0.006s(8%) span=0.075s buffers=182]
[prefill host enc.front=0.003s(3%) wait.front=0.038s(45%) drain=0.001s(2%) route=0.000s(1%) meta=0.000s(0%) fetch=0.031s(38%) enc.moe=0.001s(1%) tail=0.000s(0%) head=0.008s(9%) other=0.001s(1%) call=0.084s | tiles=101 ahead=101 experts=604 miss=153 io=0.046s 11.5GB/s]
[prefill gpuq busy=0.073s(87%) idle=0.011s(13%) span=0.083s buffers=192]
[prefill host enc.front=0.002s(3%) wait.front=0.039s(51%) drain=0.001s(2%) route=0.000s(0%) meta=0.000s(0%) fetch=0.025s(32%) enc.moe=0.001s(1%) tail=0.000s(0%) head=0.007s(9%) other=0.001s(1%) call=0.077s | tiles=92 ahead=92 experts=531 miss=103 io=0.033s 10.7GB/s]
[prefill gpuq busy=0.069s(90%) idle=0.007s(10%) span=0.077s buffers=183]
[prefill host enc.front=0.002s(3%) wait.front=0.037s(51%) drain=0.002s(2%) route=0.000s(1%) meta=0.000s(0%) fetch=0.021s(30%) enc.moe=0.001s(1%) tail=0.000s(0%) head=0.007s(10%) other=0.001s(1%) call=0.071s | tiles=89 ahead=89 experts=486 miss=65 io=0.023s 10.0GB/s]
[prefill gpuq busy=0.068s(96%) idle=0.003s(4%) span=0.071s buffers=180]
[prefill host enc.front=0.002s(3%) wait.front=0.042s(59%) drain=0.001s(2%) route=0.000s(1%) meta=0.000s(0%) fetch=0.016s(23%) enc.moe=0.001s(1%) tail=0.000s(0%) head=0.007s(10%) other=0.000s(1%) call=0.071s | tiles=83 ahead=83 experts=475 miss=54 io=0.018s 10.3GB/s]
[prefill gpuq busy=0.068s(96%) idle=0.003s(4%) span=0.071s buffers=174]
[prefill host enc.front=0.002s(3%) wait.front=0.044s(64%) drain=0.000s(1%) route=0.000s(0%) meta=0.000s(0%) fetch=0.013s(19%) enc.moe=0.001s(1%) tail=0.000s(0%) head=0.007s(10%) other=0.000s(1%) call=0.068s | tiles=86 ahead=86 experts=482 miss=39 io=0.015s 9.1GB/s]
[prefill gpuq busy=0.067s(98%) idle=0.001s(2%) span=0.068s buffers=177]
[prefill host enc.front=0.002s(4%) wait.front=0.026s(63%) drain=0.001s(2%) route=0.000s(1%) meta=0.000s(0%) fetch=0.008s(20%) enc.moe=0.001s(2%) tail=0.000s(0%) head=0.004s(9%) other=0.000s(1%) call=0.042s | tiles=71 ahead=71 experts=382 miss=28 io=0.009s 10.3GB/s]
[prefill gpuq busy=0.038s(91%) idle=0.004s(9%) span=0.041s buffers=162]

[stop=maxTokens prefill=371tok new=192tok decode=7.03s tok/s=27.326]
[load=0.777s layerVerify=0.000s/30layers prefill=4.265s ttft=4.265s peak=4.97GB rss=3.20GB]
[expert prefill hit=0.0% 0/2785 io=1.647s | decode hit=87.3% 32274/36977 io=2.387s]
[vision images=1 soft=266 tower=1.818s towerLoad=0.001s]
[decode/tok io=0.00ms cb1=0.00ms cb2=0.00ms head=0.00ms]
[mtp bs=6 rounds=73 accept=1.616/5 tok/round=2.630 draft=1.112s verify=5.905s accepted=24,19,10,7,7,6]
