[prefill host enc.front=0.002s(0%) wait.front=0.235s(16%) drain=0.000s(0%) route=0.001s(0%) wait.shared=0.040s(3%) meta=0.000s(0%) fetch=1.042s(72%) enc.moe=0.009s(1%) wait.tile=0.103s(7%) tail=0.008s(1%) head=0.004s(0%) other=0.004s(0%) call=1.449s | tiles=268 ahead=0 experts=0 miss=0 io=0.000s 0.0GB/s]
[prefill gpuq busy=0.680s(52%) idle=0.637s(48%) span=1.317s buffers=359]
[prefill host enc.front=0.004s(1%) wait.front=0.094s(38%) drain=0.002s(1%) route=0.001s(0%) meta=0.000s(0%) fetch=0.138s(56%) enc.moe=0.002s(1%) tail=0.000s(0%) head=0.007s(3%) other=0.001s(0%) call=0.248s | tiles=98 ahead=98 experts=586 miss=325 io=0.234s 4.8GB/s]
[prefill gpuq busy=0.119s(48%) idle=0.128s(52%) span=0.247s buffers=189]
[prefill host enc.front=0.003s(1%) wait.front=0.040s(23%) drain=0.001s(0%) route=0.000s(0%) meta=0.000s(0%) fetch=0.124s(70%) enc.moe=0.001s(1%) tail=0.000s(0%) head=0.007s(4%) other=0.001s(0%) call=0.177s | tiles=105 ahead=105 experts=633 miss=216 io=0.188s 4.0GB/s]
[prefill gpuq busy=0.069s(39%) idle=0.107s(61%) span=0.176s buffers=196]
[prefill host enc.front=0.002s(3%) wait.front=0.036s(46%) drain=0.001s(1%) route=0.000s(0%) meta=0.000s(0%) fetch=0.030s(38%) enc.moe=0.001s(1%) tail=0.000s(0%) head=0.007s(9%) other=0.001s(1%) call=0.077s | tiles=96 ahead=96 experts=539 miss=58 io=0.036s 5.6GB/s]
[prefill gpuq busy=0.065s(85%) idle=0.012s(15%) span=0.077s buffers=187]
[prefill host enc.front=0.002s(3%) wait.front=0.033s(38%) drain=0.001s(1%) route=0.000s(0%) meta=0.000s(0%) fetch=0.041s(48%) enc.moe=0.001s(1%) tail=0.000s(0%) head=0.007s(8%) other=0.001s(1%) call=0.086s | tiles=91 ahead=91 experts=507 miss=72 io=0.045s 5.6GB/s]
[prefill gpuq busy=0.065s(75%) idle=0.021s(25%) span=0.086s buffers=182]
[prefill host enc.front=0.002s(2%) wait.front=0.030s(25%) drain=0.001s(1%) route=0.000s(0%) wait.shared=0.000s(0%) meta=0.000s(0%) fetch=0.074s(63%) enc.moe=0.001s(1%) wait.tile=0.001s(1%) tail=0.000s(0%) head=0.007s(6%) other=0.001s(1%) call=0.118s | tiles=109 ahead=99 experts=654 miss=137 io=0.078s 6.1GB/s]
[prefill gpuq busy=0.069s(58%) idle=0.049s(42%) span=0.118s buffers=200]
[prefill host enc.front=0.002s(2%) wait.front=0.033s(21%) drain=0.001s(0%) route=0.000s(0%) meta=0.000s(0%) fetch=0.110s(70%) enc.moe=0.001s(1%) tail=0.000s(0%) head=0.007s(5%) other=0.001s(0%) call=0.156s | tiles=108 ahead=108 experts=679 miss=201 io=0.141s 4.9GB/s]
[prefill gpuq busy=0.070s(45%) idle=0.085s(55%) span=0.155s buffers=199]
[prefill host enc.front=0.002s(2%) wait.front=0.031s(22%) drain=0.001s(0%) route=0.000s(0%) meta=0.000s(0%) fetch=0.095s(68%) enc.moe=0.001s(1%) tail=0.000s(0%) head=0.007s(5%) other=0.001s(0%) call=0.139s | tiles=98 ahead=98 experts=615 miss=179 io=0.108s 5.7GB/s]
[prefill gpuq busy=0.068s(49%) idle=0.070s(51%) span=0.138s buffers=189]
[prefill host enc.front=0.003s(3%) wait.front=0.028s(32%) drain=0.001s(1%) route=0.000s(0%) wait.shared=0.000s(0%) meta=0.000s(0%) fetch=0.043s(50%) enc.moe=0.001s(1%) wait.tile=0.001s(1%) tail=0.000s(0%) head=0.007s(9%) other=0.001s(1%) call=0.086s | tiles=116 ahead=106 experts=715 miss=116 io=0.047s 8.5GB/s]
[prefill gpuq busy=0.070s(82%) idle=0.015s(18%) span=0.085s buffers=207]
[prefill host enc.front=0.003s(3%) wait.front=0.034s(46%) drain=0.001s(1%) route=0.000s(1%) wait.shared=0.000s(0%) meta=0.000s(0%) fetch=0.026s(36%) enc.moe=0.001s(2%) wait.tile=0.001s(1%) tail=0.000s(0%) head=0.007s(9%) other=0.001s(1%) call=0.074s | tiles=116 ahead=111 experts=705 miss=74 io=0.027s 9.5GB/s]
[prefill gpuq busy=0.068s(93%) idle=0.005s(7%) span=0.073s buffers=207]
[prefill host enc.front=0.003s(2%) wait.front=0.027s(24%) drain=0.000s(0%) route=0.000s(0%) wait.shared=0.001s(1%) meta=0.000s(0%) fetch=0.068s(61%) enc.moe=0.002s(1%) wait.tile=0.002s(2%) tail=0.000s(0%) head=0.008s(7%) other=0.001s(1%) call=0.112s | tiles=129 ahead=106 experts=767 miss=190 io=0.077s 8.6GB/s]
[prefill gpuq busy=0.074s(66%) idle=0.037s(34%) span=0.112s buffers=220]
[prefill host enc.front=0.003s(2%) wait.front=0.027s(24%) drain=0.001s(1%) route=0.000s(0%) meta=0.000s(0%) fetch=0.073s(64%) enc.moe=0.001s(1%) tail=0.000s(0%) head=0.007s(6%) other=0.001s(1%) call=0.113s | tiles=111 ahead=111 experts=694 miss=182 io=0.087s 7.3GB/s]
[prefill gpuq busy=0.071s(63%) idle=0.042s(37%) span=0.113s buffers=202]
[prefill host enc.front=0.002s(2%) wait.front=0.030s(26%) drain=0.001s(1%) route=0.000s(0%) wait.shared=0.001s(0%) meta=0.000s(0%) fetch=0.070s(61%) enc.moe=0.001s(1%) wait.tile=0.003s(2%) tail=0.000s(0%) head=0.007s(6%) other=0.001s(1%) call=0.116s | tiles=121 ahead=105 experts=765 miss=171 io=0.080s 7.4GB/s]
[prefill gpuq busy=0.071s(61%) idle=0.045s(39%) span=0.116s buffers=212]
[prefill host enc.front=0.003s(3%) wait.front=0.031s(36%) drain=0.001s(1%) route=0.000s(0%) wait.shared=0.000s(0%) meta=0.000s(0%) fetch=0.040s(47%) enc.moe=0.001s(1%) wait.tile=0.001s(1%) tail=0.000s(0%) head=0.007s(9%) other=0.001s(1%) call=0.085s | tiles=105 ahead=95 experts=606 miss=138 io=0.043s 11.2GB/s]
[prefill gpuq busy=0.070s(83%) idle=0.015s(17%) span=0.085s buffers=196]
[prefill host enc.front=0.003s(3%) wait.front=0.031s(36%) drain=0.001s(1%) route=0.000s(0%) wait.shared=0.000s(0%) meta=0.000s(0%) fetch=0.041s(48%) enc.moe=0.001s(1%) wait.tile=0.001s(1%) tail=0.000s(0%) head=0.007s(9%) other=0.001s(1%) call=0.085s | tiles=115 ahead=110 experts=671 miss=143 io=0.049s 10.1GB/s]
[prefill gpuq busy=0.071s(83%) idle=0.014s(17%) span=0.085s buffers=206]
[prefill host enc.front=0.003s(2%) wait.front=0.033s(25%) drain=0.000s(0%) route=0.000s(0%) wait.shared=0.000s(0%) meta=0.000s(0%) fetch=0.083s(64%) enc.moe=0.002s(1%) wait.tile=0.001s(0%) tail=0.000s(0%) head=0.007s(5%) other=0.001s(1%) call=0.129s | tiles=122 ahead=117 experts=760 miss=270 io=0.124s 7.5GB/s]
[prefill gpuq busy=0.076s(59%) idle=0.053s(41%) span=0.129s buffers=213]
[prefill host enc.front=0.003s(2%) wait.front=0.031s(22%) drain=0.001s(0%) route=0.000s(0%) wait.shared=0.000s(0%) meta=0.000s(0%) fetch=0.096s(68%) enc.moe=0.002s(1%) wait.tile=0.000s(0%) tail=0.000s(0%) head=0.007s(5%) other=0.001s(1%) call=0.142s | tiles=114 ahead=109 experts=729 miss=251 io=0.138s 6.3GB/s]
[prefill gpuq busy=0.072s(51%) idle=0.069s(49%) span=0.141s buffers=205]
[prefill host enc.front=0.003s(3%) wait.front=0.028s(26%) drain=0.001s(1%) route=0.000s(0%) wait.shared=0.000s(0%) meta=0.000s(0%) fetch=0.065s(61%) enc.moe=0.001s(1%) wait.tile=0.000s(0%) tail=0.000s(0%) head=0.007s(7%) other=0.001s(1%) call=0.107s | tiles=121 ahead=116 experts=740 miss=202 io=0.081s 8.6GB/s]
[prefill gpuq busy=0.073s(68%) idle=0.034s(32%) span=0.107s buffers=212]
[prefill host enc.front=0.003s(2%) wait.front=0.033s(22%) drain=0.000s(0%) route=0.000s(0%) wait.shared=0.001s(0%) meta=0.000s(0%) fetch=0.101s(67%) enc.moe=0.002s(1%) wait.tile=0.002s(1%) tail=0.000s(0%) head=0.007s(5%) other=0.001s(0%) call=0.150s | tiles=126 ahead=104 experts=790 miss=264 io=0.133s 6.9GB/s]
[prefill gpuq busy=0.075s(50%) idle=0.075s(50%) span=0.150s buffers=217]
[prefill host enc.front=0.003s(2%) wait.front=0.027s(24%) drain=0.001s(1%) route=0.000s(0%) wait.shared=0.001s(1%) meta=0.000s(0%) fetch=0.068s(60%) enc.moe=0.001s(1%) wait.tile=0.003s(3%) tail=0.000s(0%) head=0.007s(7%) other=0.001s(1%) call=0.113s | tiles=129 ahead=103 experts=802 miss=184 io=0.073s 8.7GB/s]
[prefill gpuq busy=0.073s(65%) idle=0.039s(35%) span=0.112s buffers=220]
[prefill host enc.front=0.003s(3%) wait.front=0.028s(27%) drain=0.001s(1%) route=0.000s(0%) meta=0.000s(0%) fetch=0.061s(60%) enc.moe=0.001s(1%) tail=0.000s(0%) head=0.007s(7%) other=0.001s(1%) call=0.103s | tiles=123 ahead=123 experts=719 miss=169 io=0.078s 7.5GB/s]
[prefill gpuq busy=0.070s(69%) idle=0.032s(31%) span=0.103s buffers=214]
[prefill host enc.front=0.003s(2%) wait.front=0.032s(25%) drain=0.001s(0%) route=0.000s(0%) meta=0.000s(0%) fetch=0.084s(65%) enc.moe=0.001s(1%) tail=0.000s(0%) head=0.007s(6%) other=0.001s(1%) call=0.129s | tiles=112 ahead=112 experts=686 miss=259 io=0.133s 6.7GB/s]
[prefill gpuq busy=0.072s(56%) idle=0.057s(44%) span=0.129s buffers=203]
[prefill host enc.front=0.003s(3%) wait.front=0.029s(36%) drain=0.001s(1%) route=0.000s(0%) wait.shared=0.000s(0%) meta=0.000s(0%) fetch=0.036s(46%) enc.moe=0.001s(1%) wait.tile=0.000s(1%) tail=0.000s(0%) head=0.007s(10%) other=0.001s(1%) call=0.078s | tiles=114 ahead=109 experts=667 miss=79 io=0.036s 7.5GB/s]
[prefill gpuq busy=0.068s(87%) idle=0.010s(13%) span=0.078s buffers=205]
[prefill host enc.front=0.003s(2%) wait.front=0.035s(23%) drain=0.001s(1%) route=0.000s(0%) wait.shared=0.000s(0%) meta=0.000s(0%) fetch=0.100s(67%) enc.moe=0.002s(1%) wait.tile=0.001s(1%) tail=0.000s(0%) head=0.007s(5%) other=0.001s(0%) call=0.150s | tiles=122 ahead=111 experts=762 miss=269 io=0.138s 6.7GB/s]
[prefill gpuq busy=0.076s(51%) idle=0.073s(49%) span=0.150s buffers=213]
[prefill host enc.front=0.003s(2%) wait.front=0.032s(24%) drain=0.001s(1%) route=0.000s(0%) wait.shared=0.000s(0%) meta=0.000s(0%) fetch=0.083s(64%) enc.moe=0.001s(1%) wait.tile=0.002s(1%) tail=0.000s(0%) head=0.007s(5%) other=0.001s(1%) call=0.131s | tiles=117 ahead=101 experts=747 miss=256 io=0.111s 8.0GB/s]
[prefill gpuq busy=0.073s(56%) idle=0.058s(44%) span=0.131s buffers=208]
[prefill host enc.front=0.003s(3%) wait.front=0.026s(28%) drain=0.001s(1%) route=0.000s(0%) wait.shared=0.000s(0%) meta=0.000s(0%) fetch=0.054s(57%) enc.moe=0.001s(1%) wait.tile=0.001s(1%) tail=0.000s(0%) head=0.007s(8%) other=0.001s(1%) call=0.095s | tiles=118 ahead=108 experts=744 miss=132 io=0.056s 8.2GB/s]
[prefill gpuq busy=0.071s(75%) idle=0.024s(25%) span=0.094s buffers=209]
[prefill host enc.front=0.003s(3%) wait.front=0.028s(26%) drain=0.001s(1%) route=0.000s(0%) wait.shared=0.001s(1%) meta=0.000s(0%) fetch=0.063s(59%) enc.moe=0.002s(2%) wait.tile=0.002s(2%) tail=0.000s(0%) head=0.007s(7%) other=0.001s(1%) call=0.107s | tiles=129 ahead=107 experts=809 miss=262 io=0.081s 11.3GB/s]
[prefill gpuq busy=0.078s(73%) idle=0.029s(27%) span=0.107s buffers=220]
[prefill host enc.front=0.003s(2%) wait.front=0.027s(22%) drain=0.001s(1%) route=0.000s(0%) wait.shared=0.000s(0%) meta=0.000s(0%) fetch=0.082s(66%) enc.moe=0.001s(1%) wait.tile=0.002s(1%) tail=0.000s(0%) head=0.007s(6%) other=0.001s(0%) call=0.125s | tiles=124 ahead=108 experts=798 miss=181 io=0.091s 6.9GB/s]
[prefill gpuq busy=0.071s(57%) idle=0.053s(43%) span=0.125s buffers=215]
[prefill host enc.front=0.003s(2%) wait.front=0.037s(26%) drain=0.002s(1%) route=0.000s(0%) meta=0.000s(0%) fetch=0.094s(64%) enc.moe=0.002s(1%) tail=0.000s(0%) head=0.007s(5%) other=0.001s(1%) call=0.147s | tiles=114 ahead=114 experts=718 miss=322 io=0.165s 6.7GB/s]
[prefill gpuq busy=0.076s(52%) idle=0.071s(48%) span=0.146s buffers=205]
[prefill host enc.front=0.003s(3%) wait.front=0.032s(28%) drain=0.001s(1%) route=0.000s(0%) wait.shared=0.000s(0%) meta=0.000s(0%) fetch=0.064s(57%) enc.moe=0.002s(2%) wait.tile=0.001s(1%) tail=0.000s(0%) head=0.007s(6%) other=0.001s(1%) call=0.112s | tiles=124 ahead=114 experts=799 miss=321 io=0.099s 11.3GB/s]
[prefill gpuq busy=0.079s(71%) idle=0.032s(29%) span=0.111s buffers=215]
[prefill host enc.front=0.003s(2%) wait.front=0.034s(21%) drain=0.001s(1%) route=0.000s(0%) wait.shared=0.000s(0%) meta=0.000s(0%) fetch=0.118s(71%) enc.moe=0.001s(1%) wait.tile=0.001s(0%) tail=0.000s(0%) head=0.007s(4%) other=0.001s(0%) call=0.167s | tiles=108 ahead=103 experts=674 miss=248 io=0.193s 4.5GB/s]
[prefill gpuq busy=0.071s(42%) idle=0.096s(58%) span=0.167s buffers=199]
[prefill host enc.front=0.002s(2%) wait.front=0.033s(23%) drain=0.001s(0%) route=0.000s(0%) meta=0.000s(0%) fetch=0.100s(69%) enc.moe=0.001s(1%) tail=0.000s(0%) head=0.007s(5%) other=0.001s(0%) call=0.146s | tiles=102 ahead=102 experts=616 miss=200 io=0.135s 5.1GB/s]
[prefill gpuq busy=0.070s(48%) idle=0.076s(52%) span=0.145s buffers=193]
[prefill host enc.front=0.003s(3%) wait.front=0.029s(31%) drain=0.001s(1%) route=0.000s(0%) meta=0.000s(0%) fetch=0.051s(54%) enc.moe=0.001s(2%) tail=0.000s(0%) head=0.007s(8%) other=0.001s(1%) call=0.095s | tiles=101 ahead=101 experts=607 miss=158 io=0.064s 8.6GB/s]
[prefill gpuq busy=0.069s(73%) idle=0.025s(27%) span=0.094s buffers=192]
[prefill host enc.front=0.003s(2%) wait.front=0.033s(21%) drain=0.002s(1%) route=0.000s(0%) wait.shared=0.000s(0%) meta=0.000s(0%) fetch=0.107s(69%) enc.moe=0.001s(1%) wait.tile=0.000s(0%) tail=0.000s(0%) head=0.007s(5%) other=0.001s(0%) call=0.155s | tiles=106 ahead=101 experts=644 miss=265 io=0.166s 5.5GB/s]
[prefill gpuq busy=0.070s(45%) idle=0.084s(55%) span=0.155s buffers=197]
[prefill host enc.front=0.003s(2%) wait.front=0.031s(18%) drain=0.001s(0%) route=0.000s(0%) wait.shared=0.001s(0%) meta=0.000s(0%) fetch=0.126s(72%) enc.moe=0.002s(1%) wait.tile=0.003s(2%) tail=0.000s(0%) head=0.007s(4%) other=0.001s(0%) call=0.174s | tiles=130 ahead=109 experts=836 miss=328 io=0.192s 5.9GB/s]
[prefill gpuq busy=0.076s(44%) idle=0.098s(56%) span=0.174s buffers=221]
[prefill host enc.front=0.003s(2%) wait.front=0.033s(26%) drain=0.001s(1%) route=0.000s(0%) wait.shared=0.001s(1%) meta=0.000s(0%) fetch=0.078s(61%) enc.moe=0.002s(1%) wait.tile=0.003s(2%) tail=0.000s(0%) head=0.007s(5%) other=0.001s(1%) call=0.128s | tiles=127 ahead=101 experts=832 miss=267 io=0.099s 9.3GB/s]
[prefill gpuq busy=0.078s(61%) idle=0.050s(39%) span=0.128s buffers=218]
[prefill host enc.front=0.003s(2%) wait.front=0.033s(24%) drain=0.000s(0%) route=0.000s(0%) wait.shared=0.001s(0%) meta=0.000s(0%) fetch=0.089s(64%) enc.moe=0.002s(1%) wait.tile=0.003s(2%) tail=0.000s(0%) head=0.007s(5%) other=0.001s(1%) call=0.139s | tiles=124 ahead=102 experts=777 miss=305 io=0.127s 8.3GB/s]
[prefill gpuq busy=0.078s(56%) idle=0.061s(44%) span=0.139s buffers=215]
[prefill host enc.front=0.003s(2%) wait.front=0.031s(25%) drain=0.001s(1%) route=0.000s(0%) wait.shared=0.000s(0%) meta=0.000s(0%) fetch=0.077s(63%) enc.moe=0.001s(1%) wait.tile=0.001s(1%) tail=0.000s(0%) head=0.007s(6%) other=0.001s(1%) call=0.123s | tiles=109 ahead=104 experts=683 miss=248 io=0.109s 7.9GB/s]
[prefill gpuq busy=0.073s(59%) idle=0.050s(41%) span=0.123s buffers=200]
[prefill host enc.front=0.003s(3%) wait.front=0.026s(28%) drain=0.000s(0%) route=0.000s(0%) wait.shared=0.000s(0%) meta=0.000s(0%) fetch=0.053s(57%) enc.moe=0.001s(1%) wait.tile=0.001s(2%) tail=0.000s(0%) head=0.007s(8%) other=0.001s(1%) call=0.094s | tiles=124 ahead=108 experts=761 miss=132 io=0.055s 8.3GB/s]
[prefill gpuq busy=0.071s(76%) idle=0.023s(24%) span=0.093s buffers=215]
[prefill host enc.front=0.003s(2%) wait.front=0.033s(22%) drain=0.001s(1%) route=0.000s(0%) wait.shared=0.000s(0%) meta=0.000s(0%) fetch=0.098s(67%) enc.moe=0.001s(1%) wait.tile=0.001s(1%) tail=0.000s(0%) head=0.008s(5%) other=0.001s(0%) call=0.146s | tiles=107 ahead=102 experts=679 miss=241 io=0.133s 6.3GB/s]
[prefill gpuq busy=0.074s(50%) idle=0.072s(50%) span=0.146s buffers=198]
[prefill host enc.front=0.003s(2%) wait.front=0.031s(18%) drain=0.001s(0%) route=0.000s(0%) wait.shared=0.001s(1%) meta=0.000s(0%) fetch=0.120s(71%) enc.moe=0.002s(1%) wait.tile=0.005s(3%) tail=0.000s(0%) head=0.007s(4%) other=0.001s(0%) call=0.171s | tiles=136 ahead=105 experts=868 miss=264 io=0.152s 6.0GB/s]
[prefill gpuq busy=0.075s(44%) idle=0.096s(56%) span=0.170s buffers=227]
[prefill host enc.front=0.003s(1%) wait.front=0.037s(21%) drain=0.000s(0%) route=0.000s(0%) wait.shared=0.000s(0%) meta=0.000s(0%) fetch=0.129s(71%) enc.moe=0.002s(1%) wait.tile=0.001s(1%) tail=0.000s(0%) head=0.007s(4%) other=0.001s(0%) call=0.182s | tiles=124 ahead=112 experts=766 miss=308 io=0.203s 5.3GB/s]
[prefill gpuq busy=0.074s(41%) idle=0.107s(59%) span=0.181s buffers=215]
[prefill host enc.front=0.003s(1%) wait.front=0.035s(20%) drain=0.001s(0%) route=0.000s(0%) wait.shared=0.000s(0%) meta=0.000s(0%) fetch=0.125s(72%) enc.moe=0.001s(1%) wait.tile=0.001s(1%) tail=0.000s(0%) head=0.007s(4%) other=0.001s(0%) call=0.174s | tiles=120 ahead=110 experts=741 miss=256 io=0.180s 4.9GB/s]
[prefill gpuq busy=0.071s(41%) idle=0.103s(59%) span=0.174s buffers=211]
[prefill host enc.front=0.003s(2%) wait.front=0.031s(22%) drain=0.001s(1%) route=0.000s(0%) wait.shared=0.000s(0%) meta=0.000s(0%) fetch=0.095s(67%) enc.moe=0.002s(1%) wait.tile=0.001s(0%) tail=0.000s(0%) head=0.007s(5%) other=0.001s(1%) call=0.142s | tiles=112 ahead=107 experts=707 miss=262 io=0.132s 6.9GB/s]
[prefill gpuq busy=0.073s(51%) idle=0.069s(49%) span=0.142s buffers=203]
[prefill host enc.front=0.003s(1%) wait.front=0.034s(18%) drain=0.001s(1%) route=0.000s(0%) wait.shared=0.001s(1%) meta=0.000s(0%) fetch=0.132s(70%) enc.moe=0.002s(1%) wait.tile=0.006s(3%) tail=0.000s(0%) head=0.007s(4%) other=0.001s(0%) call=0.187s | tiles=137 ahead=95 experts=877 miss=401 io=0.183s 7.6GB/s]
[prefill gpuq busy=0.081s(43%) idle=0.106s(57%) span=0.187s buffers=228]
[prefill host enc.front=0.003s(2%) wait.front=0.029s(22%) drain=0.001s(1%) route=0.001s(0%) wait.shared=0.001s(1%) meta=0.000s(0%) fetch=0.085s(63%) enc.moe=0.002s(1%) wait.tile=0.005s(4%) tail=0.000s(0%) head=0.008s(6%) other=0.001s(1%) call=0.135s | tiles=142 ahead=109 experts=914 miss=217 io=0.096s 7.8GB/s]
[prefill gpuq busy=0.077s(57%) idle=0.058s(43%) span=0.134s buffers=233]
[prefill host enc.front=0.003s(3%) wait.front=0.032s(31%) drain=0.001s(1%) route=0.000s(0%) wait.shared=0.000s(0%) meta=0.000s(0%) fetch=0.059s(57%) enc.moe=0.001s(1%) wait.tile=0.000s(0%) tail=0.000s(0%) head=0.007s(7%) other=0.001s(1%) call=0.105s | tiles=103 ahead=98 experts=605 miss=221 io=0.084s 9.1GB/s]
[prefill gpuq busy=0.071s(68%) idle=0.034s(32%) span=0.104s buffers=194]
[prefill host enc.front=0.003s(2%) wait.front=0.031s(23%) drain=0.001s(1%) route=0.000s(0%) wait.shared=0.001s(0%) meta=0.000s(0%) fetch=0.087s(64%) enc.moe=0.001s(1%) wait.tile=0.003s(2%) tail=0.000s(0%) head=0.007s(5%) other=0.001s(0%) call=0.136s | tiles=117 ahead=97 experts=726 miss=250 io=0.119s 7.3GB/s]
[prefill gpuq busy=0.072s(53%) idle=0.064s(47%) span=0.136s buffers=208]
[prefill host enc.front=0.002s(4%) wait.front=0.021s(42%) drain=0.001s(1%) route=0.000s(1%) meta=0.000s(0%) fetch=0.020s(42%) enc.moe=0.001s(1%) tail=0.000s(0%) head=0.004s(8%) other=0.000s(1%) call=0.049s | tiles=71 ahead=71 experts=349 miss=66 io=0.022s 10.3GB/s]
[prefill gpuq busy=0.032s(66%) idle=0.017s(34%) span=0.048s buffers=162]

[stop=maxTokens prefill=46tok new=192tok decode=6.86s tok/s=27.999]
[load=0.788s layerVerify=0.000s/30layers prefill=1.449s ttft=1.449s peak=4.86GB rss=3.96GB]
[expert prefill hit=0.0% 0/2028 io=1.040s | decode hit=69.9% 23808/34068 io=5.221s]
[decode/tok io=0.00ms cb1=0.00ms cb2=0.00ms head=0.00ms]
[mtp bs=6 rounds=48 accept=2.979/5 tok/round=4.000 draft=0.706s verify=6.145s accepted=8,8,2,7,5,18]
