  layer 00 done
  layer 01 done
  layer 02 done
  layer 03 done
  layer 04 done
  layer 05 done
  layer 06 done
  layer 07 done
  layer 08 done
  layer 09 done
  layer 10 done
  layer 11 done
  layer 12 done
  layer 13 done
  layer 14 done
  layer 15 done
  layer 16 done
  layer 17 done
  layer 18 done
  layer 19 done
  layer 20 done
  layer 21 done
  layer 22 done
  layer 23 done
  layer 24 done
  layer 25 done
  layer 26 done
  layer 27 done
  layer 28 done
  layer 29 done

== order-0 エントロピー (bits/weight) ==
role                     weights  H(q) per-role  H(q) per-blob   H(byte)/2     bpw*   対 4.500
down               7,612,661,760         3.4511         3.4509      3.4507    3.951   -12.20%
gate               7,612,661,760         3.4508         3.4506      3.4505    3.951   -12.21%
resident:dense     1,645,445,120         3.6833         3.6588      3.6824    4.159    -7.58%
resident:embed       738,197,504         3.7953         3.7953      3.7948    4.295    -4.55%
up                 7,612,661,760         3.4511         3.4509      3.4507    3.951   -12.20%
ALL               25,221,627,904         3.4856         3.4745      3.4855    3.974   -11.68%
  * bpw = H(q) per-blob + scale 0.500 bits/weight。現行 sym は 4.000 + 0.500 = 4.500

== コードの分布 (全体) ==
  q= 0 (c= -8)  0.363%  #
  q= 1 (c= -7)  0.546%  ##
  q= 2 (c= -6)  1.300%  #####
  q= 3 (c= -5)  2.718%  ###########
  q= 4 (c= -4)  4.960%  ####################
  q= 5 (c= -3)  7.926%  ################################
  q= 6 (c= -2) 11.112%  #############################################
  q= 7 (c= -1) 13.692%  ########################################################
  q= 8 (c=  0) 14.722%  ############################################################
  q= 9 (c=  1) 13.696%  ########################################################
  q=10 (c=  2) 11.120%  #############################################
  q=11 (c=  3)  7.934%  ################################
  q=12 (c=  4)  4.968%  ####################
  q=13 (c=  5)  2.724%  ###########
  q=14 (c=  6)  1.303%  #####
  q=15 (c=  7)  0.915%  ####

== 群 (32 コード) の振幅 ==
  down           群  237,895,680  固定窓 3bit   0.00% / 2bit  0.00%   オフセット付き 3bit   0.01% / 2bit  0.00%
  gate           群  237,895,680  固定窓 3bit   0.00% / 2bit  0.00%   オフセット付き 3bit   0.01% / 2bit  0.00%
  resident:dense 群   51,420,160  固定窓 3bit   0.00% / 2bit  0.00%   オフセット付き 3bit   0.00% / 2bit  0.00%
  resident:embed 群   23,068,672  固定窓 3bit   0.00% / 2bit  0.00%   オフセット付き 3bit   0.00% / 2bit  0.00%
  up             群  237,895,680  固定窓 3bit   0.00% / 2bit  0.00%   オフセット付き 3bit   0.02% / 2bit  0.00%
