[prefill gpu attn=0.390s(29%) shared=0.114s(9%) moe=0.814s(61%) tail=0.007s(1%) head=0.003s(0%) total=1.328s]
[prefill gpu attn embed=0.000s(0%) norm=0.001s(0%) qkv=0.145s(37%) rope=0.005s(1%) kvcopy=0.001s(0%) attn.swa=0.089s(23%) attn.full=0.006s(2%) oproj=0.081s(21%) post=0.062s(16%) total=0.390s]
[prefill host enc.front=0.004s(0%) wait.front=0.521s(20%) drain=0.000s(0%) route=0.005s(0%) wait.shared=0.109s(4%) meta=0.000s(0%) fetch=1.844s(71%) enc.moe=0.016s(1%) wait.tile=0.068s(3%) tail=0.013s(1%) head=0.004s(0%) other=0.006s(0%) call=2.588s | tiles=390 ahead=0 experts=0 miss=0 io=0.000s 0.0GB/s]
[prefill gpuq busy=1.327s(54%) idle=1.133s(46%) span=2.460s buffers=662]
[prefill gpu attn=0.013s(30%) shared=0.004s(9%) moe=0.019s(44%) tail=0.001s(2%) head=0.006s(14%) total=0.042s]
[prefill gpu attn embed=0.000s(0%) norm=0.000s(2%) qkv=0.005s(40%) rope=0.001s(5%) kvcopy=0.000s(1%) attn.swa=0.001s(9%) attn.full=0.000s(2%) oproj=0.003s(21%) post=0.003s(20%) total=0.013s]
[prefill host enc.front=0.004s(2%) wait.front=0.072s(27%) drain=0.001s(0%) route=0.001s(0%) meta=0.000s(0%) fetch=0.180s(67%) enc.moe=0.002s(1%) tail=0.000s(0%) head=0.006s(2%) other=0.001s(0%) call=0.267s | tiles=73 ahead=73 experts=402 miss=212 io=0.221s 3.3GB/s]
[prefill gpuq busy=0.042s(16%) idle=0.225s(84%) span=0.267s buffers=345]
[prefill gpu attn=0.016s(33%) shared=0.006s(13%) moe=0.021s(44%) tail=0.001s(3%) head=0.003s(7%) total=0.049s]
[prefill gpu attn embed=0.000s(0%) norm=0.000s(3%) qkv=0.006s(38%) rope=0.001s(5%) kvcopy=0.000s(1%) attn.swa=0.001s(7%) attn.full=0.000s(2%) oproj=0.003s(20%) post=0.004s(24%) total=0.016s]
[prefill host enc.front=0.003s(2%) wait.front=0.039s(31%) drain=0.000s(0%) route=0.000s(0%) meta=0.000s(0%) fetch=0.079s(62%) enc.moe=0.001s(1%) tail=0.000s(0%) head=0.004s(3%) other=0.001s(0%) call=0.127s | tiles=74 ahead=74 experts=339 miss=81 io=0.080s 3.5GB/s]
[prefill gpuq busy=0.047s(37%) idle=0.080s(63%) span=0.127s buffers=346]
[prefill gpu attn=0.011s(31%) shared=0.004s(10%) moe=0.014s(38%) tail=0.001s(2%) head=0.007s(19%) total=0.036s]
[prefill gpu attn embed=0.000s(0%) norm=0.000s(2%) qkv=0.004s(39%) rope=0.001s(5%) kvcopy=0.000s(1%) attn.swa=0.001s(8%) attn.full=0.000s(2%) oproj=0.002s(22%) post=0.002s(20%) total=0.011s]
[prefill host enc.front=0.002s(3%) wait.front=0.025s(29%) drain=0.001s(1%) route=0.000s(0%) meta=0.000s(0%) fetch=0.048s(57%) enc.moe=0.001s(1%) tail=0.000s(0%) head=0.007s(8%) other=0.001s(1%) call=0.085s | tiles=70 ahead=70 experts=320 miss=63 io=0.048s 4.5GB/s]
[prefill gpuq busy=0.036s(43%) idle=0.049s(57%) span=0.085s buffers=342]
[prefill gpu attn=0.011s(32%) shared=0.004s(11%) moe=0.015s(44%) tail=0.001s(2%) head=0.004s(10%) total=0.035s]
[prefill gpu attn embed=0.000s(0%) norm=0.000s(3%) qkv=0.004s(38%) rope=0.001s(5%) kvcopy=0.000s(1%) attn.swa=0.001s(8%) attn.full=0.000s(2%) oproj=0.002s(21%) post=0.002s(22%) total=0.011s]
[prefill host enc.front=0.002s(3%) wait.front=0.027s(43%) drain=0.000s(1%) route=0.000s(0%) meta=0.000s(0%) fetch=0.028s(45%) enc.moe=0.001s(1%) tail=0.000s(0%) head=0.004s(6%) other=0.000s(1%) call=0.063s | tiles=80 ahead=80 experts=409 miss=32 io=0.028s 3.9GB/s]
[prefill gpuq busy=0.035s(55%) idle=0.028s(45%) span=0.063s buffers=352]
[prefill gpu attn=0.011s(34%) shared=0.004s(11%) moe=0.013s(41%) tail=0.001s(2%) head=0.003s(11%) total=0.031s]
[prefill gpu attn embed=0.000s(0%) norm=0.000s(2%) qkv=0.004s(40%) rope=0.001s(5%) kvcopy=0.000s(1%) attn.swa=0.001s(8%) attn.full=0.000s(2%) oproj=0.002s(22%) post=0.002s(20%) total=0.011s]
[prefill host enc.front=0.002s(3%) wait.front=0.024s(31%) drain=0.000s(0%) route=0.000s(0%) meta=0.000s(0%) fetch=0.045s(59%) enc.moe=0.001s(1%) tail=0.000s(0%) head=0.004s(5%) other=0.000s(1%) call=0.077s | tiles=79 ahead=79 experts=340 miss=36 io=0.045s 2.8GB/s]
[prefill gpuq busy=0.031s(41%) idle=0.045s(59%) span=0.076s buffers=351]
[prefill gpu attn=0.011s(31%) shared=0.004s(10%) moe=0.016s(47%) tail=0.001s(2%) head=0.003s(10%) total=0.034s]
[prefill gpu attn embed=0.000s(0%) norm=0.000s(3%) qkv=0.004s(39%) rope=0.001s(5%) kvcopy=0.000s(1%) attn.swa=0.001s(8%) attn.full=0.000s(2%) oproj=0.002s(21%) post=0.002s(21%) total=0.011s]
[prefill host enc.front=0.002s(2%) wait.front=0.028s(21%) drain=0.000s(0%) route=0.000s(0%) meta=0.000s(0%) fetch=0.097s(72%) enc.moe=0.001s(1%) tail=0.000s(0%) head=0.004s(3%) other=0.001s(0%) call=0.133s | tiles=81 ahead=81 experts=390 miss=109 io=0.097s 3.9GB/s]
[prefill gpuq busy=0.034s(26%) idle=0.099s(74%) span=0.133s buffers=353]
[prefill gpu attn=0.016s(34%) shared=0.006s(13%) moe=0.021s(43%) tail=0.001s(3%) head=0.003s(7%) total=0.047s]
[prefill gpu attn embed=0.000s(0%) norm=0.000s(3%) qkv=0.006s(38%) rope=0.001s(6%) kvcopy=0.000s(1%) attn.swa=0.001s(8%) attn.full=0.000s(2%) oproj=0.003s(19%) post=0.004s(23%) total=0.016s]
[prefill host enc.front=0.002s(1%) wait.front=0.044s(26%) drain=0.000s(0%) route=0.000s(0%) meta=0.000s(0%) fetch=0.117s(69%) enc.moe=0.001s(1%) tail=0.000s(0%) head=0.004s(2%) other=0.001s(0%) call=0.169s | tiles=68 ahead=68 experts=328 miss=115 io=0.130s 3.1GB/s]
[prefill gpuq busy=0.046s(27%) idle=0.122s(73%) span=0.169s buffers=340]
[prefill gpu attn=0.016s(29%) shared=0.007s(13%) moe=0.024s(42%) tail=0.001s(2%) head=0.008s(14%) total=0.056s]
[prefill gpu attn embed=0.000s(0%) norm=0.000s(3%) qkv=0.006s(39%) rope=0.001s(6%) kvcopy=0.000s(1%) attn.swa=0.001s(7%) attn.full=0.000s(2%) oproj=0.003s(20%) post=0.004s(22%) total=0.016s]
[prefill host enc.front=0.002s(2%) wait.front=0.036s(29%) drain=0.001s(1%) route=0.000s(0%) meta=0.000s(0%) fetch=0.076s(61%) enc.moe=0.001s(1%) tail=0.000s(0%) head=0.008s(6%) other=0.001s(0%) call=0.125s | tiles=83 ahead=83 experts=422 miss=96 io=0.082s 4.1GB/s]
[prefill gpuq busy=0.053s(42%) idle=0.071s(58%) span=0.124s buffers=355]
[prefill gpu attn=0.010s(34%) shared=0.004s(12%) moe=0.012s(40%) tail=0.001s(3%) head=0.003s(11%) total=0.031s]
[prefill gpu attn embed=0.000s(0%) norm=0.000s(3%) qkv=0.004s(39%) rope=0.001s(5%) kvcopy=0.000s(1%) attn.swa=0.001s(8%) attn.full=0.000s(2%) oproj=0.002s(22%) post=0.002s(21%) total=0.010s]
[prefill host enc.front=0.002s(3%) wait.front=0.022s(36%) drain=0.001s(1%) route=0.000s(0%) meta=0.000s(0%) fetch=0.031s(51%) enc.moe=0.001s(1%) tail=0.000s(0%) head=0.004s(6%) other=0.000s(1%) call=0.061s | tiles=75 ahead=75 experts=345 miss=35 io=0.031s 3.9GB/s]
[prefill gpuq busy=0.031s(50%) idle=0.030s(50%) span=0.061s buffers=347]
[prefill gpu attn=0.011s(32%) shared=0.004s(11%) moe=0.014s(44%) tail=0.001s(3%) head=0.003s(10%) total=0.033s]
[prefill gpu attn embed=0.000s(0%) norm=0.000s(3%) qkv=0.004s(39%) rope=0.001s(5%) kvcopy=0.000s(1%) attn.swa=0.001s(8%) attn.full=0.000s(2%) oproj=0.002s(22%) post=0.002s(22%) total=0.011s]
[prefill host enc.front=0.002s(3%) wait.front=0.023s(29%) drain=0.001s(1%) route=0.000s(0%) meta=0.000s(0%) fetch=0.049s(61%) enc.moe=0.001s(1%) tail=0.000s(0%) head=0.004s(4%) other=0.001s(1%) call=0.080s | tiles=82 ahead=82 experts=382 miss=55 io=0.049s 3.9GB/s]
[prefill gpuq busy=0.033s(41%) idle=0.047s(59%) span=0.080s buffers=354]
[prefill gpu attn=0.012s(34%) shared=0.004s(11%) moe=0.014s(42%) tail=0.001s(3%) head=0.003s(10%) total=0.034s]
[prefill gpu attn embed=0.000s(0%) norm=0.000s(3%) qkv=0.004s(39%) rope=0.001s(5%) kvcopy=0.000s(1%) attn.swa=0.001s(8%) attn.full=0.000s(2%) oproj=0.002s(20%) post=0.003s(22%) total=0.012s]
[prefill host enc.front=0.002s(3%) wait.front=0.024s(29%) drain=0.001s(1%) route=0.000s(0%) meta=0.000s(0%) fetch=0.051s(62%) enc.moe=0.001s(1%) tail=0.000s(0%) head=0.004s(4%) other=0.000s(1%) call=0.082s | tiles=78 ahead=78 experts=346 miss=62 io=0.051s 4.2GB/s]
[prefill gpuq busy=0.034s(41%) idle=0.048s(59%) span=0.082s buffers=350]
[prefill gpu attn=0.010s(34%) shared=0.003s(11%) moe=0.012s(41%) tail=0.001s(2%) head=0.003s(11%) total=0.030s]
[prefill gpu attn embed=0.000s(0%) norm=0.000s(2%) qkv=0.004s(39%) rope=0.001s(5%) kvcopy=0.000s(1%) attn.swa=0.001s(8%) attn.full=0.000s(2%) oproj=0.002s(22%) post=0.002s(21%) total=0.010s]
[prefill host enc.front=0.002s(3%) wait.front=0.021s(32%) drain=0.000s(1%) route=0.000s(0%) meta=0.000s(0%) fetch=0.036s(56%) enc.moe=0.001s(1%) tail=0.000s(0%) head=0.004s(6%) other=0.000s(1%) call=0.065s | tiles=78 ahead=78 experts=347 miss=42 io=0.037s 4.0GB/s]
[prefill gpuq busy=0.030s(47%) idle=0.034s(53%) span=0.064s buffers=350]
[prefill gpu attn=0.010s(33%) shared=0.004s(12%) moe=0.013s(42%) tail=0.001s(2%) head=0.003s(11%) total=0.031s]
[prefill gpu attn embed=0.000s(0%) norm=0.000s(2%) qkv=0.004s(40%) rope=0.001s(5%) kvcopy=0.000s(1%) attn.swa=0.001s(8%) attn.full=0.000s(2%) oproj=0.002s(22%) post=0.002s(21%) total=0.010s]
[prefill host enc.front=0.002s(3%) wait.front=0.021s(28%) drain=0.001s(1%) route=0.000s(0%) meta=0.000s(0%) fetch=0.045s(60%) enc.moe=0.001s(1%) tail=0.000s(0%) head=0.004s(5%) other=0.000s(1%) call=0.075s | tiles=78 ahead=78 experts=355 miss=57 io=0.045s 4.4GB/s]
[prefill gpuq busy=0.031s(42%) idle=0.043s(58%) span=0.074s buffers=350]
[prefill gpu attn=0.011s(32%) shared=0.004s(11%) moe=0.015s(44%) tail=0.001s(2%) head=0.003s(10%) total=0.033s]
[prefill gpu attn embed=0.000s(0%) norm=0.000s(3%) qkv=0.004s(38%) rope=0.001s(5%) kvcopy=0.000s(1%) attn.swa=0.001s(9%) attn.full=0.000s(2%) oproj=0.002s(22%) post=0.002s(21%) total=0.011s]
[prefill host enc.front=0.002s(4%) wait.front=0.022s(37%) drain=0.000s(0%) route=0.000s(0%) meta=0.000s(0%) fetch=0.029s(50%) enc.moe=0.001s(1%) tail=0.000s(0%) head=0.004s(6%) other=0.000s(1%) call=0.058s | tiles=80 ahead=80 experts=429 miss=31 io=0.029s 3.7GB/s]
[prefill gpuq busy=0.033s(58%) idle=0.024s(42%) span=0.058s buffers=352]
[prefill gpu attn=0.010s(32%) shared=0.003s(11%) moe=0.015s(45%) tail=0.001s(2%) head=0.003s(10%) total=0.032s]
[prefill gpu attn embed=0.000s(0%) norm=0.000s(2%) qkv=0.004s(40%) rope=0.001s(5%) kvcopy=0.000s(1%) attn.swa=0.001s(8%) attn.full=0.000s(2%) oproj=0.002s(22%) post=0.002s(21%) total=0.010s]
[prefill host enc.front=0.002s(3%) wait.front=0.023s(38%) drain=0.001s(1%) route=0.000s(0%) meta=0.000s(0%) fetch=0.029s(49%) enc.moe=0.001s(1%) tail=0.000s(0%) head=0.004s(6%) other=0.000s(1%) call=0.060s | tiles=76 ahead=76 experts=432 miss=31 io=0.029s 3.7GB/s]
[prefill gpuq busy=0.032s(55%) idle=0.027s(45%) span=0.060s buffers=348]
[prefill gpu attn=0.011s(32%) shared=0.004s(10%) moe=0.015s(45%) tail=0.001s(2%) head=0.003s(10%) total=0.033s]
[prefill gpu attn embed=0.000s(0%) norm=0.000s(2%) qkv=0.004s(40%) rope=0.001s(5%) kvcopy=0.000s(1%) attn.swa=0.001s(8%) attn.full=0.000s(2%) oproj=0.002s(22%) post=0.002s(20%) total=0.011s]
[prefill host enc.front=0.002s(3%) wait.front=0.023s(27%) drain=0.001s(1%) route=0.000s(0%) meta=0.000s(0%) fetch=0.055s(64%) enc.moe=0.001s(1%) tail=0.000s(0%) head=0.004s(4%) other=0.000s(1%) call=0.086s | tiles=82 ahead=82 experts=407 miss=62 io=0.055s 3.9GB/s]
[prefill gpuq busy=0.033s(39%) idle=0.053s(61%) span=0.086s buffers=354]
[prefill gpu attn=0.010s(34%) shared=0.003s(11%) moe=0.012s(41%) tail=0.001s(2%) head=0.003s(11%) total=0.030s]
[prefill gpu attn embed=0.000s(0%) norm=0.000s(3%) qkv=0.004s(39%) rope=0.001s(5%) kvcopy=0.000s(1%) attn.swa=0.001s(8%) attn.full=0.000s(2%) oproj=0.002s(22%) post=0.002s(20%) total=0.010s]
[prefill host enc.front=0.002s(4%) wait.front=0.020s(40%) drain=0.000s(1%) route=0.000s(0%) meta=0.000s(0%) fetch=0.023s(45%) enc.moe=0.001s(1%) tail=0.000s(0%) head=0.004s(7%) other=0.000s(1%) call=0.050s | tiles=74 ahead=74 experts=344 miss=35 io=0.023s 5.3GB/s]
[prefill gpuq busy=0.030s(60%) idle=0.020s(40%) span=0.050s buffers=346]
[prefill gpu attn=0.010s(35%) shared=0.003s(12%) moe=0.011s(39%) tail=0.001s(2%) head=0.003s(12%) total=0.029s]
[prefill gpu attn embed=0.000s(0%) norm=0.000s(2%) qkv=0.004s(39%) rope=0.001s(5%) kvcopy=0.000s(1%) attn.swa=0.001s(8%) attn.full=0.000s(2%) oproj=0.002s(22%) post=0.002s(20%) total=0.010s]
[prefill host enc.front=0.002s(5%) wait.front=0.021s(57%) drain=0.001s(2%) route=0.000s(0%) meta=0.000s(0%) fetch=0.009s(24%) enc.moe=0.001s(1%) tail=0.000s(0%) head=0.004s(10%) other=0.000s(1%) call=0.037s | tiles=68 ahead=68 experts=326 miss=12 io=0.009s 4.7GB/s]
[prefill gpuq busy=0.029s(78%) idle=0.008s(22%) span=0.037s buffers=340]
[prefill gpu attn=0.010s(34%) shared=0.003s(11%) moe=0.012s(40%) tail=0.001s(2%) head=0.004s(12%) total=0.031s]
[prefill gpu attn embed=0.000s(0%) norm=0.000s(3%) qkv=0.004s(40%) rope=0.001s(5%) kvcopy=0.000s(1%) attn.swa=0.001s(8%) attn.full=0.000s(2%) oproj=0.002s(22%) post=0.002s(20%) total=0.010s]
[prefill host enc.front=0.002s(4%) wait.front=0.021s(43%) drain=0.000s(1%) route=0.000s(0%) meta=0.000s(0%) fetch=0.020s(41%) enc.moe=0.001s(1%) tail=0.000s(0%) head=0.004s(8%) other=0.000s(1%) call=0.048s | tiles=71 ahead=71 experts=342 miss=29 io=0.020s 5.1GB/s]
[prefill gpuq busy=0.031s(64%) idle=0.017s(36%) span=0.048s buffers=343]
[prefill gpu attn=0.011s(34%) shared=0.004s(12%) moe=0.013s(42%) tail=0.001s(2%) head=0.003s(10%) total=0.032s]
[prefill gpu attn embed=0.000s(0%) norm=0.000s(2%) qkv=0.004s(40%) rope=0.001s(5%) kvcopy=0.000s(1%) attn.swa=0.001s(8%) attn.full=0.000s(2%) oproj=0.002s(22%) post=0.002s(20%) total=0.011s]
[prefill host enc.front=0.002s(4%) wait.front=0.021s(39%) drain=0.001s(1%) route=0.000s(0%) meta=0.000s(0%) fetch=0.026s(47%) enc.moe=0.001s(1%) tail=0.000s(0%) head=0.004s(7%) other=0.000s(1%) call=0.054s | tiles=76 ahead=76 experts=370 miss=28 io=0.026s 3.8GB/s]
[prefill gpuq busy=0.032s(59%) idle=0.022s(41%) span=0.054s buffers=348]
[prefill gpu attn=0.010s(32%) shared=0.003s(11%) moe=0.015s(45%) tail=0.001s(2%) head=0.003s(10%) total=0.032s]
[prefill gpu attn embed=0.000s(0%) norm=0.000s(3%) qkv=0.004s(39%) rope=0.001s(5%) kvcopy=0.000s(1%) attn.swa=0.001s(8%) attn.full=0.000s(2%) oproj=0.002s(22%) post=0.002s(20%) total=0.010s]
[prefill host enc.front=0.002s(4%) wait.front=0.022s(43%) drain=0.000s(1%) route=0.000s(0%) meta=0.000s(0%) fetch=0.021s(42%) enc.moe=0.001s(1%) tail=0.000s(0%) head=0.004s(7%) other=0.000s(1%) call=0.050s | tiles=75 ahead=75 experts=434 miss=30 io=0.021s 4.9GB/s]
[prefill gpuq busy=0.032s(65%) idle=0.017s(35%) span=0.050s buffers=347]
[prefill gpu attn=0.010s(33%) shared=0.003s(11%) moe=0.014s(43%) tail=0.001s(3%) head=0.003s(11%) total=0.032s]
[prefill gpu attn embed=0.000s(0%) norm=0.000s(3%) qkv=0.004s(39%) rope=0.001s(6%) kvcopy=0.000s(1%) attn.swa=0.001s(8%) attn.full=0.000s(2%) oproj=0.002s(22%) post=0.002s(20%) total=0.010s]
[prefill host enc.front=0.002s(2%) wait.front=0.026s(21%) drain=0.001s(0%) route=0.000s(0%) meta=0.000s(0%) fetch=0.088s(72%) enc.moe=0.001s(1%) tail=0.000s(0%) head=0.004s(3%) other=0.001s(0%) call=0.122s | tiles=65 ahead=65 experts=340 miss=125 io=0.088s 4.9GB/s]
[prefill gpuq busy=0.032s(26%) idle=0.090s(74%) span=0.122s buffers=337]
[prefill gpu attn=0.010s(34%) shared=0.003s(11%) moe=0.013s(42%) tail=0.001s(3%) head=0.003s(11%) total=0.031s]
[prefill gpu attn embed=0.000s(0%) norm=0.000s(3%) qkv=0.004s(39%) rope=0.001s(5%) kvcopy=0.000s(1%) attn.swa=0.001s(8%) attn.full=0.000s(2%) oproj=0.002s(22%) post=0.002s(20%) total=0.010s]
[prefill host enc.front=0.002s(3%) wait.front=0.021s(27%) drain=0.000s(0%) route=0.000s(0%) meta=0.000s(0%) fetch=0.051s(64%) enc.moe=0.001s(1%) tail=0.000s(0%) head=0.004s(4%) other=0.000s(1%) call=0.080s | tiles=76 ahead=76 experts=342 miss=69 io=0.051s 4.7GB/s]
[prefill gpuq busy=0.031s(38%) idle=0.049s(62%) span=0.080s buffers=348]
[prefill gpu attn=0.010s(32%) shared=0.003s(11%) moe=0.014s(44%) tail=0.001s(2%) head=0.003s(11%) total=0.032s]
[prefill gpu attn embed=0.000s(0%) norm=0.000s(3%) qkv=0.004s(39%) rope=0.001s(5%) kvcopy=0.000s(1%) attn.swa=0.001s(9%) attn.full=0.000s(2%) oproj=0.002s(22%) post=0.002s(21%) total=0.010s]
[prefill host enc.front=0.002s(4%) wait.front=0.019s(34%) drain=0.000s(1%) route=0.000s(0%) meta=0.000s(0%) fetch=0.028s(52%) enc.moe=0.001s(1%) tail=0.000s(0%) head=0.004s(7%) other=0.000s(1%) call=0.054s | tiles=80 ahead=80 experts=376 miss=45 io=0.028s 5.5GB/s]
[prefill gpuq busy=0.032s(59%) idle=0.022s(41%) span=0.054s buffers=352]
[prefill gpu attn=0.010s(31%) shared=0.003s(10%) moe=0.015s(46%) tail=0.001s(2%) head=0.003s(10%) total=0.033s]
[prefill gpu attn embed=0.000s(0%) norm=0.000s(3%) qkv=0.004s(39%) rope=0.001s(5%) kvcopy=0.000s(1%) attn.swa=0.001s(9%) attn.full=0.000s(2%) oproj=0.002s(22%) post=0.002s(21%) total=0.010s]
[prefill host enc.front=0.002s(5%) wait.front=0.018s(39%) drain=0.001s(1%) route=0.000s(0%) meta=0.000s(0%) fetch=0.021s(44%) enc.moe=0.001s(2%) tail=0.000s(0%) head=0.004s(8%) other=0.000s(1%) call=0.047s | tiles=82 ahead=82 experts=414 miss=44 io=0.021s 7.4GB/s]
[prefill gpuq busy=0.033s(70%) idle=0.014s(30%) span=0.047s buffers=354]
[prefill gpu attn=0.010s(34%) shared=0.003s(11%) moe=0.013s(41%) tail=0.001s(2%) head=0.004s(12%) total=0.031s]
[prefill gpu attn embed=0.000s(0%) norm=0.000s(3%) qkv=0.004s(39%) rope=0.001s(5%) kvcopy=0.000s(1%) attn.swa=0.001s(8%) attn.full=0.000s(2%) oproj=0.002s(22%) post=0.002s(20%) total=0.010s]
[prefill host enc.front=0.002s(4%) wait.front=0.022s(38%) drain=0.001s(1%) route=0.000s(0%) meta=0.000s(0%) fetch=0.028s(49%) enc.moe=0.001s(1%) tail=0.000s(0%) head=0.004s(7%) other=0.000s(1%) call=0.058s | tiles=74 ahead=74 experts=353 miss=34 io=0.028s 4.1GB/s]
[prefill gpuq busy=0.031s(54%) idle=0.027s(46%) span=0.058s buffers=346]
[prefill gpu attn=0.010s(34%) shared=0.003s(11%) moe=0.013s(41%) tail=0.001s(2%) head=0.003s(11%) total=0.031s]
[prefill gpu attn embed=0.000s(0%) norm=0.000s(3%) qkv=0.004s(39%) rope=0.001s(5%) kvcopy=0.000s(1%) attn.swa=0.001s(9%) attn.full=0.000s(2%) oproj=0.002s(22%) post=0.002s(20%) total=0.010s]
[prefill host enc.front=0.002s(4%) wait.front=0.022s(46%) drain=0.000s(1%) route=0.000s(0%) meta=0.000s(0%) fetch=0.019s(39%) enc.moe=0.001s(1%) tail=0.000s(0%) head=0.004s(7%) other=0.000s(1%) call=0.048s | tiles=72 ahead=72 experts=343 miss=28 io=0.019s 5.2GB/s]
[prefill gpuq busy=0.031s(64%) idle=0.017s(36%) span=0.047s buffers=344]
[prefill gpu attn=0.010s(36%) shared=0.004s(12%) moe=0.011s(37%) tail=0.001s(3%) head=0.003s(12%) total=0.029s]
[prefill gpu attn embed=0.000s(0%) norm=0.000s(2%) qkv=0.004s(40%) rope=0.001s(5%) kvcopy=0.000s(1%) attn.swa=0.001s(8%) attn.full=0.000s(2%) oproj=0.002s(22%) post=0.002s(20%) total=0.010s]
[prefill host enc.front=0.002s(5%) wait.front=0.021s(51%) drain=0.001s(1%) route=0.000s(0%) meta=0.000s(0%) fetch=0.012s(30%) enc.moe=0.001s(1%) tail=0.000s(0%) head=0.004s(9%) other=0.000s(1%) call=0.040s | tiles=66 ahead=66 experts=308 miss=15 io=0.012s 4.2GB/s]
[prefill gpuq busy=0.029s(71%) idle=0.012s(29%) span=0.040s buffers=338]
[prefill gpu attn=0.010s(34%) shared=0.003s(11%) moe=0.013s(42%) tail=0.001s(2%) head=0.003s(11%) total=0.031s]
[prefill gpu attn embed=0.000s(0%) norm=0.000s(3%) qkv=0.004s(39%) rope=0.001s(5%) kvcopy=0.000s(1%) attn.swa=0.001s(9%) attn.full=0.000s(2%) oproj=0.002s(22%) post=0.002s(20%) total=0.010s]
[prefill host enc.front=0.002s(5%) wait.front=0.020s(45%) drain=0.000s(1%) route=0.000s(0%) meta=0.000s(0%) fetch=0.017s(39%) enc.moe=0.001s(1%) tail=0.000s(0%) head=0.004s(8%) other=0.000s(1%) call=0.044s | tiles=76 ahead=76 experts=361 miss=28 io=0.017s 5.6GB/s]
[prefill gpuq busy=0.031s(69%) idle=0.014s(31%) span=0.044s buffers=348]
[prefill gpu attn=0.010s(33%) shared=0.004s(11%) moe=0.013s(42%) tail=0.001s(2%) head=0.004s(12%) total=0.031s]
[prefill gpu attn embed=0.000s(0%) norm=0.000s(3%) qkv=0.004s(39%) rope=0.001s(5%) kvcopy=0.000s(1%) attn.swa=0.001s(9%) attn.full=0.000s(2%) oproj=0.002s(22%) post=0.002s(20%) total=0.010s]
[prefill host enc.front=0.002s(5%) wait.front=0.019s(41%) drain=0.000s(1%) route=0.000s(0%) meta=0.000s(0%) fetch=0.019s(42%) enc.moe=0.001s(1%) tail=0.000s(0%) head=0.004s(8%) other=0.000s(1%) call=0.046s | tiles=75 ahead=75 experts=346 miss=44 io=0.020s 7.8GB/s]
[prefill gpuq busy=0.031s(67%) idle=0.015s(33%) span=0.046s buffers=347]
[prefill gpu attn=0.010s(33%) shared=0.003s(11%) moe=0.013s(43%) tail=0.001s(2%) head=0.003s(11%) total=0.031s]
[prefill gpu attn embed=0.000s(0%) norm=0.000s(2%) qkv=0.004s(39%) rope=0.001s(5%) kvcopy=0.000s(1%) attn.swa=0.001s(9%) attn.full=0.000s(2%) oproj=0.002s(22%) post=0.002s(21%) total=0.010s]
[prefill host enc.front=0.002s(5%) wait.front=0.018s(44%) drain=0.000s(1%) route=0.000s(0%) meta=0.000s(0%) fetch=0.016s(38%) enc.moe=0.001s(2%) tail=0.000s(0%) head=0.004s(9%) other=0.000s(1%) call=0.041s | tiles=76 ahead=76 experts=343 miss=42 io=0.016s 9.2GB/s]
[prefill gpuq busy=0.031s(76%) idle=0.010s(24%) span=0.041s buffers=348]
[prefill gpu attn=0.010s(34%) shared=0.003s(11%) moe=0.013s(41%) tail=0.001s(2%) head=0.004s(11%) total=0.031s]
[prefill gpu attn embed=0.000s(0%) norm=0.000s(2%) qkv=0.004s(38%) rope=0.001s(6%) kvcopy=0.000s(1%) attn.swa=0.001s(9%) attn.full=0.000s(2%) oproj=0.002s(22%) post=0.002s(20%) total=0.010s]
[prefill host enc.front=0.002s(5%) wait.front=0.021s(56%) drain=0.001s(2%) route=0.000s(0%) meta=0.000s(0%) fetch=0.009s(24%) enc.moe=0.001s(2%) tail=0.000s(0%) head=0.004s(10%) other=0.000s(1%) call=0.037s | tiles=72 ahead=72 experts=359 miss=22 io=0.009s 8.4GB/s]
[prefill gpuq busy=0.031s(83%) idle=0.006s(17%) span=0.037s buffers=344]
[prefill gpu attn=0.010s(32%) shared=0.003s(10%) moe=0.015s(45%) tail=0.001s(2%) head=0.003s(10%) total=0.033s]
[prefill gpu attn embed=0.000s(0%) norm=0.000s(3%) qkv=0.004s(39%) rope=0.001s(5%) kvcopy=0.000s(1%) attn.swa=0.001s(9%) attn.full=0.000s(2%) oproj=0.002s(22%) post=0.002s(21%) total=0.010s]
[prefill host enc.front=0.002s(3%) wait.front=0.022s(30%) drain=0.000s(1%) route=0.000s(0%) meta=0.000s(0%) fetch=0.043s(59%) enc.moe=0.001s(1%) tail=0.000s(0%) head=0.004s(5%) other=0.000s(1%) call=0.073s | tiles=80 ahead=80 experts=392 miss=67 io=0.043s 5.4GB/s]
[prefill gpuq busy=0.033s(45%) idle=0.040s(55%) span=0.073s buffers=352]
[prefill gpu attn=0.010s(32%) shared=0.003s(10%) moe=0.015s(45%) tail=0.001s(2%) head=0.003s(11%) total=0.032s]
[prefill gpu attn embed=0.000s(0%) norm=0.000s(2%) qkv=0.004s(39%) rope=0.001s(5%) kvcopy=0.000s(1%) attn.swa=0.001s(9%) attn.full=0.000s(2%) oproj=0.002s(22%) post=0.002s(21%) total=0.010s]
[prefill host enc.front=0.002s(4%) wait.front=0.024s(39%) drain=0.000s(1%) route=0.000s(0%) meta=0.000s(0%) fetch=0.030s(49%) enc.moe=0.001s(1%) tail=0.000s(0%) head=0.004s(6%) other=0.000s(1%) call=0.061s | tiles=79 ahead=79 experts=399 miss=41 io=0.030s 4.7GB/s]
[prefill gpuq busy=0.032s(53%) idle=0.029s(47%) span=0.061s buffers=351]
[prefill gpu attn=0.010s(35%) shared=0.003s(11%) moe=0.012s(40%) tail=0.001s(2%) head=0.003s(11%) total=0.030s]
[prefill gpu attn embed=0.000s(0%) norm=0.000s(2%) qkv=0.004s(39%) rope=0.001s(5%) kvcopy=0.000s(1%) attn.swa=0.001s(9%) attn.full=0.000s(2%) oproj=0.002s(22%) post=0.002s(20%) total=0.010s]
[prefill host enc.front=0.002s(5%) wait.front=0.021s(56%) drain=0.000s(1%) route=0.000s(0%) meta=0.000s(0%) fetch=0.010s(26%) enc.moe=0.001s(1%) tail=0.000s(0%) head=0.004s(9%) other=0.000s(1%) call=0.038s | tiles=69 ahead=69 experts=343 miss=15 io=0.010s 5.3GB/s]
[prefill gpuq busy=0.030s(78%) idle=0.008s(22%) span=0.038s buffers=341]
[prefill gpu attn=0.010s(33%) shared=0.003s(11%) moe=0.013s(42%) tail=0.001s(2%) head=0.003s(11%) total=0.031s]
[prefill gpu attn embed=0.000s(0%) norm=0.000s(3%) qkv=0.004s(39%) rope=0.001s(5%) kvcopy=0.000s(1%) attn.swa=0.001s(9%) attn.full=0.000s(2%) oproj=0.002s(22%) post=0.002s(20%) total=0.010s]
[prefill host enc.front=0.002s(4%) wait.front=0.020s(41%) drain=0.000s(1%) route=0.000s(0%) meta=0.000s(0%) fetch=0.020s(43%) enc.moe=0.001s(1%) tail=0.000s(0%) head=0.004s(8%) other=0.000s(1%) call=0.047s | tiles=73 ahead=73 experts=350 miss=38 io=0.021s 6.4GB/s]
[prefill gpuq busy=0.031s(65%) idle=0.016s(35%) span=0.047s buffers=345]
[prefill gpu attn=0.010s(34%) shared=0.003s(11%) moe=0.012s(41%) tail=0.001s(2%) head=0.003s(11%) total=0.030s]
[prefill gpu attn embed=0.000s(0%) norm=0.000s(2%) qkv=0.004s(39%) rope=0.001s(5%) kvcopy=0.000s(1%) attn.swa=0.001s(9%) attn.full=0.000s(2%) oproj=0.002s(22%) post=0.002s(21%) total=0.010s]
[prefill host enc.front=0.002s(6%) wait.front=0.020s(55%) drain=0.000s(1%) route=0.000s(0%) meta=0.000s(0%) fetch=0.009s(26%) enc.moe=0.001s(1%) tail=0.000s(0%) head=0.004s(10%) other=0.000s(1%) call=0.036s | tiles=70 ahead=70 experts=346 miss=19 io=0.009s 7.0GB/s]
[prefill gpuq busy=0.030s(82%) idle=0.006s(18%) span=0.036s buffers=342]
[prefill gpu attn=0.010s(32%) shared=0.003s(11%) moe=0.014s(43%) tail=0.001s(2%) head=0.004s(11%) total=0.031s]
[prefill gpu attn embed=0.000s(0%) norm=0.000s(2%) qkv=0.004s(39%) rope=0.001s(5%) kvcopy=0.000s(1%) attn.swa=0.001s(9%) attn.full=0.000s(2%) oproj=0.002s(22%) post=0.002s(21%) total=0.010s]
[prefill host enc.front=0.002s(4%) wait.front=0.019s(40%) drain=0.000s(1%) route=0.000s(0%) meta=0.000s(0%) fetch=0.022s(45%) enc.moe=0.001s(1%) tail=0.000s(0%) head=0.004s(8%) other=0.000s(1%) call=0.048s | tiles=80 ahead=80 experts=388 miss=33 io=0.022s 5.3GB/s]
[prefill gpuq busy=0.031s(66%) idle=0.016s(34%) span=0.048s buffers=352]
[prefill gpu attn=0.010s(32%) shared=0.003s(11%) moe=0.014s(44%) tail=0.001s(2%) head=0.003s(11%) total=0.032s]
[prefill gpu attn embed=0.000s(0%) norm=0.000s(3%) qkv=0.004s(39%) rope=0.001s(5%) kvcopy=0.000s(1%) attn.swa=0.001s(9%) attn.full=0.000s(2%) oproj=0.002s(22%) post=0.002s(21%) total=0.010s]
[prefill host enc.front=0.002s(5%) wait.front=0.020s(41%) drain=0.000s(1%) route=0.000s(0%) meta=0.000s(0%) fetch=0.021s(43%) enc.moe=0.001s(1%) tail=0.000s(0%) head=0.004s(7%) other=0.000s(1%) call=0.048s | tiles=76 ahead=76 experts=365 miss=52 io=0.021s 8.7GB/s]
[prefill gpuq busy=0.032s(66%) idle=0.016s(34%) span=0.048s buffers=348]
[prefill gpu attn=0.010s(34%) shared=0.003s(11%) moe=0.013s(42%) tail=0.001s(2%) head=0.003s(11%) total=0.031s]
[prefill gpu attn embed=0.000s(0%) norm=0.000s(2%) qkv=0.004s(39%) rope=0.001s(5%) kvcopy=0.000s(1%) attn.swa=0.001s(9%) attn.full=0.000s(2%) oproj=0.002s(22%) post=0.002s(20%) total=0.010s]
[prefill host enc.front=0.002s(5%) wait.front=0.021s(45%) drain=0.000s(1%) route=0.000s(0%) meta=0.000s(0%) fetch=0.018s(39%) enc.moe=0.001s(1%) tail=0.000s(0%) head=0.004s(8%) other=0.000s(1%) call=0.046s | tiles=74 ahead=74 experts=364 miss=32 io=0.018s 6.1GB/s]
[prefill gpuq busy=0.031s(67%) idle=0.015s(33%) span=0.046s buffers=346]
[prefill gpu attn=0.010s(32%) shared=0.003s(11%) moe=0.014s(44%) tail=0.001s(2%) head=0.003s(11%) total=0.032s]
[prefill gpu attn embed=0.000s(0%) norm=0.000s(2%) qkv=0.004s(39%) rope=0.001s(5%) kvcopy=0.000s(1%) attn.swa=0.001s(9%) attn.full=0.000s(2%) oproj=0.002s(22%) post=0.002s(20%) total=0.010s]
[prefill host enc.front=0.002s(5%) wait.front=0.023s(56%) drain=0.000s(1%) route=0.000s(0%) meta=0.000s(0%) fetch=0.010s(25%) enc.moe=0.001s(1%) tail=0.000s(0%) head=0.004s(9%) other=0.000s(1%) call=0.040s | tiles=72 ahead=72 experts=419 miss=18 io=0.010s 6.0GB/s]
[prefill gpuq busy=0.032s(81%) idle=0.008s(19%) span=0.040s buffers=344]
[prefill gpu attn=0.010s(34%) shared=0.003s(11%) moe=0.012s(41%) tail=0.001s(2%) head=0.003s(11%) total=0.030s]
[prefill gpu attn embed=0.000s(0%) norm=0.000s(3%) qkv=0.004s(39%) rope=0.001s(5%) kvcopy=0.000s(1%) attn.swa=0.001s(9%) attn.full=0.000s(2%) oproj=0.002s(22%) post=0.002s(20%) total=0.010s]
[prefill host enc.front=0.002s(5%) wait.front=0.020s(52%) drain=0.000s(1%) route=0.000s(0%) meta=0.000s(0%) fetch=0.012s(30%) enc.moe=0.001s(1%) tail=0.000s(0%) head=0.004s(9%) other=0.000s(1%) call=0.039s | tiles=73 ahead=73 experts=360 miss=17 io=0.012s 5.0GB/s]
[prefill gpuq busy=0.030s(78%) idle=0.009s(22%) span=0.039s buffers=345]
[prefill gpu attn=0.010s(34%) shared=0.003s(11%) moe=0.013s(41%) tail=0.001s(2%) head=0.003s(11%) total=0.030s]
[prefill gpu attn embed=0.000s(0%) norm=0.000s(2%) qkv=0.004s(39%) rope=0.001s(5%) kvcopy=0.000s(1%) attn.swa=0.001s(9%) attn.full=0.000s(2%) oproj=0.002s(22%) post=0.002s(21%) total=0.010s]
[prefill host enc.front=0.002s(5%) wait.front=0.019s(45%) drain=0.001s(2%) route=0.000s(0%) meta=0.000s(0%) fetch=0.015s(36%) enc.moe=0.001s(1%) tail=0.000s(0%) head=0.004s(9%) other=0.000s(1%) call=0.041s | tiles=76 ahead=76 experts=357 miss=24 io=0.015s 5.5GB/s]
[prefill gpuq busy=0.030s(74%) idle=0.011s(26%) span=0.041s buffers=348]
[prefill gpu attn=0.010s(32%) shared=0.003s(11%) moe=0.014s(44%) tail=0.001s(2%) head=0.003s(11%) total=0.032s]
[prefill gpu attn embed=0.000s(0%) norm=0.000s(2%) qkv=0.004s(39%) rope=0.001s(5%) kvcopy=0.000s(1%) attn.swa=0.001s(9%) attn.full=0.000s(2%) oproj=0.002s(22%) post=0.002s(21%) total=0.010s]
[prefill host enc.front=0.002s(4%) wait.front=0.018s(37%) drain=0.000s(1%) route=0.000s(0%) meta=0.000s(0%) fetch=0.024s(48%) enc.moe=0.001s(1%) tail=0.000s(0%) head=0.004s(7%) other=0.000s(1%) call=0.050s | tiles=82 ahead=82 experts=380 miss=44 io=0.024s 6.3GB/s]
[prefill gpuq busy=0.032s(64%) idle=0.018s(36%) span=0.050s buffers=354]
[prefill gpu attn=0.010s(33%) shared=0.003s(11%) moe=0.014s(43%) tail=0.001s(2%) head=0.003s(11%) total=0.031s]
[prefill gpu attn embed=0.000s(0%) norm=0.000s(2%) qkv=0.004s(39%) rope=0.000s(5%) kvcopy=0.000s(1%) attn.swa=0.001s(9%) attn.full=0.000s(2%) oproj=0.002s(22%) post=0.002s(20%) total=0.010s]
[prefill host enc.front=0.002s(4%) wait.front=0.019s(38%) drain=0.001s(1%) route=0.000s(0%) meta=0.000s(0%) fetch=0.024s(46%) enc.moe=0.001s(1%) tail=0.000s(0%) head=0.004s(7%) other=0.000s(1%) call=0.051s | tiles=77 ahead=77 experts=358 miss=51 io=0.024s 7.5GB/s]
[prefill gpuq busy=0.031s(62%) idle=0.019s(38%) span=0.050s buffers=349]
[prefill gpu attn=0.011s(33%) shared=0.004s(11%) moe=0.014s(43%) tail=0.001s(2%) head=0.003s(11%) total=0.032s]
[prefill gpu attn embed=0.000s(0%) norm=0.000s(2%) qkv=0.004s(39%) rope=0.001s(5%) kvcopy=0.000s(1%) attn.swa=0.001s(9%) attn.full=0.000s(2%) oproj=0.002s(22%) post=0.002s(20%) total=0.011s]
[prefill host enc.front=0.002s(4%) wait.front=0.019s(36%) drain=0.000s(1%) route=0.000s(0%) meta=0.000s(0%) fetch=0.026s(50%) enc.moe=0.001s(1%) tail=0.000s(0%) head=0.004s(7%) other=0.000s(1%) call=0.052s | tiles=80 ahead=80 experts=368 miss=39 io=0.026s 5.1GB/s]
[prefill gpuq busy=0.032s(61%) idle=0.020s(39%) span=0.052s buffers=352]
[prefill gpu attn=0.010s(35%) shared=0.003s(12%) moe=0.012s(39%) tail=0.001s(2%) head=0.004s(12%) total=0.030s]
[prefill gpu attn embed=0.000s(0%) norm=0.000s(2%) qkv=0.004s(39%) rope=0.001s(5%) kvcopy=0.000s(1%) attn.swa=0.001s(9%) attn.full=0.000s(2%) oproj=0.002s(22%) post=0.002s(20%) total=0.010s]
[prefill host enc.front=0.002s(6%) wait.front=0.023s(67%) drain=0.000s(1%) route=0.000s(1%) meta=0.000s(0%) fetch=0.004s(11%) enc.moe=0.001s(2%) tail=0.000s(0%) head=0.004s(11%) other=0.000s(1%) call=0.034s | tiles=65 ahead=65 experts=342 miss=10 io=0.004s 9.3GB/s]
[prefill gpuq busy=0.030s(88%) idle=0.004s(12%) span=0.034s buffers=337]
[prefill gpu attn=0.010s(35%) shared=0.003s(11%) moe=0.012s(40%) tail=0.001s(2%) head=0.003s(11%) total=0.029s]
[prefill gpu attn embed=0.000s(0%) norm=0.000s(3%) qkv=0.004s(39%) rope=0.001s(5%) kvcopy=0.000s(1%) attn.swa=0.001s(9%) attn.full=0.000s(2%) oproj=0.002s(22%) post=0.002s(20%) total=0.010s]
[prefill host enc.front=0.002s(5%) wait.front=0.022s(58%) drain=0.001s(2%) route=0.000s(0%) meta=0.000s(0%) fetch=0.008s(22%) enc.moe=0.000s(1%) tail=0.000s(0%) head=0.004s(10%) other=0.000s(1%) call=0.037s | tiles=68 ahead=68 experts=355 miss=8 io=0.008s 3.3GB/s]
[prefill gpuq busy=0.029s(79%) idle=0.008s(21%) span=0.037s buffers=340]
[prefill gpu attn=0.010s(34%) shared=0.003s(11%) moe=0.013s(41%) tail=0.001s(2%) head=0.003s(11%) total=0.030s]
[prefill gpu attn embed=0.000s(0%) norm=0.000s(3%) qkv=0.004s(39%) rope=0.001s(5%) kvcopy=0.000s(1%) attn.swa=0.001s(9%) attn.full=0.000s(2%) oproj=0.002s(22%) post=0.002s(20%) total=0.010s]
[prefill host enc.front=0.002s(5%) wait.front=0.020s(49%) drain=0.000s(1%) route=0.000s(0%) meta=0.000s(0%) fetch=0.013s(33%) enc.moe=0.001s(2%) tail=0.000s(0%) head=0.004s(9%) other=0.000s(1%) call=0.040s | tiles=74 ahead=74 experts=348 miss=28 io=0.013s 7.3GB/s]
[prefill gpuq busy=0.030s(76%) idle=0.010s(24%) span=0.040s buffers=346]
[prefill gpu attn=0.010s(33%) shared=0.003s(11%) moe=0.014s(44%) tail=0.001s(2%) head=0.003s(11%) total=0.032s]
[prefill gpu attn embed=0.000s(0%) norm=0.000s(3%) qkv=0.004s(39%) rope=0.001s(5%) kvcopy=0.000s(1%) attn.swa=0.001s(9%) attn.full=0.000s(2%) oproj=0.002s(22%) post=0.002s(20%) total=0.010s]
[prefill host enc.front=0.002s(4%) wait.front=0.021s(45%) drain=0.000s(1%) route=0.000s(0%) meta=0.000s(0%) fetch=0.018s(39%) enc.moe=0.001s(1%) tail=0.000s(0%) head=0.004s(8%) other=0.000s(1%) call=0.046s | tiles=76 ahead=76 experts=393 miss=30 io=0.018s 5.8GB/s]
[prefill gpuq busy=0.032s(69%) idle=0.014s(31%) span=0.046s buffers=348]
[prefill gpu attn=0.011s(32%) shared=0.004s(12%) moe=0.015s(44%) tail=0.001s(2%) head=0.003s(10%) total=0.034s]
[prefill gpu attn embed=0.000s(0%) norm=0.000s(2%) qkv=0.004s(40%) rope=0.001s(5%) kvcopy=0.000s(1%) attn.swa=0.001s(9%) attn.full=0.000s(2%) oproj=0.002s(22%) post=0.002s(20%) total=0.011s]
[prefill host enc.front=0.002s(3%) wait.front=0.023s(36%) drain=0.001s(1%) route=0.000s(0%) meta=0.000s(0%) fetch=0.033s(51%) enc.moe=0.001s(1%) tail=0.000s(0%) head=0.004s(6%) other=0.000s(1%) call=0.065s | tiles=81 ahead=81 experts=389 miss=45 io=0.033s 4.7GB/s]
[prefill gpuq busy=0.034s(52%) idle=0.031s(48%) span=0.065s buffers=353]
[prefill gpu attn=0.010s(33%) shared=0.004s(11%) moe=0.013s(42%) tail=0.001s(2%) head=0.004s(11%) total=0.031s]
[prefill gpu attn embed=0.000s(0%) norm=0.000s(2%) qkv=0.004s(39%) rope=0.001s(5%) kvcopy=0.000s(1%) attn.swa=0.001s(9%) attn.full=0.000s(2%) oproj=0.002s(22%) post=0.002s(20%) total=0.010s]
[prefill host enc.front=0.002s(5%) wait.front=0.020s(47%) drain=0.000s(1%) route=0.000s(0%) meta=0.000s(0%) fetch=0.015s(36%) enc.moe=0.001s(2%) tail=0.000s(0%) head=0.004s(9%) other=0.000s(1%) call=0.043s | tiles=75 ahead=75 experts=360 miss=33 io=0.016s 7.4GB/s]
[prefill gpuq busy=0.031s(73%) idle=0.011s(27%) span=0.043s buffers=347]
[prefill gpu attn=0.010s(34%) shared=0.003s(11%) moe=0.012s(41%) tail=0.001s(2%) head=0.003s(11%) total=0.030s]
[prefill gpu attn embed=0.000s(0%) norm=0.000s(2%) qkv=0.004s(39%) rope=0.001s(5%) kvcopy=0.000s(1%) attn.swa=0.001s(9%) attn.full=0.000s(2%) oproj=0.002s(22%) post=0.002s(20%) total=0.010s]
[prefill host enc.front=0.002s(5%) wait.front=0.018s(41%) drain=0.000s(1%) route=0.000s(0%) meta=0.000s(0%) fetch=0.018s(42%) enc.moe=0.001s(1%) tail=0.000s(0%) head=0.004s(8%) other=0.000s(1%) call=0.044s | tiles=77 ahead=77 experts=327 miss=37 io=0.018s 6.9GB/s]
[prefill gpuq busy=0.030s(68%) idle=0.014s(32%) span=0.044s buffers=349]
[prefill gpu attn=0.010s(32%) shared=0.003s(11%) moe=0.015s(45%) tail=0.001s(3%) head=0.003s(10%) total=0.032s]
[prefill gpu attn embed=0.000s(0%) norm=0.000s(3%) qkv=0.004s(39%) rope=0.001s(5%) kvcopy=0.000s(1%) attn.swa=0.001s(9%) attn.full=0.000s(2%) oproj=0.002s(22%) post=0.002s(20%) total=0.010s]
[prefill host enc.front=0.002s(3%) wait.front=0.021s(30%) drain=0.000s(0%) route=0.000s(0%) meta=0.000s(0%) fetch=0.041s(59%) enc.moe=0.001s(1%) tail=0.000s(0%) head=0.004s(5%) other=0.000s(1%) call=0.070s | tiles=82 ahead=82 experts=383 miss=70 io=0.041s 5.9GB/s]
[prefill gpuq busy=0.032s(47%) idle=0.037s(53%) span=0.069s buffers=354]
[prefill gpu attn=0.011s(31%) shared=0.004s(10%) moe=0.016s(47%) tail=0.001s(2%) head=0.003s(10%) total=0.034s]
[prefill gpu attn embed=0.000s(0%) norm=0.000s(2%) qkv=0.004s(39%) rope=0.001s(5%) kvcopy=0.000s(1%) attn.swa=0.001s(9%) attn.full=0.000s(2%) oproj=0.002s(22%) post=0.002s(20%) total=0.011s]
[prefill host enc.front=0.002s(3%) wait.front=0.019s(29%) drain=0.000s(0%) route=0.000s(0%) meta=0.000s(0%) fetch=0.040s(60%) enc.moe=0.001s(1%) tail=0.000s(0%) head=0.003s(5%) other=0.001s(1%) call=0.066s | tiles=88 ahead=88 experts=409 miss=68 io=0.040s 5.9GB/s]
[prefill gpuq busy=0.034s(52%) idle=0.032s(48%) span=0.066s buffers=360]
[prefill gpu attn=0.010s(34%) shared=0.003s(11%) moe=0.012s(41%) tail=0.001s(2%) head=0.003s(11%) total=0.030s]
[prefill gpu attn embed=0.000s(0%) norm=0.000s(2%) qkv=0.004s(39%) rope=0.001s(6%) kvcopy=0.000s(1%) attn.swa=0.001s(9%) attn.full=0.000s(2%) oproj=0.002s(21%) post=0.002s(20%) total=0.010s]
[prefill host enc.front=0.002s(5%) wait.front=0.021s(54%) drain=0.000s(1%) route=0.000s(0%) meta=0.000s(0%) fetch=0.011s(27%) enc.moe=0.001s(2%) tail=0.000s(0%) head=0.004s(9%) other=0.000s(1%) call=0.039s | tiles=72 ahead=72 experts=348 miss=20 io=0.011s 6.5GB/s]
[prefill gpuq busy=0.030s(79%) idle=0.008s(21%) span=0.038s buffers=344]
[prefill gpu attn=0.010s(33%) shared=0.003s(11%) moe=0.013s(43%) tail=0.001s(2%) head=0.004s(11%) total=0.032s]
[prefill gpu attn embed=0.000s(0%) norm=0.000s(2%) qkv=0.004s(39%) rope=0.001s(5%) kvcopy=0.000s(1%) attn.swa=0.001s(9%) attn.full=0.000s(2%) oproj=0.002s(22%) post=0.002s(20%) total=0.010s]
[prefill host enc.front=0.002s(5%) wait.front=0.021s(55%) drain=0.001s(2%) route=0.000s(0%) meta=0.000s(0%) fetch=0.010s(26%) enc.moe=0.001s(1%) tail=0.000s(0%) head=0.004s(10%) other=0.000s(1%) call=0.039s | tiles=72 ahead=72 experts=400 miss=18 io=0.010s 6.2GB/s]
[prefill gpuq busy=0.032s(81%) idle=0.007s(19%) span=0.039s buffers=344]
[prefill gpu attn=0.011s(33%) shared=0.003s(11%) moe=0.013s(43%) tail=0.001s(2%) head=0.003s(11%) total=0.032s]
[prefill gpu attn embed=0.000s(0%) norm=0.000s(2%) qkv=0.004s(39%) rope=0.001s(5%) kvcopy=0.000s(1%) attn.swa=0.001s(9%) attn.full=0.000s(2%) oproj=0.002s(22%) post=0.002s(20%) total=0.011s]
[prefill host enc.front=0.002s(5%) wait.front=0.021s(46%) drain=0.000s(1%) route=0.000s(0%) meta=0.000s(0%) fetch=0.017s(38%) enc.moe=0.001s(1%) tail=0.000s(0%) head=0.004s(8%) other=0.000s(1%) call=0.046s | tiles=77 ahead=77 experts=368 miss=29 io=0.017s 5.7GB/s]
[prefill gpuq busy=0.032s(69%) idle=0.014s(31%) span=0.046s buffers=349]
[prefill gpu attn=0.010s(34%) shared=0.003s(11%) moe=0.012s(41%) tail=0.001s(2%) head=0.003s(11%) total=0.030s]
[prefill gpu attn embed=0.000s(0%) norm=0.000s(3%) qkv=0.004s(38%) rope=0.001s(5%) kvcopy=0.000s(1%) attn.swa=0.001s(10%) attn.full=0.000s(2%) oproj=0.002s(21%) post=0.002s(20%) total=0.010s]
[prefill host enc.front=0.002s(6%) wait.front=0.022s(60%) drain=0.001s(1%) route=0.000s(0%) meta=0.000s(0%) fetch=0.007s(20%) enc.moe=0.001s(1%) tail=0.000s(0%) head=0.004s(10%) other=0.000s(1%) call=0.036s | tiles=69 ahead=69 experts=349 miss=18 io=0.007s 8.7GB/s]
[prefill gpuq busy=0.030s(83%) idle=0.006s(17%) span=0.036s buffers=341]
[prefill gpu attn=0.011s(34%) shared=0.004s(11%) moe=0.013s(41%) tail=0.001s(2%) head=0.004s(11%) total=0.031s]
[prefill gpu attn embed=0.000s(0%) norm=0.000s(2%) qkv=0.004s(39%) rope=0.001s(5%) kvcopy=0.000s(1%) attn.swa=0.001s(10%) attn.full=0.000s(2%) oproj=0.002s(22%) post=0.002s(20%) total=0.011s]
[prefill host enc.front=0.002s(4%) wait.front=0.021s(45%) drain=0.001s(1%) route=0.000s(0%) meta=0.000s(0%) fetch=0.018s(39%) enc.moe=0.001s(1%) tail=0.000s(0%) head=0.004s(8%) other=0.000s(1%) call=0.047s | tiles=73 ahead=73 experts=366 miss=22 io=0.018s 4.2GB/s]
[prefill gpuq busy=0.031s(67%) idle=0.015s(33%) span=0.047s buffers=345]
[prefill gpu attn=0.011s(32%) shared=0.003s(11%) moe=0.015s(45%) tail=0.001s(2%) head=0.003s(10%) total=0.033s]
[prefill gpu attn embed=0.000s(0%) norm=0.000s(2%) qkv=0.004s(39%) rope=0.001s(5%) kvcopy=0.000s(1%) attn.swa=0.001s(9%) attn.full=0.000s(2%) oproj=0.002s(21%) post=0.002s(20%) total=0.011s]
[prefill host enc.front=0.002s(3%) wait.front=0.022s(35%) drain=0.001s(1%) route=0.000s(0%) meta=0.000s(0%) fetch=0.033s(52%) enc.moe=0.001s(1%) tail=0.000s(0%) head=0.004s(6%) other=0.000s(1%) call=0.063s | tiles=82 ahead=82 experts=399 miss=41 io=0.033s 4.3GB/s]
[prefill gpuq busy=0.033s(53%) idle=0.030s(47%) span=0.063s buffers=354]
[prefill gpu attn=0.010s(33%) shared=0.003s(11%) moe=0.014s(44%) tail=0.001s(2%) head=0.003s(11%) total=0.032s]
[prefill gpu attn embed=0.000s(0%) norm=0.000s(2%) qkv=0.004s(38%) rope=0.001s(5%) kvcopy=0.000s(1%) attn.swa=0.001s(10%) attn.full=0.000s(2%) oproj=0.002s(22%) post=0.002s(20%) total=0.010s]
[prefill host enc.front=0.002s(3%) wait.front=0.021s(32%) drain=0.000s(1%) route=0.000s(0%) meta=0.000s(0%) fetch=0.036s(56%) enc.moe=0.001s(1%) tail=0.000s(0%) head=0.004s(6%) other=0.000s(1%) call=0.065s | tiles=82 ahead=82 experts=363 miss=69 io=0.036s 6.6GB/s]
[prefill gpuq busy=0.032s(49%) idle=0.033s(51%) span=0.065s buffers=354]
[prefill gpu attn=0.010s(35%) shared=0.003s(11%) moe=0.012s(40%) tail=0.001s(2%) head=0.003s(11%) total=0.030s]
[prefill gpu attn embed=0.000s(0%) norm=0.000s(2%) qkv=0.004s(39%) rope=0.001s(5%) kvcopy=0.000s(1%) attn.swa=0.001s(10%) attn.full=0.000s(2%) oproj=0.002s(21%) post=0.002s(20%) total=0.010s]
[prefill host enc.front=0.002s(6%) wait.front=0.022s(61%) drain=0.001s(2%) route=0.000s(0%) meta=0.000s(0%) fetch=0.007s(18%) enc.moe=0.001s(1%) tail=0.000s(0%) head=0.004s(10%) other=0.000s(1%) call=0.036s | tiles=69 ahead=69 experts=344 miss=15 io=0.007s 7.9GB/s]
[prefill gpuq busy=0.030s(83%) idle=0.006s(17%) span=0.036s buffers=341]
[prefill gpu attn=0.010s(34%) shared=0.003s(11%) moe=0.013s(42%) tail=0.001s(2%) head=0.003s(11%) total=0.031s]
[prefill gpu attn embed=0.000s(0%) norm=0.000s(2%) qkv=0.004s(39%) rope=0.001s(5%) kvcopy=0.000s(1%) attn.swa=0.001s(10%) attn.full=0.000s(2%) oproj=0.002s(22%) post=0.002s(20%) total=0.010s]
[prefill host enc.front=0.002s(5%) wait.front=0.024s(51%) drain=0.000s(1%) route=0.000s(0%) meta=0.000s(0%) fetch=0.015s(32%) enc.moe=0.001s(1%) tail=0.000s(0%) head=0.004s(8%) other=0.000s(1%) call=0.046s | tiles=73 ahead=73 experts=352 miss=37 io=0.015s 8.6GB/s]
[prefill gpuq busy=0.031s(67%) idle=0.015s(33%) span=0.046s buffers=345]
[prefill gpu attn=0.010s(33%) shared=0.004s(11%) moe=0.014s(43%) tail=0.001s(2%) head=0.003s(10%) total=0.032s]
[prefill gpu attn embed=0.000s(0%) norm=0.000s(2%) qkv=0.004s(39%) rope=0.001s(5%) kvcopy=0.000s(1%) attn.swa=0.001s(9%) attn.full=0.000s(2%) oproj=0.002s(22%) post=0.002s(20%) total=0.010s]
[prefill host enc.front=0.002s(5%) wait.front=0.022s(50%) drain=0.000s(1%) route=0.000s(0%) meta=0.000s(0%) fetch=0.014s(33%) enc.moe=0.001s(1%) tail=0.000s(0%) head=0.003s(8%) other=0.000s(1%) call=0.043s | tiles=73 ahead=73 experts=384 miss=23 io=0.014s 5.6GB/s]
[prefill gpuq busy=0.032s(74%) idle=0.011s(26%) span=0.043s buffers=345]
[prefill gpu attn=0.010s(34%) shared=0.003s(11%) moe=0.012s(41%) tail=0.001s(2%) head=0.003s(11%) total=0.030s]
[prefill gpu attn embed=0.000s(0%) norm=0.000s(3%) qkv=0.004s(38%) rope=0.001s(5%) kvcopy=0.000s(1%) attn.swa=0.001s(10%) attn.full=0.000s(2%) oproj=0.002s(22%) post=0.002s(20%) total=0.010s]
[prefill host enc.front=0.002s(6%) wait.front=0.020s(55%) drain=0.000s(1%) route=0.000s(0%) meta=0.000s(0%) fetch=0.009s(25%) enc.moe=0.001s(2%) tail=0.000s(0%) head=0.004s(10%) other=0.000s(1%) call=0.037s | tiles=73 ahead=73 experts=353 miss=24 io=0.009s 8.9GB/s]
[prefill gpuq busy=0.030s(83%) idle=0.006s(17%) span=0.036s buffers=345]
[prefill gpu attn=0.010s(35%) shared=0.003s(11%) moe=0.012s(40%) tail=0.001s(2%) head=0.003s(11%) total=0.030s]
[prefill gpu attn embed=0.000s(0%) norm=0.000s(2%) qkv=0.004s(38%) rope=0.001s(6%) kvcopy=0.000s(1%) attn.swa=0.001s(9%) attn.full=0.000s(2%) oproj=0.002s(22%) post=0.002s(20%) total=0.010s]
[prefill host enc.front=0.002s(5%) wait.front=0.019s(46%) drain=0.000s(1%) route=0.000s(0%) meta=0.000s(0%) fetch=0.015s(36%) enc.moe=0.001s(1%) tail=0.000s(0%) head=0.004s(8%) other=0.000s(1%) call=0.042s | tiles=73 ahead=73 experts=336 miss=29 io=0.015s 6.6GB/s]
[prefill gpuq busy=0.030s(72%) idle=0.012s(28%) span=0.042s buffers=345]
[prefill gpu attn=0.011s(37%) shared=0.004s(12%) moe=0.012s(38%) tail=0.001s(2%) head=0.003s(11%) total=0.031s]
[prefill gpu attn embed=0.000s(0%) norm=0.000s(2%) qkv=0.004s(39%) rope=0.001s(5%) kvcopy=0.000s(1%) attn.swa=0.001s(10%) attn.full=0.000s(2%) oproj=0.002s(22%) post=0.002s(20%) total=0.011s]
[prefill host enc.front=0.003s(7%) wait.front=0.021s(51%) drain=0.001s(1%) route=0.000s(1%) meta=0.000s(0%) fetch=0.011s(27%) enc.moe=0.001s(2%) tail=0.000s(1%) head=0.004s(9%) other=0.001s(1%) call=0.042s | tiles=69 ahead=69 experts=308 miss=16 io=0.011s 4.8GB/s]
[prefill gpuq busy=0.031s(74%) idle=0.011s(26%) span=0.041s buffers=341]
[prefill gpu attn=0.011s(33%) shared=0.004s(11%) moe=0.014s(43%) tail=0.001s(2%) head=0.003s(11%) total=0.032s]
[prefill gpu attn embed=0.000s(0%) norm=0.000s(2%) qkv=0.004s(39%) rope=0.001s(5%) kvcopy=0.000s(1%) attn.swa=0.001s(10%) attn.full=0.000s(2%) oproj=0.002s(22%) post=0.002s(20%) total=0.011s]
[prefill host enc.front=0.002s(5%) wait.front=0.020s(45%) drain=0.000s(1%) route=0.000s(1%) meta=0.000s(0%) fetch=0.017s(38%) enc.moe=0.001s(2%) tail=0.000s(0%) head=0.004s(8%) other=0.000s(1%) call=0.045s | tiles=77 ahead=77 experts=387 miss=30 io=0.017s 6.1GB/s]
[prefill gpuq busy=0.032s(72%) idle=0.012s(28%) span=0.045s buffers=349]
[prefill gpu attn=0.011s(31%) shared=0.003s(10%) moe=0.016s(47%) tail=0.001s(2%) head=0.003s(10%) total=0.035s]
[prefill gpu attn embed=0.000s(0%) norm=0.000s(2%) qkv=0.004s(39%) rope=0.001s(5%) kvcopy=0.000s(1%) attn.swa=0.001s(10%) attn.full=0.000s(2%) oproj=0.002s(21%) post=0.002s(20%) total=0.011s]
[prefill host enc.front=0.002s(3%) wait.front=0.023s(36%) drain=0.000s(0%) route=0.000s(0%) meta=0.000s(0%) fetch=0.034s(53%) enc.moe=0.001s(1%) tail=0.000s(0%) head=0.004s(5%) other=0.000s(1%) call=0.065s | tiles=84 ahead=84 experts=453 miss=37 io=0.034s 3.7GB/s]
[prefill gpuq busy=0.035s(54%) idle=0.030s(46%) span=0.064s buffers=356]
[prefill gpu attn=0.010s(31%) shared=0.004s(11%) moe=0.015s(46%) tail=0.001s(2%) head=0.003s(10%) total=0.034s]
[prefill gpu attn embed=0.000s(0%) norm=0.000s(2%) qkv=0.004s(38%) rope=0.001s(5%) kvcopy=0.000s(1%) attn.swa=0.001s(10%) attn.full=0.000s(2%) oproj=0.002s(22%) post=0.002s(20%) total=0.010s]
[prefill host enc.front=0.002s(4%) wait.front=0.022s(36%) drain=0.000s(1%) route=0.000s(0%) meta=0.000s(0%) fetch=0.031s(51%) enc.moe=0.001s(1%) tail=0.000s(0%) head=0.004s(6%) other=0.001s(1%) call=0.061s | tiles=82 ahead=82 experts=412 miss=54 io=0.031s 6.0GB/s]
[prefill gpuq busy=0.034s(55%) idle=0.027s(45%) span=0.061s buffers=354]
[prefill gpu attn=0.010s(34%) shared=0.003s(11%) moe=0.012s(41%) tail=0.001s(3%) head=0.003s(11%) total=0.031s]
[prefill gpu attn embed=0.000s(0%) norm=0.000s(3%) qkv=0.004s(38%) rope=0.001s(5%) kvcopy=0.000s(1%) attn.swa=0.001s(10%) attn.full=0.000s(2%) oproj=0.002s(21%) post=0.002s(20%) total=0.010s]
[prefill host enc.front=0.002s(5%) wait.front=0.025s(59%) drain=0.000s(1%) route=0.000s(0%) meta=0.000s(0%) fetch=0.010s(24%) enc.moe=0.001s(1%) tail=0.000s(0%) head=0.004s(9%) other=0.000s(1%) call=0.042s | tiles=71 ahead=71 experts=354 miss=15 io=0.010s 5.2GB/s]
[prefill gpuq busy=0.031s(74%) idle=0.011s(26%) span=0.041s buffers=343]
[prefill gpu attn=0.010s(31%) shared=0.003s(10%) moe=0.015s(46%) tail=0.001s(2%) head=0.003s(10%) total=0.033s]
[prefill gpu attn embed=0.000s(0%) norm=0.000s(2%) qkv=0.004s(38%) rope=0.001s(5%) kvcopy=0.000s(1%) attn.swa=0.001s(10%) attn.full=0.000s(2%) oproj=0.002s(22%) post=0.002s(20%) total=0.010s]
[prefill host enc.front=0.002s(4%) wait.front=0.022s(36%) drain=0.001s(1%) route=0.000s(0%) meta=0.000s(0%) fetch=0.030s(50%) enc.moe=0.001s(1%) tail=0.000s(0%) head=0.004s(6%) other=0.000s(1%) call=0.061s | tiles=83 ahead=83 experts=402 miss=56 io=0.031s 6.3GB/s]
[prefill gpuq busy=0.033s(55%) idle=0.028s(45%) span=0.061s buffers=355]
[prefill gpu attn=0.011s(33%) shared=0.004s(11%) moe=0.013s(43%) tail=0.001s(2%) head=0.003s(11%) total=0.032s]
[prefill gpu attn embed=0.000s(0%) norm=0.000s(2%) qkv=0.004s(39%) rope=0.001s(5%) kvcopy=0.000s(1%) attn.swa=0.001s(10%) attn.full=0.000s(2%) oproj=0.002s(21%) post=0.002s(20%) total=0.011s]
[prefill host enc.front=0.002s(4%) wait.front=0.022s(48%) drain=0.001s(1%) route=0.000s(0%) meta=0.000s(0%) fetch=0.017s(36%) enc.moe=0.001s(1%) tail=0.000s(0%) head=0.004s(8%) other=0.000s(1%) call=0.046s | tiles=72 ahead=72 experts=388 miss=24 io=0.017s 5.0GB/s]
[prefill gpuq busy=0.032s(68%) idle=0.015s(32%) span=0.046s buffers=344]
[prefill gpu attn=0.011s(34%) shared=0.004s(12%) moe=0.013s(41%) tail=0.001s(3%) head=0.003s(11%) total=0.031s]
[prefill gpu attn embed=0.000s(0%) norm=0.000s(2%) qkv=0.004s(39%) rope=0.001s(5%) kvcopy=0.000s(1%) attn.swa=0.001s(10%) attn.full=0.000s(2%) oproj=0.002s(22%) post=0.002s(20%) total=0.011s]
[prefill host enc.front=0.002s(5%) wait.front=0.022s(54%) drain=0.001s(1%) route=0.000s(0%) meta=0.000s(0%) fetch=0.011s(27%) enc.moe=0.001s(1%) tail=0.000s(0%) head=0.004s(9%) other=0.000s(1%) call=0.040s | tiles=69 ahead=69 experts=362 miss=21 io=0.011s 6.6GB/s]
[prefill gpuq busy=0.031s(78%) idle=0.009s(22%) span=0.040s buffers=341]
[prefill gpu attn=0.011s(33%) shared=0.003s(11%) moe=0.014s(44%) tail=0.001s(2%) head=0.003s(10%) total=0.032s]
[prefill gpu attn embed=0.000s(0%) norm=0.000s(2%) qkv=0.004s(39%) rope=0.001s(5%) kvcopy=0.000s(1%) attn.swa=0.001s(10%) attn.full=0.000s(2%) oproj=0.002s(21%) post=0.002s(20%) total=0.011s]
[prefill host enc.front=0.002s(4%) wait.front=0.021s(41%) drain=0.000s(1%) route=0.000s(0%) meta=0.000s(0%) fetch=0.022s(44%) enc.moe=0.001s(1%) tail=0.000s(0%) head=0.004s(7%) other=0.000s(1%) call=0.051s | tiles=80 ahead=80 experts=380 miss=41 io=0.022s 6.4GB/s]
[prefill gpuq busy=0.032s(64%) idle=0.018s(36%) span=0.050s buffers=352]
[prefill gpu attn=0.011s(33%) shared=0.003s(11%) moe=0.014s(44%) tail=0.001s(2%) head=0.003s(11%) total=0.032s]
[prefill gpu attn embed=0.000s(0%) norm=0.000s(2%) qkv=0.004s(38%) rope=0.001s(6%) kvcopy=0.000s(1%) attn.swa=0.001s(10%) attn.full=0.000s(2%) oproj=0.002s(21%) post=0.002s(20%) total=0.011s]
[prefill host enc.front=0.002s(5%) wait.front=0.022s(51%) drain=0.000s(1%) route=0.000s(0%) meta=0.000s(0%) fetch=0.013s(32%) enc.moe=0.001s(1%) tail=0.000s(0%) head=0.004s(8%) other=0.000s(1%) call=0.042s | tiles=73 ahead=73 experts=399 miss=28 io=0.013s 7.2GB/s]
[prefill gpuq busy=0.032s(76%) idle=0.010s(24%) span=0.042s buffers=345]
[prefill gpu attn=0.010s(32%) shared=0.003s(11%) moe=0.015s(45%) tail=0.001s(2%) head=0.003s(10%) total=0.032s]
[prefill gpu attn embed=0.000s(0%) norm=0.000s(2%) qkv=0.004s(38%) rope=0.001s(5%) kvcopy=0.000s(1%) attn.swa=0.001s(10%) attn.full=0.000s(2%) oproj=0.002s(22%) post=0.002s(20%) total=0.010s]
[prefill host enc.front=0.002s(5%) wait.front=0.020s(50%) drain=0.000s(1%) route=0.000s(0%) meta=0.000s(0%) fetch=0.013s(33%) enc.moe=0.001s(1%) tail=0.000s(0%) head=0.004s(9%) other=0.000s(1%) call=0.041s | tiles=76 ahead=76 experts=437 miss=20 io=0.013s 5.1GB/s]
[prefill gpuq busy=0.032s(80%) idle=0.008s(20%) span=0.041s buffers=348]
[prefill gpu attn=0.010s(33%) shared=0.003s(11%) moe=0.014s(43%) tail=0.001s(2%) head=0.003s(11%) total=0.032s]
[prefill gpu attn embed=0.000s(0%) norm=0.000s(2%) qkv=0.004s(38%) rope=0.001s(5%) kvcopy=0.000s(1%) attn.swa=0.001s(10%) attn.full=0.000s(2%) oproj=0.002s(21%) post=0.002s(20%) total=0.010s]
[prefill host enc.front=0.002s(6%) wait.front=0.021s(57%) drain=0.000s(1%) route=0.000s(0%) meta=0.000s(0%) fetch=0.009s(24%) enc.moe=0.001s(2%) tail=0.000s(0%) head=0.004s(10%) other=0.000s(1%) call=0.037s | tiles=74 ahead=74 experts=396 miss=20 io=0.009s 7.8GB/s]
[prefill gpuq busy=0.032s(86%) idle=0.005s(14%) span=0.037s buffers=346]
[prefill gpu attn=0.011s(31%) shared=0.003s(10%) moe=0.016s(47%) tail=0.001s(2%) head=0.003s(10%) total=0.035s]
[prefill gpu attn embed=0.000s(0%) norm=0.000s(2%) qkv=0.004s(38%) rope=0.001s(5%) kvcopy=0.000s(1%) attn.swa=0.001s(10%) attn.full=0.000s(2%) oproj=0.002s(22%) post=0.002s(20%) total=0.011s]
[prefill host enc.front=0.002s(3%) wait.front=0.021s(31%) drain=0.000s(1%) route=0.000s(0%) meta=0.000s(0%) fetch=0.038s(57%) enc.moe=0.001s(1%) tail=0.000s(0%) head=0.004s(5%) other=0.000s(1%) call=0.067s | tiles=86 ahead=86 experts=444 miss=58 io=0.038s 5.2GB/s]
[prefill gpuq busy=0.035s(52%) idle=0.032s(48%) span=0.066s buffers=358]
[prefill gpu attn=0.010s(33%) shared=0.003s(11%) moe=0.014s(43%) tail=0.001s(2%) head=0.003s(11%) total=0.031s]
[prefill gpu attn embed=0.000s(0%) norm=0.000s(2%) qkv=0.004s(38%) rope=0.000s(5%) kvcopy=0.000s(1%) attn.swa=0.001s(10%) attn.full=0.000s(2%) oproj=0.002s(22%) post=0.002s(20%) total=0.010s]
[prefill host enc.front=0.002s(5%) wait.front=0.022s(56%) drain=0.001s(1%) route=0.000s(0%) meta=0.000s(0%) fetch=0.010s(24%) enc.moe=0.001s(2%) tail=0.000s(0%) head=0.004s(9%) other=0.000s(1%) call=0.039s | tiles=71 ahead=71 experts=400 miss=20 io=0.010s 7.2GB/s]
[prefill gpuq busy=0.031s(81%) idle=0.008s(19%) span=0.039s buffers=343]
[prefill gpu attn=0.010s(36%) shared=0.003s(12%) moe=0.011s(38%) tail=0.001s(2%) head=0.003s(12%) total=0.029s]
[prefill gpu attn embed=0.000s(0%) norm=0.000s(3%) qkv=0.004s(38%) rope=0.001s(5%) kvcopy=0.000s(1%) attn.swa=0.001s(10%) attn.full=0.000s(2%) oproj=0.002s(21%) post=0.002s(20%) total=0.010s]
[prefill host enc.front=0.002s(6%) wait.front=0.024s(69%) drain=0.000s(1%) route=0.000s(0%) meta=0.000s(0%) fetch=0.003s(10%) enc.moe=0.000s(1%) tail=0.000s(0%) head=0.004s(10%) other=0.000s(1%) call=0.034s | tiles=64 ahead=64 experts=323 miss=7 io=0.003s 7.0GB/s]
[prefill gpuq busy=0.029s(84%) idle=0.005s(16%) span=0.034s buffers=336]
[prefill gpu attn=0.010s(33%) shared=0.003s(11%) moe=0.014s(44%) tail=0.001s(2%) head=0.003s(11%) total=0.031s]
[prefill gpu attn embed=0.000s(0%) norm=0.000s(2%) qkv=0.004s(38%) rope=0.001s(5%) kvcopy=0.000s(1%) attn.swa=0.001s(10%) attn.full=0.000s(2%) oproj=0.002s(22%) post=0.002s(20%) total=0.010s]
[prefill host enc.front=0.002s(5%) wait.front=0.020s(52%) drain=0.000s(1%) route=0.000s(0%) meta=0.000s(0%) fetch=0.012s(30%) enc.moe=0.001s(2%) tail=0.000s(0%) head=0.004s(9%) other=0.000s(1%) call=0.039s | tiles=75 ahead=75 experts=395 miss=24 io=0.012s 7.1GB/s]
[prefill gpuq busy=0.031s(81%) idle=0.007s(19%) span=0.039s buffers=347]
[prefill gpu attn=0.010s(33%) shared=0.004s(11%) moe=0.014s(43%) tail=0.001s(2%) head=0.003s(11%) total=0.032s]
[prefill gpu attn embed=0.000s(0%) norm=0.000s(3%) qkv=0.004s(39%) rope=0.000s(5%) kvcopy=0.000s(1%) attn.swa=0.001s(10%) attn.full=0.000s(2%) oproj=0.002s(22%) post=0.002s(20%) total=0.010s]
[prefill host enc.front=0.002s(4%) wait.front=0.023s(42%) drain=0.000s(1%) route=0.000s(0%) meta=0.000s(0%) fetch=0.024s(44%) enc.moe=0.001s(1%) tail=0.000s(0%) head=0.004s(7%) other=0.000s(1%) call=0.055s | tiles=78 ahead=78 experts=366 miss=44 io=0.024s 6.2GB/s]
[prefill gpuq busy=0.032s(58%) idle=0.023s(42%) span=0.055s buffers=350]
[prefill gpu attn=0.010s(36%) shared=0.003s(12%) moe=0.011s(39%) tail=0.001s(2%) head=0.003s(11%) total=0.029s]
[prefill gpu attn embed=0.000s(0%) norm=0.000s(2%) qkv=0.004s(38%) rope=0.001s(5%) kvcopy=0.000s(1%) attn.swa=0.001s(10%) attn.full=0.000s(2%) oproj=0.002s(21%) post=0.002s(20%) total=0.010s]
[prefill host enc.front=0.002s(6%) wait.front=0.020s(54%) drain=0.001s(1%) route=0.000s(0%) meta=0.000s(0%) fetch=0.009s(26%) enc.moe=0.001s(2%) tail=0.000s(0%) head=0.004s(10%) other=0.000s(1%) call=0.036s | tiles=71 ahead=71 experts=322 miss=18 io=0.009s 6.7GB/s]
[prefill gpuq busy=0.029s(81%) idle=0.007s(19%) span=0.036s buffers=343]
[prefill gpu attn=0.011s(33%) shared=0.004s(11%) moe=0.013s(42%) tail=0.001s(2%) head=0.003s(11%) total=0.032s]
[prefill gpu attn embed=0.000s(0%) norm=0.000s(2%) qkv=0.004s(39%) rope=0.001s(5%) kvcopy=0.000s(1%) attn.swa=0.001s(10%) attn.full=0.000s(2%) oproj=0.002s(21%) post=0.002s(20%) total=0.011s]
[prefill host enc.front=0.002s(5%) wait.front=0.020s(47%) drain=0.001s(1%) route=0.000s(0%) meta=0.000s(0%) fetch=0.015s(35%) enc.moe=0.001s(1%) tail=0.000s(0%) head=0.004s(9%) other=0.000s(1%) call=0.042s | tiles=75 ahead=75 experts=370 miss=26 io=0.015s 6.1GB/s]
[prefill gpuq busy=0.032s(76%) idle=0.010s(24%) span=0.042s buffers=347]
[prefill gpu attn=0.010s(34%) shared=0.003s(11%) moe=0.012s(41%) tail=0.001s(2%) head=0.003s(11%) total=0.030s]
[prefill gpu attn embed=0.000s(0%) norm=0.000s(2%) qkv=0.004s(38%) rope=0.001s(5%) kvcopy=0.000s(1%) attn.swa=0.001s(10%) attn.full=0.000s(2%) oproj=0.002s(21%) post=0.002s(20%) total=0.010s]
[prefill host enc.front=0.002s(6%) wait.front=0.021s(58%) drain=0.000s(1%) route=0.000s(1%) meta=0.000s(0%) fetch=0.008s(22%) enc.moe=0.001s(2%) tail=0.000s(0%) head=0.004s(10%) other=0.000s(1%) call=0.036s | tiles=72 ahead=72 experts=360 miss=16 io=0.008s 6.7GB/s]
[prefill gpuq busy=0.030s(85%) idle=0.006s(15%) span=0.036s buffers=344]
[prefill gpu attn=0.010s(32%) shared=0.003s(10%) moe=0.015s(45%) tail=0.001s(2%) head=0.003s(10%) total=0.033s]
[prefill gpu attn embed=0.000s(0%) norm=0.000s(2%) qkv=0.004s(38%) rope=0.001s(5%) kvcopy=0.000s(1%) attn.swa=0.001s(10%) attn.full=0.000s(2%) oproj=0.002s(21%) post=0.002s(20%) total=0.010s]
[prefill host enc.front=0.002s(4%) wait.front=0.020s(39%) drain=0.001s(1%) route=0.000s(0%) meta=0.000s(0%) fetch=0.023s(45%) enc.moe=0.001s(1%) tail=0.000s(0%) head=0.004s(7%) other=0.000s(1%) call=0.052s | tiles=77 ahead=77 experts=374 miss=68 io=0.023s 10.1GB/s]
[prefill gpuq busy=0.033s(64%) idle=0.018s(36%) span=0.051s buffers=349]
[prefill gpu attn=0.011s(33%) shared=0.003s(11%) moe=0.014s(43%) tail=0.001s(2%) head=0.003s(11%) total=0.032s]
[prefill gpu attn embed=0.000s(0%) norm=0.000s(2%) qkv=0.004s(38%) rope=0.001s(5%) kvcopy=0.000s(1%) attn.swa=0.001s(10%) attn.full=0.000s(2%) oproj=0.002s(21%) post=0.002s(20%) total=0.011s]
[prefill host enc.front=0.002s(5%) wait.front=0.021s(51%) drain=0.000s(1%) route=0.000s(0%) meta=0.000s(0%) fetch=0.013s(31%) enc.moe=0.001s(1%) tail=0.000s(0%) head=0.004s(9%) other=0.000s(1%) call=0.041s | tiles=74 ahead=74 experts=390 miss=24 io=0.013s 6.6GB/s]
[prefill gpuq busy=0.032s(78%) idle=0.009s(22%) span=0.040s buffers=346]
[prefill gpu attn=0.011s(34%) shared=0.003s(11%) moe=0.013s(42%) tail=0.001s(2%) head=0.003s(11%) total=0.032s]
[prefill gpu attn embed=0.000s(0%) norm=0.000s(2%) qkv=0.004s(38%) rope=0.001s(5%) kvcopy=0.000s(1%) attn.swa=0.001s(10%) attn.full=0.000s(2%) oproj=0.002s(22%) post=0.002s(20%) total=0.011s]
[prefill host enc.front=0.002s(5%) wait.front=0.022s(45%) drain=0.000s(1%) route=0.000s(0%) meta=0.000s(0%) fetch=0.019s(39%) enc.moe=0.001s(1%) tail=0.000s(0%) head=0.004s(7%) other=0.000s(1%) call=0.048s | tiles=75 ahead=75 experts=364 miss=34 io=0.019s 6.2GB/s]
[prefill gpuq busy=0.032s(67%) idle=0.016s(33%) span=0.048s buffers=347]
[prefill gpu attn=0.011s(36%) shared=0.003s(12%) moe=0.012s(39%) tail=0.001s(2%) head=0.003s(12%) total=0.030s]
[prefill gpu attn embed=0.000s(0%) norm=0.000s(2%) qkv=0.004s(38%) rope=0.001s(5%) kvcopy=0.000s(1%) attn.swa=0.001s(10%) attn.full=0.000s(2%) oproj=0.002s(22%) post=0.002s(20%) total=0.011s]
[prefill host enc.front=0.002s(5%) wait.front=0.021s(54%) drain=0.000s(1%) route=0.000s(0%) meta=0.000s(0%) fetch=0.010s(27%) enc.moe=0.001s(1%) tail=0.000s(0%) head=0.004s(10%) other=0.000s(1%) call=0.038s | tiles=69 ahead=69 experts=324 miss=17 io=0.010s 5.7GB/s]
[prefill gpuq busy=0.030s(78%) idle=0.008s(22%) span=0.038s buffers=341]
[prefill gpu attn=0.010s(34%) shared=0.003s(11%) moe=0.013s(42%) tail=0.001s(2%) head=0.003s(11%) total=0.031s]
[prefill gpu attn embed=0.000s(0%) norm=0.000s(3%) qkv=0.004s(38%) rope=0.000s(5%) kvcopy=0.000s(1%) attn.swa=0.001s(10%) attn.full=0.000s(2%) oproj=0.002s(21%) post=0.002s(20%) total=0.010s]
[prefill host enc.front=0.002s(5%) wait.front=0.020s(49%) drain=0.000s(1%) route=0.000s(0%) meta=0.000s(0%) fetch=0.014s(34%) enc.moe=0.001s(2%) tail=0.000s(0%) head=0.004s(9%) other=0.000s(1%) call=0.041s | tiles=75 ahead=75 experts=360 miss=29 io=0.014s 7.2GB/s]
[prefill gpuq busy=0.031s(76%) idle=0.010s(24%) span=0.041s buffers=347]
[prefill gpu attn=0.010s(36%) shared=0.003s(12%) moe=0.011s(38%) tail=0.001s(2%) head=0.003s(12%) total=0.029s]
[prefill gpu attn embed=0.000s(0%) norm=0.000s(2%) qkv=0.004s(38%) rope=0.001s(5%) kvcopy=0.000s(1%) attn.swa=0.001s(10%) attn.full=0.000s(2%) oproj=0.002s(21%) post=0.002s(20%) total=0.010s]
[prefill host enc.front=0.002s(6%) wait.front=0.021s(61%) drain=0.001s(2%) route=0.000s(1%) meta=0.000s(0%) fetch=0.006s(17%) enc.moe=0.001s(1%) tail=0.000s(0%) head=0.004s(10%) other=0.000s(1%) call=0.034s | tiles=67 ahead=67 experts=326 miss=11 io=0.006s 6.3GB/s]
[prefill gpuq busy=0.029s(85%) idle=0.005s(15%) span=0.034s buffers=339]
[prefill gpu attn=0.010s(33%) shared=0.004s(12%) moe=0.013s(42%) tail=0.001s(2%) head=0.003s(11%) total=0.031s]
[prefill gpu attn embed=0.000s(0%) norm=0.000s(3%) qkv=0.004s(38%) rope=0.001s(5%) kvcopy=0.000s(1%) attn.swa=0.001s(10%) attn.full=0.000s(2%) oproj=0.002s(21%) post=0.002s(20%) total=0.010s]
[prefill host enc.front=0.002s(5%) wait.front=0.022s(54%) drain=0.000s(1%) route=0.000s(0%) meta=0.000s(0%) fetch=0.011s(28%) enc.moe=0.001s(1%) tail=0.000s(0%) head=0.004s(9%) other=0.000s(1%) call=0.040s | tiles=72 ahead=72 experts=379 miss=21 io=0.011s 6.4GB/s]
[prefill gpuq busy=0.031s(78%) idle=0.009s(22%) span=0.040s buffers=344]
[prefill gpu attn=0.011s(33%) shared=0.003s(11%) moe=0.014s(43%) tail=0.001s(2%) head=0.003s(11%) total=0.032s]
[prefill gpu attn embed=0.000s(0%) norm=0.000s(2%) qkv=0.004s(38%) rope=0.001s(5%) kvcopy=0.000s(1%) attn.swa=0.001s(10%) attn.full=0.000s(2%) oproj=0.002s(21%) post=0.002s(20%) total=0.011s]
[prefill host enc.front=0.002s(4%) wait.front=0.021s(44%) drain=0.000s(1%) route=0.000s(0%) meta=0.000s(0%) fetch=0.019s(40%) enc.moe=0.001s(1%) tail=0.000s(0%) head=0.004s(8%) other=0.000s(1%) call=0.047s | tiles=78 ahead=78 experts=365 miss=31 io=0.019s 5.6GB/s]
[prefill gpuq busy=0.032s(68%) idle=0.015s(32%) span=0.047s buffers=350]
[prefill gpu attn=0.011s(34%) shared=0.003s(11%) moe=0.013s(41%) tail=0.001s(2%) head=0.003s(11%) total=0.031s]
[prefill gpu attn embed=0.000s(0%) norm=0.000s(3%) qkv=0.004s(39%) rope=0.001s(5%) kvcopy=0.000s(1%) attn.swa=0.001s(10%) attn.full=0.000s(2%) oproj=0.002s(21%) post=0.002s(20%) total=0.011s]
[prefill host enc.front=0.002s(6%) wait.front=0.023s(69%) drain=0.000s(1%) route=0.000s(1%) meta=0.000s(0%) fetch=0.003s(10%) enc.moe=0.001s(2%) tail=0.000s(0%) head=0.004s(11%) other=0.000s(1%) call=0.034s | tiles=66 ahead=66 experts=388 miss=8 io=0.003s 8.2GB/s]
[prefill gpuq busy=0.031s(92%) idle=0.003s(8%) span=0.033s buffers=338]
[prefill gpu attn=0.011s(36%) shared=0.003s(12%) moe=0.011s(38%) tail=0.001s(2%) head=0.003s(12%) total=0.029s]
[prefill gpu attn embed=0.000s(0%) norm=0.000s(3%) qkv=0.004s(38%) rope=0.001s(5%) kvcopy=0.000s(1%) attn.swa=0.001s(10%) attn.full=0.000s(2%) oproj=0.002s(21%) post=0.002s(20%) total=0.011s]
[prefill host enc.front=0.002s(5%) wait.front=0.023s(63%) drain=0.001s(2%) route=0.000s(0%) meta=0.000s(0%) fetch=0.006s(17%) enc.moe=0.000s(1%) tail=0.000s(0%) head=0.004s(10%) other=0.000s(1%) call=0.036s | tiles=64 ahead=64 experts=334 miss=6 io=0.006s 3.4GB/s]
[prefill gpuq busy=0.029s(82%) idle=0.007s(18%) span=0.036s buffers=336]
[prefill gpu attn=0.011s(34%) shared=0.003s(11%) moe=0.013s(41%) tail=0.001s(2%) head=0.004s(11%) total=0.032s]
[prefill gpu attn embed=0.000s(0%) norm=0.000s(2%) qkv=0.004s(38%) rope=0.001s(5%) kvcopy=0.000s(1%) attn.swa=0.001s(10%) attn.full=0.000s(2%) oproj=0.002s(21%) post=0.002s(20%) total=0.011s]
[prefill host enc.front=0.002s(4%) wait.front=0.028s(54%) drain=0.002s(3%) route=0.000s(0%) meta=0.000s(0%) fetch=0.015s(28%) enc.moe=0.001s(1%) tail=0.000s(0%) head=0.004s(7%) other=0.000s(1%) call=0.052s | tiles=67 ahead=67 experts=340 miss=33 io=0.015s 7.8GB/s]
[prefill gpuq busy=0.032s(61%) idle=0.020s(39%) span=0.051s buffers=339]
[prefill gpu attn=0.011s(33%) shared=0.003s(11%) moe=0.014s(43%) tail=0.001s(2%) head=0.004s(11%) total=0.032s]
[prefill gpu attn embed=0.000s(0%) norm=0.000s(3%) qkv=0.004s(38%) rope=0.001s(5%) kvcopy=0.000s(1%) attn.swa=0.001s(10%) attn.full=0.000s(2%) oproj=0.002s(21%) post=0.002s(20%) total=0.011s]
[prefill host enc.front=0.002s(5%) wait.front=0.023s(62%) drain=0.000s(1%) route=0.000s(0%) meta=0.000s(0%) fetch=0.007s(18%) enc.moe=0.001s(1%) tail=0.000s(0%) head=0.004s(10%) other=0.000s(1%) call=0.037s | tiles=68 ahead=68 experts=410 miss=14 io=0.007s 7.1GB/s]
[prefill gpuq busy=0.032s(86%) idle=0.005s(14%) span=0.037s buffers=340]
[prefill gpu attn=0.011s(34%) shared=0.003s(11%) moe=0.013s(42%) tail=0.001s(2%) head=0.003s(11%) total=0.031s]
[prefill gpu attn embed=0.000s(0%) norm=0.000s(3%) qkv=0.004s(39%) rope=0.001s(5%) kvcopy=0.000s(1%) attn.swa=0.001s(10%) attn.full=0.000s(2%) oproj=0.002s(21%) post=0.002s(20%) total=0.011s]
[prefill host enc.front=0.002s(4%) wait.front=0.021s(44%) drain=0.000s(1%) route=0.000s(0%) meta=0.000s(0%) fetch=0.019s(41%) enc.moe=0.001s(1%) tail=0.000s(0%) head=0.004s(8%) other=0.000s(1%) call=0.047s | tiles=77 ahead=77 experts=357 miss=30 io=0.019s 5.4GB/s]
[prefill gpuq busy=0.031s(66%) idle=0.016s(34%) span=0.047s buffers=349]
[prefill gpu attn=0.011s(37%) shared=0.003s(12%) moe=0.011s(38%) tail=0.001s(2%) head=0.003s(12%) total=0.029s]
[prefill gpu attn embed=0.000s(0%) norm=0.000s(2%) qkv=0.004s(38%) rope=0.001s(5%) kvcopy=0.000s(1%) attn.swa=0.001s(11%) attn.full=0.000s(2%) oproj=0.002s(21%) post=0.002s(20%) total=0.011s]
[prefill host enc.front=0.002s(6%) wait.front=0.022s(64%) drain=0.001s(2%) route=0.000s(0%) meta=0.000s(0%) fetch=0.005s(15%) enc.moe=0.000s(1%) tail=0.000s(0%) head=0.004s(11%) other=0.000s(1%) call=0.034s | tiles=64 ahead=64 experts=318 miss=9 io=0.005s 6.1GB/s]
[prefill gpuq busy=0.029s(86%) idle=0.005s(14%) span=0.034s buffers=336]
[prefill gpu attn=0.010s(33%) shared=0.003s(11%) moe=0.013s(43%) tail=0.001s(2%) head=0.003s(11%) total=0.031s]
[prefill gpu attn embed=0.000s(0%) norm=0.000s(2%) qkv=0.004s(38%) rope=0.001s(5%) kvcopy=0.000s(1%) attn.swa=0.001s(10%) attn.full=0.000s(2%) oproj=0.002s(21%) post=0.002s(20%) total=0.010s]
[prefill host enc.front=0.002s(5%) wait.front=0.021s(54%) drain=0.000s(1%) route=0.000s(0%) meta=0.000s(0%) fetch=0.011s(28%) enc.moe=0.001s(2%) tail=0.000s(0%) head=0.004s(9%) other=0.000s(1%) call=0.039s | tiles=75 ahead=75 experts=375 miss=27 io=0.011s 8.6GB/s]
[prefill gpuq busy=0.031s(81%) idle=0.007s(19%) span=0.039s buffers=347]
[prefill gpu attn=0.011s(35%) shared=0.003s(11%) moe=0.012s(39%) tail=0.001s(2%) head=0.004s(12%) total=0.030s]
[prefill gpu attn embed=0.000s(0%) norm=0.000s(2%) qkv=0.004s(39%) rope=0.000s(5%) kvcopy=0.000s(1%) attn.swa=0.001s(10%) attn.full=0.000s(2%) oproj=0.002s(21%) post=0.002s(20%) total=0.011s]
[prefill host enc.front=0.002s(5%) wait.front=0.025s(62%) drain=0.000s(1%) route=0.000s(0%) meta=0.000s(0%) fetch=0.008s(20%) enc.moe=0.001s(1%) tail=0.000s(0%) head=0.004s(10%) other=0.000s(1%) call=0.040s | tiles=68 ahead=68 experts=333 miss=14 io=0.008s 6.2GB/s]
[prefill gpuq busy=0.030s(76%) idle=0.009s(24%) span=0.039s buffers=340]
[prefill gpu attn=0.011s(33%) shared=0.003s(11%) moe=0.014s(42%) tail=0.001s(2%) head=0.003s(11%) total=0.032s]
[prefill gpu attn embed=0.000s(0%) norm=0.000s(3%) qkv=0.004s(38%) rope=0.001s(5%) kvcopy=0.000s(1%) attn.swa=0.001s(10%) attn.full=0.000s(2%) oproj=0.002s(21%) post=0.002s(20%) total=0.011s]
[prefill host enc.front=0.002s(5%) wait.front=0.023s(57%) drain=0.000s(1%) route=0.000s(0%) meta=0.000s(0%) fetch=0.010s(25%) enc.moe=0.001s(1%) tail=0.000s(0%) head=0.004s(9%) other=0.000s(1%) call=0.040s | tiles=73 ahead=73 experts=394 miss=19 io=0.010s 6.6GB/s]
[prefill gpuq busy=0.032s(80%) idle=0.008s(20%) span=0.040s buffers=345]
[prefill gpu attn=0.011s(34%) shared=0.003s(11%) moe=0.013s(41%) tail=0.001s(2%) head=0.004s(11%) total=0.031s]
[prefill gpu attn embed=0.000s(0%) norm=0.000s(2%) qkv=0.004s(38%) rope=0.001s(5%) kvcopy=0.000s(1%) attn.swa=0.001s(11%) attn.full=0.000s(2%) oproj=0.002s(21%) post=0.002s(20%) total=0.011s]
[prefill host enc.front=0.002s(6%) wait.front=0.023s(64%) drain=0.000s(1%) route=0.000s(1%) meta=0.000s(0%) fetch=0.006s(15%) enc.moe=0.001s(2%) tail=0.000s(0%) head=0.004s(10%) other=0.000s(1%) call=0.036s | tiles=69 ahead=69 experts=376 miss=12 io=0.006s 7.4GB/s]
[prefill gpuq busy=0.031s(87%) idle=0.005s(13%) span=0.036s buffers=341]
[prefill gpu attn=0.011s(34%) shared=0.003s(11%) moe=0.013s(43%) tail=0.001s(2%) head=0.003s(11%) total=0.032s]
[prefill gpu attn embed=0.000s(0%) norm=0.000s(2%) qkv=0.004s(38%) rope=0.001s(5%) kvcopy=0.000s(1%) attn.swa=0.001s(11%) attn.full=0.000s(2%) oproj=0.002s(21%) post=0.002s(20%) total=0.011s]
[prefill host enc.front=0.002s(4%) wait.front=0.019s(37%) drain=0.000s(1%) route=0.000s(0%) meta=0.000s(0%) fetch=0.025s(48%) enc.moe=0.001s(1%) tail=0.000s(0%) head=0.004s(7%) other=0.000s(1%) call=0.053s | tiles=82 ahead=82 experts=343 miss=50 io=0.026s 6.8GB/s]
[prefill gpuq busy=0.032s(60%) idle=0.021s(40%) span=0.052s buffers=354]
[prefill gpu attn=0.010s(34%) shared=0.003s(11%) moe=0.013s(42%) tail=0.001s(2%) head=0.003s(11%) total=0.031s]
[prefill gpu attn embed=0.000s(0%) norm=0.000s(2%) qkv=0.004s(38%) rope=0.001s(5%) kvcopy=0.000s(1%) attn.swa=0.001s(11%) attn.full=0.000s(2%) oproj=0.002s(21%) post=0.002s(20%) total=0.010s]
[prefill host enc.front=0.002s(5%) wait.front=0.021s(55%) drain=0.000s(1%) route=0.000s(1%) meta=0.000s(0%) fetch=0.009s(25%) enc.moe=0.001s(2%) tail=0.000s(0%) head=0.004s(10%) other=0.000s(1%) call=0.037s | tiles=73 ahead=73 experts=367 miss=21 io=0.010s 7.6GB/s]
[prefill gpuq busy=0.031s(83%) idle=0.006s(17%) span=0.037s buffers=345]
[prefill gpu attn=0.011s(31%) shared=0.004s(10%) moe=0.016s(46%) tail=0.001s(2%) head=0.004s(11%) total=0.035s]
[prefill gpu attn embed=0.000s(0%) norm=0.000s(2%) qkv=0.004s(38%) rope=0.000s(5%) kvcopy=0.000s(1%) attn.swa=0.001s(11%) attn.full=0.000s(2%) oproj=0.002s(22%) post=0.002s(20%) total=0.011s]
[prefill host enc.front=0.002s(4%) wait.front=0.029s(54%) drain=0.000s(0%) route=0.000s(0%) meta=0.000s(0%) fetch=0.016s(31%) enc.moe=0.001s(1%) tail=0.000s(0%) head=0.004s(7%) other=0.000s(1%) call=0.053s | tiles=79 ahead=79 experts=455 miss=27 io=0.017s 5.6GB/s]
[prefill gpuq busy=0.035s(66%) idle=0.018s(34%) span=0.053s buffers=351]
[prefill gpu attn=0.011s(31%) shared=0.003s(10%) moe=0.016s(47%) tail=0.001s(2%) head=0.003s(10%) total=0.035s]
[prefill gpu attn embed=0.000s(0%) norm=0.000s(2%) qkv=0.004s(38%) rope=0.001s(5%) kvcopy=0.000s(1%) attn.swa=0.001s(11%) attn.full=0.000s(2%) oproj=0.002s(22%) post=0.002s(20%) total=0.011s]
[prefill host enc.front=0.002s(4%) wait.front=0.022s(34%) drain=0.000s(1%) route=0.000s(0%) meta=0.000s(0%) fetch=0.034s(53%) enc.moe=0.001s(1%) tail=0.000s(0%) head=0.004s(6%) other=0.001s(1%) call=0.064s | tiles=85 ahead=85 experts=429 miss=73 io=0.034s 7.5GB/s]
[prefill gpuq busy=0.035s(55%) idle=0.029s(45%) span=0.063s buffers=357]
[prefill gpu attn=0.010s(35%) shared=0.003s(11%) moe=0.012s(41%) tail=0.001s(2%) head=0.003s(11%) total=0.030s]
[prefill gpu attn embed=0.000s(0%) norm=0.000s(2%) qkv=0.004s(38%) rope=0.001s(5%) kvcopy=0.000s(1%) attn.swa=0.001s(11%) attn.full=0.000s(2%) oproj=0.002s(21%) post=0.002s(20%) total=0.010s]
[prefill host enc.front=0.002s(5%) wait.front=0.022s(56%) drain=0.001s(2%) route=0.000s(0%) meta=0.000s(0%) fetch=0.009s(24%) enc.moe=0.001s(2%) tail=0.000s(0%) head=0.004s(9%) other=0.000s(1%) call=0.039s | tiles=73 ahead=73 experts=345 miss=18 io=0.010s 6.5GB/s]
[prefill gpuq busy=0.030s(78%) idle=0.008s(22%) span=0.039s buffers=345]
[prefill gpu attn=0.013s(45%) shared=0.003s(12%) moe=0.008s(28%) tail=0.001s(3%) head=0.004s(12%) total=0.028s]
[prefill gpu attn embed=0.000s(0%) norm=0.000s(2%) qkv=0.004s(32%) rope=0.001s(4%) kvcopy=0.000s(0%) attn.swa=0.003s(22%) attn.full=0.001s(5%) oproj=0.002s(17%) post=0.002s(17%) total=0.013s]
[prefill host enc.front=0.002s(4%) wait.front=0.025s(53%) drain=0.000s(1%) route=0.000s(0%) meta=0.000s(0%) fetch=0.015s(32%) enc.moe=0.000s(1%) tail=0.000s(0%) head=0.004s(8%) other=0.000s(1%) call=0.046s | tiles=42 ahead=42 experts=240 miss=15 io=0.015s 3.6GB/s]
[prefill gpuq busy=0.028s(62%) idle=0.018s(38%) span=0.046s buffers=314]

[stop=maxTokens prefill=349tok new=192tok decode=6.77s tok/s=28.360]
[load=0.751s layerVerify=0.000s/30layers prefill=4.354s ttft=4.355s peak=6.74GB rss=4.29GB]
[expert prefill hit=0.0% 0/3020 io=1.840s | decode hit=90.0% 36796/40895 io=2.790s]
[vision images=1 soft=260 tower=1.763s towerLoad=0.001s]
[decode/tok io=0.00ms cb1=0.00ms cb2=0.00ms head=0.00ms]
[mtp bs=2 rounds=111 accept=0.721/1 tok/round=1.730 draft=0.418s verify=6.101s accepted=31,80]
