[prefill gpu attn=0.389s(29%) shared=0.114s(9%) moe=0.813s(61%) tail=0.007s(1%) head=0.006s(0%) total=1.329s]
[prefill gpu attn embed=0.000s(0%) norm=0.001s(0%) qkv=0.145s(37%) rope=0.005s(1%) kvcopy=0.001s(0%) attn.swa=0.089s(23%) attn.full=0.006s(2%) oproj=0.081s(21%) post=0.062s(16%) total=0.389s]
[prefill host enc.front=0.004s(0%) wait.front=0.523s(19%) drain=0.000s(0%) route=0.005s(0%) wait.shared=0.108s(4%) meta=0.000s(0%) fetch=1.914s(71%) enc.moe=0.016s(1%) wait.tile=0.093s(3%) tail=0.014s(1%) head=0.007s(0%) other=0.006s(0%) call=2.688s | tiles=390 ahead=0 experts=0 miss=0 io=0.000s 0.0GB/s]
[prefill gpuq busy=1.328s(52%) idle=1.230s(48%) span=2.558s buffers=662]
[prefill gpu attn=0.015s(29%) shared=0.006s(11%) moe=0.023s(43%) tail=0.001s(2%) head=0.007s(14%) total=0.053s]
[prefill gpu attn embed=0.000s(0%) norm=0.000s(3%) qkv=0.006s(39%) rope=0.001s(5%) kvcopy=0.000s(1%) attn.swa=0.001s(9%) attn.full=0.000s(2%) oproj=0.003s(21%) post=0.003s(22%) total=0.015s]
[prefill host enc.front=0.004s(1%) wait.front=0.091s(32%) drain=0.002s(1%) route=0.001s(0%) meta=0.000s(0%) fetch=0.176s(62%) enc.moe=0.002s(1%) tail=0.000s(0%) head=0.008s(3%) other=0.001s(0%) call=0.284s | tiles=74 ahead=74 experts=402 miss=214 io=0.226s 3.3GB/s]
[prefill gpuq busy=0.051s(18%) idle=0.233s(82%) span=0.284s buffers=346]
[prefill gpu attn=0.013s(33%) shared=0.005s(11%) moe=0.017s(42%) tail=0.001s(3%) head=0.004s(10%) total=0.040s]
[prefill gpu attn embed=0.000s(0%) norm=0.000s(3%) qkv=0.005s(38%) rope=0.001s(6%) kvcopy=0.000s(1%) attn.swa=0.001s(8%) attn.full=0.000s(2%) oproj=0.003s(20%) post=0.003s(23%) total=0.013s]
[prefill host enc.front=0.002s(2%) wait.front=0.032s(25%) drain=0.000s(0%) route=0.000s(0%) meta=0.000s(0%) fetch=0.086s(68%) enc.moe=0.001s(1%) tail=0.000s(0%) head=0.004s(3%) other=0.001s(0%) call=0.128s | tiles=77 ahead=77 experts=338 miss=80 io=0.087s 3.2GB/s]
[prefill gpuq busy=0.039s(31%) idle=0.088s(69%) span=0.127s buffers=349]
[prefill gpu attn=0.011s(34%) shared=0.004s(11%) moe=0.014s(42%) tail=0.001s(3%) head=0.004s(10%) total=0.034s]
[prefill gpu attn embed=0.000s(0%) norm=0.000s(3%) qkv=0.004s(38%) rope=0.001s(6%) kvcopy=0.000s(1%) attn.swa=0.001s(8%) attn.full=0.000s(2%) oproj=0.002s(20%) post=0.003s(22%) total=0.011s]
[prefill host enc.front=0.002s(2%) wait.front=0.025s(27%) drain=0.001s(1%) route=0.000s(0%) meta=0.000s(0%) fetch=0.058s(64%) enc.moe=0.001s(1%) tail=0.000s(0%) head=0.004s(4%) other=0.000s(1%) call=0.091s | tiles=70 ahead=70 experts=323 miss=71 io=0.058s 4.2GB/s]
[prefill gpuq busy=0.034s(37%) idle=0.057s(63%) span=0.091s buffers=342]
[prefill gpu attn=0.010s(31%) shared=0.003s(11%) moe=0.015s(45%) tail=0.001s(2%) head=0.003s(10%) total=0.033s]
[prefill gpu attn embed=0.000s(0%) norm=0.000s(2%) qkv=0.004s(40%) rope=0.001s(5%) kvcopy=0.000s(1%) attn.swa=0.001s(8%) attn.full=0.000s(2%) oproj=0.002s(22%) post=0.002s(20%) total=0.010s]
[prefill host enc.front=0.002s(3%) wait.front=0.024s(33%) drain=0.000s(0%) route=0.000s(0%) meta=0.000s(0%) fetch=0.041s(57%) enc.moe=0.001s(1%) tail=0.000s(0%) head=0.004s(5%) other=0.000s(1%) call=0.072s | tiles=82 ahead=82 experts=401 miss=49 io=0.041s 4.1GB/s]
[prefill gpuq busy=0.033s(46%) idle=0.039s(54%) span=0.072s buffers=354]
[prefill gpu attn=0.012s(30%) shared=0.005s(12%) moe=0.018s(45%) tail=0.001s(3%) head=0.004s(10%) total=0.041s]
[prefill gpu attn embed=0.000s(0%) norm=0.000s(3%) qkv=0.005s(38%) rope=0.001s(5%) kvcopy=0.000s(1%) attn.swa=0.001s(8%) attn.full=0.000s(2%) oproj=0.003s(20%) post=0.003s(23%) total=0.012s]
[prefill host enc.front=0.002s(2%) wait.front=0.031s(24%) drain=0.000s(0%) route=0.000s(0%) meta=0.000s(0%) fetch=0.088s(69%) enc.moe=0.001s(1%) tail=0.000s(0%) head=0.004s(3%) other=0.001s(0%) call=0.128s | tiles=87 ahead=87 experts=396 miss=85 io=0.088s 3.3GB/s]
[prefill gpuq busy=0.040s(31%) idle=0.088s(69%) span=0.128s buffers=359]
[prefill gpu attn=0.012s(31%) shared=0.004s(11%) moe=0.017s(45%) tail=0.001s(3%) head=0.004s(10%) total=0.037s]
[prefill gpu attn embed=0.000s(0%) norm=0.000s(3%) qkv=0.004s(38%) rope=0.001s(6%) kvcopy=0.000s(1%) attn.swa=0.001s(8%) attn.full=0.000s(2%) oproj=0.002s(20%) post=0.003s(23%) total=0.012s]
[prefill host enc.front=0.002s(2%) wait.front=0.026s(26%) drain=0.000s(0%) route=0.000s(0%) meta=0.000s(0%) fetch=0.067s(66%) enc.moe=0.001s(1%) tail=0.000s(0%) head=0.004s(4%) other=0.001s(1%) call=0.102s | tiles=83 ahead=83 experts=396 miss=78 io=0.067s 4.0GB/s]
[prefill gpuq busy=0.037s(37%) idle=0.064s(63%) span=0.101s buffers=355]
[prefill gpu attn=0.013s(33%) shared=0.005s(11%) moe=0.017s(43%) tail=0.001s(3%) head=0.004s(10%) total=0.040s]
[prefill gpu attn embed=0.000s(0%) norm=0.000s(3%) qkv=0.005s(38%) rope=0.001s(6%) kvcopy=0.000s(1%) attn.swa=0.001s(8%) attn.full=0.000s(2%) oproj=0.003s(19%) post=0.003s(24%) total=0.013s]
[prefill host enc.front=0.002s(2%) wait.front=0.033s(23%) drain=0.001s(1%) route=0.000s(0%) meta=0.000s(0%) fetch=0.097s(70%) enc.moe=0.001s(1%) tail=0.000s(0%) head=0.004s(3%) other=0.001s(0%) call=0.140s | tiles=65 ahead=65 experts=334 miss=121 io=0.097s 4.3GB/s]
[prefill gpuq busy=0.040s(29%) idle=0.099s(71%) span=0.139s buffers=337]
[prefill gpu attn=0.014s(35%) shared=0.005s(13%) moe=0.017s(41%) tail=0.001s(3%) head=0.003s(8%) total=0.041s]
[prefill gpu attn embed=0.000s(0%) norm=0.000s(3%) qkv=0.005s(38%) rope=0.001s(6%) kvcopy=0.000s(1%) attn.swa=0.001s(8%) attn.full=0.000s(2%) oproj=0.003s(20%) post=0.003s(23%) total=0.014s]
[prefill host enc.front=0.002s(2%) wait.front=0.029s(28%) drain=0.001s(1%) route=0.000s(0%) meta=0.000s(0%) fetch=0.068s(64%) enc.moe=0.001s(1%) tail=0.000s(0%) head=0.004s(3%) other=0.001s(0%) call=0.105s | tiles=70 ahead=70 experts=328 miss=77 io=0.068s 3.9GB/s]
[prefill gpuq busy=0.040s(38%) idle=0.065s(62%) span=0.105s buffers=342]
[prefill gpu attn=0.013s(31%) shared=0.005s(12%) moe=0.020s(45%) tail=0.001s(3%) head=0.004s(9%) total=0.044s]
[prefill gpu attn embed=0.000s(0%) norm=0.000s(3%) qkv=0.005s(38%) rope=0.001s(6%) kvcopy=0.000s(1%) attn.swa=0.001s(8%) attn.full=0.000s(2%) oproj=0.003s(20%) post=0.003s(23%) total=0.013s]
[prefill host enc.front=0.002s(2%) wait.front=0.027s(27%) drain=0.001s(1%) route=0.000s(0%) meta=0.000s(0%) fetch=0.064s(64%) enc.moe=0.001s(1%) tail=0.000s(0%) head=0.004s(4%) other=0.001s(1%) call=0.100s | tiles=88 ahead=88 experts=433 miss=76 io=0.065s 4.1GB/s]
[prefill gpuq busy=0.043s(43%) idle=0.057s(57%) span=0.100s buffers=360]
[prefill gpu attn=0.013s(33%) shared=0.005s(13%) moe=0.017s(43%) tail=0.001s(3%) head=0.003s(8%) total=0.040s]
[prefill gpu attn embed=0.000s(0%) norm=0.000s(3%) qkv=0.005s(37%) rope=0.001s(6%) kvcopy=0.000s(1%) attn.swa=0.001s(8%) attn.full=0.000s(2%) oproj=0.003s(20%) post=0.003s(23%) total=0.013s]
[prefill host enc.front=0.002s(2%) wait.front=0.028s(32%) drain=0.000s(1%) route=0.000s(0%) meta=0.000s(0%) fetch=0.052s(59%) enc.moe=0.001s(1%) tail=0.000s(0%) head=0.004s(4%) other=0.000s(1%) call=0.088s | tiles=79 ahead=79 experts=378 miss=62 io=0.052s 4.1GB/s]
[prefill gpuq busy=0.039s(44%) idle=0.049s(56%) span=0.088s buffers=351]
[prefill gpu attn=0.010s(34%) shared=0.004s(12%) moe=0.012s(41%) tail=0.001s(3%) head=0.003s(11%) total=0.030s]
[prefill gpu attn embed=0.000s(0%) norm=0.000s(2%) qkv=0.004s(39%) rope=0.001s(5%) kvcopy=0.000s(1%) attn.swa=0.001s(8%) attn.full=0.000s(2%) oproj=0.002s(22%) post=0.002s(21%) total=0.010s]
[prefill host enc.front=0.002s(3%) wait.front=0.021s(38%) drain=0.000s(1%) route=0.000s(0%) meta=0.000s(0%) fetch=0.028s(49%) enc.moe=0.001s(1%) tail=0.000s(0%) head=0.004s(6%) other=0.000s(1%) call=0.057s | tiles=76 ahead=76 experts=350 miss=31 io=0.028s 3.9GB/s]
[prefill gpuq busy=0.030s(54%) idle=0.026s(46%) span=0.056s buffers=348]
[prefill gpu attn=0.010s(32%) shared=0.003s(11%) moe=0.014s(45%) tail=0.001s(2%) head=0.003s(10%) total=0.032s]
[prefill gpu attn embed=0.000s(0%) norm=0.000s(3%) qkv=0.004s(39%) rope=0.001s(5%) kvcopy=0.000s(1%) attn.swa=0.001s(8%) attn.full=0.000s(2%) oproj=0.002s(22%) post=0.002s(21%) total=0.010s]
[prefill host enc.front=0.002s(2%) wait.front=0.021s(24%) drain=0.001s(1%) route=0.000s(0%) meta=0.000s(0%) fetch=0.058s(67%) enc.moe=0.001s(1%) tail=0.000s(0%) head=0.004s(4%) other=0.000s(1%) call=0.087s | tiles=87 ahead=87 experts=399 miss=60 io=0.058s 3.6GB/s]
[prefill gpuq busy=0.032s(37%) idle=0.055s(63%) span=0.087s buffers=359]
[prefill gpu attn=0.012s(34%) shared=0.004s(12%) moe=0.015s(42%) tail=0.001s(3%) head=0.003s(10%) total=0.035s]
[prefill gpu attn embed=0.000s(0%) norm=0.000s(3%) qkv=0.005s(38%) rope=0.001s(6%) kvcopy=0.000s(1%) attn.swa=0.001s(8%) attn.full=0.000s(2%) oproj=0.002s(20%) post=0.003s(23%) total=0.012s]
[prefill host enc.front=0.002s(2%) wait.front=0.023s(27%) drain=0.001s(1%) route=0.000s(0%) meta=0.000s(0%) fetch=0.055s(64%) enc.moe=0.001s(1%) tail=0.000s(0%) head=0.004s(4%) other=0.000s(1%) call=0.086s | tiles=76 ahead=76 experts=348 miss=67 io=0.055s 4.2GB/s]
[prefill gpuq busy=0.035s(41%) idle=0.051s(59%) span=0.086s buffers=348]
[prefill gpu attn=0.010s(34%) shared=0.003s(11%) moe=0.013s(42%) tail=0.001s(2%) head=0.003s(11%) total=0.030s]
[prefill gpu attn embed=0.000s(0%) norm=0.000s(3%) qkv=0.004s(39%) rope=0.001s(5%) kvcopy=0.000s(1%) attn.swa=0.001s(8%) attn.full=0.000s(2%) oproj=0.002s(22%) post=0.002s(21%) total=0.010s]
[prefill host enc.front=0.002s(4%) wait.front=0.021s(36%) drain=0.001s(1%) route=0.000s(0%) meta=0.000s(0%) fetch=0.029s(51%) enc.moe=0.001s(1%) tail=0.000s(0%) head=0.004s(6%) other=0.000s(1%) call=0.058s | tiles=78 ahead=78 experts=364 miss=36 io=0.029s 4.2GB/s]
[prefill gpuq busy=0.030s(53%) idle=0.027s(47%) span=0.058s buffers=350]
[prefill gpu attn=0.011s(32%) shared=0.004s(11%) moe=0.015s(44%) tail=0.001s(2%) head=0.004s(12%) total=0.035s]
[prefill gpu attn embed=0.000s(0%) norm=0.000s(3%) qkv=0.004s(39%) rope=0.001s(5%) kvcopy=0.000s(1%) attn.swa=0.001s(8%) attn.full=0.000s(2%) oproj=0.002s(22%) post=0.002s(21%) total=0.011s]
[prefill host enc.front=0.002s(2%) wait.front=0.026s(27%) drain=0.000s(0%) route=0.000s(0%) meta=0.000s(0%) fetch=0.062s(65%) enc.moe=0.001s(1%) tail=0.000s(0%) head=0.004s(4%) other=0.000s(0%) call=0.096s | tiles=84 ahead=84 experts=391 miss=60 io=0.062s 3.3GB/s]
[prefill gpuq busy=0.035s(36%) idle=0.061s(64%) span=0.096s buffers=356]
[prefill gpu attn=0.011s(32%) shared=0.004s(11%) moe=0.015s(44%) tail=0.001s(2%) head=0.003s(10%) total=0.033s]
[prefill gpu attn embed=0.000s(0%) norm=0.000s(2%) qkv=0.004s(39%) rope=0.001s(5%) kvcopy=0.000s(1%) attn.swa=0.001s(8%) attn.full=0.000s(2%) oproj=0.002s(22%) post=0.002s(20%) total=0.011s]
[prefill host enc.front=0.002s(3%) wait.front=0.022s(33%) drain=0.000s(0%) route=0.000s(0%) meta=0.000s(0%) fetch=0.036s(55%) enc.moe=0.001s(1%) tail=0.000s(0%) head=0.004s(6%) other=0.000s(1%) call=0.065s | tiles=81 ahead=81 experts=406 miss=50 io=0.036s 4.8GB/s]
[prefill gpuq busy=0.033s(51%) idle=0.032s(49%) span=0.065s buffers=353]
[prefill gpu attn=0.010s(35%) shared=0.003s(12%) moe=0.011s(39%) tail=0.001s(3%) head=0.003s(12%) total=0.029s]
[prefill gpu attn embed=0.000s(0%) norm=0.000s(3%) qkv=0.004s(39%) rope=0.001s(5%) kvcopy=0.000s(1%) attn.swa=0.001s(8%) attn.full=0.000s(2%) oproj=0.002s(22%) post=0.002s(20%) total=0.010s]
[prefill host enc.front=0.002s(4%) wait.front=0.020s(40%) drain=0.000s(1%) route=0.000s(0%) meta=0.000s(0%) fetch=0.023s(46%) enc.moe=0.001s(1%) tail=0.000s(0%) head=0.004s(7%) other=0.000s(1%) call=0.050s | tiles=69 ahead=69 experts=308 miss=34 io=0.023s 5.1GB/s]
[prefill gpuq busy=0.029s(58%) idle=0.021s(42%) span=0.050s buffers=341]
[prefill gpu attn=0.010s(33%) shared=0.003s(11%) moe=0.012s(41%) tail=0.001s(2%) head=0.004s(12%) total=0.031s]
[prefill gpu attn embed=0.000s(0%) norm=0.000s(2%) qkv=0.004s(39%) rope=0.001s(5%) kvcopy=0.000s(1%) attn.swa=0.001s(8%) attn.full=0.000s(2%) oproj=0.002s(22%) post=0.002s(21%) total=0.010s]
[prefill host enc.front=0.002s(3%) wait.front=0.019s(31%) drain=0.001s(1%) route=0.000s(0%) meta=0.000s(0%) fetch=0.033s(55%) enc.moe=0.001s(1%) tail=0.000s(0%) head=0.004s(6%) other=0.000s(1%) call=0.061s | tiles=78 ahead=78 experts=343 miss=45 io=0.034s 4.6GB/s]
[prefill gpuq busy=0.031s(51%) idle=0.030s(49%) span=0.060s buffers=350]
[prefill gpu attn=0.011s(34%) shared=0.004s(11%) moe=0.013s(42%) tail=0.001s(2%) head=0.003s(11%) total=0.032s]
[prefill gpu attn embed=0.000s(0%) norm=0.000s(2%) qkv=0.004s(40%) rope=0.001s(5%) kvcopy=0.000s(1%) attn.swa=0.001s(8%) attn.full=0.000s(2%) oproj=0.002s(22%) post=0.002s(20%) total=0.011s]
[prefill host enc.front=0.002s(3%) wait.front=0.021s(32%) drain=0.000s(1%) route=0.000s(0%) meta=0.000s(0%) fetch=0.038s(57%) enc.moe=0.001s(1%) tail=0.000s(0%) head=0.004s(5%) other=0.000s(1%) call=0.066s | tiles=80 ahead=80 experts=350 miss=46 io=0.038s 4.2GB/s]
[prefill gpuq busy=0.032s(48%) idle=0.034s(52%) span=0.066s buffers=352]
[prefill gpu attn=0.010s(34%) shared=0.003s(11%) moe=0.013s(41%) tail=0.001s(2%) head=0.003s(11%) total=0.030s]
[prefill gpu attn embed=0.000s(0%) norm=0.000s(2%) qkv=0.004s(39%) rope=0.001s(5%) kvcopy=0.000s(1%) attn.swa=0.001s(8%) attn.full=0.000s(2%) oproj=0.002s(22%) post=0.002s(21%) total=0.010s]
[prefill host enc.front=0.002s(3%) wait.front=0.019s(32%) drain=0.000s(1%) route=0.000s(0%) meta=0.000s(0%) fetch=0.033s(55%) enc.moe=0.001s(1%) tail=0.000s(0%) head=0.004s(6%) other=0.000s(1%) call=0.060s | tiles=80 ahead=80 experts=342 miss=47 io=0.033s 4.9GB/s]
[prefill gpuq busy=0.030s(51%) idle=0.029s(49%) span=0.060s buffers=352]
[prefill gpu attn=0.010s(33%) shared=0.003s(11%) moe=0.013s(43%) tail=0.001s(2%) head=0.003s(11%) total=0.031s]
[prefill gpu attn embed=0.000s(0%) norm=0.000s(3%) qkv=0.004s(39%) rope=0.001s(5%) kvcopy=0.000s(1%) attn.swa=0.001s(8%) attn.full=0.000s(2%) oproj=0.002s(22%) post=0.002s(21%) total=0.010s]
[prefill host enc.front=0.002s(3%) wait.front=0.020s(33%) drain=0.001s(1%) route=0.000s(0%) meta=0.000s(0%) fetch=0.034s(55%) enc.moe=0.001s(1%) tail=0.000s(0%) head=0.004s(6%) other=0.000s(1%) call=0.062s | tiles=77 ahead=77 experts=361 miss=48 io=0.034s 4.8GB/s]
[prefill gpuq busy=0.031s(50%) idle=0.031s(50%) span=0.062s buffers=349]
[prefill gpu attn=0.011s(32%) shared=0.004s(12%) moe=0.014s(42%) tail=0.001s(2%) head=0.004s(12%) total=0.032s]
[prefill gpu attn embed=0.000s(0%) norm=0.000s(2%) qkv=0.004s(40%) rope=0.001s(5%) kvcopy=0.000s(1%) attn.swa=0.001s(8%) attn.full=0.000s(2%) oproj=0.002s(22%) post=0.002s(20%) total=0.011s]
[prefill host enc.front=0.002s(3%) wait.front=0.020s(35%) drain=0.001s(1%) route=0.000s(0%) meta=0.000s(0%) fetch=0.030s(51%) enc.moe=0.001s(1%) tail=0.000s(0%) head=0.004s(7%) other=0.000s(1%) call=0.058s | tiles=80 ahead=80 experts=354 miss=43 io=0.030s 4.9GB/s]
[prefill gpuq busy=0.032s(55%) idle=0.026s(45%) span=0.058s buffers=352]
[prefill gpu attn=0.010s(33%) shared=0.003s(11%) moe=0.014s(43%) tail=0.001s(2%) head=0.003s(11%) total=0.032s]
[prefill gpu attn embed=0.000s(0%) norm=0.000s(3%) qkv=0.004s(39%) rope=0.001s(5%) kvcopy=0.000s(1%) attn.swa=0.001s(8%) attn.full=0.000s(2%) oproj=0.002s(22%) post=0.002s(20%) total=0.010s]
[prefill host enc.front=0.002s(3%) wait.front=0.029s(38%) drain=0.001s(1%) route=0.000s(0%) meta=0.000s(0%) fetch=0.040s(51%) enc.moe=0.001s(1%) tail=0.000s(0%) head=0.004s(5%) other=0.000s(1%) call=0.077s | tiles=76 ahead=76 experts=357 miss=55 io=0.040s 4.8GB/s]
[prefill gpuq busy=0.032s(41%) idle=0.046s(59%) span=0.077s buffers=348]
[prefill gpu attn=0.010s(31%) shared=0.003s(10%) moe=0.016s(46%) tail=0.001s(2%) head=0.003s(10%) total=0.034s]
[prefill gpu attn embed=0.000s(0%) norm=0.000s(3%) qkv=0.004s(39%) rope=0.001s(5%) kvcopy=0.000s(1%) attn.swa=0.001s(8%) attn.full=0.000s(2%) oproj=0.002s(22%) post=0.002s(20%) total=0.010s]
[prefill host enc.front=0.002s(3%) wait.front=0.023s(29%) drain=0.000s(0%) route=0.000s(0%) meta=0.000s(0%) fetch=0.047s(60%) enc.moe=0.001s(1%) tail=0.000s(0%) head=0.004s(5%) other=0.001s(1%) call=0.078s | tiles=85 ahead=85 experts=409 miss=68 io=0.047s 5.0GB/s]
[prefill gpuq busy=0.034s(43%) idle=0.044s(57%) span=0.078s buffers=357]
[prefill gpu attn=0.010s(32%) shared=0.003s(11%) moe=0.014s(43%) tail=0.001s(2%) head=0.004s(11%) total=0.032s]
[prefill gpu attn embed=0.000s(0%) norm=0.000s(2%) qkv=0.004s(39%) rope=0.001s(5%) kvcopy=0.000s(1%) attn.swa=0.001s(8%) attn.full=0.000s(2%) oproj=0.002s(22%) post=0.002s(21%) total=0.010s]
[prefill host enc.front=0.002s(4%) wait.front=0.019s(33%) drain=0.000s(1%) route=0.000s(0%) meta=0.000s(0%) fetch=0.030s(53%) enc.moe=0.001s(1%) tail=0.000s(0%) head=0.004s(7%) other=0.000s(1%) call=0.056s | tiles=85 ahead=85 experts=370 miss=47 io=0.030s 5.5GB/s]
[prefill gpuq busy=0.032s(57%) idle=0.024s(43%) span=0.056s buffers=357]
[prefill gpu attn=0.010s(32%) shared=0.003s(11%) moe=0.015s(45%) tail=0.001s(2%) head=0.003s(10%) total=0.032s]
[prefill gpu attn embed=0.000s(0%) norm=0.000s(3%) qkv=0.004s(39%) rope=0.001s(5%) kvcopy=0.000s(1%) attn.swa=0.001s(9%) attn.full=0.000s(2%) oproj=0.002s(22%) post=0.002s(20%) total=0.010s]
[prefill host enc.front=0.002s(5%) wait.front=0.025s(51%) drain=0.001s(1%) route=0.000s(0%) meta=0.000s(0%) fetch=0.016s(33%) enc.moe=0.001s(1%) tail=0.000s(0%) head=0.004s(7%) other=0.000s(1%) call=0.048s | tiles=74 ahead=74 experts=420 miss=27 io=0.016s 6.0GB/s]
[prefill gpuq busy=0.032s(68%) idle=0.015s(32%) span=0.047s buffers=346]
[prefill gpu attn=0.010s(31%) shared=0.003s(10%) moe=0.016s(47%) tail=0.001s(2%) head=0.003s(10%) total=0.033s]
[prefill gpu attn embed=0.000s(0%) norm=0.000s(2%) qkv=0.004s(39%) rope=0.001s(5%) kvcopy=0.000s(1%) attn.swa=0.001s(9%) attn.full=0.000s(2%) oproj=0.002s(22%) post=0.002s(21%) total=0.010s]
[prefill host enc.front=0.002s(3%) wait.front=0.020s(33%) drain=0.001s(1%) route=0.000s(0%) meta=0.000s(0%) fetch=0.033s(54%) enc.moe=0.001s(1%) tail=0.000s(0%) head=0.004s(6%) other=0.000s(1%) call=0.061s | tiles=84 ahead=84 experts=433 miss=50 io=0.033s 5.2GB/s]
[prefill gpuq busy=0.033s(54%) idle=0.028s(46%) span=0.061s buffers=356]
[prefill gpu attn=0.010s(33%) shared=0.003s(11%) moe=0.013s(42%) tail=0.001s(2%) head=0.003s(11%) total=0.031s]
[prefill gpu attn embed=0.000s(0%) norm=0.000s(3%) qkv=0.004s(39%) rope=0.001s(5%) kvcopy=0.000s(1%) attn.swa=0.001s(9%) attn.full=0.000s(2%) oproj=0.002s(22%) post=0.002s(20%) total=0.010s]
[prefill host enc.front=0.002s(3%) wait.front=0.022s(34%) drain=0.001s(1%) route=0.000s(0%) meta=0.000s(0%) fetch=0.036s(54%) enc.moe=0.001s(1%) tail=0.000s(0%) head=0.004s(5%) other=0.000s(1%) call=0.066s | tiles=73 ahead=73 experts=353 miss=63 io=0.042s 5.2GB/s]
[prefill gpuq busy=0.031s(47%) idle=0.035s(53%) span=0.066s buffers=345]
[prefill gpu attn=0.010s(32%) shared=0.003s(11%) moe=0.014s(44%) tail=0.001s(2%) head=0.003s(11%) total=0.032s]
[prefill gpu attn embed=0.000s(0%) norm=0.000s(3%) qkv=0.004s(39%) rope=0.001s(5%) kvcopy=0.000s(1%) attn.swa=0.001s(9%) attn.full=0.000s(2%) oproj=0.002s(22%) post=0.002s(21%) total=0.010s]
[prefill host enc.front=0.002s(5%) wait.front=0.021s(52%) drain=0.000s(1%) route=0.000s(0%) meta=0.000s(0%) fetch=0.012s(30%) enc.moe=0.001s(1%) tail=0.000s(0%) head=0.004s(9%) other=0.000s(1%) call=0.040s | tiles=74 ahead=74 experts=407 miss=24 io=0.012s 7.0GB/s]
[prefill gpuq busy=0.032s(80%) idle=0.008s(20%) span=0.040s buffers=346]
[prefill gpu attn=0.010s(33%) shared=0.003s(11%) moe=0.014s(43%) tail=0.001s(2%) head=0.003s(11%) total=0.032s]
[prefill gpu attn embed=0.000s(0%) norm=0.000s(3%) qkv=0.004s(39%) rope=0.001s(5%) kvcopy=0.000s(1%) attn.swa=0.001s(9%) attn.full=0.000s(2%) oproj=0.002s(22%) post=0.002s(20%) total=0.010s]
[prefill host enc.front=0.002s(4%) wait.front=0.021s(45%) drain=0.001s(2%) route=0.000s(0%) meta=0.000s(0%) fetch=0.018s(38%) enc.moe=0.001s(1%) tail=0.000s(0%) head=0.004s(8%) other=0.000s(1%) call=0.047s | tiles=73 ahead=73 experts=387 miss=29 io=0.018s 5.6GB/s]
[prefill gpuq busy=0.032s(67%) idle=0.015s(33%) span=0.047s buffers=345]
[prefill gpu attn=0.010s(32%) shared=0.003s(11%) moe=0.014s(44%) tail=0.001s(2%) head=0.004s(11%) total=0.032s]
[prefill gpu attn embed=0.000s(0%) norm=0.000s(3%) qkv=0.004s(39%) rope=0.001s(5%) kvcopy=0.000s(1%) attn.swa=0.001s(9%) attn.full=0.000s(2%) oproj=0.002s(22%) post=0.002s(20%) total=0.010s]
[prefill host enc.front=0.002s(5%) wait.front=0.020s(43%) drain=0.000s(1%) route=0.000s(0%) meta=0.000s(0%) fetch=0.018s(40%) enc.moe=0.001s(1%) tail=0.000s(0%) head=0.004s(8%) other=0.000s(1%) call=0.046s | tiles=79 ahead=79 experts=383 miss=39 io=0.018s 7.3GB/s]
[prefill gpuq busy=0.032s(69%) idle=0.014s(31%) span=0.046s buffers=351]
[prefill gpu attn=0.010s(34%) shared=0.003s(11%) moe=0.013s(42%) tail=0.001s(2%) head=0.003s(11%) total=0.030s]
[prefill gpu attn embed=0.000s(0%) norm=0.000s(3%) qkv=0.004s(39%) rope=0.001s(5%) kvcopy=0.000s(1%) attn.swa=0.001s(9%) attn.full=0.000s(2%) oproj=0.002s(22%) post=0.002s(20%) total=0.010s]
[prefill host enc.front=0.002s(5%) wait.front=0.020s(51%) drain=0.000s(1%) route=0.000s(0%) meta=0.000s(0%) fetch=0.012s(30%) enc.moe=0.001s(1%) tail=0.000s(0%) head=0.004s(9%) other=0.000s(1%) call=0.040s | tiles=75 ahead=75 experts=365 miss=22 io=0.012s 6.3GB/s]
[prefill gpuq busy=0.030s(77%) idle=0.009s(23%) span=0.039s buffers=347]
[prefill gpu attn=0.010s(32%) shared=0.003s(11%) moe=0.014s(44%) tail=0.001s(2%) head=0.003s(10%) total=0.032s]
[prefill gpu attn embed=0.000s(0%) norm=0.000s(2%) qkv=0.004s(39%) rope=0.001s(5%) kvcopy=0.000s(1%) attn.swa=0.001s(9%) attn.full=0.000s(2%) oproj=0.002s(22%) post=0.002s(20%) total=0.010s]
[prefill host enc.front=0.002s(5%) wait.front=0.020s(44%) drain=0.000s(1%) route=0.000s(0%) meta=0.000s(0%) fetch=0.018s(40%) enc.moe=0.001s(2%) tail=0.000s(0%) head=0.004s(8%) other=0.000s(1%) call=0.046s | tiles=79 ahead=79 experts=369 miss=49 io=0.018s 9.2GB/s]
[prefill gpuq busy=0.032s(70%) idle=0.014s(30%) span=0.046s buffers=351]
[prefill gpu attn=0.010s(33%) shared=0.003s(11%) moe=0.013s(42%) tail=0.001s(2%) head=0.003s(11%) total=0.031s]
[prefill gpu attn embed=0.000s(0%) norm=0.000s(3%) qkv=0.004s(39%) rope=0.001s(5%) kvcopy=0.000s(1%) attn.swa=0.001s(9%) attn.full=0.000s(2%) oproj=0.002s(22%) post=0.002s(20%) total=0.010s]
[prefill host enc.front=0.002s(4%) wait.front=0.021s(48%) drain=0.000s(1%) route=0.000s(0%) meta=0.000s(0%) fetch=0.016s(36%) enc.moe=0.001s(1%) tail=0.000s(0%) head=0.004s(8%) other=0.000s(1%) call=0.044s | tiles=72 ahead=72 experts=376 miss=26 io=0.016s 5.7GB/s]
[prefill gpuq busy=0.031s(70%) idle=0.013s(30%) span=0.044s buffers=344]
[prefill gpu attn=0.010s(31%) shared=0.004s(11%) moe=0.015s(46%) tail=0.001s(2%) head=0.003s(10%) total=0.033s]
[prefill gpu attn embed=0.000s(0%) norm=0.000s(2%) qkv=0.004s(39%) rope=0.000s(5%) kvcopy=0.000s(1%) attn.swa=0.001s(9%) attn.full=0.000s(2%) oproj=0.002s(22%) post=0.002s(20%) total=0.010s]
[prefill host enc.front=0.002s(4%) wait.front=0.019s(37%) drain=0.000s(1%) route=0.000s(0%) meta=0.000s(0%) fetch=0.025s(48%) enc.moe=0.001s(2%) tail=0.000s(0%) head=0.004s(7%) other=0.001s(1%) call=0.052s | tiles=81 ahead=81 experts=393 miss=53 io=0.025s 7.3GB/s]
[prefill gpuq busy=0.033s(63%) idle=0.019s(37%) span=0.052s buffers=353]
[prefill gpu attn=0.010s(30%) shared=0.003s(10%) moe=0.016s(47%) tail=0.001s(2%) head=0.003s(10%) total=0.034s]
[prefill gpu attn embed=0.000s(0%) norm=0.000s(2%) qkv=0.004s(39%) rope=0.001s(5%) kvcopy=0.000s(1%) attn.swa=0.001s(9%) attn.full=0.000s(2%) oproj=0.002s(22%) post=0.002s(20%) total=0.010s]
[prefill host enc.front=0.002s(4%) wait.front=0.021s(35%) drain=0.000s(1%) route=0.000s(0%) meta=0.000s(0%) fetch=0.030s(51%) enc.moe=0.001s(1%) tail=0.000s(0%) head=0.004s(6%) other=0.000s(1%) call=0.058s | tiles=83 ahead=83 experts=444 miss=54 io=0.030s 6.2GB/s]
[prefill gpuq busy=0.034s(58%) idle=0.024s(42%) span=0.058s buffers=355]
[prefill gpu attn=0.010s(33%) shared=0.003s(11%) moe=0.014s(44%) tail=0.001s(2%) head=0.003s(11%) total=0.032s]
[prefill gpu attn embed=0.000s(0%) norm=0.000s(3%) qkv=0.004s(38%) rope=0.001s(5%) kvcopy=0.000s(1%) attn.swa=0.001s(9%) attn.full=0.000s(2%) oproj=0.002s(22%) post=0.002s(21%) total=0.010s]
[prefill host enc.front=0.002s(5%) wait.front=0.022s(48%) drain=0.000s(1%) route=0.000s(0%) meta=0.000s(0%) fetch=0.017s(36%) enc.moe=0.001s(1%) tail=0.000s(0%) head=0.004s(8%) other=0.000s(1%) call=0.046s | tiles=78 ahead=78 experts=387 miss=35 io=0.017s 7.3GB/s]
[prefill gpuq busy=0.032s(70%) idle=0.014s(30%) span=0.046s buffers=350]
[prefill gpu attn=0.010s(32%) shared=0.003s(11%) moe=0.014s(44%) tail=0.001s(2%) head=0.003s(11%) total=0.032s]
[prefill gpu attn embed=0.000s(0%) norm=0.000s(3%) qkv=0.004s(39%) rope=0.001s(5%) kvcopy=0.000s(1%) attn.swa=0.001s(9%) attn.full=0.000s(2%) oproj=0.002s(22%) post=0.002s(21%) total=0.010s]
[prefill host enc.front=0.002s(5%) wait.front=0.019s(44%) drain=0.000s(1%) route=0.000s(0%) meta=0.000s(0%) fetch=0.018s(40%) enc.moe=0.001s(1%) tail=0.000s(0%) head=0.004s(8%) other=0.000s(1%) call=0.044s | tiles=77 ahead=77 experts=391 miss=32 io=0.018s 6.3GB/s]
[prefill gpuq busy=0.032s(72%) idle=0.012s(28%) span=0.044s buffers=349]
[prefill gpu attn=0.010s(33%) shared=0.003s(11%) moe=0.014s(44%) tail=0.001s(2%) head=0.003s(11%) total=0.032s]
[prefill gpu attn embed=0.000s(0%) norm=0.000s(3%) qkv=0.004s(39%) rope=0.001s(5%) kvcopy=0.000s(1%) attn.swa=0.001s(9%) attn.full=0.000s(2%) oproj=0.002s(22%) post=0.002s(20%) total=0.010s]
[prefill host enc.front=0.002s(4%) wait.front=0.021s(43%) drain=0.001s(1%) route=0.000s(0%) meta=0.000s(0%) fetch=0.020s(42%) enc.moe=0.001s(1%) tail=0.000s(0%) head=0.004s(7%) other=0.000s(1%) call=0.049s | tiles=75 ahead=75 experts=383 miss=41 io=0.021s 6.9GB/s]
[prefill gpuq busy=0.032s(65%) idle=0.017s(35%) span=0.049s buffers=347]
[prefill gpu attn=0.010s(33%) shared=0.003s(11%) moe=0.014s(43%) tail=0.001s(2%) head=0.003s(11%) total=0.031s]
[prefill gpu attn embed=0.000s(0%) norm=0.000s(3%) qkv=0.004s(39%) rope=0.001s(5%) kvcopy=0.000s(1%) attn.swa=0.001s(9%) attn.full=0.000s(2%) oproj=0.002s(22%) post=0.002s(20%) total=0.010s]
[prefill host enc.front=0.002s(4%) wait.front=0.021s(42%) drain=0.000s(1%) route=0.000s(0%) meta=0.000s(0%) fetch=0.021s(43%) enc.moe=0.001s(1%) tail=0.000s(0%) head=0.004s(7%) other=0.000s(1%) call=0.049s | tiles=78 ahead=78 experts=378 miss=38 io=0.021s 6.2GB/s]
[prefill gpuq busy=0.031s(64%) idle=0.018s(36%) span=0.049s buffers=350]
[prefill gpu attn=0.010s(33%) shared=0.003s(11%) moe=0.014s(43%) tail=0.001s(2%) head=0.003s(11%) total=0.032s]
[prefill gpu attn embed=0.000s(0%) norm=0.000s(2%) qkv=0.004s(38%) rope=0.001s(5%) kvcopy=0.000s(1%) attn.swa=0.001s(9%) attn.full=0.000s(2%) oproj=0.002s(22%) post=0.002s(21%) total=0.010s]
[prefill host enc.front=0.002s(3%) wait.front=0.020s(31%) drain=0.000s(1%) route=0.000s(0%) meta=0.000s(0%) fetch=0.036s(57%) enc.moe=0.001s(1%) tail=0.000s(0%) head=0.004s(6%) other=0.000s(1%) call=0.064s | tiles=82 ahead=82 experts=365 miss=60 io=0.036s 5.7GB/s]
[prefill gpuq busy=0.032s(50%) idle=0.032s(50%) span=0.063s buffers=354]
[prefill gpu attn=0.010s(34%) shared=0.003s(11%) moe=0.012s(41%) tail=0.001s(2%) head=0.003s(11%) total=0.030s]
[prefill gpu attn embed=0.000s(0%) norm=0.000s(2%) qkv=0.004s(39%) rope=0.001s(5%) kvcopy=0.000s(1%) attn.swa=0.001s(9%) attn.full=0.000s(2%) oproj=0.002s(22%) post=0.002s(21%) total=0.010s]
[prefill host enc.front=0.002s(4%) wait.front=0.019s(37%) drain=0.000s(1%) route=0.000s(0%) meta=0.000s(0%) fetch=0.024s(48%) enc.moe=0.001s(1%) tail=0.000s(0%) head=0.004s(7%) other=0.000s(1%) call=0.050s | tiles=74 ahead=74 experts=332 miss=43 io=0.024s 6.2GB/s]
[prefill gpuq busy=0.030s(60%) idle=0.020s(40%) span=0.050s buffers=346]
[prefill gpu attn=0.010s(33%) shared=0.003s(11%) moe=0.013s(42%) tail=0.001s(2%) head=0.003s(11%) total=0.031s]
[prefill gpu attn embed=0.000s(0%) norm=0.000s(3%) qkv=0.004s(39%) rope=0.001s(5%) kvcopy=0.000s(1%) attn.swa=0.001s(9%) attn.full=0.000s(2%) oproj=0.002s(22%) post=0.002s(21%) total=0.010s]
[prefill host enc.front=0.002s(5%) wait.front=0.020s(51%) drain=0.000s(1%) route=0.000s(0%) meta=0.000s(0%) fetch=0.012s(30%) enc.moe=0.001s(1%) tail=0.000s(0%) head=0.004s(9%) other=0.000s(1%) call=0.039s | tiles=73 ahead=73 experts=367 miss=22 io=0.012s 6.3GB/s]
[prefill gpuq busy=0.031s(78%) idle=0.008s(22%) span=0.039s buffers=345]
[prefill gpu attn=0.010s(31%) shared=0.003s(10%) moe=0.015s(46%) tail=0.001s(2%) head=0.003s(10%) total=0.033s]
[prefill gpu attn embed=0.000s(0%) norm=0.000s(2%) qkv=0.004s(39%) rope=0.001s(5%) kvcopy=0.000s(1%) attn.swa=0.001s(9%) attn.full=0.000s(2%) oproj=0.002s(22%) post=0.002s(20%) total=0.010s]
[prefill host enc.front=0.002s(5%) wait.front=0.020s(43%) drain=0.000s(1%) route=0.000s(0%) meta=0.000s(0%) fetch=0.019s(40%) enc.moe=0.001s(2%) tail=0.000s(0%) head=0.004s(8%) other=0.000s(1%) call=0.046s | tiles=79 ahead=79 experts=396 miss=54 io=0.019s 10.0GB/s]
[prefill gpuq busy=0.033s(72%) idle=0.013s(28%) span=0.046s buffers=351]
[prefill gpu attn=0.011s(34%) shared=0.004s(11%) moe=0.013s(42%) tail=0.001s(2%) head=0.003s(11%) total=0.032s]
[prefill gpu attn embed=0.000s(0%) norm=0.000s(2%) qkv=0.004s(39%) rope=0.001s(5%) kvcopy=0.000s(1%) attn.swa=0.001s(9%) attn.full=0.000s(2%) oproj=0.002s(22%) post=0.002s(20%) total=0.011s]
[prefill host enc.front=0.002s(4%) wait.front=0.024s(49%) drain=0.001s(1%) route=0.000s(0%) meta=0.000s(0%) fetch=0.017s(35%) enc.moe=0.001s(1%) tail=0.000s(0%) head=0.004s(7%) other=0.000s(1%) call=0.049s | tiles=74 ahead=74 experts=366 miss=23 io=0.017s 4.7GB/s]
[prefill gpuq busy=0.031s(65%) idle=0.017s(35%) span=0.049s buffers=346]
[prefill gpu attn=0.010s(31%) shared=0.004s(10%) moe=0.016s(46%) tail=0.001s(2%) head=0.003s(10%) total=0.034s]
[prefill gpu attn embed=0.000s(0%) norm=0.000s(2%) qkv=0.004s(39%) rope=0.001s(5%) kvcopy=0.000s(1%) attn.swa=0.001s(9%) attn.full=0.000s(2%) oproj=0.002s(22%) post=0.002s(20%) total=0.010s]
[prefill host enc.front=0.002s(4%) wait.front=0.020s(36%) drain=0.000s(1%) route=0.000s(0%) meta=0.000s(0%) fetch=0.027s(50%) enc.moe=0.001s(1%) tail=0.000s(0%) head=0.004s(7%) other=0.000s(1%) call=0.055s | tiles=82 ahead=82 experts=409 miss=51 io=0.028s 6.4GB/s]
[prefill gpuq busy=0.034s(62%) idle=0.021s(38%) span=0.055s buffers=354]
[prefill gpu attn=0.010s(31%) shared=0.003s(10%) moe=0.016s(47%) tail=0.001s(2%) head=0.003s(10%) total=0.034s]
[prefill gpu attn embed=0.000s(0%) norm=0.000s(3%) qkv=0.004s(39%) rope=0.001s(5%) kvcopy=0.000s(1%) attn.swa=0.001s(9%) attn.full=0.000s(2%) oproj=0.002s(22%) post=0.002s(20%) total=0.010s]
[prefill host enc.front=0.002s(5%) wait.front=0.020s(42%) drain=0.000s(1%) route=0.000s(1%) meta=0.000s(0%) fetch=0.021s(42%) enc.moe=0.001s(2%) tail=0.000s(0%) head=0.004s(7%) other=0.000s(1%) call=0.049s | tiles=77 ahead=77 experts=435 miss=53 io=0.021s 8.9GB/s]
[prefill gpuq busy=0.034s(69%) idle=0.015s(31%) span=0.049s buffers=349]
[prefill gpu attn=0.010s(32%) shared=0.003s(10%) moe=0.015s(45%) tail=0.001s(2%) head=0.003s(10%) total=0.033s]
[prefill gpu attn embed=0.000s(0%) norm=0.000s(3%) qkv=0.004s(39%) rope=0.001s(5%) kvcopy=0.000s(1%) attn.swa=0.001s(9%) attn.full=0.000s(2%) oproj=0.002s(21%) post=0.002s(21%) total=0.010s]
[prefill host enc.front=0.002s(5%) wait.front=0.020s(45%) drain=0.001s(1%) route=0.000s(0%) meta=0.000s(0%) fetch=0.017s(38%) enc.moe=0.001s(2%) tail=0.000s(0%) head=0.004s(8%) other=0.000s(1%) call=0.044s | tiles=78 ahead=78 experts=405 miss=41 io=0.017s 8.5GB/s]
[prefill gpuq busy=0.033s(75%) idle=0.011s(25%) span=0.044s buffers=350]
[prefill gpu attn=0.010s(33%) shared=0.003s(11%) moe=0.013s(43%) tail=0.001s(2%) head=0.003s(11%) total=0.031s]
[prefill gpu attn embed=0.000s(0%) norm=0.000s(3%) qkv=0.004s(39%) rope=0.001s(5%) kvcopy=0.000s(1%) attn.swa=0.001s(9%) attn.full=0.000s(2%) oproj=0.002s(22%) post=0.002s(20%) total=0.010s]
[prefill host enc.front=0.002s(5%) wait.front=0.022s(55%) drain=0.000s(1%) route=0.000s(0%) meta=0.000s(0%) fetch=0.011s(27%) enc.moe=0.001s(2%) tail=0.000s(0%) head=0.004s(9%) other=0.000s(1%) call=0.040s | tiles=71 ahead=71 experts=381 miss=27 io=0.011s 8.7GB/s]
[prefill gpuq busy=0.031s(79%) idle=0.008s(21%) span=0.040s buffers=343]
[prefill gpu attn=0.011s(34%) shared=0.003s(11%) moe=0.013s(42%) tail=0.001s(2%) head=0.003s(11%) total=0.031s]
[prefill gpu attn embed=0.000s(0%) norm=0.000s(2%) qkv=0.004s(39%) rope=0.001s(5%) kvcopy=0.000s(1%) attn.swa=0.001s(9%) attn.full=0.000s(2%) oproj=0.002s(22%) post=0.002s(20%) total=0.011s]
[prefill host enc.front=0.002s(4%) wait.front=0.019s(42%) drain=0.000s(1%) route=0.000s(0%) meta=0.000s(0%) fetch=0.019s(42%) enc.moe=0.001s(1%) tail=0.000s(0%) head=0.004s(8%) other=0.000s(1%) call=0.046s | tiles=77 ahead=77 experts=359 miss=31 io=0.019s 5.6GB/s]
[prefill gpuq busy=0.031s(69%) idle=0.014s(31%) span=0.046s buffers=349]
[prefill gpu attn=0.010s(34%) shared=0.004s(11%) moe=0.013s(42%) tail=0.001s(2%) head=0.003s(11%) total=0.031s]
[prefill gpu attn embed=0.000s(0%) norm=0.000s(2%) qkv=0.004s(39%) rope=0.000s(4%) kvcopy=0.000s(1%) attn.swa=0.001s(9%) attn.full=0.000s(2%) oproj=0.002s(22%) post=0.002s(20%) total=0.010s]
[prefill host enc.front=0.002s(5%) wait.front=0.020s(50%) drain=0.000s(1%) route=0.000s(1%) meta=0.000s(0%) fetch=0.013s(31%) enc.moe=0.001s(2%) tail=0.000s(0%) head=0.004s(9%) other=0.000s(1%) call=0.040s | tiles=77 ahead=77 experts=346 miss=35 io=0.013s 9.6GB/s]
[prefill gpuq busy=0.031s(78%) idle=0.009s(22%) span=0.040s buffers=349]
[prefill gpu attn=0.010s(33%) shared=0.003s(11%) moe=0.014s(43%) tail=0.001s(2%) head=0.003s(11%) total=0.032s]
[prefill gpu attn embed=0.000s(0%) norm=0.000s(3%) qkv=0.004s(38%) rope=0.001s(5%) kvcopy=0.000s(1%) attn.swa=0.001s(9%) attn.full=0.000s(2%) oproj=0.002s(22%) post=0.002s(21%) total=0.010s]
[prefill host enc.front=0.002s(5%) wait.front=0.019s(42%) drain=0.000s(1%) route=0.000s(0%) meta=0.000s(0%) fetch=0.019s(42%) enc.moe=0.001s(2%) tail=0.000s(0%) head=0.004s(8%) other=0.000s(1%) call=0.045s | tiles=82 ahead=82 experts=374 miss=38 io=0.019s 6.9GB/s]
[prefill gpuq busy=0.032s(71%) idle=0.013s(29%) span=0.045s buffers=354]
[prefill gpu attn=0.010s(34%) shared=0.003s(11%) moe=0.013s(41%) tail=0.001s(3%) head=0.003s(11%) total=0.030s]
[prefill gpu attn embed=0.000s(0%) norm=0.000s(3%) qkv=0.004s(39%) rope=0.001s(5%) kvcopy=0.000s(1%) attn.swa=0.001s(9%) attn.full=0.000s(2%) oproj=0.002s(22%) post=0.002s(20%) total=0.010s]
[prefill host enc.front=0.002s(4%) wait.front=0.019s(34%) drain=0.000s(1%) route=0.000s(0%) meta=0.000s(0%) fetch=0.029s(53%) enc.moe=0.001s(1%) tail=0.000s(0%) head=0.004s(7%) other=0.000s(1%) call=0.055s | tiles=76 ahead=76 experts=328 miss=50 io=0.029s 6.0GB/s]
[prefill gpuq busy=0.030s(55%) idle=0.024s(45%) span=0.055s buffers=348]
[prefill gpu attn=0.011s(33%) shared=0.003s(11%) moe=0.014s(43%) tail=0.001s(2%) head=0.003s(10%) total=0.032s]
[prefill gpu attn embed=0.000s(0%) norm=0.000s(3%) qkv=0.004s(39%) rope=0.001s(5%) kvcopy=0.000s(1%) attn.swa=0.001s(9%) attn.full=0.000s(2%) oproj=0.002s(22%) post=0.002s(20%) total=0.011s]
[prefill host enc.front=0.002s(4%) wait.front=0.024s(49%) drain=0.000s(1%) route=0.000s(0%) meta=0.000s(0%) fetch=0.018s(37%) enc.moe=0.001s(1%) tail=0.000s(0%) head=0.004s(7%) other=0.000s(1%) call=0.050s | tiles=72 ahead=72 experts=388 miss=32 io=0.018s 6.0GB/s]
[prefill gpuq busy=0.032s(64%) idle=0.018s(36%) span=0.050s buffers=344]
[prefill gpu attn=0.010s(34%) shared=0.003s(11%) moe=0.013s(42%) tail=0.001s(2%) head=0.003s(11%) total=0.031s]
[prefill gpu attn embed=0.000s(0%) norm=0.000s(3%) qkv=0.004s(38%) rope=0.001s(5%) kvcopy=0.000s(1%) attn.swa=0.001s(9%) attn.full=0.000s(2%) oproj=0.002s(22%) post=0.002s(21%) total=0.010s]
[prefill host enc.front=0.002s(5%) wait.front=0.020s(46%) drain=0.000s(1%) route=0.000s(0%) meta=0.000s(0%) fetch=0.016s(36%) enc.moe=0.001s(2%) tail=0.000s(0%) head=0.004s(8%) other=0.000s(1%) call=0.043s | tiles=78 ahead=78 experts=353 miss=33 io=0.016s 7.2GB/s]
[prefill gpuq busy=0.031s(72%) idle=0.012s(28%) span=0.043s buffers=350]
[prefill gpu attn=0.010s(34%) shared=0.003s(11%) moe=0.013s(42%) tail=0.001s(2%) head=0.003s(11%) total=0.031s]
[prefill gpu attn embed=0.000s(0%) norm=0.000s(3%) qkv=0.004s(38%) rope=0.001s(5%) kvcopy=0.000s(1%) attn.swa=0.001s(9%) attn.full=0.000s(2%) oproj=0.002s(22%) post=0.002s(20%) total=0.010s]
[prefill host enc.front=0.002s(5%) wait.front=0.024s(53%) drain=0.000s(1%) route=0.000s(0%) meta=0.000s(0%) fetch=0.014s(31%) enc.moe=0.001s(1%) tail=0.000s(0%) head=0.004s(8%) other=0.000s(1%) call=0.045s | tiles=73 ahead=73 experts=362 miss=27 io=0.014s 6.6GB/s]
[prefill gpuq busy=0.031s(67%) idle=0.015s(33%) span=0.045s buffers=345]
[prefill gpu attn=0.010s(32%) shared=0.003s(10%) moe=0.015s(45%) tail=0.001s(2%) head=0.003s(10%) total=0.033s]
[prefill gpu attn embed=0.000s(0%) norm=0.000s(3%) qkv=0.004s(38%) rope=0.001s(5%) kvcopy=0.000s(1%) attn.swa=0.001s(9%) attn.full=0.000s(2%) oproj=0.002s(21%) post=0.002s(20%) total=0.010s]
[prefill host enc.front=0.002s(5%) wait.front=0.022s(47%) drain=0.001s(1%) route=0.000s(0%) meta=0.000s(0%) fetch=0.017s(37%) enc.moe=0.001s(1%) tail=0.000s(0%) head=0.004s(8%) other=0.000s(1%) call=0.046s | tiles=76 ahead=76 experts=427 miss=32 io=0.017s 6.5GB/s]
[prefill gpuq busy=0.033s(71%) idle=0.013s(29%) span=0.046s buffers=348]
[prefill gpu attn=0.011s(33%) shared=0.003s(11%) moe=0.014s(44%) tail=0.001s(2%) head=0.003s(11%) total=0.032s]
[prefill gpu attn embed=0.000s(0%) norm=0.000s(3%) qkv=0.004s(38%) rope=0.001s(5%) kvcopy=0.000s(1%) attn.swa=0.001s(10%) attn.full=0.000s(2%) oproj=0.002s(22%) post=0.002s(21%) total=0.011s]
[prefill host enc.front=0.002s(3%) wait.front=0.027s(35%) drain=0.000s(1%) route=0.000s(0%) meta=0.000s(0%) fetch=0.042s(54%) enc.moe=0.001s(1%) tail=0.000s(0%) head=0.004s(5%) other=0.000s(1%) call=0.077s | tiles=78 ahead=78 experts=359 miss=62 io=0.043s 5.0GB/s]
[prefill gpuq busy=0.032s(42%) idle=0.044s(58%) span=0.076s buffers=350]
[prefill gpu attn=0.010s(32%) shared=0.003s(10%) moe=0.015s(46%) tail=0.001s(2%) head=0.003s(10%) total=0.033s]
[prefill gpu attn embed=0.000s(0%) norm=0.000s(2%) qkv=0.004s(39%) rope=0.001s(5%) kvcopy=0.000s(1%) attn.swa=0.001s(9%) attn.full=0.000s(2%) oproj=0.002s(22%) post=0.002s(20%) total=0.010s]
[prefill host enc.front=0.002s(4%) wait.front=0.019s(38%) drain=0.001s(1%) route=0.000s(0%) meta=0.000s(0%) fetch=0.023s(46%) enc.moe=0.001s(1%) tail=0.000s(0%) head=0.004s(7%) other=0.000s(1%) call=0.051s | tiles=82 ahead=82 experts=394 miss=48 io=0.024s 7.1GB/s]
[prefill gpuq busy=0.033s(65%) idle=0.018s(35%) span=0.051s buffers=354]
[prefill gpu attn=0.010s(33%) shared=0.004s(11%) moe=0.014s(43%) tail=0.001s(2%) head=0.003s(11%) total=0.032s]
[prefill gpu attn embed=0.000s(0%) norm=0.000s(2%) qkv=0.004s(38%) rope=0.001s(5%) kvcopy=0.000s(1%) attn.swa=0.001s(9%) attn.full=0.000s(2%) oproj=0.002s(22%) post=0.002s(20%) total=0.010s]
[prefill host enc.front=0.002s(4%) wait.front=0.019s(34%) drain=0.000s(1%) route=0.000s(0%) meta=0.000s(0%) fetch=0.028s(52%) enc.moe=0.001s(1%) tail=0.000s(0%) head=0.004s(7%) other=0.000s(1%) call=0.055s | tiles=79 ahead=79 experts=349 miss=59 io=0.028s 7.2GB/s]
[prefill gpuq busy=0.032s(58%) idle=0.023s(42%) span=0.054s buffers=351]
[prefill gpu attn=0.010s(32%) shared=0.003s(10%) moe=0.015s(45%) tail=0.001s(2%) head=0.004s(11%) total=0.033s]
[prefill gpu attn embed=0.000s(0%) norm=0.000s(3%) qkv=0.004s(38%) rope=0.001s(5%) kvcopy=0.000s(1%) attn.swa=0.001s(9%) attn.full=0.000s(2%) oproj=0.002s(22%) post=0.002s(20%) total=0.010s]
[prefill host enc.front=0.002s(4%) wait.front=0.023s(43%) drain=0.000s(1%) route=0.000s(0%) meta=0.000s(0%) fetch=0.023s(43%) enc.moe=0.001s(1%) tail=0.000s(0%) head=0.004s(7%) other=0.000s(1%) call=0.053s | tiles=78 ahead=78 experts=429 miss=41 io=0.023s 6.2GB/s]
[prefill gpuq busy=0.033s(62%) idle=0.020s(38%) span=0.053s buffers=350]
[prefill gpu attn=0.010s(33%) shared=0.004s(11%) moe=0.013s(42%) tail=0.001s(2%) head=0.003s(11%) total=0.031s]
[prefill gpu attn embed=0.000s(0%) norm=0.000s(3%) qkv=0.004s(39%) rope=0.001s(5%) kvcopy=0.000s(1%) attn.swa=0.001s(9%) attn.full=0.000s(2%) oproj=0.002s(21%) post=0.002s(20%) total=0.010s]
[prefill host enc.front=0.002s(5%) wait.front=0.022s(56%) drain=0.000s(1%) route=0.000s(0%) meta=0.000s(0%) fetch=0.010s(26%) enc.moe=0.001s(1%) tail=0.000s(0%) head=0.004s(9%) other=0.000s(1%) call=0.039s | tiles=73 ahead=73 experts=379 miss=19 io=0.010s 6.5GB/s]
[prefill gpuq busy=0.031s(80%) idle=0.008s(20%) span=0.039s buffers=345]
[prefill gpu attn=0.010s(33%) shared=0.003s(11%) moe=0.013s(43%) tail=0.001s(2%) head=0.003s(11%) total=0.031s]
[prefill gpu attn embed=0.000s(0%) norm=0.000s(3%) qkv=0.004s(38%) rope=0.001s(5%) kvcopy=0.000s(1%) attn.swa=0.001s(10%) attn.full=0.000s(2%) oproj=0.002s(22%) post=0.002s(20%) total=0.010s]
[prefill host enc.front=0.002s(4%) wait.front=0.021s(35%) drain=0.001s(1%) route=0.000s(0%) meta=0.000s(0%) fetch=0.030s(52%) enc.moe=0.001s(1%) tail=0.000s(0%) head=0.004s(6%) other=0.000s(1%) call=0.059s | tiles=75 ahead=75 experts=348 miss=62 io=0.031s 7.0GB/s]
[prefill gpuq busy=0.031s(53%) idle=0.027s(47%) span=0.059s buffers=347]
[prefill gpu attn=0.010s(33%) shared=0.003s(11%) moe=0.014s(44%) tail=0.001s(2%) head=0.003s(11%) total=0.032s]
[prefill gpu attn embed=0.000s(0%) norm=0.000s(3%) qkv=0.004s(39%) rope=0.001s(5%) kvcopy=0.000s(1%) attn.swa=0.001s(9%) attn.full=0.000s(2%) oproj=0.002s(21%) post=0.002s(20%) total=0.010s]
[prefill host enc.front=0.002s(5%) wait.front=0.020s(45%) drain=0.000s(1%) route=0.000s(0%) meta=0.000s(0%) fetch=0.017s(38%) enc.moe=0.001s(2%) tail=0.000s(0%) head=0.004s(8%) other=0.000s(1%) call=0.045s | tiles=76 ahead=76 experts=391 miss=32 io=0.017s 6.4GB/s]
[prefill gpuq busy=0.032s(71%) idle=0.013s(29%) span=0.045s buffers=348]
[prefill gpu attn=0.010s(34%) shared=0.003s(11%) moe=0.013s(42%) tail=0.001s(2%) head=0.003s(11%) total=0.031s]
[prefill gpu attn embed=0.000s(0%) norm=0.000s(3%) qkv=0.004s(38%) rope=0.001s(5%) kvcopy=0.000s(1%) attn.swa=0.001s(10%) attn.full=0.000s(2%) oproj=0.002s(21%) post=0.002s(20%) total=0.010s]
[prefill host enc.front=0.002s(5%) wait.front=0.019s(47%) drain=0.000s(1%) route=0.000s(0%) meta=0.000s(0%) fetch=0.014s(35%) enc.moe=0.001s(2%) tail=0.000s(0%) head=0.004s(9%) other=0.000s(1%) call=0.041s | tiles=77 ahead=77 experts=350 miss=34 io=0.015s 8.1GB/s]
[prefill gpuq busy=0.031s(75%) idle=0.010s(25%) span=0.041s buffers=349]
[prefill gpu attn=0.011s(33%) shared=0.003s(11%) moe=0.014s(44%) tail=0.001s(2%) head=0.003s(10%) total=0.032s]
[prefill gpu attn embed=0.000s(0%) norm=0.000s(2%) qkv=0.004s(39%) rope=0.001s(5%) kvcopy=0.000s(1%) attn.swa=0.001s(10%) attn.full=0.000s(2%) oproj=0.002s(21%) post=0.002s(20%) total=0.011s]
[prefill host enc.front=0.002s(4%) wait.front=0.019s(37%) drain=0.000s(1%) route=0.000s(0%) meta=0.000s(0%) fetch=0.024s(47%) enc.moe=0.001s(1%) tail=0.000s(0%) head=0.004s(7%) other=0.000s(1%) call=0.050s | tiles=81 ahead=81 experts=385 miss=48 io=0.024s 7.0GB/s]
[prefill gpuq busy=0.032s(65%) idle=0.017s(35%) span=0.050s buffers=353]
[prefill gpu attn=0.010s(32%) shared=0.003s(11%) moe=0.014s(44%) tail=0.001s(2%) head=0.003s(11%) total=0.032s]
[prefill gpu attn embed=0.000s(0%) norm=0.000s(3%) qkv=0.004s(38%) rope=0.001s(5%) kvcopy=0.000s(1%) attn.swa=0.001s(10%) attn.full=0.000s(2%) oproj=0.002s(22%) post=0.002s(20%) total=0.010s]
[prefill host enc.front=0.002s(4%) wait.front=0.020s(42%) drain=0.000s(1%) route=0.000s(0%) meta=0.000s(0%) fetch=0.020s(42%) enc.moe=0.001s(1%) tail=0.000s(0%) head=0.004s(8%) other=0.000s(1%) call=0.048s | tiles=79 ahead=79 experts=393 miss=40 io=0.020s 6.8GB/s]
[prefill gpuq busy=0.032s(68%) idle=0.015s(32%) span=0.047s buffers=351]
[prefill gpu attn=0.010s(34%) shared=0.003s(11%) moe=0.012s(41%) tail=0.001s(2%) head=0.003s(11%) total=0.030s]
[prefill gpu attn embed=0.000s(0%) norm=0.000s(3%) qkv=0.004s(38%) rope=0.001s(5%) kvcopy=0.000s(1%) attn.swa=0.001s(10%) attn.full=0.000s(2%) oproj=0.002s(21%) post=0.002s(20%) total=0.010s]
[prefill host enc.front=0.002s(5%) wait.front=0.021s(54%) drain=0.000s(1%) route=0.000s(0%) meta=0.000s(0%) fetch=0.011s(28%) enc.moe=0.001s(1%) tail=0.000s(0%) head=0.004s(9%) other=0.000s(1%) call=0.039s | tiles=71 ahead=71 experts=341 miss=29 io=0.011s 9.2GB/s]
[prefill gpuq busy=0.030s(78%) idle=0.009s(22%) span=0.039s buffers=343]
[prefill gpu attn=0.010s(32%) shared=0.003s(10%) moe=0.014s(45%) tail=0.001s(2%) head=0.003s(10%) total=0.032s]
[prefill gpu attn embed=0.000s(0%) norm=0.000s(3%) qkv=0.004s(38%) rope=0.001s(5%) kvcopy=0.000s(1%) attn.swa=0.001s(10%) attn.full=0.000s(2%) oproj=0.002s(21%) post=0.002s(20%) total=0.010s]
[prefill host enc.front=0.002s(5%) wait.front=0.021s(50%) drain=0.000s(1%) route=0.000s(0%) meta=0.000s(0%) fetch=0.013s(32%) enc.moe=0.001s(1%) tail=0.000s(0%) head=0.004s(9%) other=0.000s(1%) call=0.041s | tiles=76 ahead=76 experts=412 miss=28 io=0.013s 7.3GB/s]
[prefill gpuq busy=0.032s(79%) idle=0.008s(21%) span=0.041s buffers=348]
[prefill gpu attn=0.011s(34%) shared=0.003s(11%) moe=0.013s(42%) tail=0.001s(2%) head=0.004s(11%) total=0.031s]
[prefill gpu attn embed=0.000s(0%) norm=0.000s(3%) qkv=0.004s(38%) rope=0.001s(7%) kvcopy=0.000s(1%) attn.swa=0.001s(9%) attn.full=0.000s(2%) oproj=0.002s(21%) post=0.002s(20%) total=0.011s]
[prefill host enc.front=0.002s(4%) wait.front=0.018s(38%) drain=0.000s(1%) route=0.000s(0%) meta=0.000s(0%) fetch=0.022s(46%) enc.moe=0.001s(1%) tail=0.000s(0%) head=0.004s(8%) other=0.000s(1%) call=0.048s | tiles=82 ahead=82 experts=347 miss=46 io=0.022s 7.1GB/s]
[prefill gpuq busy=0.031s(66%) idle=0.016s(34%) span=0.048s buffers=354]
[prefill gpu attn=0.010s(34%) shared=0.003s(11%) moe=0.012s(41%) tail=0.001s(2%) head=0.003s(11%) total=0.030s]
[prefill gpu attn embed=0.000s(0%) norm=0.000s(3%) qkv=0.004s(38%) rope=0.001s(5%) kvcopy=0.000s(1%) attn.swa=0.001s(10%) attn.full=0.000s(2%) oproj=0.002s(21%) post=0.002s(20%) total=0.010s]
[prefill host enc.front=0.002s(6%) wait.front=0.020s(55%) drain=0.000s(1%) route=0.000s(0%) meta=0.000s(0%) fetch=0.009s(26%) enc.moe=0.001s(1%) tail=0.000s(0%) head=0.004s(10%) other=0.000s(1%) call=0.037s | tiles=71 ahead=71 experts=348 miss=20 io=0.010s 7.3GB/s]
[prefill gpuq busy=0.030s(82%) idle=0.006s(18%) span=0.037s buffers=343]
[prefill gpu attn=0.010s(32%) shared=0.003s(11%) moe=0.014s(44%) tail=0.001s(2%) head=0.003s(11%) total=0.032s]
[prefill gpu attn embed=0.000s(0%) norm=0.000s(3%) qkv=0.004s(38%) rope=0.001s(5%) kvcopy=0.000s(1%) attn.swa=0.001s(10%) attn.full=0.000s(2%) oproj=0.002s(22%) post=0.002s(20%) total=0.010s]
[prefill host enc.front=0.002s(4%) wait.front=0.021s(44%) drain=0.001s(2%) route=0.000s(0%) meta=0.000s(0%) fetch=0.020s(40%) enc.moe=0.001s(1%) tail=0.000s(0%) head=0.004s(7%) other=0.000s(1%) call=0.049s | tiles=72 ahead=72 experts=367 miss=59 io=0.020s 10.4GB/s]
[prefill gpuq busy=0.032s(66%) idle=0.017s(34%) span=0.049s buffers=344]
[prefill gpu attn=0.010s(33%) shared=0.003s(11%) moe=0.013s(43%) tail=0.001s(2%) head=0.003s(11%) total=0.031s]
[prefill gpu attn embed=0.000s(0%) norm=0.000s(3%) qkv=0.004s(38%) rope=0.001s(5%) kvcopy=0.000s(1%) attn.swa=0.001s(10%) attn.full=0.000s(2%) oproj=0.002s(21%) post=0.002s(20%) total=0.010s]
[prefill host enc.front=0.002s(5%) wait.front=0.019s(45%) drain=0.000s(1%) route=0.000s(0%) meta=0.000s(0%) fetch=0.016s(37%) enc.moe=0.001s(2%) tail=0.000s(0%) head=0.004s(8%) other=0.000s(1%) call=0.043s | tiles=77 ahead=77 experts=363 miss=33 io=0.016s 7.1GB/s]
[prefill gpuq busy=0.031s(73%) idle=0.011s(27%) span=0.042s buffers=349]
[prefill gpu attn=0.010s(35%) shared=0.003s(12%) moe=0.011s(39%) tail=0.001s(3%) head=0.003s(12%) total=0.029s]
[prefill gpu attn embed=0.000s(0%) norm=0.000s(3%) qkv=0.004s(39%) rope=0.001s(5%) kvcopy=0.000s(1%) attn.swa=0.001s(10%) attn.full=0.000s(2%) oproj=0.002s(21%) post=0.002s(20%) total=0.010s]
[prefill host enc.front=0.002s(5%) wait.front=0.020s(56%) drain=0.001s(1%) route=0.000s(0%) meta=0.000s(0%) fetch=0.009s(24%) enc.moe=0.001s(1%) tail=0.000s(0%) head=0.004s(10%) other=0.000s(1%) call=0.036s | tiles=71 ahead=71 experts=332 miss=12 io=0.009s 4.7GB/s]
[prefill gpuq busy=0.029s(81%) idle=0.007s(19%) span=0.036s buffers=343]
[prefill gpu attn=0.010s(34%) shared=0.003s(11%) moe=0.012s(41%) tail=0.001s(2%) head=0.003s(11%) total=0.030s]
[prefill gpu attn embed=0.000s(0%) norm=0.000s(2%) qkv=0.004s(38%) rope=0.001s(5%) kvcopy=0.000s(1%) attn.swa=0.001s(10%) attn.full=0.000s(2%) oproj=0.002s(22%) post=0.002s(20%) total=0.010s]
[prefill host enc.front=0.002s(5%) wait.front=0.019s(51%) drain=0.000s(1%) route=0.000s(0%) meta=0.000s(0%) fetch=0.011s(30%) enc.moe=0.001s(2%) tail=0.000s(0%) head=0.004s(10%) other=0.000s(1%) call=0.037s | tiles=75 ahead=75 experts=349 miss=22 io=0.011s 6.8GB/s]
[prefill gpuq busy=0.030s(81%) idle=0.007s(19%) span=0.037s buffers=347]
[prefill gpu attn=0.010s(33%) shared=0.003s(11%) moe=0.014s(43%) tail=0.001s(2%) head=0.003s(11%) total=0.031s]
[prefill gpu attn embed=0.000s(0%) norm=0.000s(3%) qkv=0.004s(39%) rope=0.001s(5%) kvcopy=0.000s(1%) attn.swa=0.001s(10%) attn.full=0.000s(2%) oproj=0.002s(21%) post=0.002s(20%) total=0.010s]
[prefill host enc.front=0.002s(5%) wait.front=0.020s(54%) drain=0.000s(1%) route=0.000s(0%) meta=0.000s(0%) fetch=0.010s(27%) enc.moe=0.001s(2%) tail=0.000s(0%) head=0.004s(9%) other=0.000s(1%) call=0.038s | tiles=75 ahead=75 experts=379 miss=26 io=0.010s 8.6GB/s]
[prefill gpuq busy=0.031s(83%) idle=0.006s(17%) span=0.038s buffers=347]
[prefill gpu attn=0.010s(34%) shared=0.003s(11%) moe=0.013s(41%) tail=0.001s(2%) head=0.003s(11%) total=0.030s]
[prefill gpu attn embed=0.000s(0%) norm=0.000s(3%) qkv=0.004s(38%) rope=0.001s(5%) kvcopy=0.000s(1%) attn.swa=0.001s(10%) attn.full=0.000s(2%) oproj=0.002s(21%) post=0.002s(20%) total=0.010s]
[prefill host enc.front=0.002s(6%) wait.front=0.021s(59%) drain=0.000s(1%) route=0.000s(1%) meta=0.000s(0%) fetch=0.008s(21%) enc.moe=0.001s(2%) tail=0.000s(0%) head=0.004s(10%) other=0.000s(1%) call=0.036s | tiles=71 ahead=71 experts=365 miss=19 io=0.008s 8.4GB/s]
[prefill gpuq busy=0.030s(85%) idle=0.006s(15%) span=0.036s buffers=343]
[prefill gpu attn=0.010s(32%) shared=0.003s(11%) moe=0.014s(44%) tail=0.001s(2%) head=0.003s(10%) total=0.032s]
[prefill gpu attn embed=0.000s(0%) norm=0.000s(3%) qkv=0.004s(38%) rope=0.001s(5%) kvcopy=0.000s(1%) attn.swa=0.001s(10%) attn.full=0.000s(2%) oproj=0.002s(21%) post=0.002s(20%) total=0.010s]
[prefill host enc.front=0.002s(4%) wait.front=0.019s(40%) drain=0.000s(1%) route=0.000s(0%) meta=0.000s(0%) fetch=0.021s(44%) enc.moe=0.001s(1%) tail=0.000s(0%) head=0.004s(8%) other=0.000s(1%) call=0.047s | tiles=80 ahead=80 experts=388 miss=42 io=0.021s 7.0GB/s]
[prefill gpuq busy=0.032s(69%) idle=0.015s(31%) span=0.047s buffers=352]
[prefill gpu attn=0.010s(34%) shared=0.003s(11%) moe=0.013s(41%) tail=0.001s(2%) head=0.003s(11%) total=0.030s]
[prefill gpu attn embed=0.000s(0%) norm=0.000s(3%) qkv=0.004s(38%) rope=0.001s(5%) kvcopy=0.000s(1%) attn.swa=0.001s(10%) attn.full=0.000s(2%) oproj=0.002s(21%) post=0.002s(20%) total=0.010s]
[prefill host enc.front=0.002s(6%) wait.front=0.022s(63%) drain=0.000s(1%) route=0.000s(0%) meta=0.000s(0%) fetch=0.006s(17%) enc.moe=0.001s(2%) tail=0.000s(0%) head=0.004s(10%) other=0.000s(1%) call=0.035s | tiles=68 ahead=68 experts=377 miss=9 io=0.006s 5.3GB/s]
[prefill gpuq busy=0.030s(88%) idle=0.004s(12%) span=0.035s buffers=340]
[prefill gpu attn=0.010s(34%) shared=0.003s(11%) moe=0.013s(42%) tail=0.001s(2%) head=0.003s(11%) total=0.031s]
[prefill gpu attn embed=0.000s(0%) norm=0.000s(2%) qkv=0.004s(38%) rope=0.001s(5%) kvcopy=0.000s(1%) attn.swa=0.001s(10%) attn.full=0.000s(2%) oproj=0.002s(22%) post=0.002s(20%) total=0.010s]
[prefill host enc.front=0.002s(5%) wait.front=0.020s(51%) drain=0.001s(1%) route=0.000s(0%) meta=0.000s(0%) fetch=0.011s(30%) enc.moe=0.001s(2%) tail=0.000s(0%) head=0.004s(9%) other=0.000s(1%) call=0.038s | tiles=74 ahead=74 experts=368 miss=21 io=0.011s 6.3GB/s]
[prefill gpuq busy=0.031s(80%) idle=0.008s(20%) span=0.038s buffers=346]
[prefill gpu attn=0.011s(33%) shared=0.003s(11%) moe=0.014s(44%) tail=0.001s(2%) head=0.003s(11%) total=0.032s]
[prefill gpu attn embed=0.000s(0%) norm=0.000s(3%) qkv=0.004s(38%) rope=0.001s(5%) kvcopy=0.000s(1%) attn.swa=0.001s(10%) attn.full=0.000s(2%) oproj=0.002s(21%) post=0.002s(20%) total=0.011s]
[prefill host enc.front=0.002s(5%) wait.front=0.022s(56%) drain=0.001s(2%) route=0.000s(0%) meta=0.000s(0%) fetch=0.010s(25%) enc.moe=0.001s(1%) tail=0.000s(0%) head=0.004s(9%) other=0.000s(1%) call=0.039s | tiles=72 ahead=72 experts=407 miss=23 io=0.010s 8.1GB/s]
[prefill gpuq busy=0.032s(82%) idle=0.007s(18%) span=0.039s buffers=344]
[prefill gpu attn=0.011s(34%) shared=0.003s(11%) moe=0.013s(42%) tail=0.001s(2%) head=0.003s(11%) total=0.031s]
[prefill gpu attn embed=0.000s(0%) norm=0.000s(2%) qkv=0.004s(38%) rope=0.001s(5%) kvcopy=0.000s(1%) attn.swa=0.001s(10%) attn.full=0.000s(2%) oproj=0.002s(22%) post=0.002s(20%) total=0.011s]
[prefill host enc.front=0.002s(5%) wait.front=0.021s(57%) drain=0.000s(1%) route=0.000s(0%) meta=0.000s(0%) fetch=0.009s(24%) enc.moe=0.001s(1%) tail=0.000s(0%) head=0.004s(10%) other=0.000s(1%) call=0.036s | tiles=71 ahead=71 experts=374 miss=18 io=0.009s 7.0GB/s]
[prefill gpuq busy=0.031s(85%) idle=0.005s(15%) span=0.036s buffers=343]
[prefill gpu attn=0.011s(34%) shared=0.003s(11%) moe=0.013s(42%) tail=0.001s(2%) head=0.003s(11%) total=0.031s]
[prefill gpu attn embed=0.000s(0%) norm=0.000s(2%) qkv=0.004s(38%) rope=0.001s(5%) kvcopy=0.000s(1%) attn.swa=0.001s(10%) attn.full=0.000s(2%) oproj=0.002s(21%) post=0.002s(21%) total=0.011s]
[prefill host enc.front=0.002s(6%) wait.front=0.022s(63%) drain=0.001s(2%) route=0.000s(1%) meta=0.000s(0%) fetch=0.006s(16%) enc.moe=0.001s(2%) tail=0.000s(0%) head=0.004s(10%) other=0.000s(1%) call=0.036s | tiles=69 ahead=69 experts=371 miss=18 io=0.006s 10.5GB/s]
[prefill gpuq busy=0.031s(88%) idle=0.004s(12%) span=0.035s buffers=341]
[prefill gpu attn=0.010s(33%) shared=0.003s(11%) moe=0.013s(42%) tail=0.001s(2%) head=0.004s(11%) total=0.032s]
[prefill gpu attn embed=0.000s(0%) norm=0.000s(2%) qkv=0.004s(39%) rope=0.000s(5%) kvcopy=0.000s(1%) attn.swa=0.001s(10%) attn.full=0.000s(2%) oproj=0.002s(21%) post=0.002s(20%) total=0.010s]
[prefill host enc.front=0.002s(4%) wait.front=0.022s(48%) drain=0.000s(1%) route=0.000s(0%) meta=0.000s(0%) fetch=0.016s(36%) enc.moe=0.001s(1%) tail=0.000s(0%) head=0.004s(8%) other=0.000s(1%) call=0.046s | tiles=72 ahead=72 experts=378 miss=23 io=0.016s 4.9GB/s]
[prefill gpuq busy=0.032s(70%) idle=0.014s(30%) span=0.045s buffers=344]
[prefill gpu attn=0.011s(33%) shared=0.004s(11%) moe=0.014s(43%) tail=0.001s(2%) head=0.004s(11%) total=0.033s]
[prefill gpu attn embed=0.000s(0%) norm=0.000s(2%) qkv=0.004s(38%) rope=0.001s(5%) kvcopy=0.000s(1%) attn.swa=0.001s(10%) attn.full=0.000s(2%) oproj=0.002s(22%) post=0.002s(20%) total=0.011s]
[prefill host enc.front=0.002s(4%) wait.front=0.022s(48%) drain=0.000s(1%) route=0.000s(0%) meta=0.000s(0%) fetch=0.016s(35%) enc.moe=0.001s(1%) tail=0.000s(0%) head=0.004s(8%) other=0.000s(1%) call=0.046s | tiles=78 ahead=78 experts=381 miss=29 io=0.016s 6.1GB/s]
[prefill gpuq busy=0.033s(71%) idle=0.013s(29%) span=0.046s buffers=350]
[prefill gpu attn=0.011s(32%) shared=0.003s(10%) moe=0.015s(45%) tail=0.001s(2%) head=0.003s(10%) total=0.033s]
[prefill gpu attn embed=0.000s(0%) norm=0.000s(3%) qkv=0.004s(38%) rope=0.001s(5%) kvcopy=0.000s(1%) attn.swa=0.001s(10%) attn.full=0.000s(2%) oproj=0.002s(21%) post=0.002s(20%) total=0.011s]
[prefill host enc.front=0.002s(4%) wait.front=0.022s(47%) drain=0.000s(1%) route=0.000s(0%) meta=0.000s(0%) fetch=0.017s(37%) enc.moe=0.001s(1%) tail=0.000s(0%) head=0.004s(8%) other=0.000s(1%) call=0.047s | tiles=76 ahead=76 experts=416 miss=36 io=0.017s 7.1GB/s]
[prefill gpuq busy=0.033s(71%) idle=0.014s(29%) span=0.047s buffers=348]
[prefill gpu attn=0.011s(33%) shared=0.003s(11%) moe=0.013s(42%) tail=0.001s(2%) head=0.004s(12%) total=0.032s]
[prefill gpu attn embed=0.000s(0%) norm=0.000s(2%) qkv=0.004s(39%) rope=0.000s(4%) kvcopy=0.000s(1%) attn.swa=0.001s(10%) attn.full=0.000s(2%) oproj=0.002s(22%) post=0.002s(20%) total=0.011s]
[prefill host enc.front=0.002s(5%) wait.front=0.025s(62%) drain=0.000s(1%) route=0.000s(1%) meta=0.000s(0%) fetch=0.008s(19%) enc.moe=0.001s(1%) tail=0.000s(0%) head=0.004s(10%) other=0.000s(1%) call=0.040s | tiles=69 ahead=69 experts=385 miss=16 io=0.008s 7.3GB/s]
[prefill gpuq busy=0.032s(80%) idle=0.008s(20%) span=0.040s buffers=341]
[prefill gpu attn=0.010s(33%) shared=0.004s(11%) moe=0.013s(42%) tail=0.001s(2%) head=0.003s(11%) total=0.032s]
[prefill gpu attn embed=0.000s(0%) norm=0.000s(2%) qkv=0.004s(39%) rope=0.000s(4%) kvcopy=0.000s(1%) attn.swa=0.001s(10%) attn.full=0.000s(2%) oproj=0.002s(22%) post=0.002s(20%) total=0.010s]
[prefill host enc.front=0.002s(5%) wait.front=0.021s(52%) drain=0.000s(1%) route=0.000s(1%) meta=0.000s(0%) fetch=0.012s(30%) enc.moe=0.001s(2%) tail=0.000s(0%) head=0.004s(9%) other=0.000s(1%) call=0.040s | tiles=74 ahead=74 experts=369 miss=23 io=0.012s 6.5GB/s]
[prefill gpuq busy=0.031s(79%) idle=0.008s(21%) span=0.040s buffers=346]
[prefill gpu attn=0.011s(33%) shared=0.004s(11%) moe=0.014s(43%) tail=0.001s(2%) head=0.003s(10%) total=0.033s]
[prefill gpu attn embed=0.000s(0%) norm=0.000s(2%) qkv=0.004s(38%) rope=0.000s(4%) kvcopy=0.000s(1%) attn.swa=0.001s(10%) attn.full=0.000s(2%) oproj=0.002s(22%) post=0.002s(20%) total=0.011s]
[prefill host enc.front=0.002s(5%) wait.front=0.026s(51%) drain=0.001s(1%) route=0.000s(1%) meta=0.000s(0%) fetch=0.016s(33%) enc.moe=0.001s(1%) tail=0.000s(0%) head=0.004s(7%) other=0.000s(1%) call=0.050s | tiles=74 ahead=74 experts=362 miss=39 io=0.016s 8.2GB/s]
[prefill gpuq busy=0.033s(65%) idle=0.017s(35%) span=0.050s buffers=346]
[prefill gpu attn=0.011s(34%) shared=0.004s(11%) moe=0.013s(41%) tail=0.001s(2%) head=0.003s(11%) total=0.031s]
[prefill gpu attn embed=0.000s(0%) norm=0.000s(2%) qkv=0.004s(38%) rope=0.001s(5%) kvcopy=0.000s(1%) attn.swa=0.001s(11%) attn.full=0.000s(2%) oproj=0.002s(21%) post=0.002s(20%) total=0.011s]
[prefill host enc.front=0.002s(5%) wait.front=0.019s(51%) drain=0.000s(1%) route=0.000s(1%) meta=0.000s(0%) fetch=0.011s(30%) enc.moe=0.001s(2%) tail=0.000s(0%) head=0.004s(9%) other=0.000s(1%) call=0.038s | tiles=76 ahead=76 experts=354 miss=26 io=0.012s 7.8GB/s]
[prefill gpuq busy=0.031s(82%) idle=0.007s(18%) span=0.038s buffers=348]
[prefill gpu attn=0.010s(33%) shared=0.003s(11%) moe=0.014s(43%) tail=0.001s(2%) head=0.003s(11%) total=0.032s]
[prefill gpu attn embed=0.000s(0%) norm=0.000s(2%) qkv=0.004s(38%) rope=0.001s(5%) kvcopy=0.000s(1%) attn.swa=0.001s(10%) attn.full=0.000s(2%) oproj=0.002s(21%) post=0.002s(20%) total=0.010s]
[prefill host enc.front=0.002s(4%) wait.front=0.021s(44%) drain=0.001s(2%) route=0.000s(0%) meta=0.000s(0%) fetch=0.019s(40%) enc.moe=0.001s(1%) tail=0.000s(0%) head=0.004s(7%) other=0.000s(1%) call=0.048s | tiles=77 ahead=77 experts=384 miss=33 io=0.019s 5.9GB/s]
[prefill gpuq busy=0.032s(67%) idle=0.016s(33%) span=0.047s buffers=349]
[prefill gpu attn=0.010s(34%) shared=0.003s(11%) moe=0.013s(42%) tail=0.001s(2%) head=0.003s(11%) total=0.031s]
[prefill gpu attn embed=0.000s(0%) norm=0.000s(3%) qkv=0.004s(38%) rope=0.001s(5%) kvcopy=0.000s(1%) attn.swa=0.001s(10%) attn.full=0.000s(2%) oproj=0.002s(21%) post=0.002s(20%) total=0.010s]
[prefill host enc.front=0.002s(5%) wait.front=0.021s(57%) drain=0.001s(2%) route=0.000s(1%) meta=0.000s(0%) fetch=0.008s(23%) enc.moe=0.001s(2%) tail=0.000s(0%) head=0.004s(10%) other=0.000s(1%) call=0.037s | tiles=72 ahead=72 experts=370 miss=21 io=0.009s 8.5GB/s]
[prefill gpuq busy=0.031s(84%) idle=0.006s(16%) span=0.037s buffers=344]
[prefill gpu attn=0.010s(32%) shared=0.003s(10%) moe=0.015s(45%) tail=0.001s(2%) head=0.003s(10%) total=0.033s]
[prefill gpu attn embed=0.000s(0%) norm=0.000s(3%) qkv=0.004s(38%) rope=0.001s(5%) kvcopy=0.000s(1%) attn.swa=0.001s(10%) attn.full=0.000s(2%) oproj=0.002s(21%) post=0.002s(20%) total=0.010s]
[prefill host enc.front=0.002s(4%) wait.front=0.021s(38%) drain=0.000s(1%) route=0.000s(0%) meta=0.000s(0%) fetch=0.027s(48%) enc.moe=0.001s(1%) tail=0.000s(0%) head=0.004s(6%) other=0.000s(1%) call=0.056s | tiles=82 ahead=82 experts=389 miss=57 io=0.027s 7.4GB/s]
[prefill gpuq busy=0.033s(60%) idle=0.022s(40%) span=0.055s buffers=354]
[prefill gpu attn=0.010s(34%) shared=0.003s(11%) moe=0.013s(42%) tail=0.001s(2%) head=0.003s(11%) total=0.031s]
[prefill gpu attn embed=0.000s(0%) norm=0.000s(2%) qkv=0.004s(39%) rope=0.001s(5%) kvcopy=0.000s(1%) attn.swa=0.001s(10%) attn.full=0.000s(2%) oproj=0.002s(21%) post=0.002s(20%) total=0.010s]
[prefill host enc.front=0.002s(5%) wait.front=0.021s(55%) drain=0.001s(2%) route=0.000s(0%) meta=0.000s(0%) fetch=0.009s(25%) enc.moe=0.001s(1%) tail=0.000s(0%) head=0.004s(9%) other=0.000s(1%) call=0.038s | tiles=72 ahead=72 experts=374 miss=18 io=0.010s 6.5GB/s]
[prefill gpuq busy=0.031s(82%) idle=0.007s(18%) span=0.037s buffers=344]
[prefill gpu attn=0.011s(33%) shared=0.003s(11%) moe=0.014s(43%) tail=0.001s(2%) head=0.003s(11%) total=0.032s]
[prefill gpu attn embed=0.000s(0%) norm=0.000s(3%) qkv=0.004s(38%) rope=0.001s(5%) kvcopy=0.000s(1%) attn.swa=0.001s(10%) attn.full=0.000s(2%) oproj=0.002s(21%) post=0.002s(20%) total=0.011s]
[prefill host enc.front=0.002s(5%) wait.front=0.023s(55%) drain=0.001s(2%) route=0.000s(0%) meta=0.000s(0%) fetch=0.011s(26%) enc.moe=0.001s(1%) tail=0.000s(0%) head=0.004s(9%) other=0.000s(1%) call=0.041s | tiles=72 ahead=72 experts=389 miss=22 io=0.011s 6.9GB/s]
[prefill gpuq busy=0.032s(78%) idle=0.009s(22%) span=0.041s buffers=344]
[prefill gpu attn=0.011s(33%) shared=0.003s(11%) moe=0.014s(44%) tail=0.001s(2%) head=0.003s(11%) total=0.032s]
[prefill gpu attn embed=0.000s(0%) norm=0.000s(2%) qkv=0.004s(38%) rope=0.001s(5%) kvcopy=0.000s(1%) attn.swa=0.001s(10%) attn.full=0.000s(2%) oproj=0.002s(21%) post=0.002s(20%) total=0.011s]
[prefill host enc.front=0.002s(4%) wait.front=0.028s(52%) drain=0.000s(1%) route=0.000s(0%) meta=0.000s(0%) fetch=0.017s(33%) enc.moe=0.001s(1%) tail=0.000s(0%) head=0.004s(7%) other=0.000s(1%) call=0.053s | tiles=80 ahead=80 experts=379 miss=40 io=0.018s 7.9GB/s]
[prefill gpuq busy=0.032s(61%) idle=0.020s(39%) span=0.052s buffers=352]
[prefill gpu attn=0.011s(32%) shared=0.004s(11%) moe=0.015s(45%) tail=0.001s(2%) head=0.003s(10%) total=0.033s]
[prefill gpu attn embed=0.000s(0%) norm=0.000s(2%) qkv=0.004s(37%) rope=0.001s(5%) kvcopy=0.000s(1%) attn.swa=0.001s(11%) attn.full=0.000s(2%) oproj=0.002s(22%) post=0.002s(20%) total=0.011s]
[prefill host enc.front=0.002s(4%) wait.front=0.025s(45%) drain=0.000s(1%) route=0.000s(0%) meta=0.000s(0%) fetch=0.023s(41%) enc.moe=0.001s(1%) tail=0.000s(0%) head=0.004s(6%) other=0.000s(1%) call=0.057s | tiles=80 ahead=80 experts=380 miss=60 io=0.024s 8.8GB/s]
[prefill gpuq busy=0.033s(58%) idle=0.024s(42%) span=0.057s buffers=352]
[prefill gpu attn=0.010s(32%) shared=0.003s(10%) moe=0.014s(44%) tail=0.001s(2%) head=0.003s(10%) total=0.032s]
[prefill gpu attn embed=0.000s(0%) norm=0.000s(2%) qkv=0.004s(38%) rope=0.001s(5%) kvcopy=0.000s(1%) attn.swa=0.001s(10%) attn.full=0.000s(2%) oproj=0.002s(21%) post=0.002s(20%) total=0.010s]
[prefill host enc.front=0.002s(4%) wait.front=0.020s(36%) drain=0.001s(1%) route=0.000s(0%) meta=0.000s(0%) fetch=0.027s(50%) enc.moe=0.001s(1%) tail=0.000s(0%) head=0.004s(7%) other=0.000s(1%) call=0.055s | tiles=77 ahead=77 experts=371 miss=62 io=0.027s 7.8GB/s]
[prefill gpuq busy=0.032s(59%) idle=0.022s(41%) span=0.055s buffers=349]
[prefill gpu attn=0.011s(34%) shared=0.003s(11%) moe=0.013s(41%) tail=0.001s(2%) head=0.004s(12%) total=0.031s]
[prefill gpu attn embed=0.000s(0%) norm=0.000s(2%) qkv=0.004s(38%) rope=0.001s(5%) kvcopy=0.000s(1%) attn.swa=0.001s(11%) attn.full=0.000s(2%) oproj=0.002s(21%) post=0.002s(20%) total=0.011s]
[prefill host enc.front=0.002s(4%) wait.front=0.019s(41%) drain=0.000s(1%) route=0.000s(1%) meta=0.000s(0%) fetch=0.019s(42%) enc.moe=0.001s(1%) tail=0.000s(0%) head=0.004s(8%) other=0.000s(1%) call=0.046s | tiles=77 ahead=77 experts=353 miss=37 io=0.019s 6.6GB/s]
[prefill gpuq busy=0.031s(68%) idle=0.015s(32%) span=0.046s buffers=349]
[prefill gpu attn=0.010s(32%) shared=0.003s(10%) moe=0.015s(45%) tail=0.001s(2%) head=0.003s(10%) total=0.033s]
[prefill gpu attn embed=0.000s(0%) norm=0.000s(3%) qkv=0.004s(38%) rope=0.001s(5%) kvcopy=0.000s(1%) attn.swa=0.001s(10%) attn.full=0.000s(2%) oproj=0.002s(21%) post=0.002s(20%) total=0.010s]
[prefill host enc.front=0.002s(5%) wait.front=0.023s(51%) drain=0.000s(1%) route=0.000s(0%) meta=0.000s(0%) fetch=0.015s(33%) enc.moe=0.001s(1%) tail=0.000s(0%) head=0.004s(8%) other=0.000s(1%) call=0.045s | tiles=75 ahead=75 experts=436 miss=32 io=0.015s 7.4GB/s]
[prefill gpuq busy=0.033s(73%) idle=0.012s(27%) span=0.045s buffers=347]
[prefill gpu attn=0.011s(34%) shared=0.003s(11%) moe=0.013s(42%) tail=0.001s(2%) head=0.003s(11%) total=0.031s]
[prefill gpu attn embed=0.000s(0%) norm=0.000s(3%) qkv=0.004s(38%) rope=0.001s(5%) kvcopy=0.000s(1%) attn.swa=0.001s(10%) attn.full=0.000s(2%) oproj=0.002s(22%) post=0.002s(20%) total=0.011s]
[prefill host enc.front=0.002s(5%) wait.front=0.021s(55%) drain=0.000s(1%) route=0.000s(1%) meta=0.000s(0%) fetch=0.010s(26%) enc.moe=0.001s(2%) tail=0.000s(0%) head=0.004s(10%) other=0.000s(1%) call=0.037s | tiles=73 ahead=73 experts=369 miss=22 io=0.010s 7.9GB/s]
[prefill gpuq busy=0.031s(84%) idle=0.006s(16%) span=0.037s buffers=345]
[prefill gpu attn=0.010s(34%) shared=0.003s(11%) moe=0.013s(42%) tail=0.001s(2%) head=0.003s(11%) total=0.031s]
[prefill gpu attn embed=0.000s(0%) norm=0.000s(3%) qkv=0.004s(38%) rope=0.001s(5%) kvcopy=0.000s(1%) attn.swa=0.001s(10%) attn.full=0.000s(2%) oproj=0.002s(21%) post=0.002s(20%) total=0.010s]
[prefill host enc.front=0.002s(6%) wait.front=0.022s(60%) drain=0.001s(2%) route=0.000s(0%) meta=0.000s(0%) fetch=0.007s(20%) enc.moe=0.001s(1%) tail=0.000s(0%) head=0.004s(10%) other=0.000s(1%) call=0.036s | tiles=69 ahead=69 experts=383 miss=16 io=0.007s 7.6GB/s]
[prefill gpuq busy=0.031s(86%) idle=0.005s(14%) span=0.036s buffers=341]
[prefill gpu attn=0.011s(33%) shared=0.003s(11%) moe=0.014s(43%) tail=0.001s(2%) head=0.003s(11%) total=0.032s]
[prefill gpu attn embed=0.000s(0%) norm=0.000s(2%) qkv=0.004s(38%) rope=0.001s(5%) kvcopy=0.000s(1%) attn.swa=0.001s(11%) attn.full=0.000s(2%) oproj=0.002s(21%) post=0.002s(20%) total=0.011s]
[prefill host enc.front=0.002s(5%) wait.front=0.021s(51%) drain=0.000s(1%) route=0.000s(0%) meta=0.000s(0%) fetch=0.013s(32%) enc.moe=0.001s(2%) tail=0.000s(0%) head=0.004s(9%) other=0.000s(1%) call=0.041s | tiles=76 ahead=76 experts=388 miss=25 io=0.013s 6.6GB/s]
[prefill gpuq busy=0.032s(78%) idle=0.009s(22%) span=0.041s buffers=348]
[prefill gpu attn=0.011s(33%) shared=0.003s(11%) moe=0.014s(43%) tail=0.001s(2%) head=0.003s(11%) total=0.032s]
[prefill gpu attn embed=0.000s(0%) norm=0.000s(3%) qkv=0.004s(38%) rope=0.001s(5%) kvcopy=0.000s(1%) attn.swa=0.001s(10%) attn.full=0.000s(2%) oproj=0.002s(21%) post=0.002s(20%) total=0.011s]
[prefill host enc.front=0.002s(5%) wait.front=0.022s(58%) drain=0.000s(1%) route=0.000s(0%) meta=0.000s(0%) fetch=0.008s(22%) enc.moe=0.001s(2%) tail=0.000s(0%) head=0.004s(10%) other=0.000s(1%) call=0.038s | tiles=70 ahead=70 experts=407 miss=20 io=0.009s 8.1GB/s]
[prefill gpuq busy=0.032s(85%) idle=0.006s(15%) span=0.038s buffers=342]
[prefill gpu attn=0.010s(32%) shared=0.003s(11%) moe=0.014s(44%) tail=0.001s(2%) head=0.003s(10%) total=0.032s]
[prefill gpu attn embed=0.000s(0%) norm=0.000s(2%) qkv=0.004s(38%) rope=0.001s(5%) kvcopy=0.000s(1%) attn.swa=0.001s(11%) attn.full=0.000s(2%) oproj=0.002s(21%) post=0.002s(20%) total=0.010s]
[prefill host enc.front=0.002s(5%) wait.front=0.019s(46%) drain=0.000s(1%) route=0.000s(0%) meta=0.000s(0%) fetch=0.015s(37%) enc.moe=0.001s(2%) tail=0.000s(0%) head=0.004s(9%) other=0.000s(1%) call=0.042s | tiles=81 ahead=81 experts=401 miss=32 io=0.016s 7.1GB/s]
[prefill gpuq busy=0.032s(77%) idle=0.010s(23%) span=0.042s buffers=353]
[prefill gpu attn=0.010s(33%) shared=0.004s(11%) moe=0.014s(43%) tail=0.001s(3%) head=0.003s(10%) total=0.032s]
[prefill gpu attn embed=0.000s(0%) norm=0.000s(2%) qkv=0.004s(38%) rope=0.001s(5%) kvcopy=0.000s(1%) attn.swa=0.001s(11%) attn.full=0.000s(2%) oproj=0.002s(21%) post=0.002s(20%) total=0.010s]
[prefill host enc.front=0.002s(5%) wait.front=0.021s(49%) drain=0.000s(1%) route=0.000s(0%) meta=0.000s(0%) fetch=0.014s(33%) enc.moe=0.001s(2%) tail=0.000s(0%) head=0.004s(8%) other=0.000s(1%) call=0.043s | tiles=74 ahead=74 experts=362 miss=42 io=0.014s 10.2GB/s]
[prefill gpuq busy=0.032s(76%) idle=0.010s(24%) span=0.042s buffers=346]
[prefill gpu attn=0.010s(32%) shared=0.003s(10%) moe=0.015s(45%) tail=0.001s(2%) head=0.003s(10%) total=0.033s]
[prefill gpu attn embed=0.000s(0%) norm=0.000s(2%) qkv=0.004s(38%) rope=0.001s(5%) kvcopy=0.000s(1%) attn.swa=0.001s(11%) attn.full=0.000s(2%) oproj=0.002s(21%) post=0.002s(20%) total=0.010s]
[prefill host enc.front=0.002s(5%) wait.front=0.020s(49%) drain=0.000s(1%) route=0.000s(0%) meta=0.000s(0%) fetch=0.013s(32%) enc.moe=0.001s(2%) tail=0.000s(0%) head=0.004s(9%) other=0.000s(1%) call=0.040s | tiles=78 ahead=78 experts=417 miss=30 io=0.013s 7.9GB/s]
[prefill gpuq busy=0.033s(82%) idle=0.007s(18%) span=0.040s buffers=350]
[prefill gpu attn=0.011s(33%) shared=0.003s(10%) moe=0.014s(44%) tail=0.001s(2%) head=0.003s(10%) total=0.032s]
[prefill gpu attn embed=0.000s(0%) norm=0.000s(2%) qkv=0.004s(38%) rope=0.001s(5%) kvcopy=0.000s(1%) attn.swa=0.001s(11%) attn.full=0.000s(2%) oproj=0.002s(21%) post=0.002s(20%) total=0.011s]
[prefill host enc.front=0.002s(5%) wait.front=0.023s(52%) drain=0.000s(1%) route=0.000s(0%) meta=0.000s(0%) fetch=0.014s(32%) enc.moe=0.001s(1%) tail=0.000s(0%) head=0.004s(8%) other=0.000s(1%) call=0.044s | tiles=73 ahead=73 experts=429 miss=22 io=0.014s 5.4GB/s]
[prefill gpuq busy=0.032s(74%) idle=0.011s(26%) span=0.044s buffers=345]
[prefill gpu attn=0.011s(33%) shared=0.003s(11%) moe=0.014s(43%) tail=0.001s(2%) head=0.003s(11%) total=0.032s]
[prefill gpu attn embed=0.000s(0%) norm=0.000s(2%) qkv=0.004s(38%) rope=0.001s(5%) kvcopy=0.000s(1%) attn.swa=0.001s(11%) attn.full=0.000s(2%) oproj=0.002s(21%) post=0.002s(20%) total=0.011s]
[prefill host enc.front=0.002s(4%) wait.front=0.021s(37%) drain=0.000s(1%) route=0.000s(0%) meta=0.000s(0%) fetch=0.027s(48%) enc.moe=0.001s(1%) tail=0.000s(0%) head=0.004s(6%) other=0.000s(1%) call=0.056s | tiles=77 ahead=77 experts=352 miss=61 io=0.028s 7.5GB/s]
[prefill gpuq busy=0.032s(58%) idle=0.024s(42%) span=0.056s buffers=349]
[prefill gpu attn=0.011s(33%) shared=0.003s(11%) moe=0.014s(44%) tail=0.001s(2%) head=0.003s(11%) total=0.032s]
[prefill gpu attn embed=0.000s(0%) norm=0.000s(2%) qkv=0.004s(38%) rope=0.001s(5%) kvcopy=0.000s(1%) attn.swa=0.001s(11%) attn.full=0.000s(2%) oproj=0.002s(21%) post=0.002s(20%) total=0.011s]
[prefill host enc.front=0.002s(4%) wait.front=0.019s(39%) drain=0.000s(1%) route=0.000s(0%) meta=0.000s(0%) fetch=0.023s(46%) enc.moe=0.001s(1%) tail=0.000s(0%) head=0.004s(7%) other=0.000s(1%) call=0.049s | tiles=81 ahead=81 experts=377 miss=46 io=0.023s 7.0GB/s]
[prefill gpuq busy=0.032s(66%) idle=0.017s(34%) span=0.049s buffers=353]

[stop=maxTokens prefill=349tok new=192tok decode=6.87s tok/s=27.968]
[load=0.743s layerVerify=0.000s/30layers prefill=4.449s ttft=4.450s peak=6.79GB rss=4.19GB]
[expert prefill hit=0.0% 0/3020 io=1.910s | decode hit=88.8% 36819/41463 io=2.925s]
[vision images=1 soft=260 tower=1.758s towerLoad=0.001s]
[decode/tok io=0.00ms cb1=0.00ms cb2=0.00ms head=0.00ms]
[mtp bs=2 rounds=110 accept=0.736/1 tok/round=1.745 draft=0.418s verify=6.188s accepted=29,81]
