[prefill gpu attn=0.396s(30%) shared=0.115s(9%) moe=0.778s(60%) tail=0.007s(1%) head=0.003s(0%) total=1.300s]
[prefill gpu attn embed=0.000s(0%) norm=0.001s(0%) qkv=0.147s(37%) rope=0.005s(1%) kvcopy=0.001s(0%) attn.swa=0.089s(23%) attn.full=0.007s(2%) oproj=0.082s(21%) post=0.065s(16%) total=0.396s]
[prefill host enc.front=0.004s(0%) wait.front=0.529s(21%) drain=0.000s(0%) route=0.005s(0%) wait.shared=0.109s(4%) meta=0.000s(0%) fetch=1.721s(69%) enc.moe=0.014s(1%) wait.tile=0.099s(4%) tail=0.014s(1%) head=0.004s(0%) other=0.005s(0%) call=2.503s | tiles=358 ahead=0 experts=0 miss=0 io=0.000s 0.0GB/s]
[prefill gpuq busy=1.299s(55%) idle=1.075s(45%) span=2.374s buffers=630]
[prefill gpu attn=0.012s(36%) shared=0.004s(11%) moe=0.014s(41%) tail=0.001s(3%) head=0.003s(10%) total=0.034s]
[prefill gpu attn embed=0.000s(0%) norm=0.000s(2%) qkv=0.005s(40%) rope=0.000s(4%) kvcopy=0.000s(1%) attn.swa=0.001s(10%) attn.full=0.000s(2%) oproj=0.003s(21%) post=0.002s(19%) total=0.012s]
[prefill host enc.front=0.004s(2%) wait.front=0.070s(33%) drain=0.001s(0%) route=0.001s(0%) meta=0.000s(0%) fetch=0.128s(61%) enc.moe=0.002s(1%) tail=0.000s(0%) head=0.004s(2%) other=0.001s(0%) call=0.209s | tiles=63 ahead=63 experts=336 miss=154 io=0.139s 3.8GB/s]
[prefill gpuq busy=0.034s(16%) idle=0.174s(84%) span=0.208s buffers=335]
[prefill gpu attn=0.013s(34%) shared=0.005s(12%) moe=0.016s(42%) tail=0.001s(3%) head=0.003s(9%) total=0.038s]
[prefill gpu attn embed=0.000s(0%) norm=0.000s(3%) qkv=0.005s(38%) rope=0.001s(6%) kvcopy=0.000s(1%) attn.swa=0.001s(8%) attn.full=0.000s(2%) oproj=0.003s(20%) post=0.003s(23%) total=0.013s]
[prefill host enc.front=0.002s(2%) wait.front=0.032s(31%) drain=0.000s(0%) route=0.000s(0%) meta=0.000s(0%) fetch=0.064s(61%) enc.moe=0.001s(1%) tail=0.000s(0%) head=0.004s(3%) other=0.000s(0%) call=0.104s | tiles=72 ahead=72 experts=324 miss=59 io=0.064s 3.2GB/s]
[prefill gpuq busy=0.037s(36%) idle=0.066s(64%) span=0.104s buffers=344]
[prefill gpu attn=0.013s(34%) shared=0.005s(13%) moe=0.016s(42%) tail=0.001s(3%) head=0.003s(9%) total=0.038s]
[prefill gpu attn embed=0.000s(0%) norm=0.000s(3%) qkv=0.005s(38%) rope=0.001s(5%) kvcopy=0.000s(1%) attn.swa=0.001s(8%) attn.full=0.000s(2%) oproj=0.003s(20%) post=0.003s(23%) total=0.013s]
[prefill host enc.front=0.002s(3%) wait.front=0.031s(41%) drain=0.000s(0%) route=0.000s(0%) meta=0.000s(0%) fetch=0.036s(48%) enc.moe=0.001s(1%) tail=0.000s(0%) head=0.004s(5%) other=0.000s(1%) call=0.075s | tiles=75 ahead=75 experts=340 miss=33 io=0.036s 3.1GB/s]
[prefill gpuq busy=0.037s(50%) idle=0.038s(50%) span=0.075s buffers=347]
[prefill gpu attn=0.012s(33%) shared=0.004s(12%) moe=0.016s(43%) tail=0.001s(3%) head=0.003s(9%) total=0.036s]
[prefill gpu attn embed=0.000s(0%) norm=0.000s(3%) qkv=0.005s(39%) rope=0.001s(5%) kvcopy=0.000s(1%) attn.swa=0.001s(8%) attn.full=0.000s(2%) oproj=0.002s(20%) post=0.003s(22%) total=0.012s]
[prefill host enc.front=0.002s(3%) wait.front=0.026s(31%) drain=0.000s(0%) route=0.000s(0%) meta=0.000s(0%) fetch=0.050s(59%) enc.moe=0.001s(1%) tail=0.000s(0%) head=0.004s(4%) other=0.001s(1%) call=0.085s | tiles=77 ahead=77 experts=339 miss=48 io=0.050s 3.3GB/s]
[prefill gpuq busy=0.036s(43%) idle=0.048s(57%) span=0.084s buffers=349]
[prefill gpu attn=0.011s(35%) shared=0.004s(12%) moe=0.013s(41%) tail=0.001s(3%) head=0.003s(10%) total=0.033s]
[prefill gpu attn embed=0.000s(0%) norm=0.000s(3%) qkv=0.004s(39%) rope=0.001s(5%) kvcopy=0.000s(1%) attn.swa=0.001s(8%) attn.full=0.000s(2%) oproj=0.002s(21%) post=0.002s(21%) total=0.011s]
[prefill host enc.front=0.002s(2%) wait.front=0.028s(25%) drain=0.001s(0%) route=0.000s(0%) meta=0.000s(0%) fetch=0.075s(68%) enc.moe=0.001s(1%) tail=0.000s(0%) head=0.004s(3%) other=0.000s(0%) call=0.111s | tiles=69 ahead=69 experts=321 miss=54 io=0.075s 2.5GB/s]
[prefill gpuq busy=0.033s(30%) idle=0.078s(70%) span=0.111s buffers=341]
[prefill gpu attn=0.010s(35%) shared=0.003s(12%) moe=0.011s(39%) tail=0.001s(3%) head=0.003s(12%) total=0.029s]
[prefill gpu attn embed=0.000s(0%) norm=0.000s(2%) qkv=0.004s(39%) rope=0.001s(5%) kvcopy=0.000s(1%) attn.swa=0.001s(8%) attn.full=0.000s(2%) oproj=0.002s(22%) post=0.002s(20%) total=0.010s]
[prefill host enc.front=0.002s(3%) wait.front=0.023s(36%) drain=0.001s(1%) route=0.000s(0%) meta=0.000s(0%) fetch=0.033s(52%) enc.moe=0.001s(1%) tail=0.000s(0%) head=0.004s(6%) other=0.000s(1%) call=0.064s | tiles=69 ahead=69 experts=312 miss=32 io=0.034s 3.3GB/s]
[prefill gpuq busy=0.029s(46%) idle=0.035s(54%) span=0.064s buffers=341]
[prefill gpu attn=0.010s(35%) shared=0.003s(12%) moe=0.011s(39%) tail=0.001s(3%) head=0.003s(12%) total=0.029s]
[prefill gpu attn embed=0.000s(0%) norm=0.000s(2%) qkv=0.004s(39%) rope=0.001s(5%) kvcopy=0.000s(1%) attn.swa=0.001s(8%) attn.full=0.000s(2%) oproj=0.002s(22%) post=0.002s(20%) total=0.010s]
[prefill host enc.front=0.002s(4%) wait.front=0.022s(41%) drain=0.000s(0%) route=0.000s(0%) meta=0.000s(0%) fetch=0.024s(45%) enc.moe=0.001s(1%) tail=0.000s(0%) head=0.004s(7%) other=0.000s(1%) call=0.053s | tiles=73 ahead=73 experts=312 miss=21 io=0.024s 3.0GB/s]
[prefill gpuq busy=0.029s(55%) idle=0.024s(45%) span=0.053s buffers=345]
[prefill gpu attn=0.011s(35%) shared=0.004s(12%) moe=0.012s(40%) tail=0.001s(3%) head=0.003s(11%) total=0.030s]
[prefill gpu attn embed=0.000s(0%) norm=0.000s(2%) qkv=0.004s(40%) rope=0.001s(5%) kvcopy=0.000s(1%) attn.swa=0.001s(8%) attn.full=0.000s(2%) oproj=0.002s(22%) post=0.002s(20%) total=0.011s]
[prefill host enc.front=0.002s(3%) wait.front=0.023s(36%) drain=0.000s(0%) route=0.000s(0%) meta=0.000s(0%) fetch=0.035s(53%) enc.moe=0.001s(1%) tail=0.000s(0%) head=0.004s(5%) other=0.000s(1%) call=0.066s | tiles=70 ahead=70 experts=326 miss=25 io=0.035s 2.5GB/s]
[prefill gpuq busy=0.030s(46%) idle=0.035s(54%) span=0.066s buffers=342]
[prefill gpu attn=0.011s(34%) shared=0.004s(12%) moe=0.012s(40%) tail=0.001s(3%) head=0.004s(12%) total=0.031s]
[prefill gpu attn embed=0.000s(0%) norm=0.000s(2%) qkv=0.004s(40%) rope=0.001s(5%) kvcopy=0.000s(1%) attn.swa=0.001s(8%) attn.full=0.000s(2%) oproj=0.002s(22%) post=0.002s(20%) total=0.011s]
[prefill host enc.front=0.002s(3%) wait.front=0.026s(45%) drain=0.000s(0%) route=0.000s(0%) meta=0.000s(0%) fetch=0.024s(42%) enc.moe=0.001s(1%) tail=0.000s(0%) head=0.004s(7%) other=0.000s(1%) call=0.058s | tiles=71 ahead=71 experts=344 miss=17 io=0.024s 2.4GB/s]
[prefill gpuq busy=0.031s(54%) idle=0.027s(46%) span=0.057s buffers=343]
[prefill gpu attn=0.010s(35%) shared=0.003s(12%) moe=0.011s(39%) tail=0.001s(3%) head=0.003s(11%) total=0.029s]
[prefill gpu attn embed=0.000s(0%) norm=0.000s(2%) qkv=0.004s(40%) rope=0.001s(5%) kvcopy=0.000s(1%) attn.swa=0.001s(8%) attn.full=0.000s(2%) oproj=0.002s(22%) post=0.002s(20%) total=0.010s]
[prefill host enc.front=0.002s(4%) wait.front=0.023s(43%) drain=0.000s(1%) route=0.000s(0%) meta=0.000s(0%) fetch=0.023s(43%) enc.moe=0.001s(1%) tail=0.000s(0%) head=0.004s(7%) other=0.000s(1%) call=0.053s | tiles=66 ahead=66 experts=321 miss=18 io=0.023s 2.8GB/s]
[prefill gpuq busy=0.029s(56%) idle=0.023s(44%) span=0.052s buffers=338]
[prefill gpu attn=0.010s(36%) shared=0.003s(12%) moe=0.011s(38%) tail=0.001s(3%) head=0.003s(12%) total=0.029s]
[prefill gpu attn embed=0.000s(0%) norm=0.000s(2%) qkv=0.004s(39%) rope=0.001s(5%) kvcopy=0.000s(1%) attn.swa=0.001s(9%) attn.full=0.000s(2%) oproj=0.002s(22%) post=0.002s(20%) total=0.010s]
[prefill host enc.front=0.002s(4%) wait.front=0.022s(49%) drain=0.000s(1%) route=0.000s(0%) meta=0.000s(0%) fetch=0.016s(36%) enc.moe=0.001s(1%) tail=0.000s(0%) head=0.004s(8%) other=0.000s(1%) call=0.044s | tiles=68 ahead=68 experts=318 miss=13 io=0.016s 2.8GB/s]
[prefill gpuq busy=0.029s(65%) idle=0.015s(35%) span=0.044s buffers=340]
[prefill gpu attn=0.011s(35%) shared=0.004s(12%) moe=0.012s(40%) tail=0.001s(3%) head=0.003s(11%) total=0.030s]
[prefill gpu attn embed=0.000s(0%) norm=0.000s(2%) qkv=0.004s(40%) rope=0.001s(5%) kvcopy=0.000s(1%) attn.swa=0.001s(8%) attn.full=0.000s(2%) oproj=0.002s(22%) post=0.002s(20%) total=0.011s]
[prefill host enc.front=0.002s(3%) wait.front=0.026s(32%) drain=0.000s(1%) route=0.000s(0%) meta=0.000s(0%) fetch=0.048s(59%) enc.moe=0.001s(1%) tail=0.000s(0%) head=0.004s(4%) other=0.000s(1%) call=0.082s | tiles=76 ahead=76 experts=332 miss=28 io=0.048s 2.0GB/s]
[prefill gpuq busy=0.030s(37%) idle=0.051s(63%) span=0.082s buffers=348]
[prefill gpu attn=0.010s(34%) shared=0.004s(11%) moe=0.012s(40%) tail=0.001s(2%) head=0.004s(12%) total=0.031s]
[prefill gpu attn embed=0.000s(0%) norm=0.000s(2%) qkv=0.004s(40%) rope=0.001s(5%) kvcopy=0.000s(1%) attn.swa=0.001s(8%) attn.full=0.000s(2%) oproj=0.002s(22%) post=0.002s(20%) total=0.010s]
[prefill host enc.front=0.002s(4%) wait.front=0.023s(41%) drain=0.000s(1%) route=0.000s(0%) meta=0.000s(0%) fetch=0.025s(45%) enc.moe=0.001s(1%) tail=0.000s(0%) head=0.004s(7%) other=0.000s(1%) call=0.055s | tiles=70 ahead=70 experts=353 miss=25 io=0.025s 3.5GB/s]
[prefill gpuq busy=0.030s(55%) idle=0.024s(45%) span=0.055s buffers=342]
[prefill gpu attn=0.011s(37%) shared=0.003s(12%) moe=0.011s(37%) tail=0.001s(2%) head=0.003s(12%) total=0.029s]
[prefill gpu attn embed=0.000s(0%) norm=0.000s(2%) qkv=0.004s(39%) rope=0.001s(5%) kvcopy=0.000s(1%) attn.swa=0.001s(10%) attn.full=0.000s(2%) oproj=0.002s(21%) post=0.002s(20%) total=0.011s]
[prefill host enc.front=0.002s(4%) wait.front=0.024s(43%) drain=0.000s(1%) route=0.000s(0%) meta=0.000s(0%) fetch=0.024s(44%) enc.moe=0.001s(1%) tail=0.000s(0%) head=0.004s(7%) other=0.000s(1%) call=0.055s | tiles=66 ahead=66 experts=303 miss=17 io=0.024s 2.4GB/s]
[prefill gpuq busy=0.029s(53%) idle=0.026s(47%) span=0.055s buffers=338]
[prefill gpu attn=0.010s(36%) shared=0.003s(12%) moe=0.011s(37%) tail=0.001s(3%) head=0.003s(12%) total=0.028s]
[prefill gpu attn embed=0.000s(0%) norm=0.000s(2%) qkv=0.004s(39%) rope=0.000s(5%) kvcopy=0.000s(1%) attn.swa=0.001s(9%) attn.full=0.000s(2%) oproj=0.002s(22%) post=0.002s(20%) total=0.010s]
[prefill host enc.front=0.002s(4%) wait.front=0.023s(49%) drain=0.001s(1%) route=0.000s(0%) meta=0.000s(0%) fetch=0.017s(36%) enc.moe=0.001s(1%) tail=0.000s(0%) head=0.004s(8%) other=0.000s(1%) call=0.047s | tiles=65 ahead=65 experts=300 miss=13 io=0.017s 2.7GB/s]
[prefill gpuq busy=0.028s(61%) idle=0.018s(39%) span=0.047s buffers=337]
[prefill gpu attn=0.010s(36%) shared=0.003s(12%) moe=0.011s(39%) tail=0.001s(2%) head=0.003s(12%) total=0.029s]
[prefill gpu attn embed=0.000s(0%) norm=0.000s(3%) qkv=0.004s(39%) rope=0.001s(5%) kvcopy=0.000s(1%) attn.swa=0.001s(9%) attn.full=0.000s(2%) oproj=0.002s(22%) post=0.002s(21%) total=0.010s]
[prefill host enc.front=0.002s(4%) wait.front=0.024s(47%) drain=0.000s(1%) route=0.000s(0%) meta=0.000s(0%) fetch=0.020s(39%) enc.moe=0.001s(1%) tail=0.000s(0%) head=0.004s(7%) other=0.000s(1%) call=0.052s | tiles=66 ahead=66 experts=323 miss=13 io=0.020s 2.2GB/s]
[prefill gpuq busy=0.029s(56%) idle=0.022s(44%) span=0.052s buffers=338]
[prefill gpu attn=0.010s(35%) shared=0.003s(12%) moe=0.012s(39%) tail=0.001s(2%) head=0.004s(12%) total=0.030s]
[prefill gpu attn embed=0.000s(0%) norm=0.000s(2%) qkv=0.004s(39%) rope=0.001s(5%) kvcopy=0.000s(1%) attn.swa=0.001s(9%) attn.full=0.000s(2%) oproj=0.002s(22%) post=0.002s(20%) total=0.010s]
[prefill host enc.front=0.002s(4%) wait.front=0.024s(51%) drain=0.000s(1%) route=0.000s(0%) meta=0.000s(0%) fetch=0.015s(33%) enc.moe=0.001s(1%) tail=0.000s(0%) head=0.004s(8%) other=0.000s(1%) call=0.046s | tiles=67 ahead=67 experts=339 miss=12 io=0.015s 2.7GB/s]
[prefill gpuq busy=0.030s(64%) idle=0.016s(36%) span=0.046s buffers=339]
[prefill gpu attn=0.010s(34%) shared=0.003s(11%) moe=0.013s(41%) tail=0.001s(2%) head=0.003s(11%) total=0.031s]
[prefill gpu attn embed=0.000s(0%) norm=0.000s(2%) qkv=0.004s(39%) rope=0.001s(5%) kvcopy=0.000s(1%) attn.swa=0.001s(8%) attn.full=0.000s(2%) oproj=0.002s(22%) post=0.002s(20%) total=0.010s]
[prefill host enc.front=0.002s(2%) wait.front=0.025s(26%) drain=0.000s(0%) route=0.000s(0%) meta=0.000s(0%) fetch=0.062s(65%) enc.moe=0.001s(1%) tail=0.000s(0%) head=0.004s(4%) other=0.000s(1%) call=0.095s | tiles=70 ahead=70 experts=323 miss=58 io=0.062s 3.2GB/s]
[prefill gpuq busy=0.031s(33%) idle=0.064s(67%) span=0.094s buffers=342]
[prefill gpu attn=0.010s(34%) shared=0.003s(11%) moe=0.013s(41%) tail=0.001s(2%) head=0.004s(12%) total=0.031s]
[prefill gpu attn embed=0.000s(0%) norm=0.000s(2%) qkv=0.004s(39%) rope=0.001s(5%) kvcopy=0.000s(1%) attn.swa=0.001s(8%) attn.full=0.000s(2%) oproj=0.002s(22%) post=0.002s(20%) total=0.010s]
[prefill host enc.front=0.002s(3%) wait.front=0.024s(34%) drain=0.001s(1%) route=0.000s(0%) meta=0.000s(0%) fetch=0.038s(54%) enc.moe=0.001s(1%) tail=0.000s(0%) head=0.004s(6%) other=0.000s(1%) call=0.069s | tiles=76 ahead=76 experts=348 miss=31 io=0.038s 2.8GB/s]
[prefill gpuq busy=0.031s(45%) idle=0.038s(55%) span=0.069s buffers=348]
[prefill gpu attn=0.010s(36%) shared=0.003s(12%) moe=0.011s(38%) tail=0.001s(2%) head=0.003s(12%) total=0.029s]
[prefill gpu attn embed=0.000s(0%) norm=0.000s(3%) qkv=0.004s(39%) rope=0.001s(5%) kvcopy=0.000s(1%) attn.swa=0.001s(9%) attn.full=0.000s(2%) oproj=0.002s(22%) post=0.002s(20%) total=0.010s]
[prefill host enc.front=0.002s(4%) wait.front=0.022s(50%) drain=0.000s(1%) route=0.000s(0%) meta=0.000s(0%) fetch=0.014s(33%) enc.moe=0.000s(1%) tail=0.000s(0%) head=0.004s(8%) other=0.000s(1%) call=0.044s | tiles=63 ahead=63 experts=316 miss=14 io=0.015s 3.3GB/s]
[prefill gpuq busy=0.029s(66%) idle=0.015s(34%) span=0.043s buffers=335]
[prefill gpu attn=0.010s(36%) shared=0.004s(12%) moe=0.011s(37%) tail=0.001s(3%) head=0.004s(12%) total=0.029s]
[prefill gpu attn embed=0.000s(0%) norm=0.000s(2%) qkv=0.004s(39%) rope=0.001s(5%) kvcopy=0.000s(1%) attn.swa=0.001s(9%) attn.full=0.000s(2%) oproj=0.002s(22%) post=0.002s(20%) total=0.010s]
[prefill host enc.front=0.002s(5%) wait.front=0.021s(52%) drain=0.000s(1%) route=0.000s(1%) meta=0.000s(0%) fetch=0.012s(29%) enc.moe=0.001s(1%) tail=0.000s(0%) head=0.004s(9%) other=0.000s(1%) call=0.041s | tiles=61 ahead=61 experts=304 miss=12 io=0.012s 3.5GB/s]
[prefill gpuq busy=0.029s(71%) idle=0.012s(29%) span=0.041s buffers=333]
[prefill gpu attn=0.010s(35%) shared=0.003s(12%) moe=0.012s(39%) tail=0.001s(2%) head=0.003s(12%) total=0.029s]
[prefill gpu attn embed=0.000s(0%) norm=0.000s(2%) qkv=0.004s(39%) rope=0.000s(5%) kvcopy=0.000s(1%) attn.swa=0.001s(9%) attn.full=0.000s(2%) oproj=0.002s(22%) post=0.002s(21%) total=0.010s]
[prefill host enc.front=0.002s(4%) wait.front=0.026s(57%) drain=0.000s(1%) route=0.000s(0%) meta=0.000s(0%) fetch=0.012s(26%) enc.moe=0.001s(1%) tail=0.000s(0%) head=0.004s(8%) other=0.000s(1%) call=0.045s | tiles=65 ahead=65 experts=330 miss=11 io=0.012s 3.2GB/s]
[prefill gpuq busy=0.029s(66%) idle=0.015s(34%) span=0.045s buffers=337]
[prefill gpu attn=0.010s(36%) shared=0.003s(12%) moe=0.011s(37%) tail=0.001s(2%) head=0.003s(12%) total=0.028s]
[prefill gpu attn embed=0.000s(0%) norm=0.000s(2%) qkv=0.004s(40%) rope=0.001s(5%) kvcopy=0.000s(1%) attn.swa=0.001s(9%) attn.full=0.000s(2%) oproj=0.002s(21%) post=0.002s(20%) total=0.010s]
[prefill host enc.front=0.002s(5%) wait.front=0.022s(56%) drain=0.000s(1%) route=0.000s(0%) meta=0.000s(0%) fetch=0.010s(25%) enc.moe=0.000s(1%) tail=0.000s(0%) head=0.004s(9%) other=0.000s(1%) call=0.038s | tiles=64 ahead=64 experts=313 miss=12 io=0.010s 4.2GB/s]
[prefill gpuq busy=0.028s(75%) idle=0.010s(25%) span=0.038s buffers=336]
[prefill gpu attn=0.010s(34%) shared=0.003s(11%) moe=0.012s(41%) tail=0.001s(2%) head=0.003s(11%) total=0.030s]
[prefill gpu attn embed=0.000s(0%) norm=0.000s(2%) qkv=0.004s(39%) rope=0.001s(5%) kvcopy=0.000s(1%) attn.swa=0.001s(9%) attn.full=0.000s(2%) oproj=0.002s(22%) post=0.002s(20%) total=0.010s]
[prefill host enc.front=0.002s(3%) wait.front=0.022s(38%) drain=0.000s(1%) route=0.000s(0%) meta=0.000s(0%) fetch=0.029s(50%) enc.moe=0.001s(1%) tail=0.000s(0%) head=0.004s(6%) other=0.000s(1%) call=0.059s | tiles=75 ahead=75 experts=351 miss=25 io=0.030s 2.9GB/s]
[prefill gpuq busy=0.030s(51%) idle=0.028s(49%) span=0.059s buffers=347]
[prefill gpu attn=0.010s(36%) shared=0.003s(12%) moe=0.011s(38%) tail=0.001s(3%) head=0.003s(12%) total=0.029s]
[prefill gpu attn embed=0.000s(0%) norm=0.000s(2%) qkv=0.004s(39%) rope=0.001s(5%) kvcopy=0.000s(1%) attn.swa=0.001s(9%) attn.full=0.000s(2%) oproj=0.002s(22%) post=0.002s(20%) total=0.010s]
[prefill host enc.front=0.002s(4%) wait.front=0.022s(45%) drain=0.000s(1%) route=0.000s(0%) meta=0.000s(0%) fetch=0.019s(40%) enc.moe=0.001s(1%) tail=0.000s(0%) head=0.004s(7%) other=0.000s(1%) call=0.048s | tiles=66 ahead=66 experts=311 miss=12 io=0.019s 2.1GB/s]
[prefill gpuq busy=0.029s(60%) idle=0.019s(40%) span=0.048s buffers=338]
[prefill gpu attn=0.010s(35%) shared=0.003s(12%) moe=0.011s(39%) tail=0.001s(3%) head=0.003s(11%) total=0.029s]
[prefill gpu attn embed=0.000s(0%) norm=0.000s(3%) qkv=0.004s(39%) rope=0.001s(5%) kvcopy=0.000s(1%) attn.swa=0.001s(9%) attn.full=0.000s(2%) oproj=0.002s(22%) post=0.002s(20%) total=0.010s]
[prefill host enc.front=0.002s(4%) wait.front=0.022s(47%) drain=0.000s(1%) route=0.000s(0%) meta=0.000s(0%) fetch=0.018s(38%) enc.moe=0.001s(1%) tail=0.000s(0%) head=0.004s(8%) other=0.000s(1%) call=0.047s | tiles=66 ahead=66 experts=333 miss=20 io=0.018s 3.9GB/s]
[prefill gpuq busy=0.029s(63%) idle=0.017s(37%) span=0.046s buffers=338]
[prefill gpu attn=0.010s(36%) shared=0.003s(12%) moe=0.011s(38%) tail=0.001s(3%) head=0.003s(12%) total=0.029s]
[prefill gpu attn embed=0.000s(0%) norm=0.000s(3%) qkv=0.004s(39%) rope=0.001s(5%) kvcopy=0.000s(1%) attn.swa=0.001s(9%) attn.full=0.000s(2%) oproj=0.002s(22%) post=0.002s(20%) total=0.010s]
[prefill host enc.front=0.002s(6%) wait.front=0.023s(70%) drain=0.001s(3%) route=0.000s(1%) meta=0.000s(0%) fetch=0.003s(8%) enc.moe=0.000s(1%) tail=0.000s(0%) head=0.004s(11%) other=0.000s(1%) call=0.034s | tiles=62 ahead=62 experts=330 miss=5 io=0.003s 6.4GB/s]
[prefill gpuq busy=0.029s(87%) idle=0.004s(13%) span=0.033s buffers=334]
[prefill gpu attn=0.010s(36%) shared=0.003s(12%) moe=0.011s(38%) tail=0.001s(2%) head=0.003s(12%) total=0.028s]
[prefill gpu attn embed=0.000s(0%) norm=0.000s(3%) qkv=0.004s(39%) rope=0.001s(5%) kvcopy=0.000s(1%) attn.swa=0.001s(9%) attn.full=0.000s(2%) oproj=0.002s(22%) post=0.002s(20%) total=0.010s]
[prefill host enc.front=0.002s(5%) wait.front=0.022s(64%) drain=0.000s(1%) route=0.000s(0%) meta=0.000s(0%) fetch=0.006s(16%) enc.moe=0.000s(1%) tail=0.000s(0%) head=0.004s(10%) other=0.000s(1%) call=0.035s | tiles=65 ahead=65 experts=317 miss=8 io=0.006s 4.9GB/s]
[prefill gpuq busy=0.028s(82%) idle=0.006s(18%) span=0.035s buffers=337]
[prefill gpu attn=0.010s(36%) shared=0.003s(12%) moe=0.010s(36%) tail=0.001s(3%) head=0.003s(12%) total=0.028s]
[prefill gpu attn embed=0.000s(0%) norm=0.000s(2%) qkv=0.004s(39%) rope=0.001s(5%) kvcopy=0.000s(1%) attn.swa=0.001s(9%) attn.full=0.000s(2%) oproj=0.002s(22%) post=0.002s(21%) total=0.010s]
[prefill host enc.front=0.002s(5%) wait.front=0.022s(64%) drain=0.000s(1%) route=0.000s(0%) meta=0.000s(0%) fetch=0.006s(16%) enc.moe=0.000s(1%) tail=0.000s(0%) head=0.004s(10%) other=0.000s(1%) call=0.034s | tiles=62 ahead=62 experts=300 miss=5 io=0.006s 3.0GB/s]
[prefill gpuq busy=0.028s(81%) idle=0.006s(19%) span=0.034s buffers=334]
[prefill gpu attn=0.010s(36%) shared=0.003s(12%) moe=0.011s(37%) tail=0.001s(3%) head=0.003s(12%) total=0.029s]
[prefill gpu attn embed=0.000s(0%) norm=0.000s(2%) qkv=0.004s(39%) rope=0.001s(6%) kvcopy=0.000s(1%) attn.swa=0.001s(9%) attn.full=0.000s(2%) oproj=0.002s(21%) post=0.002s(20%) total=0.010s]
[prefill host enc.front=0.002s(4%) wait.front=0.025s(56%) drain=0.000s(1%) route=0.000s(0%) meta=0.000s(0%) fetch=0.012s(28%) enc.moe=0.001s(1%) tail=0.000s(0%) head=0.004s(8%) other=0.000s(1%) call=0.045s | tiles=64 ahead=64 experts=308 miss=13 io=0.012s 3.7GB/s]
[prefill gpuq busy=0.029s(65%) idle=0.015s(35%) span=0.044s buffers=336]
[prefill gpu attn=0.010s(36%) shared=0.003s(12%) moe=0.011s(38%) tail=0.001s(3%) head=0.003s(12%) total=0.029s]
[prefill gpu attn embed=0.000s(0%) norm=0.000s(3%) qkv=0.004s(39%) rope=0.001s(5%) kvcopy=0.000s(1%) attn.swa=0.001s(9%) attn.full=0.000s(2%) oproj=0.002s(21%) post=0.002s(21%) total=0.010s]
[prefill host enc.front=0.002s(6%) wait.front=0.022s(67%) drain=0.001s(3%) route=0.000s(0%) meta=0.000s(0%) fetch=0.004s(11%) enc.moe=0.000s(1%) tail=0.000s(0%) head=0.004s(11%) other=0.000s(1%) call=0.034s | tiles=62 ahead=62 experts=315 miss=7 io=0.004s 6.4GB/s]
[prefill gpuq busy=0.029s(86%) idle=0.005s(14%) span=0.033s buffers=334]
[prefill gpu attn=0.010s(36%) shared=0.003s(12%) moe=0.010s(37%) tail=0.001s(3%) head=0.003s(12%) total=0.028s]
[prefill gpu attn embed=0.000s(0%) norm=0.000s(2%) qkv=0.004s(39%) rope=0.001s(5%) kvcopy=0.000s(1%) attn.swa=0.001s(9%) attn.full=0.000s(2%) oproj=0.002s(21%) post=0.002s(20%) total=0.010s]
[prefill host enc.front=0.002s(5%) wait.front=0.021s(58%) drain=0.000s(1%) route=0.000s(0%) meta=0.000s(0%) fetch=0.009s(23%) enc.moe=0.000s(1%) tail=0.000s(0%) head=0.004s(10%) other=0.000s(1%) call=0.037s | tiles=63 ahead=63 experts=299 miss=12 io=0.009s 4.8GB/s]
[prefill gpuq busy=0.028s(76%) idle=0.009s(24%) span=0.037s buffers=335]
[prefill gpu attn=0.010s(37%) shared=0.003s(12%) moe=0.010s(36%) tail=0.001s(3%) head=0.003s(12%) total=0.028s]
[prefill gpu attn embed=0.000s(0%) norm=0.000s(2%) qkv=0.004s(39%) rope=0.001s(5%) kvcopy=0.000s(1%) attn.swa=0.001s(9%) attn.full=0.000s(2%) oproj=0.002s(21%) post=0.002s(20%) total=0.010s]
[prefill host enc.front=0.002s(5%) wait.front=0.021s(61%) drain=0.000s(1%) route=0.000s(1%) meta=0.000s(0%) fetch=0.006s(18%) enc.moe=0.000s(1%) tail=0.000s(0%) head=0.004s(11%) other=0.000s(1%) call=0.034s | tiles=65 ahead=65 experts=298 miss=7 io=0.006s 3.9GB/s]
[prefill gpuq busy=0.028s(82%) idle=0.006s(18%) span=0.034s buffers=337]
[prefill gpu attn=0.010s(35%) shared=0.003s(11%) moe=0.012s(40%) tail=0.001s(2%) head=0.003s(11%) total=0.030s]
[prefill gpu attn embed=0.000s(0%) norm=0.000s(3%) qkv=0.004s(39%) rope=0.001s(5%) kvcopy=0.000s(1%) attn.swa=0.001s(9%) attn.full=0.000s(2%) oproj=0.002s(22%) post=0.002s(20%) total=0.010s]
[prefill host enc.front=0.002s(5%) wait.front=0.022s(53%) drain=0.000s(1%) route=0.000s(0%) meta=0.000s(0%) fetch=0.013s(30%) enc.moe=0.001s(1%) tail=0.000s(0%) head=0.004s(9%) other=0.000s(1%) call=0.041s | tiles=70 ahead=70 experts=346 miss=11 io=0.013s 3.0GB/s]
[prefill gpuq busy=0.030s(72%) idle=0.012s(28%) span=0.041s buffers=342]
[prefill gpu attn=0.010s(36%) shared=0.003s(12%) moe=0.011s(38%) tail=0.001s(3%) head=0.003s(12%) total=0.029s]
[prefill gpu attn embed=0.000s(0%) norm=0.000s(3%) qkv=0.004s(39%) rope=0.001s(5%) kvcopy=0.000s(1%) attn.swa=0.001s(9%) attn.full=0.000s(2%) oproj=0.002s(22%) post=0.002s(20%) total=0.010s]
[prefill host enc.front=0.002s(5%) wait.front=0.022s(57%) drain=0.000s(1%) route=0.000s(1%) meta=0.000s(0%) fetch=0.009s(23%) enc.moe=0.001s(1%) tail=0.000s(0%) head=0.004s(10%) other=0.000s(1%) call=0.038s | tiles=67 ahead=67 experts=316 miss=7 io=0.009s 2.7GB/s]
[prefill gpuq busy=0.029s(77%) idle=0.009s(23%) span=0.038s buffers=339]
[prefill gpu attn=0.010s(37%) shared=0.003s(12%) moe=0.010s(36%) tail=0.001s(3%) head=0.003s(12%) total=0.028s]
[prefill gpu attn embed=0.000s(0%) norm=0.000s(3%) qkv=0.004s(40%) rope=0.001s(5%) kvcopy=0.000s(1%) attn.swa=0.001s(9%) attn.full=0.000s(2%) oproj=0.002s(21%) post=0.002s(20%) total=0.010s]
[prefill host enc.front=0.002s(6%) wait.front=0.022s(72%) drain=0.000s(1%) route=0.000s(1%) meta=0.000s(0%) fetch=0.002s(6%) enc.moe=0.000s(1%) tail=0.000s(0%) head=0.004s(12%) other=0.000s(1%) call=0.031s | tiles=62 ahead=62 experts=302 miss=2 io=0.002s 4.0GB/s]
[prefill gpuq busy=0.028s(92%) idle=0.003s(8%) span=0.031s buffers=334]
[prefill gpu attn=0.010s(36%) shared=0.003s(12%) moe=0.010s(37%) tail=0.001s(2%) head=0.003s(12%) total=0.028s]
[prefill gpu attn embed=0.000s(0%) norm=0.000s(3%) qkv=0.004s(39%) rope=0.001s(5%) kvcopy=0.000s(1%) attn.swa=0.001s(9%) attn.full=0.000s(2%) oproj=0.002s(21%) post=0.002s(20%) total=0.010s]
[prefill host enc.front=0.002s(6%) wait.front=0.022s(73%) drain=0.000s(2%) route=0.000s(1%) meta=0.000s(0%) fetch=0.001s(4%) enc.moe=0.000s(1%) tail=0.000s(0%) head=0.004s(12%) other=0.000s(1%) call=0.030s | tiles=60 ahead=60 experts=317 miss=3 io=0.001s 8.7GB/s]
[prefill gpuq busy=0.028s(94%) idle=0.002s(6%) span=0.030s buffers=332]
[prefill gpu attn=0.011s(36%) shared=0.003s(12%) moe=0.011s(38%) tail=0.001s(3%) head=0.004s(12%) total=0.030s]
[prefill gpu attn embed=0.000s(0%) norm=0.000s(2%) qkv=0.004s(40%) rope=0.001s(5%) kvcopy=0.000s(1%) attn.swa=0.001s(9%) attn.full=0.000s(2%) oproj=0.002s(21%) post=0.002s(20%) total=0.011s]
[prefill host enc.front=0.002s(3%) wait.front=0.023s(40%) drain=0.001s(1%) route=0.000s(0%) meta=0.000s(0%) fetch=0.027s(47%) enc.moe=0.001s(1%) tail=0.000s(0%) head=0.004s(7%) other=0.000s(1%) call=0.058s | tiles=70 ahead=70 experts=329 miss=14 io=0.027s 1.8GB/s]
[prefill gpuq busy=0.030s(52%) idle=0.028s(48%) span=0.057s buffers=342]
[prefill gpu attn=0.010s(36%) shared=0.003s(12%) moe=0.011s(39%) tail=0.001s(3%) head=0.003s(11%) total=0.030s]
[prefill gpu attn embed=0.000s(0%) norm=0.000s(2%) qkv=0.004s(39%) rope=0.001s(5%) kvcopy=0.000s(1%) attn.swa=0.001s(9%) attn.full=0.000s(2%) oproj=0.002s(21%) post=0.002s(20%) total=0.010s]
[prefill host enc.front=0.002s(4%) wait.front=0.023s(51%) drain=0.001s(2%) route=0.000s(0%) meta=0.000s(0%) fetch=0.014s(32%) enc.moe=0.000s(1%) tail=0.000s(0%) head=0.004s(8%) other=0.000s(1%) call=0.045s | tiles=65 ahead=65 experts=324 miss=14 io=0.014s 3.4GB/s]
[prefill gpuq busy=0.030s(66%) idle=0.015s(34%) span=0.045s buffers=337]
[prefill gpu attn=0.010s(33%) shared=0.003s(11%) moe=0.013s(43%) tail=0.001s(2%) head=0.003s(11%) total=0.031s]
[prefill gpu attn embed=0.000s(0%) norm=0.000s(2%) qkv=0.004s(39%) rope=0.001s(5%) kvcopy=0.000s(1%) attn.swa=0.001s(9%) attn.full=0.000s(2%) oproj=0.002s(22%) post=0.002s(20%) total=0.010s]
[prefill host enc.front=0.002s(4%) wait.front=0.021s(44%) drain=0.001s(1%) route=0.000s(0%) meta=0.000s(0%) fetch=0.020s(41%) enc.moe=0.001s(1%) tail=0.000s(0%) head=0.004s(7%) other=0.000s(1%) call=0.049s | tiles=73 ahead=73 experts=375 miss=26 io=0.021s 4.4GB/s]
[prefill gpuq busy=0.031s(64%) idle=0.018s(36%) span=0.049s buffers=345]
[prefill gpu attn=0.011s(35%) shared=0.004s(12%) moe=0.012s(39%) tail=0.001s(2%) head=0.004s(12%) total=0.030s]
[prefill gpu attn embed=0.000s(0%) norm=0.000s(2%) qkv=0.004s(39%) rope=0.000s(4%) kvcopy=0.000s(1%) attn.swa=0.001s(9%) attn.full=0.000s(2%) oproj=0.002s(22%) post=0.002s(20%) total=0.011s]
[prefill host enc.front=0.002s(5%) wait.front=0.025s(57%) drain=0.000s(1%) route=0.000s(1%) meta=0.000s(0%) fetch=0.011s(25%) enc.moe=0.001s(1%) tail=0.000s(0%) head=0.004s(9%) other=0.000s(1%) call=0.043s | tiles=64 ahead=64 experts=342 miss=5 io=0.011s 1.6GB/s]
[prefill gpuq busy=0.030s(71%) idle=0.012s(29%) span=0.043s buffers=336]
[prefill gpu attn=0.011s(36%) shared=0.004s(12%) moe=0.011s(39%) tail=0.001s(2%) head=0.003s(11%) total=0.030s]
[prefill gpu attn embed=0.000s(0%) norm=0.000s(2%) qkv=0.004s(39%) rope=0.000s(4%) kvcopy=0.000s(1%) attn.swa=0.001s(9%) attn.full=0.000s(2%) oproj=0.002s(22%) post=0.002s(20%) total=0.011s]
[prefill host enc.front=0.002s(5%) wait.front=0.022s(60%) drain=0.000s(1%) route=0.000s(1%) meta=0.000s(0%) fetch=0.008s(20%) enc.moe=0.001s(2%) tail=0.000s(0%) head=0.004s(10%) other=0.000s(1%) call=0.037s | tiles=64 ahead=64 experts=329 miss=10 io=0.008s 4.5GB/s]
[prefill gpuq busy=0.030s(80%) idle=0.008s(20%) span=0.037s buffers=336]
[prefill gpu attn=0.010s(37%) shared=0.003s(12%) moe=0.011s(37%) tail=0.001s(3%) head=0.003s(12%) total=0.029s]
[prefill gpu attn embed=0.000s(0%) norm=0.000s(2%) qkv=0.004s(38%) rope=0.001s(5%) kvcopy=0.000s(1%) attn.swa=0.001s(9%) attn.full=0.000s(2%) oproj=0.002s(21%) post=0.002s(21%) total=0.010s]
[prefill host enc.front=0.002s(5%) wait.front=0.027s(70%) drain=0.000s(1%) route=0.000s(0%) meta=0.000s(0%) fetch=0.004s(11%) enc.moe=0.000s(1%) tail=0.000s(0%) head=0.004s(10%) other=0.000s(1%) call=0.038s | tiles=62 ahead=62 experts=300 miss=4 io=0.004s 3.1GB/s]
[prefill gpuq busy=0.029s(75%) idle=0.009s(25%) span=0.038s buffers=334]
[prefill gpu attn=0.010s(36%) shared=0.003s(12%) moe=0.011s(37%) tail=0.001s(3%) head=0.003s(12%) total=0.029s]
[prefill gpu attn embed=0.000s(0%) norm=0.000s(2%) qkv=0.004s(39%) rope=0.001s(5%) kvcopy=0.000s(1%) attn.swa=0.001s(9%) attn.full=0.000s(2%) oproj=0.002s(22%) post=0.002s(20%) total=0.010s]
[prefill host enc.front=0.002s(5%) wait.front=0.022s(61%) drain=0.000s(1%) route=0.000s(0%) meta=0.000s(0%) fetch=0.007s(19%) enc.moe=0.000s(1%) tail=0.000s(0%) head=0.004s(10%) other=0.000s(1%) call=0.036s | tiles=59 ahead=59 experts=308 miss=8 io=0.007s 3.9GB/s]
[prefill gpuq busy=0.029s(80%) idle=0.007s(20%) span=0.036s buffers=331]
[prefill gpu attn=0.010s(36%) shared=0.003s(12%) moe=0.010s(37%) tail=0.001s(2%) head=0.004s(12%) total=0.028s]
[prefill gpu attn embed=0.000s(0%) norm=0.000s(2%) qkv=0.004s(39%) rope=0.000s(5%) kvcopy=0.000s(1%) attn.swa=0.001s(9%) attn.full=0.000s(2%) oproj=0.002s(22%) post=0.002s(20%) total=0.010s]
[prefill host enc.front=0.002s(6%) wait.front=0.022s(67%) drain=0.000s(1%) route=0.000s(1%) meta=0.000s(0%) fetch=0.004s(11%) enc.moe=0.000s(1%) tail=0.000s(0%) head=0.004s(11%) other=0.000s(1%) call=0.033s | tiles=61 ahead=61 experts=300 miss=7 io=0.004s 6.5GB/s]
[prefill gpuq busy=0.028s(87%) idle=0.004s(13%) span=0.032s buffers=333]
[prefill gpu attn=0.011s(37%) shared=0.003s(12%) moe=0.011s(37%) tail=0.001s(3%) head=0.003s(12%) total=0.029s]
[prefill gpu attn embed=0.000s(0%) norm=0.000s(2%) qkv=0.004s(39%) rope=0.001s(5%) kvcopy=0.000s(1%) attn.swa=0.001s(9%) attn.full=0.000s(2%) oproj=0.002s(21%) post=0.002s(21%) total=0.011s]
[prefill host enc.front=0.002s(5%) wait.front=0.023s(59%) drain=0.000s(1%) route=0.000s(0%) meta=0.000s(0%) fetch=0.009s(23%) enc.moe=0.000s(1%) tail=0.000s(0%) head=0.004s(9%) other=0.000s(1%) call=0.038s | tiles=64 ahead=64 experts=310 miss=8 io=0.009s 3.1GB/s]
[prefill gpuq busy=0.029s(75%) idle=0.009s(25%) span=0.038s buffers=336]
[prefill gpu attn=0.010s(37%) shared=0.003s(12%) moe=0.010s(36%) tail=0.001s(3%) head=0.003s(12%) total=0.028s]
[prefill gpu attn embed=0.000s(0%) norm=0.000s(3%) qkv=0.004s(39%) rope=0.001s(5%) kvcopy=0.000s(1%) attn.swa=0.001s(9%) attn.full=0.000s(2%) oproj=0.002s(21%) post=0.002s(20%) total=0.010s]
[prefill host enc.front=0.002s(6%) wait.front=0.023s(72%) drain=0.000s(1%) route=0.000s(0%) meta=0.000s(0%) fetch=0.002s(6%) enc.moe=0.000s(1%) tail=0.000s(0%) head=0.004s(11%) other=0.000s(1%) call=0.031s | tiles=57 ahead=57 experts=299 miss=2 io=0.002s 3.6GB/s]
[prefill gpuq busy=0.028s(89%) idle=0.003s(11%) span=0.031s buffers=329]
[prefill gpu attn=0.011s(36%) shared=0.004s(12%) moe=0.011s(38%) tail=0.001s(3%) head=0.003s(12%) total=0.030s]
[prefill gpu attn embed=0.000s(0%) norm=0.000s(2%) qkv=0.004s(39%) rope=0.001s(5%) kvcopy=0.000s(1%) attn.swa=0.001s(9%) attn.full=0.000s(2%) oproj=0.002s(22%) post=0.002s(20%) total=0.011s]
[prefill host enc.front=0.002s(3%) wait.front=0.022s(37%) drain=0.000s(1%) route=0.000s(0%) meta=0.000s(0%) fetch=0.029s(50%) enc.moe=0.001s(1%) tail=0.000s(0%) head=0.004s(6%) other=0.000s(1%) call=0.058s | tiles=70 ahead=70 experts=300 miss=26 io=0.029s 3.1GB/s]
[prefill gpuq busy=0.030s(51%) idle=0.028s(49%) span=0.058s buffers=342]
[prefill gpu attn=0.010s(37%) shared=0.003s(12%) moe=0.010s(37%) tail=0.001s(2%) head=0.003s(12%) total=0.028s]
[prefill gpu attn embed=0.000s(0%) norm=0.000s(2%) qkv=0.004s(39%) rope=0.001s(5%) kvcopy=0.000s(1%) attn.swa=0.001s(9%) attn.full=0.000s(2%) oproj=0.002s(21%) post=0.002s(20%) total=0.010s]
[prefill host enc.front=0.002s(5%) wait.front=0.022s(61%) drain=0.000s(1%) route=0.000s(0%) meta=0.000s(0%) fetch=0.007s(20%) enc.moe=0.000s(1%) tail=0.000s(0%) head=0.004s(10%) other=0.000s(1%) call=0.036s | tiles=67 ahead=67 experts=302 miss=7 io=0.007s 3.2GB/s]
[prefill gpuq busy=0.028s(78%) idle=0.008s(22%) span=0.036s buffers=339]
[prefill gpu attn=0.010s(35%) shared=0.003s(11%) moe=0.012s(40%) tail=0.001s(3%) head=0.003s(11%) total=0.030s]
[prefill gpu attn embed=0.000s(0%) norm=0.000s(3%) qkv=0.004s(39%) rope=0.001s(5%) kvcopy=0.000s(1%) attn.swa=0.001s(9%) attn.full=0.000s(2%) oproj=0.002s(22%) post=0.002s(20%) total=0.010s]
[prefill host enc.front=0.002s(4%) wait.front=0.026s(60%) drain=0.000s(1%) route=0.000s(0%) meta=0.000s(0%) fetch=0.010s(24%) enc.moe=0.001s(1%) tail=0.000s(0%) head=0.004s(8%) other=0.000s(1%) call=0.044s | tiles=67 ahead=67 experts=357 miss=12 io=0.010s 4.0GB/s]
[prefill gpuq busy=0.030s(69%) idle=0.014s(31%) span=0.044s buffers=339]
[prefill gpu attn=0.010s(35%) shared=0.003s(12%) moe=0.012s(40%) tail=0.001s(3%) head=0.003s(11%) total=0.030s]
[prefill gpu attn embed=0.000s(0%) norm=0.000s(3%) qkv=0.004s(39%) rope=0.001s(5%) kvcopy=0.000s(1%) attn.swa=0.001s(9%) attn.full=0.000s(2%) oproj=0.002s(22%) post=0.002s(20%) total=0.010s]
[prefill host enc.front=0.002s(5%) wait.front=0.024s(58%) drain=0.001s(1%) route=0.000s(0%) meta=0.000s(0%) fetch=0.010s(24%) enc.moe=0.001s(1%) tail=0.000s(0%) head=0.004s(9%) other=0.000s(1%) call=0.041s | tiles=69 ahead=69 experts=345 miss=11 io=0.010s 3.8GB/s]
[prefill gpuq busy=0.030s(73%) idle=0.011s(27%) span=0.041s buffers=341]
[prefill gpu attn=0.010s(36%) shared=0.003s(12%) moe=0.011s(38%) tail=0.001s(2%) head=0.003s(12%) total=0.029s]
[prefill gpu attn embed=0.000s(0%) norm=0.000s(3%) qkv=0.004s(39%) rope=0.001s(5%) kvcopy=0.000s(1%) attn.swa=0.001s(9%) attn.full=0.000s(2%) oproj=0.002s(21%) post=0.002s(20%) total=0.010s]
[prefill host enc.front=0.002s(5%) wait.front=0.022s(60%) drain=0.000s(1%) route=0.000s(0%) meta=0.000s(0%) fetch=0.008s(21%) enc.moe=0.000s(1%) tail=0.000s(0%) head=0.004s(10%) other=0.000s(1%) call=0.036s | tiles=65 ahead=65 experts=313 miss=10 io=0.008s 4.5GB/s]
[prefill gpuq busy=0.029s(80%) idle=0.007s(20%) span=0.036s buffers=337]
[prefill gpu attn=0.010s(36%) shared=0.003s(12%) moe=0.010s(36%) tail=0.001s(2%) head=0.004s(13%) total=0.029s]
[prefill gpu attn embed=0.000s(0%) norm=0.000s(3%) qkv=0.004s(39%) rope=0.001s(5%) kvcopy=0.000s(1%) attn.swa=0.001s(9%) attn.full=0.000s(2%) oproj=0.002s(21%) post=0.002s(20%) total=0.010s]
[prefill host enc.front=0.002s(5%) wait.front=0.022s(63%) drain=0.000s(1%) route=0.000s(0%) meta=0.000s(0%) fetch=0.006s(17%) enc.moe=0.000s(1%) tail=0.000s(0%) head=0.004s(11%) other=0.000s(1%) call=0.036s | tiles=60 ahead=60 experts=306 miss=3 io=0.006s 1.7GB/s]
[prefill gpuq busy=0.029s(81%) idle=0.007s(19%) span=0.036s buffers=332]
[prefill gpu attn=0.011s(37%) shared=0.003s(12%) moe=0.010s(36%) tail=0.001s(3%) head=0.003s(12%) total=0.028s]
[prefill gpu attn embed=0.000s(0%) norm=0.000s(2%) qkv=0.004s(39%) rope=0.001s(5%) kvcopy=0.000s(1%) attn.swa=0.001s(9%) attn.full=0.000s(2%) oproj=0.002s(21%) post=0.002s(20%) total=0.011s]
[prefill host enc.front=0.002s(5%) wait.front=0.021s(60%) drain=0.000s(1%) route=0.000s(0%) meta=0.000s(0%) fetch=0.007s(21%) enc.moe=0.000s(1%) tail=0.000s(0%) head=0.004s(10%) other=0.000s(1%) call=0.036s | tiles=63 ahead=63 experts=301 miss=6 io=0.007s 2.8GB/s]
[prefill gpuq busy=0.028s(80%) idle=0.007s(20%) span=0.035s buffers=335]
[prefill gpu attn=0.010s(37%) shared=0.003s(12%) moe=0.010s(36%) tail=0.001s(2%) head=0.003s(12%) total=0.028s]
[prefill gpu attn embed=0.000s(0%) norm=0.000s(2%) qkv=0.004s(39%) rope=0.001s(5%) kvcopy=0.000s(1%) attn.swa=0.001s(9%) attn.full=0.000s(2%) oproj=0.002s(22%) post=0.002s(20%) total=0.010s]
[prefill host enc.front=0.002s(6%) wait.front=0.022s(65%) drain=0.000s(1%) route=0.000s(1%) meta=0.000s(0%) fetch=0.004s(13%) enc.moe=0.000s(1%) tail=0.000s(0%) head=0.004s(11%) other=0.000s(1%) call=0.033s | tiles=61 ahead=61 experts=296 miss=6 io=0.004s 4.6GB/s]
[prefill gpuq busy=0.028s(85%) idle=0.005s(15%) span=0.033s buffers=333]
[prefill gpu attn=0.010s(37%) shared=0.003s(12%) moe=0.010s(36%) tail=0.001s(3%) head=0.003s(12%) total=0.028s]
[prefill gpu attn embed=0.000s(0%) norm=0.000s(2%) qkv=0.004s(39%) rope=0.001s(5%) kvcopy=0.000s(1%) attn.swa=0.001s(9%) attn.full=0.000s(2%) oproj=0.002s(22%) post=0.002s(20%) total=0.010s]
[prefill host enc.front=0.002s(6%) wait.front=0.023s(70%) drain=0.000s(1%) route=0.000s(1%) meta=0.000s(0%) fetch=0.003s(9%) enc.moe=0.000s(1%) tail=0.000s(0%) head=0.004s(11%) other=0.000s(1%) call=0.033s | tiles=60 ahead=60 experts=297 miss=5 io=0.003s 6.0GB/s]
[prefill gpuq busy=0.028s(86%) idle=0.004s(14%) span=0.033s buffers=332]
[prefill gpu attn=0.010s(36%) shared=0.003s(12%) moe=0.010s(37%) tail=0.001s(2%) head=0.003s(12%) total=0.028s]
[prefill gpu attn embed=0.000s(0%) norm=0.000s(2%) qkv=0.004s(39%) rope=0.001s(5%) kvcopy=0.000s(1%) attn.swa=0.001s(9%) attn.full=0.000s(2%) oproj=0.002s(22%) post=0.002s(20%) total=0.010s]
[prefill host enc.front=0.002s(6%) wait.front=0.023s(74%) drain=0.000s(2%) route=0.000s(1%) meta=0.000s(0%) fetch=0.001s(3%) enc.moe=0.000s(1%) tail=0.000s(0%) head=0.004s(12%) other=0.000s(1%) call=0.031s | tiles=60 ahead=60 experts=306 miss=4 io=0.001s 13.7GB/s]
[prefill gpuq busy=0.028s(91%) idle=0.003s(9%) span=0.031s buffers=332]
[prefill gpu attn=0.010s(35%) shared=0.003s(12%) moe=0.012s(39%) tail=0.001s(3%) head=0.004s(12%) total=0.030s]
[prefill gpu attn embed=0.000s(0%) norm=0.000s(2%) qkv=0.004s(39%) rope=0.001s(5%) kvcopy=0.000s(1%) attn.swa=0.001s(9%) attn.full=0.000s(2%) oproj=0.002s(22%) post=0.002s(20%) total=0.010s]
[prefill host enc.front=0.002s(5%) wait.front=0.023s(57%) drain=0.001s(1%) route=0.000s(1%) meta=0.000s(0%) fetch=0.009s(23%) enc.moe=0.001s(1%) tail=0.000s(0%) head=0.004s(9%) other=0.000s(1%) call=0.040s | tiles=66 ahead=66 experts=322 miss=18 io=0.009s 6.7GB/s]
[prefill gpuq busy=0.030s(76%) idle=0.010s(24%) span=0.039s buffers=338]
[prefill gpu attn=0.011s(35%) shared=0.003s(12%) moe=0.011s(39%) tail=0.001s(2%) head=0.003s(12%) total=0.030s]
[prefill gpu attn embed=0.000s(0%) norm=0.000s(3%) qkv=0.004s(39%) rope=0.001s(5%) kvcopy=0.000s(1%) attn.swa=0.001s(9%) attn.full=0.000s(2%) oproj=0.002s(22%) post=0.002s(20%) total=0.011s]
[prefill host enc.front=0.002s(5%) wait.front=0.022s(54%) drain=0.000s(1%) route=0.000s(0%) meta=0.000s(0%) fetch=0.012s(29%) enc.moe=0.000s(1%) tail=0.000s(0%) head=0.004s(9%) other=0.000s(1%) call=0.041s | tiles=67 ahead=67 experts=335 miss=9 io=0.012s 2.6GB/s]
[prefill gpuq busy=0.030s(72%) idle=0.012s(28%) span=0.041s buffers=339]
[prefill gpu attn=0.010s(35%) shared=0.003s(12%) moe=0.012s(39%) tail=0.001s(2%) head=0.003s(12%) total=0.030s]
[prefill gpu attn embed=0.000s(0%) norm=0.000s(3%) qkv=0.004s(39%) rope=0.001s(5%) kvcopy=0.000s(1%) attn.swa=0.001s(9%) attn.full=0.000s(2%) oproj=0.002s(21%) post=0.002s(20%) total=0.010s]
[prefill host enc.front=0.002s(5%) wait.front=0.023s(60%) drain=0.000s(1%) route=0.000s(0%) meta=0.000s(0%) fetch=0.008s(22%) enc.moe=0.000s(1%) tail=0.000s(0%) head=0.004s(9%) other=0.000s(1%) call=0.038s | tiles=68 ahead=68 experts=337 miss=9 io=0.008s 3.7GB/s]
[prefill gpuq busy=0.030s(78%) idle=0.008s(22%) span=0.038s buffers=340]
[prefill gpu attn=0.010s(35%) shared=0.003s(12%) moe=0.012s(39%) tail=0.001s(2%) head=0.003s(11%) total=0.030s]
[prefill gpu attn embed=0.000s(0%) norm=0.000s(3%) qkv=0.004s(39%) rope=0.001s(5%) kvcopy=0.000s(1%) attn.swa=0.001s(10%) attn.full=0.000s(2%) oproj=0.002s(21%) post=0.002s(20%) total=0.010s]
[prefill host enc.front=0.002s(4%) wait.front=0.023s(53%) drain=0.000s(1%) route=0.000s(0%) meta=0.000s(0%) fetch=0.013s(30%) enc.moe=0.000s(1%) tail=0.000s(0%) head=0.004s(8%) other=0.000s(1%) call=0.043s | tiles=66 ahead=66 experts=345 miss=9 io=0.013s 2.4GB/s]
[prefill gpuq busy=0.030s(70%) idle=0.013s(30%) span=0.042s buffers=338]
[prefill gpu attn=0.010s(35%) shared=0.003s(12%) moe=0.012s(39%) tail=0.001s(3%) head=0.004s(12%) total=0.030s]
[prefill gpu attn embed=0.000s(0%) norm=0.000s(2%) qkv=0.004s(39%) rope=0.000s(5%) kvcopy=0.000s(1%) attn.swa=0.001s(10%) attn.full=0.000s(2%) oproj=0.002s(22%) post=0.002s(20%) total=0.010s]
[prefill host enc.front=0.002s(4%) wait.front=0.026s(56%) drain=0.002s(4%) route=0.000s(0%) meta=0.000s(0%) fetch=0.012s(26%) enc.moe=0.000s(1%) tail=0.000s(0%) head=0.004s(8%) other=0.000s(1%) call=0.046s | tiles=66 ahead=66 experts=338 miss=7 io=0.012s 2.1GB/s]
[prefill gpuq busy=0.030s(65%) idle=0.016s(35%) span=0.046s buffers=338]
[prefill gpu attn=0.010s(36%) shared=0.004s(12%) moe=0.011s(38%) tail=0.001s(2%) head=0.003s(12%) total=0.029s]
[prefill gpu attn embed=0.000s(0%) norm=0.000s(3%) qkv=0.004s(39%) rope=0.001s(5%) kvcopy=0.000s(1%) attn.swa=0.001s(10%) attn.full=0.000s(2%) oproj=0.002s(22%) post=0.002s(20%) total=0.010s]
[prefill host enc.front=0.002s(5%) wait.front=0.022s(57%) drain=0.001s(1%) route=0.000s(0%) meta=0.000s(0%) fetch=0.009s(24%) enc.moe=0.000s(1%) tail=0.000s(0%) head=0.004s(10%) other=0.000s(1%) call=0.038s | tiles=67 ahead=67 experts=330 miss=8 io=0.009s 3.0GB/s]
[prefill gpuq busy=0.029s(77%) idle=0.009s(23%) span=0.038s buffers=339]
[prefill gpu attn=0.011s(37%) shared=0.004s(13%) moe=0.011s(36%) tail=0.001s(3%) head=0.003s(12%) total=0.029s]
[prefill gpu attn embed=0.000s(0%) norm=0.000s(2%) qkv=0.004s(39%) rope=0.001s(5%) kvcopy=0.000s(1%) attn.swa=0.001s(10%) attn.full=0.000s(2%) oproj=0.002s(21%) post=0.002s(20%) total=0.011s]
[prefill host enc.front=0.002s(5%) wait.front=0.024s(64%) drain=0.000s(1%) route=0.000s(0%) meta=0.000s(0%) fetch=0.006s(17%) enc.moe=0.000s(1%) tail=0.000s(0%) head=0.004s(10%) other=0.000s(1%) call=0.037s | tiles=64 ahead=64 experts=302 miss=5 io=0.006s 2.7GB/s]
[prefill gpuq busy=0.029s(79%) idle=0.008s(21%) span=0.037s buffers=336]
[prefill gpu attn=0.010s(37%) shared=0.003s(12%) moe=0.010s(36%) tail=0.001s(3%) head=0.003s(12%) total=0.028s]
[prefill gpu attn embed=0.000s(0%) norm=0.000s(3%) qkv=0.004s(39%) rope=0.001s(5%) kvcopy=0.000s(1%) attn.swa=0.001s(10%) attn.full=0.000s(2%) oproj=0.002s(21%) post=0.002s(20%) total=0.010s]
[prefill host enc.front=0.002s(6%) wait.front=0.022s(67%) drain=0.000s(1%) route=0.000s(1%) meta=0.000s(0%) fetch=0.004s(11%) enc.moe=0.000s(1%) tail=0.000s(0%) head=0.004s(11%) other=0.000s(1%) call=0.032s | tiles=58 ahead=58 experts=289 miss=10 io=0.004s 9.8GB/s]
[prefill gpuq busy=0.028s(88%) idle=0.004s(12%) span=0.032s buffers=330]
[prefill gpu attn=0.010s(37%) shared=0.003s(12%) moe=0.010s(36%) tail=0.001s(2%) head=0.004s(13%) total=0.028s]
[prefill gpu attn embed=0.000s(0%) norm=0.000s(2%) qkv=0.004s(39%) rope=0.001s(5%) kvcopy=0.000s(1%) attn.swa=0.001s(10%) attn.full=0.000s(2%) oproj=0.002s(21%) post=0.002s(20%) total=0.010s]
[prefill host enc.front=0.002s(6%) wait.front=0.023s(75%) drain=0.000s(2%) route=0.000s(1%) meta=0.000s(0%) fetch=0.001s(2%) enc.moe=0.000s(1%) tail=0.000s(0%) head=0.004s(12%) other=0.000s(1%) call=0.031s | tiles=57 ahead=57 experts=305 miss=2 io=0.001s 10.7GB/s]
[prefill gpuq busy=0.028s(94%) idle=0.002s(6%) span=0.030s buffers=329]
[prefill gpu attn=0.011s(37%) shared=0.003s(12%) moe=0.010s(37%) tail=0.001s(3%) head=0.003s(12%) total=0.028s]
[prefill gpu attn embed=0.000s(0%) norm=0.000s(2%) qkv=0.004s(39%) rope=0.001s(6%) kvcopy=0.000s(1%) attn.swa=0.001s(10%) attn.full=0.000s(2%) oproj=0.002s(21%) post=0.002s(20%) total=0.011s]
[prefill host enc.front=0.002s(6%) wait.front=0.021s(64%) drain=0.000s(1%) route=0.000s(1%) meta=0.000s(0%) fetch=0.005s(16%) enc.moe=0.000s(1%) tail=0.000s(0%) head=0.004s(11%) other=0.000s(1%) call=0.033s | tiles=63 ahead=63 experts=299 miss=6 io=0.005s 4.0GB/s]
[prefill gpuq busy=0.028s(85%) idle=0.005s(15%) span=0.033s buffers=335]
[prefill gpu attn=0.010s(36%) shared=0.003s(12%) moe=0.011s(38%) tail=0.001s(3%) head=0.003s(12%) total=0.029s]
[prefill gpu attn embed=0.000s(0%) norm=0.000s(3%) qkv=0.004s(39%) rope=0.001s(5%) kvcopy=0.000s(1%) attn.swa=0.001s(10%) attn.full=0.000s(2%) oproj=0.002s(21%) post=0.002s(20%) total=0.010s]
[prefill host enc.front=0.002s(5%) wait.front=0.024s(71%) drain=0.001s(2%) route=0.000s(0%) meta=0.000s(0%) fetch=0.003s(8%) enc.moe=0.000s(1%) tail=0.000s(0%) head=0.004s(10%) other=0.000s(1%) call=0.034s | tiles=63 ahead=63 experts=321 miss=5 io=0.003s 6.0GB/s]
[prefill gpuq busy=0.029s(84%) idle=0.006s(16%) span=0.034s buffers=335]
[prefill gpu attn=0.010s(35%) shared=0.003s(11%) moe=0.012s(40%) tail=0.001s(2%) head=0.003s(11%) total=0.030s]
[prefill gpu attn embed=0.000s(0%) norm=0.000s(2%) qkv=0.004s(39%) rope=0.001s(5%) kvcopy=0.000s(1%) attn.swa=0.001s(10%) attn.full=0.000s(2%) oproj=0.002s(21%) post=0.002s(20%) total=0.010s]
[prefill host enc.front=0.002s(6%) wait.front=0.023s(68%) drain=0.000s(1%) route=0.000s(1%) meta=0.000s(0%) fetch=0.004s(12%) enc.moe=0.000s(1%) tail=0.000s(0%) head=0.004s(11%) other=0.000s(1%) call=0.034s | tiles=65 ahead=65 experts=350 miss=7 io=0.004s 6.1GB/s]
[prefill gpuq busy=0.030s(88%) idle=0.004s(12%) span=0.034s buffers=337]
[prefill gpu attn=0.011s(36%) shared=0.003s(12%) moe=0.011s(38%) tail=0.001s(3%) head=0.003s(12%) total=0.029s]
[prefill gpu attn embed=0.000s(0%) norm=0.000s(3%) qkv=0.004s(39%) rope=0.001s(5%) kvcopy=0.000s(1%) attn.swa=0.001s(10%) attn.full=0.000s(2%) oproj=0.002s(22%) post=0.002s(20%) total=0.011s]
[prefill host enc.front=0.002s(4%) wait.front=0.024s(53%) drain=0.001s(2%) route=0.000s(0%) meta=0.000s(0%) fetch=0.014s(30%) enc.moe=0.001s(1%) tail=0.000s(0%) head=0.004s(8%) other=0.000s(1%) call=0.046s | tiles=66 ahead=66 experts=305 miss=18 io=0.014s 4.5GB/s]
[prefill gpuq busy=0.029s(64%) idle=0.016s(36%) span=0.045s buffers=338]
[prefill gpu attn=0.011s(35%) shared=0.003s(11%) moe=0.012s(39%) tail=0.001s(2%) head=0.003s(11%) total=0.030s]
[prefill gpu attn embed=0.000s(0%) norm=0.000s(2%) qkv=0.004s(39%) rope=0.001s(5%) kvcopy=0.000s(1%) attn.swa=0.001s(10%) attn.full=0.000s(2%) oproj=0.002s(21%) post=0.002s(20%) total=0.011s]
[prefill host enc.front=0.002s(4%) wait.front=0.025s(53%) drain=0.000s(1%) route=0.000s(0%) meta=0.000s(0%) fetch=0.015s(32%) enc.moe=0.001s(1%) tail=0.000s(0%) head=0.004s(8%) other=0.000s(1%) call=0.047s | tiles=67 ahead=67 experts=349 miss=10 io=0.015s 2.3GB/s]
[prefill gpuq busy=0.030s(65%) idle=0.017s(35%) span=0.047s buffers=339]
[prefill gpu attn=0.011s(35%) shared=0.003s(11%) moe=0.012s(40%) tail=0.001s(3%) head=0.003s(11%) total=0.030s]
[prefill gpu attn embed=0.000s(0%) norm=0.000s(3%) qkv=0.004s(38%) rope=0.001s(5%) kvcopy=0.000s(1%) attn.swa=0.001s(10%) attn.full=0.000s(2%) oproj=0.002s(22%) post=0.002s(20%) total=0.011s]
[prefill host enc.front=0.002s(4%) wait.front=0.032s(65%) drain=0.000s(1%) route=0.000s(0%) meta=0.000s(0%) fetch=0.010s(21%) enc.moe=0.001s(1%) tail=0.000s(0%) head=0.004s(7%) other=0.000s(1%) call=0.050s | tiles=63 ahead=63 experts=326 miss=14 io=0.010s 4.6GB/s]
[prefill gpuq busy=0.030s(61%) idle=0.020s(39%) span=0.050s buffers=335]
[prefill gpu attn=0.011s(34%) shared=0.003s(11%) moe=0.013s(41%) tail=0.001s(2%) head=0.004s(11%) total=0.031s]
[prefill gpu attn embed=0.000s(0%) norm=0.000s(3%) qkv=0.004s(39%) rope=0.001s(5%) kvcopy=0.000s(1%) attn.swa=0.001s(10%) attn.full=0.000s(2%) oproj=0.002s(22%) post=0.002s(20%) total=0.011s]
[prefill host enc.front=0.002s(5%) wait.front=0.027s(63%) drain=0.001s(2%) route=0.000s(0%) meta=0.000s(0%) fetch=0.008s(19%) enc.moe=0.001s(1%) tail=0.000s(0%) head=0.004s(9%) other=0.000s(1%) call=0.042s | tiles=68 ahead=68 experts=366 miss=10 io=0.008s 4.2GB/s]
[prefill gpuq busy=0.031s(73%) idle=0.011s(27%) span=0.042s buffers=340]
[prefill gpu attn=0.010s(35%) shared=0.003s(12%) moe=0.011s(39%) tail=0.001s(2%) head=0.003s(12%) total=0.029s]
[prefill gpu attn embed=0.000s(0%) norm=0.000s(3%) qkv=0.004s(39%) rope=0.000s(4%) kvcopy=0.000s(1%) attn.swa=0.001s(10%) attn.full=0.000s(2%) oproj=0.002s(22%) post=0.002s(20%) total=0.010s]
[prefill host enc.front=0.002s(5%) wait.front=0.024s(66%) drain=0.000s(1%) route=0.000s(1%) meta=0.000s(0%) fetch=0.005s(15%) enc.moe=0.001s(1%) tail=0.000s(0%) head=0.004s(10%) other=0.000s(1%) call=0.037s | tiles=66 ahead=66 experts=331 miss=10 io=0.006s 6.3GB/s]
[prefill gpuq busy=0.029s(80%) idle=0.008s(20%) span=0.037s buffers=338]
[prefill gpu attn=0.010s(35%) shared=0.003s(11%) moe=0.012s(40%) tail=0.001s(2%) head=0.003s(11%) total=0.030s]
[prefill gpu attn embed=0.000s(0%) norm=0.000s(3%) qkv=0.004s(39%) rope=0.001s(5%) kvcopy=0.000s(1%) attn.swa=0.001s(10%) attn.full=0.000s(2%) oproj=0.002s(21%) post=0.002s(20%) total=0.010s]
[prefill host enc.front=0.002s(6%) wait.front=0.023s(64%) drain=0.000s(1%) route=0.000s(1%) meta=0.000s(0%) fetch=0.005s(15%) enc.moe=0.001s(1%) tail=0.000s(0%) head=0.004s(10%) other=0.000s(1%) call=0.035s | tiles=67 ahead=67 experts=360 miss=10 io=0.006s 6.2GB/s]
[prefill gpuq busy=0.030s(85%) idle=0.005s(15%) span=0.035s buffers=339]
[prefill gpu attn=0.010s(36%) shared=0.003s(12%) moe=0.011s(37%) tail=0.001s(3%) head=0.003s(12%) total=0.029s]
[prefill gpu attn embed=0.000s(0%) norm=0.000s(2%) qkv=0.004s(39%) rope=0.000s(5%) kvcopy=0.000s(1%) attn.swa=0.001s(10%) attn.full=0.000s(2%) oproj=0.002s(21%) post=0.002s(20%) total=0.010s]
[prefill host enc.front=0.002s(6%) wait.front=0.023s(66%) drain=0.001s(3%) route=0.000s(1%) meta=0.000s(0%) fetch=0.004s(12%) enc.moe=0.000s(1%) tail=0.000s(0%) head=0.004s(11%) other=0.000s(1%) call=0.035s | tiles=63 ahead=63 experts=314 miss=7 io=0.004s 6.0GB/s]
[prefill gpuq busy=0.029s(84%) idle=0.006s(16%) span=0.034s buffers=335]
[prefill gpu attn=0.011s(36%) shared=0.004s(12%) moe=0.011s(37%) tail=0.001s(3%) head=0.004s(13%) total=0.030s]
[prefill gpu attn embed=0.000s(0%) norm=0.000s(2%) qkv=0.004s(39%) rope=0.001s(5%) kvcopy=0.000s(1%) attn.swa=0.001s(10%) attn.full=0.000s(2%) oproj=0.002s(22%) post=0.002s(20%) total=0.011s]
[prefill host enc.front=0.002s(4%) wait.front=0.023s(52%) drain=0.001s(1%) route=0.000s(0%) meta=0.000s(0%) fetch=0.014s(31%) enc.moe=0.000s(1%) tail=0.000s(0%) head=0.004s(9%) other=0.000s(1%) call=0.044s | tiles=63 ahead=63 experts=310 miss=10 io=0.014s 2.5GB/s]
[prefill gpuq busy=0.030s(68%) idle=0.014s(32%) span=0.044s buffers=335]
[prefill gpu attn=0.010s(36%) shared=0.003s(12%) moe=0.011s(37%) tail=0.001s(2%) head=0.003s(12%) total=0.029s]
[prefill gpu attn embed=0.000s(0%) norm=0.000s(3%) qkv=0.004s(39%) rope=0.001s(5%) kvcopy=0.000s(1%) attn.swa=0.001s(10%) attn.full=0.000s(2%) oproj=0.002s(21%) post=0.002s(20%) total=0.010s]
[prefill host enc.front=0.002s(5%) wait.front=0.023s(66%) drain=0.001s(3%) route=0.000s(0%) meta=0.000s(0%) fetch=0.004s(12%) enc.moe=0.000s(1%) tail=0.000s(0%) head=0.004s(10%) other=0.000s(1%) call=0.035s | tiles=63 ahead=63 experts=317 miss=6 io=0.004s 4.8GB/s]
[prefill gpuq busy=0.029s(83%) idle=0.006s(17%) span=0.035s buffers=335]
[prefill gpu attn=0.010s(36%) shared=0.003s(12%) moe=0.011s(38%) tail=0.001s(2%) head=0.003s(12%) total=0.029s]
[prefill gpu attn embed=0.000s(0%) norm=0.000s(2%) qkv=0.004s(39%) rope=0.000s(5%) kvcopy=0.000s(1%) attn.swa=0.001s(10%) attn.full=0.000s(2%) oproj=0.002s(21%) post=0.002s(20%) total=0.010s]
[prefill host enc.front=0.002s(5%) wait.front=0.023s(58%) drain=0.001s(1%) route=0.000s(0%) meta=0.000s(0%) fetch=0.010s(24%) enc.moe=0.001s(1%) tail=0.000s(0%) head=0.004s(9%) other=0.000s(1%) call=0.040s | tiles=66 ahead=66 experts=306 miss=13 io=0.010s 4.6GB/s]
[prefill gpuq busy=0.029s(71%) idle=0.012s(29%) span=0.040s buffers=338]
[prefill gpu attn=0.010s(36%) shared=0.003s(12%) moe=0.011s(38%) tail=0.001s(2%) head=0.003s(12%) total=0.029s]
[prefill gpu attn embed=0.000s(0%) norm=0.000s(3%) qkv=0.004s(38%) rope=0.001s(5%) kvcopy=0.000s(1%) attn.swa=0.001s(10%) attn.full=0.000s(2%) oproj=0.002s(21%) post=0.002s(20%) total=0.010s]
[prefill host enc.front=0.002s(5%) wait.front=0.022s(60%) drain=0.000s(1%) route=0.000s(0%) meta=0.000s(0%) fetch=0.007s(21%) enc.moe=0.000s(1%) tail=0.000s(0%) head=0.004s(10%) other=0.000s(1%) call=0.036s | tiles=67 ahead=67 experts=318 miss=15 io=0.008s 6.9GB/s]
[prefill gpuq busy=0.029s(81%) idle=0.007s(19%) span=0.036s buffers=339]
[prefill gpu attn=0.010s(36%) shared=0.003s(12%) moe=0.011s(37%) tail=0.001s(2%) head=0.003s(12%) total=0.029s]
[prefill gpu attn embed=0.000s(0%) norm=0.000s(3%) qkv=0.004s(38%) rope=0.000s(5%) kvcopy=0.000s(1%) attn.swa=0.001s(10%) attn.full=0.000s(2%) oproj=0.002s(22%) post=0.002s(20%) total=0.010s]
[prefill host enc.front=0.002s(6%) wait.front=0.023s(68%) drain=0.000s(1%) route=0.000s(1%) meta=0.000s(0%) fetch=0.004s(11%) enc.moe=0.000s(1%) tail=0.000s(0%) head=0.004s(11%) other=0.000s(1%) call=0.034s | tiles=64 ahead=64 experts=317 miss=6 io=0.004s 5.6GB/s]
[prefill gpuq busy=0.029s(86%) idle=0.005s(14%) span=0.033s buffers=336]
[prefill gpu attn=0.010s(37%) shared=0.004s(13%) moe=0.010s(35%) tail=0.001s(2%) head=0.003s(12%) total=0.028s]
[prefill gpu attn embed=0.000s(0%) norm=0.000s(3%) qkv=0.004s(38%) rope=0.001s(5%) kvcopy=0.000s(1%) attn.swa=0.001s(10%) attn.full=0.000s(2%) oproj=0.002s(21%) post=0.002s(21%) total=0.010s]
[prefill host enc.front=0.002s(6%) wait.front=0.023s(75%) drain=0.000s(1%) route=0.000s(1%) meta=0.000s(0%) fetch=0.001s(2%) enc.moe=0.000s(1%) tail=0.000s(0%) head=0.004s(12%) other=0.000s(1%) call=0.030s | tiles=55 ahead=55 experts=297 miss=2 io=0.001s 10.2GB/s]
[prefill gpuq busy=0.028s(92%) idle=0.002s(8%) span=0.030s buffers=327]
[prefill gpu attn=0.010s(37%) shared=0.003s(12%) moe=0.010s(37%) tail=0.001s(3%) head=0.003s(12%) total=0.028s]
[prefill gpu attn embed=0.000s(0%) norm=0.000s(2%) qkv=0.004s(39%) rope=0.001s(5%) kvcopy=0.000s(1%) attn.swa=0.001s(10%) attn.full=0.000s(2%) oproj=0.002s(21%) post=0.002s(20%) total=0.010s]
[prefill host enc.front=0.002s(5%) wait.front=0.023s(61%) drain=0.001s(3%) route=0.000s(0%) meta=0.000s(0%) fetch=0.007s(19%) enc.moe=0.000s(1%) tail=0.000s(0%) head=0.004s(9%) other=0.000s(1%) call=0.038s | tiles=63 ahead=63 experts=298 miss=11 io=0.007s 5.1GB/s]
[prefill gpuq busy=0.028s(76%) idle=0.009s(24%) span=0.038s buffers=335]
[prefill gpu attn=0.010s(36%) shared=0.003s(12%) moe=0.011s(38%) tail=0.001s(2%) head=0.003s(12%) total=0.029s]
[prefill gpu attn embed=0.000s(0%) norm=0.000s(2%) qkv=0.004s(39%) rope=0.000s(5%) kvcopy=0.000s(1%) attn.swa=0.001s(10%) attn.full=0.000s(2%) oproj=0.002s(22%) post=0.002s(20%) total=0.010s]
[prefill host enc.front=0.002s(5%) wait.front=0.026s(68%) drain=0.000s(1%) route=0.000s(0%) meta=0.000s(0%) fetch=0.005s(14%) enc.moe=0.000s(1%) tail=0.000s(0%) head=0.004s(9%) other=0.000s(1%) call=0.038s | tiles=62 ahead=62 experts=321 miss=3 io=0.005s 1.9GB/s]
[prefill gpuq busy=0.029s(76%) idle=0.009s(24%) span=0.038s buffers=334]
[prefill gpu attn=0.010s(37%) shared=0.003s(12%) moe=0.010s(36%) tail=0.001s(3%) head=0.003s(12%) total=0.028s]
[prefill gpu attn embed=0.000s(0%) norm=0.000s(2%) qkv=0.004s(38%) rope=0.001s(5%) kvcopy=0.000s(1%) attn.swa=0.001s(10%) attn.full=0.000s(2%) oproj=0.002s(21%) post=0.002s(20%) total=0.010s]
[prefill host enc.front=0.002s(6%) wait.front=0.023s(71%) drain=0.000s(1%) route=0.000s(0%) meta=0.000s(0%) fetch=0.003s(9%) enc.moe=0.000s(1%) tail=0.000s(0%) head=0.004s(11%) other=0.000s(1%) call=0.032s | tiles=58 ahead=58 experts=291 miss=4 io=0.003s 5.0GB/s]
[prefill gpuq busy=0.028s(86%) idle=0.004s(14%) span=0.032s buffers=330]
[prefill gpu attn=0.011s(36%) shared=0.003s(12%) moe=0.011s(38%) tail=0.001s(3%) head=0.003s(12%) total=0.029s]
[prefill gpu attn embed=0.000s(0%) norm=0.000s(3%) qkv=0.004s(38%) rope=0.001s(5%) kvcopy=0.000s(1%) attn.swa=0.001s(10%) attn.full=0.000s(2%) oproj=0.002s(21%) post=0.002s(20%) total=0.011s]
[prefill host enc.front=0.002s(5%) wait.front=0.023s(63%) drain=0.000s(1%) route=0.000s(0%) meta=0.000s(0%) fetch=0.007s(18%) enc.moe=0.000s(1%) tail=0.000s(0%) head=0.004s(10%) other=0.000s(1%) call=0.036s | tiles=65 ahead=65 experts=317 miss=7 io=0.007s 3.7GB/s]
[prefill gpuq busy=0.029s(80%) idle=0.007s(20%) span=0.036s buffers=337]
[prefill gpu attn=0.011s(37%) shared=0.003s(12%) moe=0.010s(36%) tail=0.001s(3%) head=0.003s(12%) total=0.028s]
[prefill gpu attn embed=0.000s(0%) norm=0.000s(2%) qkv=0.004s(38%) rope=0.001s(5%) kvcopy=0.000s(1%) attn.swa=0.001s(10%) attn.full=0.000s(2%) oproj=0.002s(21%) post=0.002s(21%) total=0.011s]
[prefill host enc.front=0.002s(5%) wait.front=0.023s(64%) drain=0.001s(2%) route=0.000s(0%) meta=0.000s(0%) fetch=0.005s(16%) enc.moe=0.000s(1%) tail=0.000s(0%) head=0.004s(10%) other=0.000s(1%) call=0.035s | tiles=63 ahead=63 experts=297 miss=6 io=0.006s 3.7GB/s]
[prefill gpuq busy=0.028s(81%) idle=0.007s(19%) span=0.035s buffers=335]
[prefill gpu attn=0.011s(36%) shared=0.003s(12%) moe=0.011s(37%) tail=0.001s(3%) head=0.003s(12%) total=0.029s]
[prefill gpu attn embed=0.000s(0%) norm=0.000s(2%) qkv=0.004s(38%) rope=0.001s(5%) kvcopy=0.000s(1%) attn.swa=0.001s(10%) attn.full=0.000s(2%) oproj=0.002s(21%) post=0.002s(20%) total=0.011s]
[prefill host enc.front=0.002s(5%) wait.front=0.024s(64%) drain=0.001s(1%) route=0.000s(0%) meta=0.000s(0%) fetch=0.006s(17%) enc.moe=0.000s(1%) tail=0.000s(0%) head=0.004s(10%) other=0.000s(1%) call=0.037s | tiles=64 ahead=64 experts=319 miss=5 io=0.006s 2.8GB/s]
[prefill gpuq busy=0.029s(78%) idle=0.008s(22%) span=0.037s buffers=336]
[prefill gpu attn=0.010s(37%) shared=0.003s(12%) moe=0.010s(37%) tail=0.001s(2%) head=0.003s(12%) total=0.028s]
[prefill gpu attn embed=0.000s(0%) norm=0.000s(3%) qkv=0.004s(39%) rope=0.001s(5%) kvcopy=0.000s(1%) attn.swa=0.001s(10%) attn.full=0.000s(2%) oproj=0.002s(21%) post=0.002s(20%) total=0.010s]
[prefill host enc.front=0.002s(6%) wait.front=0.022s(75%) drain=0.000s(2%) route=0.000s(1%) meta=0.000s(0%) fetch=0.001s(2%) enc.moe=0.000s(1%) tail=0.000s(0%) head=0.004s(12%) other=0.000s(1%) call=0.030s | tiles=59 ahead=59 experts=315 miss=1 io=0.001s 5.8GB/s]
[prefill gpuq busy=0.028s(95%) idle=0.002s(5%) span=0.030s buffers=331]
[prefill gpu attn=0.010s(36%) shared=0.003s(12%) moe=0.011s(38%) tail=0.001s(3%) head=0.003s(12%) total=0.029s]
[prefill gpu attn embed=0.000s(0%) norm=0.000s(2%) qkv=0.004s(38%) rope=0.001s(5%) kvcopy=0.000s(1%) attn.swa=0.001s(10%) attn.full=0.000s(2%) oproj=0.002s(22%) post=0.002s(20%) total=0.010s]
[prefill host enc.front=0.002s(5%) wait.front=0.022s(64%) drain=0.001s(2%) route=0.000s(1%) meta=0.000s(0%) fetch=0.005s(16%) enc.moe=0.000s(1%) tail=0.000s(0%) head=0.004s(10%) other=0.000s(1%) call=0.035s | tiles=64 ahead=64 experts=309 miss=13 io=0.005s 8.2GB/s]
[prefill gpuq busy=0.029s(83%) idle=0.006s(17%) span=0.035s buffers=336]
[prefill gpu attn=0.011s(37%) shared=0.003s(12%) moe=0.010s(36%) tail=0.001s(2%) head=0.003s(12%) total=0.028s]
[prefill gpu attn embed=0.000s(0%) norm=0.000s(2%) qkv=0.004s(39%) rope=0.001s(5%) kvcopy=0.000s(1%) attn.swa=0.001s(10%) attn.full=0.000s(2%) oproj=0.002s(21%) post=0.002s(20%) total=0.011s]
[prefill host enc.front=0.002s(5%) wait.front=0.024s(66%) drain=0.000s(1%) route=0.000s(0%) meta=0.000s(0%) fetch=0.005s(14%) enc.moe=0.000s(1%) tail=0.000s(0%) head=0.004s(10%) other=0.000s(1%) call=0.036s | tiles=60 ahead=60 experts=295 miss=8 io=0.005s 5.5GB/s]
[prefill gpuq busy=0.028s(80%) idle=0.007s(20%) span=0.035s buffers=332]
[prefill gpu attn=0.010s(35%) shared=0.003s(11%) moe=0.012s(39%) tail=0.001s(2%) head=0.004s(12%) total=0.030s]
[prefill gpu attn embed=0.000s(0%) norm=0.000s(3%) qkv=0.004s(38%) rope=0.001s(5%) kvcopy=0.000s(1%) attn.swa=0.001s(10%) attn.full=0.000s(2%) oproj=0.002s(21%) post=0.002s(20%) total=0.010s]
[prefill host enc.front=0.002s(5%) wait.front=0.023s(57%) drain=0.001s(1%) route=0.000s(0%) meta=0.000s(0%) fetch=0.010s(25%) enc.moe=0.000s(1%) tail=0.000s(0%) head=0.004s(9%) other=0.000s(1%) call=0.041s | tiles=65 ahead=65 experts=340 miss=12 io=0.010s 4.0GB/s]
[prefill gpuq busy=0.030s(74%) idle=0.011s(26%) span=0.041s buffers=337]
[prefill gpu attn=0.010s(34%) shared=0.003s(11%) moe=0.012s(40%) tail=0.001s(2%) head=0.004s(12%) total=0.030s]
[prefill gpu attn embed=0.000s(0%) norm=0.000s(2%) qkv=0.004s(39%) rope=0.000s(5%) kvcopy=0.000s(1%) attn.swa=0.001s(10%) attn.full=0.000s(2%) oproj=0.002s(21%) post=0.002s(20%) total=0.010s]
[prefill host enc.front=0.002s(5%) wait.front=0.023s(61%) drain=0.001s(2%) route=0.000s(0%) meta=0.000s(0%) fetch=0.007s(19%) enc.moe=0.001s(1%) tail=0.000s(0%) head=0.004s(10%) other=0.000s(1%) call=0.038s | tiles=67 ahead=67 experts=350 miss=9 io=0.007s 4.3GB/s]
[prefill gpuq busy=0.030s(81%) idle=0.007s(19%) span=0.038s buffers=339]
[prefill gpu attn=0.010s(36%) shared=0.003s(12%) moe=0.011s(38%) tail=0.001s(2%) head=0.003s(12%) total=0.029s]
[prefill gpu attn embed=0.000s(0%) norm=0.000s(3%) qkv=0.004s(38%) rope=0.001s(5%) kvcopy=0.000s(1%) attn.swa=0.001s(10%) attn.full=0.000s(2%) oproj=0.002s(21%) post=0.002s(20%) total=0.010s]
[prefill host enc.front=0.002s(6%) wait.front=0.021s(61%) drain=0.001s(3%) route=0.000s(1%) meta=0.000s(0%) fetch=0.006s(17%) enc.moe=0.000s(1%) tail=0.000s(0%) head=0.004s(10%) other=0.000s(1%) call=0.035s | tiles=65 ahead=65 experts=324 miss=14 io=0.006s 8.0GB/s]
[prefill gpuq busy=0.029s(84%) idle=0.005s(16%) span=0.035s buffers=337]
[prefill gpu attn=0.011s(35%) shared=0.003s(12%) moe=0.012s(39%) tail=0.001s(2%) head=0.003s(11%) total=0.030s]
[prefill gpu attn embed=0.000s(0%) norm=0.000s(2%) qkv=0.004s(38%) rope=0.001s(5%) kvcopy=0.000s(1%) attn.swa=0.001s(10%) attn.full=0.000s(2%) oproj=0.002s(21%) post=0.002s(20%) total=0.011s]
[prefill host enc.front=0.002s(5%) wait.front=0.022s(63%) drain=0.000s(1%) route=0.000s(0%) meta=0.000s(0%) fetch=0.006s(17%) enc.moe=0.000s(1%) tail=0.000s(0%) head=0.004s(10%) other=0.000s(1%) call=0.036s | tiles=66 ahead=66 experts=351 miss=7 io=0.006s 4.0GB/s]
[prefill gpuq busy=0.030s(84%) idle=0.006s(16%) span=0.035s buffers=338]
[prefill gpu attn=0.011s(34%) shared=0.003s(11%) moe=0.013s(41%) tail=0.001s(3%) head=0.003s(11%) total=0.031s]
[prefill gpu attn embed=0.000s(0%) norm=0.000s(3%) qkv=0.004s(38%) rope=0.001s(5%) kvcopy=0.000s(1%) attn.swa=0.001s(10%) attn.full=0.000s(2%) oproj=0.002s(21%) post=0.002s(20%) total=0.011s]
[prefill host enc.front=0.002s(5%) wait.front=0.025s(60%) drain=0.001s(1%) route=0.000s(0%) meta=0.000s(0%) fetch=0.009s(22%) enc.moe=0.001s(1%) tail=0.000s(0%) head=0.004s(9%) other=0.000s(1%) call=0.042s | tiles=67 ahead=67 experts=377 miss=14 io=0.009s 5.2GB/s]
[prefill gpuq busy=0.031s(75%) idle=0.010s(25%) span=0.042s buffers=339]
[prefill gpu attn=0.011s(36%) shared=0.003s(12%) moe=0.011s(38%) tail=0.001s(3%) head=0.003s(12%) total=0.030s]
[prefill gpu attn embed=0.000s(0%) norm=0.000s(2%) qkv=0.004s(38%) rope=0.001s(5%) kvcopy=0.000s(1%) attn.swa=0.001s(11%) attn.full=0.000s(2%) oproj=0.002s(21%) post=0.002s(20%) total=0.011s]
[prefill host enc.front=0.002s(6%) wait.front=0.024s(69%) drain=0.000s(1%) route=0.000s(1%) meta=0.000s(0%) fetch=0.004s(11%) enc.moe=0.001s(1%) tail=0.000s(0%) head=0.004s(10%) other=0.000s(1%) call=0.035s | tiles=66 ahead=66 experts=331 miss=6 io=0.004s 5.2GB/s]
[prefill gpuq busy=0.030s(84%) idle=0.006s(16%) span=0.035s buffers=338]
[prefill gpu attn=0.011s(36%) shared=0.003s(12%) moe=0.011s(38%) tail=0.001s(2%) head=0.003s(12%) total=0.029s]
[prefill gpu attn embed=0.000s(0%) norm=0.000s(3%) qkv=0.004s(38%) rope=0.001s(5%) kvcopy=0.000s(1%) attn.swa=0.001s(10%) attn.full=0.000s(2%) oproj=0.002s(21%) post=0.002s(20%) total=0.011s]
[prefill host enc.front=0.002s(5%) wait.front=0.023s(55%) drain=0.001s(1%) route=0.000s(0%) meta=0.000s(0%) fetch=0.011s(27%) enc.moe=0.001s(1%) tail=0.000s(0%) head=0.004s(9%) other=0.000s(1%) call=0.042s | tiles=68 ahead=68 experts=325 miss=13 io=0.012s 3.9GB/s]
[prefill gpuq busy=0.029s(70%) idle=0.012s(30%) span=0.042s buffers=340]
[prefill gpu attn=0.010s(36%) shared=0.003s(12%) moe=0.011s(39%) tail=0.001s(2%) head=0.003s(11%) total=0.029s]
[prefill gpu attn embed=0.000s(0%) norm=0.000s(2%) qkv=0.004s(38%) rope=0.001s(5%) kvcopy=0.000s(1%) attn.swa=0.001s(10%) attn.full=0.000s(2%) oproj=0.002s(21%) post=0.002s(20%) total=0.010s]
[prefill host enc.front=0.002s(5%) wait.front=0.024s(68%) drain=0.000s(1%) route=0.000s(0%) meta=0.000s(0%) fetch=0.004s(12%) enc.moe=0.000s(1%) tail=0.000s(0%) head=0.004s(10%) other=0.000s(1%) call=0.035s | tiles=64 ahead=64 experts=343 miss=5 io=0.004s 4.0GB/s]
[prefill gpuq busy=0.029s(85%) idle=0.005s(15%) span=0.035s buffers=336]
[prefill gpu attn=0.011s(37%) shared=0.003s(12%) moe=0.010s(36%) tail=0.001s(3%) head=0.003s(12%) total=0.028s]
[prefill gpu attn embed=0.000s(0%) norm=0.000s(2%) qkv=0.004s(39%) rope=0.001s(5%) kvcopy=0.000s(1%) attn.swa=0.001s(10%) attn.full=0.000s(2%) oproj=0.002s(21%) post=0.002s(20%) total=0.011s]
[prefill host enc.front=0.002s(6%) wait.front=0.022s(63%) drain=0.001s(2%) route=0.000s(1%) meta=0.000s(0%) fetch=0.005s(15%) enc.moe=0.000s(1%) tail=0.000s(0%) head=0.004s(11%) other=0.000s(1%) call=0.034s | tiles=60 ahead=60 experts=292 miss=8 io=0.005s 5.4GB/s]
[prefill gpuq busy=0.028s(84%) idle=0.005s(16%) span=0.034s buffers=332]
[prefill gpu attn=0.011s(37%) shared=0.003s(12%) moe=0.010s(37%) tail=0.001s(3%) head=0.003s(12%) total=0.029s]
[prefill gpu attn embed=0.000s(0%) norm=0.000s(3%) qkv=0.004s(38%) rope=0.001s(5%) kvcopy=0.000s(1%) attn.swa=0.001s(10%) attn.full=0.000s(2%) oproj=0.002s(21%) post=0.002s(20%) total=0.011s]
[prefill host enc.front=0.002s(6%) wait.front=0.024s(72%) drain=0.000s(2%) route=0.000s(0%) meta=0.000s(0%) fetch=0.002s(7%) enc.moe=0.000s(1%) tail=0.000s(0%) head=0.004s(11%) other=0.000s(1%) call=0.033s | tiles=62 ahead=62 experts=311 miss=3 io=0.002s 4.7GB/s]
[prefill gpuq busy=0.029s(88%) idle=0.004s(12%) span=0.033s buffers=334]
[prefill gpu attn=0.010s(37%) shared=0.003s(12%) moe=0.010s(36%) tail=0.001s(3%) head=0.003s(12%) total=0.028s]
[prefill gpu attn embed=0.000s(0%) norm=0.000s(2%) qkv=0.004s(38%) rope=0.001s(5%) kvcopy=0.000s(1%) attn.swa=0.001s(10%) attn.full=0.000s(2%) oproj=0.002s(21%) post=0.002s(20%) total=0.010s]
[prefill host enc.front=0.002s(6%) wait.front=0.023s(73%) drain=0.000s(2%) route=0.000s(1%) meta=0.000s(0%) fetch=0.002s(5%) enc.moe=0.000s(1%) tail=0.000s(0%) head=0.004s(11%) other=0.000s(1%) call=0.031s | tiles=62 ahead=62 experts=301 miss=3 io=0.002s 6.3GB/s]
[prefill gpuq busy=0.028s(90%) idle=0.003s(10%) span=0.031s buffers=334]
[prefill gpu attn=0.011s(37%) shared=0.003s(12%) moe=0.011s(36%) tail=0.001s(3%) head=0.004s(12%) total=0.029s]
[prefill gpu attn embed=0.000s(0%) norm=0.000s(2%) qkv=0.004s(38%) rope=0.001s(5%) kvcopy=0.000s(1%) attn.swa=0.001s(10%) attn.full=0.000s(2%) oproj=0.002s(21%) post=0.002s(20%) total=0.011s]
[prefill host enc.front=0.002s(5%) wait.front=0.022s(64%) drain=0.000s(1%) route=0.000s(0%) meta=0.000s(0%) fetch=0.006s(16%) enc.moe=0.000s(1%) tail=0.000s(0%) head=0.004s(11%) other=0.000s(1%) call=0.035s | tiles=63 ahead=63 experts=306 miss=6 io=0.006s 3.6GB/s]
[prefill gpuq busy=0.029s(83%) idle=0.006s(17%) span=0.035s buffers=335]
[prefill gpu attn=0.011s(37%) shared=0.003s(12%) moe=0.011s(37%) tail=0.001s(2%) head=0.003s(12%) total=0.029s]
[prefill gpu attn embed=0.000s(0%) norm=0.000s(2%) qkv=0.004s(38%) rope=0.001s(5%) kvcopy=0.000s(1%) attn.swa=0.001s(10%) attn.full=0.000s(2%) oproj=0.002s(21%) post=0.002s(20%) total=0.011s]
[prefill host enc.front=0.002s(5%) wait.front=0.024s(68%) drain=0.000s(1%) route=0.000s(0%) meta=0.000s(0%) fetch=0.004s(12%) enc.moe=0.000s(1%) tail=0.000s(0%) head=0.004s(10%) other=0.000s(1%) call=0.036s | tiles=60 ahead=60 experts=305 miss=8 io=0.004s 6.2GB/s]
[prefill gpuq busy=0.029s(81%) idle=0.007s(19%) span=0.036s buffers=332]
[prefill gpu attn=0.011s(36%) shared=0.003s(12%) moe=0.011s(38%) tail=0.001s(2%) head=0.003s(12%) total=0.029s]
[prefill gpu attn embed=0.000s(0%) norm=0.000s(2%) qkv=0.004s(38%) rope=0.001s(5%) kvcopy=0.000s(1%) attn.swa=0.001s(11%) attn.full=0.000s(2%) oproj=0.002s(21%) post=0.002s(20%) total=0.011s]
[prefill host enc.front=0.002s(5%) wait.front=0.023s(59%) drain=0.001s(1%) route=0.000s(1%) meta=0.000s(0%) fetch=0.008s(22%) enc.moe=0.001s(1%) tail=0.000s(0%) head=0.004s(9%) other=0.000s(1%) call=0.038s | tiles=65 ahead=65 experts=325 miss=10 io=0.008s 4.1GB/s]
[prefill gpuq busy=0.029s(76%) idle=0.009s(24%) span=0.038s buffers=337]
[prefill gpu attn=0.011s(36%) shared=0.003s(12%) moe=0.011s(38%) tail=0.001s(2%) head=0.004s(12%) total=0.029s]
[prefill gpu attn embed=0.000s(0%) norm=0.000s(3%) qkv=0.004s(38%) rope=0.001s(5%) kvcopy=0.000s(1%) attn.swa=0.001s(11%) attn.full=0.000s(2%) oproj=0.002s(21%) post=0.002s(20%) total=0.011s]
[prefill host enc.front=0.002s(6%) wait.front=0.023s(72%) drain=0.000s(1%) route=0.000s(1%) meta=0.000s(0%) fetch=0.002s(6%) enc.moe=0.000s(1%) tail=0.000s(0%) head=0.004s(12%) other=0.000s(1%) call=0.032s | tiles=61 ahead=61 experts=335 miss=5 io=0.002s 9.6GB/s]
[prefill gpuq busy=0.029s(92%) idle=0.002s(8%) span=0.032s buffers=333]
[prefill gpu attn=0.011s(38%) shared=0.003s(12%) moe=0.010s(35%) tail=0.001s(3%) head=0.003s(12%) total=0.028s]
[prefill gpu attn embed=0.000s(0%) norm=0.000s(3%) qkv=0.004s(39%) rope=0.001s(5%) kvcopy=0.000s(1%) attn.swa=0.001s(10%) attn.full=0.000s(2%) oproj=0.002s(21%) post=0.002s(20%) total=0.011s]
[prefill host enc.front=0.002s(6%) wait.front=0.024s(76%) drain=0.000s(1%) route=0.000s(1%) meta=0.000s(0%) fetch=0.001s(2%) enc.moe=0.000s(1%) tail=0.000s(0%) head=0.004s(11%) other=0.000s(1%) call=0.031s | tiles=59 ahead=59 experts=295 miss=1 io=0.001s 5.5GB/s]
[prefill gpuq busy=0.028s(90%) idle=0.003s(10%) span=0.031s buffers=331]
[prefill gpu attn=0.011s(36%) shared=0.003s(12%) moe=0.011s(37%) tail=0.001s(3%) head=0.003s(12%) total=0.029s]
[prefill gpu attn embed=0.000s(0%) norm=0.000s(3%) qkv=0.004s(39%) rope=0.001s(5%) kvcopy=0.000s(1%) attn.swa=0.001s(11%) attn.full=0.000s(2%) oproj=0.002s(21%) post=0.002s(19%) total=0.011s]
[prefill host enc.front=0.002s(5%) wait.front=0.023s(60%) drain=0.000s(1%) route=0.000s(0%) meta=0.000s(0%) fetch=0.008s(21%) enc.moe=0.000s(1%) tail=0.000s(0%) head=0.004s(10%) other=0.000s(1%) call=0.038s | tiles=65 ahead=65 experts=320 miss=7 io=0.008s 3.1GB/s]
[prefill gpuq busy=0.029s(78%) idle=0.008s(22%) span=0.038s buffers=337]
[prefill gpu attn=0.011s(36%) shared=0.004s(13%) moe=0.012s(38%) tail=0.001s(2%) head=0.003s(11%) total=0.032s]
[prefill gpu attn embed=0.000s(0%) norm=0.000s(2%) qkv=0.004s(39%) rope=0.001s(5%) kvcopy=0.000s(1%) attn.swa=0.001s(11%) attn.full=0.000s(2%) oproj=0.002s(22%) post=0.002s(19%) total=0.011s]
[prefill host enc.front=0.002s(5%) wait.front=0.027s(64%) drain=0.001s(2%) route=0.000s(0%) meta=0.000s(0%) fetch=0.007s(17%) enc.moe=0.001s(1%) tail=0.000s(0%) head=0.004s(8%) other=0.000s(1%) call=0.042s | tiles=61 ahead=61 experts=315 miss=10 io=0.007s 4.7GB/s]
[prefill gpuq busy=0.031s(75%) idle=0.011s(25%) span=0.042s buffers=333]
[prefill gpu attn=0.011s(37%) shared=0.003s(12%) moe=0.011s(37%) tail=0.001s(3%) head=0.003s(12%) total=0.029s]
[prefill gpu attn embed=0.000s(0%) norm=0.000s(2%) qkv=0.004s(38%) rope=0.001s(6%) kvcopy=0.000s(1%) attn.swa=0.001s(11%) attn.full=0.000s(2%) oproj=0.002s(21%) post=0.002s(20%) total=0.011s]
[prefill host enc.front=0.002s(6%) wait.front=0.023s(73%) drain=0.000s(1%) route=0.000s(1%) meta=0.000s(0%) fetch=0.002s(5%) enc.moe=0.000s(1%) tail=0.000s(0%) head=0.004s(12%) other=0.000s(1%) call=0.032s | tiles=61 ahead=61 experts=322 miss=3 io=0.002s 6.1GB/s]
[prefill gpuq busy=0.029s(92%) idle=0.002s(8%) span=0.031s buffers=333]
[prefill gpu attn=0.010s(38%) shared=0.003s(12%) moe=0.010s(35%) tail=0.001s(3%) head=0.003s(12%) total=0.028s]
[prefill gpu attn embed=0.000s(0%) norm=0.000s(2%) qkv=0.004s(38%) rope=0.001s(5%) kvcopy=0.000s(1%) attn.swa=0.001s(11%) attn.full=0.000s(2%) oproj=0.002s(21%) post=0.002s(20%) total=0.010s]
[prefill host enc.front=0.002s(6%) wait.front=0.022s(69%) drain=0.000s(1%) route=0.000s(1%) meta=0.000s(0%) fetch=0.003s(9%) enc.moe=0.000s(1%) tail=0.000s(0%) head=0.004s(11%) other=0.000s(1%) call=0.032s | tiles=54 ahead=54 experts=279 miss=8 io=0.003s 9.5GB/s]
[prefill gpuq busy=0.028s(88%) idle=0.004s(12%) span=0.031s buffers=326]
[prefill gpu attn=0.011s(37%) shared=0.003s(12%) moe=0.011s(36%) tail=0.001s(2%) head=0.004s(12%) total=0.029s]
[prefill gpu attn embed=0.000s(0%) norm=0.000s(2%) qkv=0.004s(38%) rope=0.001s(5%) kvcopy=0.000s(1%) attn.swa=0.001s(12%) attn.full=0.000s(2%) oproj=0.002s(21%) post=0.002s(20%) total=0.011s]
[prefill host enc.front=0.002s(5%) wait.front=0.023s(66%) drain=0.001s(1%) route=0.000s(0%) meta=0.000s(0%) fetch=0.005s(14%) enc.moe=0.000s(1%) tail=0.000s(0%) head=0.004s(11%) other=0.000s(1%) call=0.035s | tiles=63 ahead=63 experts=310 miss=5 io=0.005s 3.5GB/s]
[prefill gpuq busy=0.029s(82%) idle=0.006s(18%) span=0.035s buffers=335]
[prefill gpu attn=0.011s(37%) shared=0.003s(12%) moe=0.011s(37%) tail=0.001s(3%) head=0.003s(11%) total=0.029s]
[prefill gpu attn embed=0.000s(0%) norm=0.000s(3%) qkv=0.004s(38%) rope=0.001s(5%) kvcopy=0.000s(1%) attn.swa=0.001s(11%) attn.full=0.000s(2%) oproj=0.002s(21%) post=0.002s(20%) total=0.011s]
[prefill host enc.front=0.002s(5%) wait.front=0.022s(60%) drain=0.000s(1%) route=0.000s(0%) meta=0.000s(0%) fetch=0.008s(21%) enc.moe=0.000s(1%) tail=0.000s(0%) head=0.004s(10%) other=0.000s(1%) call=0.037s | tiles=65 ahead=65 experts=319 miss=8 io=0.008s 3.6GB/s]
[prefill gpuq busy=0.029s(79%) idle=0.008s(21%) span=0.037s buffers=337]
[prefill gpu attn=0.011s(36%) shared=0.003s(12%) moe=0.011s(38%) tail=0.001s(3%) head=0.004s(12%) total=0.030s]
[prefill gpu attn embed=0.000s(0%) norm=0.000s(2%) qkv=0.004s(38%) rope=0.001s(5%) kvcopy=0.000s(1%) attn.swa=0.001s(11%) attn.full=0.000s(2%) oproj=0.002s(21%) post=0.002s(20%) total=0.011s]
[prefill host enc.front=0.002s(4%) wait.front=0.028s(61%) drain=0.000s(1%) route=0.000s(0%) meta=0.000s(0%) fetch=0.010s(23%) enc.moe=0.000s(1%) tail=0.000s(0%) head=0.004s(8%) other=0.000s(1%) call=0.045s | tiles=62 ahead=62 experts=316 miss=10 io=0.011s 3.3GB/s]
[prefill gpuq busy=0.030s(66%) idle=0.016s(34%) span=0.045s buffers=334]
[prefill gpu attn=0.011s(35%) shared=0.003s(11%) moe=0.013s(41%) tail=0.001s(2%) head=0.003s(11%) total=0.031s]
[prefill gpu attn embed=0.000s(0%) norm=0.000s(2%) qkv=0.004s(37%) rope=0.001s(5%) kvcopy=0.000s(1%) attn.swa=0.001s(11%) attn.full=0.000s(2%) oproj=0.002s(21%) post=0.002s(21%) total=0.011s]
[prefill host enc.front=0.002s(5%) wait.front=0.027s(65%) drain=0.002s(4%) route=0.000s(0%) meta=0.000s(0%) fetch=0.006s(15%) enc.moe=0.001s(1%) tail=0.000s(0%) head=0.004s(9%) other=0.000s(1%) call=0.042s | tiles=67 ahead=67 experts=369 miss=10 io=0.006s 5.5GB/s]
[prefill gpuq busy=0.031s(75%) idle=0.010s(25%) span=0.041s buffers=339]
[prefill gpu attn=0.011s(34%) shared=0.003s(11%) moe=0.013s(42%) tail=0.001s(2%) head=0.003s(11%) total=0.031s]
[prefill gpu attn embed=0.000s(0%) norm=0.000s(2%) qkv=0.004s(38%) rope=0.001s(5%) kvcopy=0.000s(1%) attn.swa=0.001s(11%) attn.full=0.000s(2%) oproj=0.002s(21%) post=0.002s(20%) total=0.011s]
[prefill host enc.front=0.002s(5%) wait.front=0.026s(59%) drain=0.000s(1%) route=0.000s(0%) meta=0.000s(0%) fetch=0.011s(25%) enc.moe=0.001s(1%) tail=0.000s(0%) head=0.004s(8%) other=0.000s(1%) call=0.044s | tiles=68 ahead=68 experts=386 miss=13 io=0.011s 4.2GB/s]
[prefill gpuq busy=0.031s(72%) idle=0.012s(28%) span=0.043s buffers=340]
[prefill gpu attn=0.011s(38%) shared=0.003s(12%) moe=0.010s(36%) tail=0.001s(3%) head=0.003s(12%) total=0.028s]
[prefill gpu attn embed=0.000s(0%) norm=0.000s(2%) qkv=0.004s(38%) rope=0.001s(5%) kvcopy=0.000s(1%) attn.swa=0.001s(11%) attn.full=0.000s(2%) oproj=0.002s(21%) post=0.002s(20%) total=0.011s]
[prefill host enc.front=0.002s(5%) wait.front=0.022s(62%) drain=0.001s(3%) route=0.000s(0%) meta=0.000s(0%) fetch=0.006s(17%) enc.moe=0.000s(1%) tail=0.000s(0%) head=0.004s(10%) other=0.000s(1%) call=0.035s | tiles=57 ahead=57 experts=293 miss=7 io=0.006s 4.1GB/s]
[prefill gpuq busy=0.028s(82%) idle=0.006s(18%) span=0.034s buffers=329]
[prefill gpu attn=0.011s(37%) shared=0.003s(12%) moe=0.010s(36%) tail=0.001s(3%) head=0.003s(12%) total=0.029s]
[prefill gpu attn embed=0.000s(0%) norm=0.000s(2%) qkv=0.004s(38%) rope=0.001s(5%) kvcopy=0.000s(1%) attn.swa=0.001s(11%) attn.full=0.000s(2%) oproj=0.002s(21%) post=0.002s(20%) total=0.011s]
[prefill host enc.front=0.002s(5%) wait.front=0.024s(68%) drain=0.000s(1%) route=0.000s(0%) meta=0.000s(0%) fetch=0.004s(12%) enc.moe=0.000s(1%) tail=0.000s(0%) head=0.004s(10%) other=0.000s(1%) call=0.035s | tiles=61 ahead=61 experts=297 miss=7 io=0.004s 5.6GB/s]
[prefill gpuq busy=0.029s(82%) idle=0.006s(18%) span=0.035s buffers=333]
[prefill gpu attn=0.011s(36%) shared=0.004s(12%) moe=0.011s(36%) tail=0.001s(2%) head=0.004s(13%) total=0.030s]
[prefill gpu attn embed=0.000s(0%) norm=0.000s(2%) qkv=0.004s(38%) rope=0.000s(4%) kvcopy=0.000s(1%) attn.swa=0.001s(11%) attn.full=0.000s(2%) oproj=0.002s(22%) post=0.002s(20%) total=0.011s]
[prefill host enc.front=0.002s(6%) wait.front=0.024s(67%) drain=0.000s(1%) route=0.000s(1%) meta=0.000s(0%) fetch=0.004s(11%) enc.moe=0.001s(2%) tail=0.000s(0%) head=0.004s(12%) other=0.000s(1%) call=0.036s | tiles=60 ahead=60 experts=304 miss=2 io=0.004s 1.8GB/s]
[prefill gpuq busy=0.030s(83%) idle=0.006s(17%) span=0.036s buffers=332]
[prefill gpu attn=0.011s(38%) shared=0.004s(13%) moe=0.010s(35%) tail=0.001s(3%) head=0.003s(12%) total=0.028s]
[prefill gpu attn embed=0.000s(0%) norm=0.000s(2%) qkv=0.004s(38%) rope=0.001s(5%) kvcopy=0.000s(1%) attn.swa=0.001s(12%) attn.full=0.000s(2%) oproj=0.002s(21%) post=0.002s(20%) total=0.011s]
[prefill host enc.front=0.002s(6%) wait.front=0.021s(67%) drain=0.001s(3%) route=0.000s(1%) meta=0.000s(0%) fetch=0.003s(9%) enc.moe=0.000s(2%) tail=0.000s(0%) head=0.004s(11%) other=0.000s(1%) call=0.032s | tiles=59 ahead=59 experts=284 miss=8 io=0.003s 10.0GB/s]
[prefill gpuq busy=0.028s(89%) idle=0.003s(11%) span=0.032s buffers=331]
[prefill gpu attn=0.013s(46%) shared=0.003s(12%) moe=0.007s(26%) tail=0.001s(3%) head=0.003s(13%) total=0.027s]
[prefill gpu attn embed=0.000s(0%) norm=0.000s(2%) qkv=0.004s(32%) rope=0.001s(4%) kvcopy=0.000s(0%) attn.swa=0.003s(22%) attn.full=0.001s(6%) oproj=0.002s(17%) post=0.002s(16%) total=0.013s]
[prefill host enc.front=0.002s(6%) wait.front=0.022s(73%) drain=0.000s(1%) route=0.000s(0%) meta=0.000s(0%) fetch=0.002s(5%) enc.moe=0.000s(1%) tail=0.000s(0%) head=0.004s(12%) other=0.000s(1%) call=0.030s | tiles=33 ahead=33 experts=240 miss=3 io=0.002s 6.7GB/s]
[prefill gpuq busy=0.027s(92%) idle=0.002s(8%) span=0.030s buffers=305]

[stop=maxTokens prefill=365tok new=192tok decode=6.02s tok/s=31.900]
[load=0.744s layerVerify=0.000s/30layers prefill=4.259s ttft=4.261s peak=6.77GB rss=4.02GB]
[expert prefill hit=0.0% 0/2734 io=1.718s | decode hit=96.0% 37121/38675 io=1.549s]
[vision images=1 soft=260 tower=1.754s towerLoad=0.001s]
[decode/tok io=0.00ms cb1=0.00ms cb2=0.00ms head=0.00ms]
[mtp bs=2 rounds=121 accept=0.579/1 tok/round=1.587 draft=0.447s verify=5.323s accepted=51,70]
