[prefill gpu attn=0.395s(30%) shared=0.115s(9%) moe=0.780s(60%) tail=0.007s(1%) head=0.003s(0%) total=1.301s]
[prefill gpu attn embed=0.000s(0%) norm=0.001s(0%) qkv=0.147s(37%) rope=0.005s(1%) kvcopy=0.001s(0%) attn.swa=0.090s(23%) attn.full=0.007s(2%) oproj=0.080s(20%) post=0.065s(16%) total=0.395s]
[prefill host enc.front=0.004s(0%) wait.front=0.528s(21%) drain=0.000s(0%) route=0.005s(0%) wait.shared=0.109s(4%) meta=0.000s(0%) fetch=1.700s(69%) enc.moe=0.014s(1%) wait.tile=0.088s(4%) tail=0.015s(1%) head=0.004s(0%) other=0.005s(0%) call=2.472s | tiles=358 ahead=0 experts=0 miss=0 io=0.000s 0.0GB/s]
[prefill gpuq busy=1.300s(56%) idle=1.042s(44%) span=2.343s buffers=630]
[prefill gpu attn=0.012s(35%) shared=0.004s(11%) moe=0.014s(41%) tail=0.001s(2%) head=0.003s(10%) total=0.034s]
[prefill gpu attn embed=0.000s(0%) norm=0.000s(2%) qkv=0.005s(40%) rope=0.001s(4%) kvcopy=0.000s(1%) attn.swa=0.001s(10%) attn.full=0.000s(2%) oproj=0.003s(22%) post=0.002s(19%) total=0.012s]
[prefill host enc.front=0.004s(2%) wait.front=0.069s(34%) drain=0.000s(0%) route=0.001s(0%) meta=0.000s(0%) fetch=0.124s(60%) enc.moe=0.002s(1%) tail=0.000s(0%) head=0.004s(2%) other=0.001s(0%) call=0.206s | tiles=66 ahead=66 experts=328 miss=151 io=0.145s 3.6GB/s]
[prefill gpuq busy=0.034s(17%) idle=0.171s(83%) span=0.205s buffers=338]
[prefill gpu attn=0.014s(34%) shared=0.005s(14%) moe=0.016s(41%) tail=0.001s(3%) head=0.004s(9%) total=0.040s]
[prefill gpu attn embed=0.000s(0%) norm=0.000s(3%) qkv=0.005s(37%) rope=0.001s(6%) kvcopy=0.000s(1%) attn.swa=0.001s(8%) attn.full=0.000s(2%) oproj=0.003s(20%) post=0.003s(23%) total=0.014s]
[prefill host enc.front=0.002s(2%) wait.front=0.032s(30%) drain=0.000s(0%) route=0.000s(0%) meta=0.000s(0%) fetch=0.065s(62%) enc.moe=0.001s(1%) tail=0.000s(0%) head=0.004s(4%) other=0.001s(0%) call=0.106s | tiles=72 ahead=72 experts=321 miss=52 io=0.066s 2.7GB/s]
[prefill gpuq busy=0.039s(37%) idle=0.067s(63%) span=0.106s buffers=344]
[prefill gpu attn=0.011s(34%) shared=0.004s(11%) moe=0.013s(41%) tail=0.001s(3%) head=0.003s(11%) total=0.032s]
[prefill gpu attn embed=0.000s(0%) norm=0.000s(3%) qkv=0.004s(39%) rope=0.001s(5%) kvcopy=0.000s(1%) attn.swa=0.001s(8%) attn.full=0.000s(2%) oproj=0.002s(21%) post=0.002s(21%) total=0.011s]
[prefill host enc.front=0.002s(3%) wait.front=0.025s(31%) drain=0.000s(0%) route=0.000s(0%) meta=0.000s(0%) fetch=0.047s(59%) enc.moe=0.001s(1%) tail=0.000s(0%) head=0.004s(4%) other=0.001s(1%) call=0.080s | tiles=74 ahead=74 experts=320 miss=49 io=0.048s 3.6GB/s]
[prefill gpuq busy=0.032s(40%) idle=0.048s(60%) span=0.080s buffers=346]
[prefill gpu attn=0.011s(35%) shared=0.004s(12%) moe=0.012s(40%) tail=0.001s(3%) head=0.003s(11%) total=0.030s]
[prefill gpu attn embed=0.000s(0%) norm=0.000s(2%) qkv=0.004s(39%) rope=0.001s(5%) kvcopy=0.000s(1%) attn.swa=0.001s(8%) attn.full=0.000s(2%) oproj=0.002s(22%) post=0.002s(21%) total=0.011s]
[prefill host enc.front=0.002s(3%) wait.front=0.031s(41%) drain=0.000s(0%) route=0.000s(0%) meta=0.000s(0%) fetch=0.038s(50%) enc.moe=0.001s(1%) tail=0.000s(0%) head=0.004s(5%) other=0.000s(1%) call=0.076s | tiles=72 ahead=72 experts=319 miss=39 io=0.038s 3.6GB/s]
[prefill gpuq busy=0.030s(40%) idle=0.045s(60%) span=0.076s buffers=344]
[prefill gpu attn=0.010s(33%) shared=0.003s(11%) moe=0.013s(42%) tail=0.001s(2%) head=0.003s(11%) total=0.031s]
[prefill gpu attn embed=0.000s(0%) norm=0.000s(2%) qkv=0.004s(39%) rope=0.001s(5%) kvcopy=0.000s(1%) attn.swa=0.001s(8%) attn.full=0.000s(2%) oproj=0.002s(22%) post=0.002s(21%) total=0.010s]
[prefill host enc.front=0.002s(3%) wait.front=0.022s(32%) drain=0.000s(1%) route=0.000s(0%) meta=0.000s(0%) fetch=0.041s(58%) enc.moe=0.001s(1%) tail=0.000s(0%) head=0.004s(5%) other=0.000s(1%) call=0.071s | tiles=81 ahead=81 experts=360 miss=37 io=0.041s 3.1GB/s]
[prefill gpuq busy=0.031s(44%) idle=0.040s(56%) span=0.071s buffers=353]
[prefill gpu attn=0.011s(34%) shared=0.004s(12%) moe=0.012s(39%) tail=0.001s(2%) head=0.004s(12%) total=0.032s]
[prefill gpu attn embed=0.000s(0%) norm=0.000s(2%) qkv=0.004s(40%) rope=0.001s(5%) kvcopy=0.000s(1%) attn.swa=0.001s(8%) attn.full=0.000s(2%) oproj=0.002s(22%) post=0.002s(20%) total=0.011s]
[prefill host enc.front=0.002s(2%) wait.front=0.024s(26%) drain=0.000s(0%) route=0.000s(0%) meta=0.000s(0%) fetch=0.062s(66%) enc.moe=0.001s(1%) tail=0.000s(0%) head=0.004s(4%) other=0.000s(0%) call=0.095s | tiles=77 ahead=77 experts=310 miss=42 io=0.062s 2.3GB/s]
[prefill gpuq busy=0.032s(34%) idle=0.063s(66%) span=0.094s buffers=349]
[prefill gpu attn=0.011s(33%) shared=0.004s(12%) moe=0.014s(42%) tail=0.001s(3%) head=0.003s(11%) total=0.033s]
[prefill gpu attn embed=0.000s(0%) norm=0.000s(3%) qkv=0.004s(40%) rope=0.001s(5%) kvcopy=0.000s(1%) attn.swa=0.001s(8%) attn.full=0.000s(2%) oproj=0.002s(22%) post=0.002s(20%) total=0.011s]
[prefill host enc.front=0.002s(3%) wait.front=0.036s(42%) drain=0.000s(0%) route=0.000s(0%) meta=0.000s(0%) fetch=0.042s(49%) enc.moe=0.001s(1%) tail=0.000s(0%) head=0.004s(4%) other=0.000s(1%) call=0.086s | tiles=74 ahead=74 experts=358 miss=28 io=0.042s 2.3GB/s]
[prefill gpuq busy=0.032s(38%) idle=0.054s(62%) span=0.086s buffers=346]
[prefill gpu attn=0.011s(35%) shared=0.004s(12%) moe=0.012s(39%) tail=0.001s(3%) head=0.003s(11%) total=0.031s]
[prefill gpu attn embed=0.000s(0%) norm=0.000s(2%) qkv=0.004s(40%) rope=0.001s(5%) kvcopy=0.000s(1%) attn.swa=0.001s(8%) attn.full=0.000s(2%) oproj=0.002s(22%) post=0.002s(20%) total=0.011s]
[prefill host enc.front=0.002s(3%) wait.front=0.023s(30%) drain=0.000s(1%) route=0.000s(0%) meta=0.000s(0%) fetch=0.044s(59%) enc.moe=0.001s(1%) tail=0.000s(0%) head=0.004s(5%) other=0.000s(1%) call=0.074s | tiles=69 ahead=69 experts=329 miss=31 io=0.044s 2.4GB/s]
[prefill gpuq busy=0.031s(42%) idle=0.043s(58%) span=0.074s buffers=341]
[prefill gpu attn=0.010s(34%) shared=0.004s(12%) moe=0.012s(40%) tail=0.001s(3%) head=0.003s(11%) total=0.030s]
[prefill gpu attn embed=0.000s(0%) norm=0.000s(2%) qkv=0.004s(40%) rope=0.001s(5%) kvcopy=0.000s(1%) attn.swa=0.001s(8%) attn.full=0.000s(2%) oproj=0.002s(22%) post=0.002s(20%) total=0.010s]
[prefill host enc.front=0.002s(4%) wait.front=0.024s(42%) drain=0.000s(0%) route=0.000s(0%) meta=0.000s(0%) fetch=0.025s(45%) enc.moe=0.001s(1%) tail=0.000s(0%) head=0.004s(6%) other=0.000s(1%) call=0.056s | tiles=68 ahead=68 experts=333 miss=18 io=0.025s 2.5GB/s]
[prefill gpuq busy=0.030s(55%) idle=0.025s(45%) span=0.055s buffers=340]
[prefill gpu attn=0.011s(34%) shared=0.004s(12%) moe=0.013s(41%) tail=0.001s(2%) head=0.003s(11%) total=0.032s]
[prefill gpu attn embed=0.000s(0%) norm=0.000s(2%) qkv=0.004s(40%) rope=0.000s(4%) kvcopy=0.000s(1%) attn.swa=0.001s(9%) attn.full=0.000s(2%) oproj=0.002s(22%) post=0.002s(20%) total=0.011s]
[prefill host enc.front=0.002s(3%) wait.front=0.025s(38%) drain=0.001s(1%) route=0.000s(0%) meta=0.000s(0%) fetch=0.033s(50%) enc.moe=0.001s(1%) tail=0.000s(0%) head=0.004s(5%) other=0.000s(1%) call=0.066s | tiles=75 ahead=75 experts=340 miss=24 io=0.033s 2.5GB/s]
[prefill gpuq busy=0.032s(48%) idle=0.034s(52%) span=0.066s buffers=347]
[prefill gpu attn=0.010s(35%) shared=0.004s(14%) moe=0.011s(38%) tail=0.001s(2%) head=0.003s(11%) total=0.030s]
[prefill gpu attn embed=0.000s(0%) norm=0.000s(2%) qkv=0.004s(40%) rope=0.000s(4%) kvcopy=0.000s(1%) attn.swa=0.001s(9%) attn.full=0.000s(2%) oproj=0.002s(23%) post=0.002s(20%) total=0.010s]
[prefill host enc.front=0.002s(4%) wait.front=0.023s(42%) drain=0.001s(1%) route=0.000s(0%) meta=0.000s(0%) fetch=0.024s(44%) enc.moe=0.001s(1%) tail=0.000s(0%) head=0.004s(7%) other=0.000s(1%) call=0.054s | tiles=66 ahead=66 experts=298 miss=18 io=0.024s 2.6GB/s]
[prefill gpuq busy=0.029s(54%) idle=0.025s(46%) span=0.054s buffers=338]
[prefill gpu attn=0.011s(36%) shared=0.004s(13%) moe=0.011s(37%) tail=0.001s(3%) head=0.003s(12%) total=0.029s]
[prefill gpu attn embed=0.000s(0%) norm=0.000s(2%) qkv=0.004s(40%) rope=0.000s(4%) kvcopy=0.000s(1%) attn.swa=0.001s(9%) attn.full=0.000s(2%) oproj=0.002s(23%) post=0.002s(20%) total=0.011s]
[prefill host enc.front=0.002s(3%) wait.front=0.023s(36%) drain=0.000s(0%) route=0.000s(0%) meta=0.000s(0%) fetch=0.033s(52%) enc.moe=0.001s(1%) tail=0.000s(0%) head=0.004s(6%) other=0.000s(1%) call=0.063s | tiles=64 ahead=64 experts=290 miss=26 io=0.033s 2.8GB/s]
[prefill gpuq busy=0.029s(46%) idle=0.033s(54%) span=0.063s buffers=336]
[prefill gpu attn=0.010s(36%) shared=0.003s(12%) moe=0.010s(37%) tail=0.001s(3%) head=0.003s(12%) total=0.028s]
[prefill gpu attn embed=0.000s(0%) norm=0.000s(2%) qkv=0.004s(40%) rope=0.000s(4%) kvcopy=0.000s(1%) attn.swa=0.001s(9%) attn.full=0.000s(2%) oproj=0.002s(23%) post=0.002s(20%) total=0.010s]
[prefill host enc.front=0.002s(4%) wait.front=0.022s(49%) drain=0.000s(1%) route=0.000s(0%) meta=0.000s(0%) fetch=0.015s(35%) enc.moe=0.001s(1%) tail=0.000s(0%) head=0.004s(8%) other=0.000s(1%) call=0.044s | tiles=61 ahead=61 experts=298 miss=16 io=0.015s 3.6GB/s]
[prefill gpuq busy=0.028s(64%) idle=0.016s(36%) span=0.044s buffers=333]
[prefill gpu attn=0.010s(34%) shared=0.003s(11%) moe=0.013s(42%) tail=0.001s(2%) head=0.003s(11%) total=0.031s]
[prefill gpu attn embed=0.000s(0%) norm=0.000s(2%) qkv=0.004s(39%) rope=0.001s(5%) kvcopy=0.000s(1%) attn.swa=0.001s(9%) attn.full=0.000s(2%) oproj=0.002s(22%) post=0.002s(20%) total=0.010s]
[prefill host enc.front=0.002s(4%) wait.front=0.024s(40%) drain=0.002s(3%) route=0.000s(0%) meta=0.000s(0%) fetch=0.027s(45%) enc.moe=0.001s(1%) tail=0.000s(0%) head=0.004s(6%) other=0.000s(1%) call=0.060s | tiles=76 ahead=76 experts=350 miss=28 io=0.027s 3.6GB/s]
[prefill gpuq busy=0.031s(52%) idle=0.028s(48%) span=0.059s buffers=348]
[prefill gpu attn=0.010s(34%) shared=0.003s(11%) moe=0.013s(41%) tail=0.001s(3%) head=0.003s(11%) total=0.031s]
[prefill gpu attn embed=0.000s(0%) norm=0.000s(2%) qkv=0.004s(39%) rope=0.001s(5%) kvcopy=0.000s(1%) attn.swa=0.001s(9%) attn.full=0.000s(2%) oproj=0.002s(22%) post=0.002s(20%) total=0.010s]
[prefill host enc.front=0.002s(2%) wait.front=0.024s(24%) drain=0.000s(0%) route=0.000s(0%) meta=0.000s(0%) fetch=0.070s(68%) enc.moe=0.001s(1%) tail=0.000s(0%) head=0.004s(4%) other=0.001s(0%) call=0.102s | tiles=72 ahead=72 experts=315 miss=61 io=0.070s 3.0GB/s]
[prefill gpuq busy=0.031s(30%) idle=0.071s(70%) span=0.102s buffers=344]
[prefill gpu attn=0.010s(34%) shared=0.003s(11%) moe=0.012s(41%) tail=0.001s(2%) head=0.003s(11%) total=0.030s]
[prefill gpu attn embed=0.000s(0%) norm=0.000s(3%) qkv=0.004s(39%) rope=0.001s(5%) kvcopy=0.000s(1%) attn.swa=0.001s(9%) attn.full=0.000s(2%) oproj=0.002s(22%) post=0.002s(20%) total=0.010s]
[prefill host enc.front=0.002s(4%) wait.front=0.021s(44%) drain=0.000s(1%) route=0.000s(0%) meta=0.000s(0%) fetch=0.020s(41%) enc.moe=0.001s(1%) tail=0.000s(0%) head=0.004s(8%) other=0.000s(1%) call=0.048s | tiles=74 ahead=74 experts=351 miss=22 io=0.020s 3.8GB/s]
[prefill gpuq busy=0.030s(63%) idle=0.017s(37%) span=0.048s buffers=346]
[prefill gpu attn=0.010s(33%) shared=0.004s(12%) moe=0.013s(41%) tail=0.001s(2%) head=0.004s(12%) total=0.031s]
[prefill gpu attn embed=0.000s(0%) norm=0.000s(2%) qkv=0.004s(40%) rope=0.000s(4%) kvcopy=0.000s(1%) attn.swa=0.001s(9%) attn.full=0.000s(2%) oproj=0.002s(23%) post=0.002s(20%) total=0.010s]
[prefill host enc.front=0.002s(4%) wait.front=0.021s(42%) drain=0.000s(1%) route=0.000s(1%) meta=0.000s(0%) fetch=0.021s(42%) enc.moe=0.001s(1%) tail=0.000s(0%) head=0.004s(8%) other=0.000s(1%) call=0.050s | tiles=74 ahead=74 experts=354 miss=21 io=0.021s 3.5GB/s]
[prefill gpuq busy=0.031s(62%) idle=0.019s(38%) span=0.050s buffers=346]
[prefill gpu attn=0.010s(33%) shared=0.004s(12%) moe=0.013s(40%) tail=0.001s(2%) head=0.004s(12%) total=0.031s]
[prefill gpu attn embed=0.000s(0%) norm=0.000s(2%) qkv=0.004s(40%) rope=0.000s(4%) kvcopy=0.000s(1%) attn.swa=0.001s(9%) attn.full=0.000s(2%) oproj=0.002s(23%) post=0.002s(20%) total=0.010s]
[prefill host enc.front=0.002s(4%) wait.front=0.021s(43%) drain=0.001s(1%) route=0.000s(1%) meta=0.000s(0%) fetch=0.020s(41%) enc.moe=0.001s(1%) tail=0.000s(0%) head=0.004s(8%) other=0.000s(1%) call=0.049s | tiles=73 ahead=73 experts=343 miss=20 io=0.020s 3.4GB/s]
[prefill gpuq busy=0.031s(64%) idle=0.018s(36%) span=0.049s buffers=345]
[prefill gpu attn=0.010s(36%) shared=0.004s(12%) moe=0.011s(37%) tail=0.001s(3%) head=0.003s(12%) total=0.029s]
[prefill gpu attn embed=0.000s(0%) norm=0.000s(3%) qkv=0.004s(40%) rope=0.001s(5%) kvcopy=0.000s(1%) attn.swa=0.001s(9%) attn.full=0.000s(2%) oproj=0.002s(22%) post=0.002s(20%) total=0.010s]
[prefill host enc.front=0.002s(4%) wait.front=0.025s(57%) drain=0.000s(1%) route=0.000s(0%) meta=0.000s(0%) fetch=0.012s(27%) enc.moe=0.001s(1%) tail=0.000s(0%) head=0.004s(8%) other=0.000s(1%) call=0.045s | tiles=61 ahead=61 experts=302 miss=9 io=0.012s 2.6GB/s]
[prefill gpuq busy=0.029s(65%) idle=0.016s(35%) span=0.044s buffers=333]
[prefill gpu attn=0.010s(36%) shared=0.003s(12%) moe=0.011s(38%) tail=0.001s(3%) head=0.003s(12%) total=0.029s]
[prefill gpu attn embed=0.000s(0%) norm=0.000s(2%) qkv=0.004s(40%) rope=0.001s(5%) kvcopy=0.000s(1%) attn.swa=0.001s(9%) attn.full=0.000s(2%) oproj=0.002s(22%) post=0.002s(20%) total=0.010s]
[prefill host enc.front=0.002s(5%) wait.front=0.023s(62%) drain=0.000s(1%) route=0.000s(0%) meta=0.000s(0%) fetch=0.007s(19%) enc.moe=0.000s(1%) tail=0.000s(0%) head=0.004s(10%) other=0.000s(1%) call=0.037s | tiles=61 ahead=61 experts=316 miss=6 io=0.007s 3.0GB/s]
[prefill gpuq busy=0.029s(79%) idle=0.008s(21%) span=0.037s buffers=333]
[prefill gpu attn=0.010s(35%) shared=0.003s(12%) moe=0.011s(39%) tail=0.001s(3%) head=0.004s(12%) total=0.029s]
[prefill gpu attn embed=0.000s(0%) norm=0.000s(2%) qkv=0.004s(39%) rope=0.001s(5%) kvcopy=0.000s(1%) attn.swa=0.001s(9%) attn.full=0.000s(2%) oproj=0.002s(22%) post=0.002s(20%) total=0.010s]
[prefill host enc.front=0.002s(4%) wait.front=0.022s(51%) drain=0.000s(1%) route=0.000s(0%) meta=0.000s(0%) fetch=0.014s(33%) enc.moe=0.001s(1%) tail=0.000s(0%) head=0.004s(9%) other=0.000s(1%) call=0.043s | tiles=68 ahead=68 experts=338 miss=10 io=0.014s 2.4GB/s]
[prefill gpuq busy=0.029s(68%) idle=0.014s(32%) span=0.043s buffers=340]
[prefill gpu attn=0.010s(36%) shared=0.004s(12%) moe=0.011s(37%) tail=0.001s(2%) head=0.003s(12%) total=0.029s]
[prefill gpu attn embed=0.000s(0%) norm=0.000s(2%) qkv=0.004s(39%) rope=0.001s(5%) kvcopy=0.000s(1%) attn.swa=0.001s(9%) attn.full=0.000s(2%) oproj=0.002s(22%) post=0.002s(20%) total=0.010s]
[prefill host enc.front=0.002s(5%) wait.front=0.022s(60%) drain=0.001s(1%) route=0.000s(1%) meta=0.000s(0%) fetch=0.008s(21%) enc.moe=0.001s(1%) tail=0.000s(0%) head=0.004s(10%) other=0.000s(1%) call=0.037s | tiles=65 ahead=65 experts=316 miss=8 io=0.008s 3.5GB/s]
[prefill gpuq busy=0.029s(78%) idle=0.008s(22%) span=0.037s buffers=337]
[prefill gpu attn=0.010s(35%) shared=0.003s(12%) moe=0.011s(39%) tail=0.001s(3%) head=0.004s(12%) total=0.030s]
[prefill gpu attn embed=0.000s(0%) norm=0.000s(3%) qkv=0.004s(39%) rope=0.001s(5%) kvcopy=0.000s(1%) attn.swa=0.001s(9%) attn.full=0.000s(2%) oproj=0.002s(22%) post=0.002s(20%) total=0.010s]
[prefill host enc.front=0.002s(5%) wait.front=0.022s(52%) drain=0.000s(1%) route=0.000s(0%) meta=0.000s(0%) fetch=0.013s(31%) enc.moe=0.001s(1%) tail=0.000s(0%) head=0.004s(9%) other=0.000s(1%) call=0.042s | tiles=69 ahead=69 experts=330 miss=16 io=0.013s 4.2GB/s]
[prefill gpuq busy=0.030s(71%) idle=0.012s(29%) span=0.042s buffers=341]
[prefill gpu attn=0.010s(36%) shared=0.004s(12%) moe=0.011s(37%) tail=0.001s(3%) head=0.003s(12%) total=0.029s]
[prefill gpu attn embed=0.000s(0%) norm=0.000s(2%) qkv=0.004s(39%) rope=0.001s(5%) kvcopy=0.000s(1%) attn.swa=0.001s(9%) attn.full=0.000s(2%) oproj=0.002s(22%) post=0.002s(20%) total=0.010s]
[prefill host enc.front=0.002s(5%) wait.front=0.023s(55%) drain=0.001s(3%) route=0.000s(0%) meta=0.000s(0%) fetch=0.011s(26%) enc.moe=0.000s(1%) tail=0.000s(0%) head=0.004s(9%) other=0.000s(1%) call=0.042s | tiles=63 ahead=63 experts=304 miss=11 io=0.011s 3.5GB/s]
[prefill gpuq busy=0.029s(70%) idle=0.013s(30%) span=0.042s buffers=335]
[prefill gpu attn=0.010s(37%) shared=0.003s(12%) moe=0.010s(36%) tail=0.001s(3%) head=0.003s(12%) total=0.028s]
[prefill gpu attn embed=0.000s(0%) norm=0.000s(3%) qkv=0.004s(39%) rope=0.001s(5%) kvcopy=0.000s(1%) attn.swa=0.001s(9%) attn.full=0.000s(2%) oproj=0.002s(22%) post=0.002s(20%) total=0.010s]
[prefill host enc.front=0.002s(5%) wait.front=0.024s(60%) drain=0.000s(1%) route=0.000s(0%) meta=0.000s(0%) fetch=0.009s(23%) enc.moe=0.000s(1%) tail=0.000s(0%) head=0.004s(9%) other=0.000s(1%) call=0.041s | tiles=61 ahead=61 experts=292 miss=11 io=0.009s 4.2GB/s]
[prefill gpuq busy=0.028s(70%) idle=0.012s(30%) span=0.040s buffers=333]
[prefill gpu attn=0.010s(35%) shared=0.003s(12%) moe=0.012s(39%) tail=0.001s(2%) head=0.003s(12%) total=0.030s]
[prefill gpu attn embed=0.000s(0%) norm=0.000s(3%) qkv=0.004s(39%) rope=0.001s(5%) kvcopy=0.000s(1%) attn.swa=0.001s(9%) attn.full=0.000s(2%) oproj=0.002s(22%) post=0.002s(21%) total=0.010s]
[prefill host enc.front=0.002s(4%) wait.front=0.022s(49%) drain=0.000s(1%) route=0.000s(0%) meta=0.000s(0%) fetch=0.016s(36%) enc.moe=0.001s(1%) tail=0.000s(0%) head=0.004s(8%) other=0.000s(1%) call=0.046s | tiles=68 ahead=68 experts=338 miss=18 io=0.016s 3.8GB/s]
[prefill gpuq busy=0.030s(65%) idle=0.016s(35%) span=0.045s buffers=340]
[prefill gpu attn=0.010s(37%) shared=0.003s(12%) moe=0.010s(37%) tail=0.001s(3%) head=0.003s(12%) total=0.028s]
[prefill gpu attn embed=0.000s(0%) norm=0.000s(2%) qkv=0.004s(39%) rope=0.001s(6%) kvcopy=0.000s(1%) attn.swa=0.001s(9%) attn.full=0.000s(2%) oproj=0.002s(22%) post=0.002s(20%) total=0.010s]
[prefill host enc.front=0.002s(6%) wait.front=0.022s(68%) drain=0.000s(1%) route=0.000s(1%) meta=0.000s(0%) fetch=0.003s(11%) enc.moe=0.000s(1%) tail=0.000s(0%) head=0.004s(11%) other=0.000s(1%) call=0.032s | tiles=59 ahead=59 experts=301 miss=4 io=0.003s 4.1GB/s]
[prefill gpuq busy=0.028s(88%) idle=0.004s(12%) span=0.032s buffers=331]
[prefill gpu attn=0.010s(34%) shared=0.003s(11%) moe=0.012s(40%) tail=0.001s(3%) head=0.004s(12%) total=0.030s]
[prefill gpu attn embed=0.000s(0%) norm=0.000s(3%) qkv=0.004s(40%) rope=0.001s(5%) kvcopy=0.000s(1%) attn.swa=0.001s(9%) attn.full=0.000s(2%) oproj=0.002s(22%) post=0.002s(20%) total=0.010s]
[prefill host enc.front=0.002s(4%) wait.front=0.023s(44%) drain=0.001s(2%) route=0.000s(0%) meta=0.000s(0%) fetch=0.021s(41%) enc.moe=0.001s(1%) tail=0.000s(0%) head=0.004s(7%) other=0.000s(1%) call=0.052s | tiles=74 ahead=74 experts=338 miss=24 io=0.021s 3.9GB/s]
[prefill gpuq busy=0.030s(59%) idle=0.021s(41%) span=0.051s buffers=346]
[prefill gpu attn=0.011s(35%) shared=0.003s(12%) moe=0.012s(39%) tail=0.001s(2%) head=0.004s(12%) total=0.030s]
[prefill gpu attn embed=0.000s(0%) norm=0.000s(2%) qkv=0.004s(39%) rope=0.001s(5%) kvcopy=0.000s(1%) attn.swa=0.001s(9%) attn.full=0.000s(2%) oproj=0.002s(22%) post=0.002s(21%) total=0.011s]
[prefill host enc.front=0.002s(3%) wait.front=0.024s(41%) drain=0.000s(1%) route=0.000s(0%) meta=0.000s(0%) fetch=0.027s(46%) enc.moe=0.001s(1%) tail=0.000s(0%) head=0.004s(7%) other=0.000s(1%) call=0.058s | tiles=73 ahead=73 experts=321 miss=20 io=0.027s 2.6GB/s]
[prefill gpuq busy=0.030s(52%) idle=0.028s(48%) span=0.058s buffers=345]
[prefill gpu attn=0.010s(35%) shared=0.003s(12%) moe=0.012s(40%) tail=0.001s(2%) head=0.003s(11%) total=0.030s]
[prefill gpu attn embed=0.000s(0%) norm=0.000s(3%) qkv=0.004s(39%) rope=0.001s(6%) kvcopy=0.000s(1%) attn.swa=0.001s(9%) attn.full=0.000s(2%) oproj=0.002s(22%) post=0.002s(20%) total=0.010s]
[prefill host enc.front=0.002s(5%) wait.front=0.023s(57%) drain=0.000s(1%) route=0.000s(0%) meta=0.000s(0%) fetch=0.011s(26%) enc.moe=0.000s(1%) tail=0.000s(0%) head=0.004s(9%) other=0.000s(1%) call=0.041s | tiles=66 ahead=66 experts=353 miss=9 io=0.011s 2.9GB/s]
[prefill gpuq busy=0.030s(73%) idle=0.011s(27%) span=0.041s buffers=338]
[prefill gpu attn=0.010s(35%) shared=0.003s(12%) moe=0.011s(38%) tail=0.001s(3%) head=0.004s(12%) total=0.030s]
[prefill gpu attn embed=0.000s(0%) norm=0.000s(3%) qkv=0.004s(39%) rope=0.001s(5%) kvcopy=0.000s(1%) attn.swa=0.001s(9%) attn.full=0.000s(2%) oproj=0.002s(22%) post=0.002s(20%) total=0.010s]
[prefill host enc.front=0.002s(4%) wait.front=0.021s(48%) drain=0.000s(1%) route=0.000s(0%) meta=0.000s(0%) fetch=0.016s(35%) enc.moe=0.001s(1%) tail=0.000s(0%) head=0.004s(9%) other=0.000s(1%) call=0.045s | tiles=68 ahead=68 experts=318 miss=19 io=0.016s 4.1GB/s]
[prefill gpuq busy=0.030s(67%) idle=0.015s(33%) span=0.045s buffers=340]
[prefill gpu attn=0.010s(36%) shared=0.003s(12%) moe=0.011s(38%) tail=0.001s(2%) head=0.003s(12%) total=0.029s]
[prefill gpu attn embed=0.000s(0%) norm=0.000s(3%) qkv=0.004s(39%) rope=0.001s(5%) kvcopy=0.000s(1%) attn.swa=0.001s(9%) attn.full=0.000s(2%) oproj=0.002s(22%) post=0.002s(20%) total=0.010s]
[prefill host enc.front=0.002s(5%) wait.front=0.022s(55%) drain=0.000s(1%) route=0.000s(0%) meta=0.000s(0%) fetch=0.011s(27%) enc.moe=0.001s(1%) tail=0.000s(0%) head=0.004s(9%) other=0.000s(1%) call=0.040s | tiles=67 ahead=67 experts=317 miss=12 io=0.011s 3.8GB/s]
[prefill gpuq busy=0.029s(73%) idle=0.011s(27%) span=0.040s buffers=339]
[prefill gpu attn=0.010s(37%) shared=0.003s(12%) moe=0.010s(37%) tail=0.001s(3%) head=0.003s(12%) total=0.028s]
[prefill gpu attn embed=0.000s(0%) norm=0.000s(2%) qkv=0.004s(39%) rope=0.001s(5%) kvcopy=0.000s(1%) attn.swa=0.001s(9%) attn.full=0.000s(2%) oproj=0.002s(22%) post=0.002s(20%) total=0.010s]
[prefill host enc.front=0.002s(5%) wait.front=0.021s(51%) drain=0.000s(1%) route=0.000s(0%) meta=0.000s(0%) fetch=0.013s(31%) enc.moe=0.000s(1%) tail=0.000s(0%) head=0.004s(9%) other=0.000s(1%) call=0.042s | tiles=66 ahead=66 experts=299 miss=13 io=0.013s 3.4GB/s]
[prefill gpuq busy=0.028s(69%) idle=0.013s(31%) span=0.041s buffers=338]
[prefill gpu attn=0.011s(36%) shared=0.004s(13%) moe=0.011s(37%) tail=0.001s(3%) head=0.003s(12%) total=0.029s]
[prefill gpu attn embed=0.000s(0%) norm=0.000s(3%) qkv=0.004s(39%) rope=0.001s(5%) kvcopy=0.000s(1%) attn.swa=0.001s(9%) attn.full=0.000s(2%) oproj=0.002s(22%) post=0.002s(20%) total=0.011s]
[prefill host enc.front=0.002s(5%) wait.front=0.022s(57%) drain=0.000s(1%) route=0.000s(0%) meta=0.000s(0%) fetch=0.009s(24%) enc.moe=0.000s(1%) tail=0.000s(0%) head=0.004s(9%) other=0.000s(1%) call=0.038s | tiles=63 ahead=63 experts=308 miss=7 io=0.009s 2.6GB/s]
[prefill gpuq busy=0.029s(76%) idle=0.009s(24%) span=0.038s buffers=335]
[prefill gpu attn=0.010s(37%) shared=0.003s(12%) moe=0.010s(36%) tail=0.001s(3%) head=0.003s(12%) total=0.028s]
[prefill gpu attn embed=0.000s(0%) norm=0.000s(3%) qkv=0.004s(39%) rope=0.001s(5%) kvcopy=0.000s(1%) attn.swa=0.001s(9%) attn.full=0.000s(2%) oproj=0.002s(22%) post=0.002s(20%) total=0.010s]
[prefill host enc.front=0.002s(6%) wait.front=0.023s(70%) drain=0.000s(1%) route=0.000s(0%) meta=0.000s(0%) fetch=0.003s(9%) enc.moe=0.000s(1%) tail=0.000s(0%) head=0.004s(11%) other=0.000s(1%) call=0.032s | tiles=55 ahead=55 experts=286 miss=5 io=0.003s 6.0GB/s]
[prefill gpuq busy=0.028s(86%) idle=0.004s(14%) span=0.032s buffers=327]
[prefill gpu attn=0.010s(36%) shared=0.003s(12%) moe=0.011s(36%) tail=0.001s(3%) head=0.004s(13%) total=0.029s]
[prefill gpu attn embed=0.000s(0%) norm=0.000s(2%) qkv=0.004s(39%) rope=0.001s(5%) kvcopy=0.000s(1%) attn.swa=0.001s(9%) attn.full=0.000s(2%) oproj=0.002s(22%) post=0.002s(20%) total=0.010s]
[prefill host enc.front=0.002s(5%) wait.front=0.024s(65%) drain=0.000s(1%) route=0.000s(0%) meta=0.000s(0%) fetch=0.006s(15%) enc.moe=0.000s(1%) tail=0.000s(0%) head=0.004s(11%) other=0.000s(1%) call=0.037s | tiles=61 ahead=61 experts=308 miss=4 io=0.006s 2.5GB/s]
[prefill gpuq busy=0.029s(79%) idle=0.008s(21%) span=0.037s buffers=333]
[prefill gpu attn=0.010s(36%) shared=0.004s(12%) moe=0.011s(38%) tail=0.001s(3%) head=0.003s(12%) total=0.029s]
[prefill gpu attn embed=0.000s(0%) norm=0.000s(3%) qkv=0.004s(39%) rope=0.001s(5%) kvcopy=0.000s(1%) attn.swa=0.001s(9%) attn.full=0.000s(2%) oproj=0.002s(22%) post=0.002s(20%) total=0.010s]
[prefill host enc.front=0.002s(5%) wait.front=0.023s(56%) drain=0.000s(1%) route=0.000s(0%) meta=0.000s(0%) fetch=0.011s(27%) enc.moe=0.000s(1%) tail=0.000s(0%) head=0.004s(9%) other=0.000s(1%) call=0.041s | tiles=63 ahead=63 experts=323 miss=6 io=0.011s 1.9GB/s]
[prefill gpuq busy=0.029s(71%) idle=0.012s(29%) span=0.041s buffers=335]
[prefill gpu attn=0.010s(35%) shared=0.003s(12%) moe=0.011s(39%) tail=0.001s(3%) head=0.003s(12%) total=0.029s]
[prefill gpu attn embed=0.000s(0%) norm=0.000s(3%) qkv=0.004s(39%) rope=0.001s(5%) kvcopy=0.000s(1%) attn.swa=0.001s(9%) attn.full=0.000s(2%) oproj=0.002s(22%) post=0.002s(20%) total=0.010s]
[prefill host enc.front=0.002s(5%) wait.front=0.024s(62%) drain=0.000s(1%) route=0.000s(0%) meta=0.000s(0%) fetch=0.007s(20%) enc.moe=0.000s(1%) tail=0.000s(0%) head=0.004s(9%) other=0.000s(1%) call=0.038s | tiles=65 ahead=65 experts=338 miss=9 io=0.007s 4.2GB/s]
[prefill gpuq busy=0.029s(78%) idle=0.008s(22%) span=0.038s buffers=337]
[prefill gpu attn=0.010s(35%) shared=0.004s(12%) moe=0.011s(38%) tail=0.001s(2%) head=0.003s(12%) total=0.029s]
[prefill gpu attn embed=0.000s(0%) norm=0.000s(2%) qkv=0.004s(39%) rope=0.001s(5%) kvcopy=0.000s(1%) attn.swa=0.001s(9%) attn.full=0.000s(2%) oproj=0.002s(22%) post=0.002s(20%) total=0.010s]
[prefill host enc.front=0.002s(5%) wait.front=0.021s(55%) drain=0.000s(1%) route=0.000s(0%) meta=0.000s(0%) fetch=0.010s(27%) enc.moe=0.000s(1%) tail=0.000s(0%) head=0.004s(9%) other=0.000s(1%) call=0.038s | tiles=64 ahead=64 experts=327 miss=11 io=0.010s 3.7GB/s]
[prefill gpuq busy=0.029s(76%) idle=0.009s(24%) span=0.038s buffers=336]
[prefill gpu attn=0.011s(34%) shared=0.004s(12%) moe=0.013s(39%) tail=0.001s(3%) head=0.004s(12%) total=0.032s]
[prefill gpu attn embed=0.000s(0%) norm=0.000s(2%) qkv=0.004s(39%) rope=0.001s(5%) kvcopy=0.000s(1%) attn.swa=0.001s(9%) attn.full=0.000s(2%) oproj=0.002s(22%) post=0.002s(20%) total=0.011s]
[prefill host enc.front=0.002s(4%) wait.front=0.024s(43%) drain=0.001s(1%) route=0.000s(0%) meta=0.000s(0%) fetch=0.024s(43%) enc.moe=0.001s(1%) tail=0.000s(0%) head=0.004s(7%) other=0.000s(1%) call=0.056s | tiles=68 ahead=68 experts=333 miss=26 io=0.024s 3.8GB/s]
[prefill gpuq busy=0.032s(57%) idle=0.024s(43%) span=0.056s buffers=340]
[prefill gpu attn=0.011s(35%) shared=0.004s(12%) moe=0.012s(39%) tail=0.001s(2%) head=0.003s(11%) total=0.031s]
[prefill gpu attn embed=0.000s(0%) norm=0.000s(2%) qkv=0.004s(39%) rope=0.001s(5%) kvcopy=0.000s(1%) attn.swa=0.001s(9%) attn.full=0.000s(2%) oproj=0.002s(22%) post=0.002s(20%) total=0.011s]
[prefill host enc.front=0.002s(5%) wait.front=0.023s(55%) drain=0.000s(1%) route=0.000s(1%) meta=0.000s(0%) fetch=0.011s(27%) enc.moe=0.001s(1%) tail=0.000s(0%) head=0.004s(9%) other=0.000s(1%) call=0.041s | tiles=69 ahead=69 experts=329 miss=15 io=0.011s 4.7GB/s]
[prefill gpuq busy=0.031s(74%) idle=0.011s(26%) span=0.041s buffers=341]
[prefill gpu attn=0.010s(36%) shared=0.003s(12%) moe=0.011s(38%) tail=0.001s(3%) head=0.003s(12%) total=0.029s]
[prefill gpu attn embed=0.000s(0%) norm=0.000s(3%) qkv=0.004s(39%) rope=0.001s(5%) kvcopy=0.000s(1%) attn.swa=0.001s(9%) attn.full=0.000s(2%) oproj=0.002s(22%) post=0.002s(20%) total=0.010s]
[prefill host enc.front=0.002s(5%) wait.front=0.022s(60%) drain=0.000s(1%) route=0.000s(0%) meta=0.000s(0%) fetch=0.008s(21%) enc.moe=0.000s(1%) tail=0.000s(0%) head=0.004s(10%) other=0.000s(1%) call=0.037s | tiles=63 ahead=63 experts=324 miss=9 io=0.008s 4.1GB/s]
[prefill gpuq busy=0.029s(79%) idle=0.008s(21%) span=0.037s buffers=335]
[prefill gpu attn=0.010s(36%) shared=0.003s(12%) moe=0.011s(38%) tail=0.001s(3%) head=0.004s(12%) total=0.029s]
[prefill gpu attn embed=0.000s(0%) norm=0.000s(3%) qkv=0.004s(39%) rope=0.001s(5%) kvcopy=0.000s(1%) attn.swa=0.001s(9%) attn.full=0.000s(2%) oproj=0.002s(21%) post=0.002s(20%) total=0.010s]
[prefill host enc.front=0.002s(5%) wait.front=0.024s(66%) drain=0.000s(1%) route=0.000s(0%) meta=0.000s(0%) fetch=0.005s(15%) enc.moe=0.000s(1%) tail=0.000s(0%) head=0.004s(10%) other=0.000s(1%) call=0.037s | tiles=65 ahead=65 experts=326 miss=7 io=0.005s 4.5GB/s]
[prefill gpuq busy=0.029s(80%) idle=0.007s(20%) span=0.036s buffers=337]
[prefill gpu attn=0.010s(37%) shared=0.003s(12%) moe=0.010s(36%) tail=0.001s(3%) head=0.003s(12%) total=0.028s]
[prefill gpu attn embed=0.000s(0%) norm=0.000s(2%) qkv=0.004s(39%) rope=0.001s(5%) kvcopy=0.000s(1%) attn.swa=0.001s(9%) attn.full=0.000s(2%) oproj=0.002s(22%) post=0.002s(20%) total=0.010s]
[prefill host enc.front=0.002s(5%) wait.front=0.021s(56%) drain=0.001s(2%) route=0.000s(0%) meta=0.000s(0%) fetch=0.010s(25%) enc.moe=0.000s(1%) tail=0.000s(0%) head=0.004s(9%) other=0.000s(1%) call=0.038s | tiles=58 ahead=58 experts=287 miss=9 io=0.010s 3.2GB/s]
[prefill gpuq busy=0.028s(73%) idle=0.010s(27%) span=0.038s buffers=330]
[prefill gpu attn=0.010s(36%) shared=0.003s(12%) moe=0.011s(37%) tail=0.001s(3%) head=0.003s(12%) total=0.029s]
[prefill gpu attn embed=0.000s(0%) norm=0.000s(3%) qkv=0.004s(39%) rope=0.001s(5%) kvcopy=0.000s(1%) attn.swa=0.001s(9%) attn.full=0.000s(2%) oproj=0.002s(22%) post=0.002s(20%) total=0.010s]
[prefill host enc.front=0.002s(5%) wait.front=0.023s(64%) drain=0.001s(2%) route=0.000s(0%) meta=0.000s(0%) fetch=0.006s(16%) enc.moe=0.000s(1%) tail=0.000s(0%) head=0.004s(10%) other=0.000s(1%) call=0.036s | tiles=60 ahead=60 experts=310 miss=8 io=0.006s 4.8GB/s]
[prefill gpuq busy=0.028s(79%) idle=0.007s(21%) span=0.036s buffers=332]
[prefill gpu attn=0.011s(36%) shared=0.004s(12%) moe=0.011s(37%) tail=0.001s(3%) head=0.004s(12%) total=0.030s]
[prefill gpu attn embed=0.000s(0%) norm=0.000s(2%) qkv=0.004s(39%) rope=0.001s(5%) kvcopy=0.000s(1%) attn.swa=0.001s(9%) attn.full=0.000s(2%) oproj=0.002s(22%) post=0.002s(20%) total=0.011s]
[prefill host enc.front=0.002s(4%) wait.front=0.025s(50%) drain=0.000s(1%) route=0.000s(0%) meta=0.000s(0%) fetch=0.018s(35%) enc.moe=0.001s(1%) tail=0.000s(0%) head=0.004s(8%) other=0.000s(1%) call=0.050s | tiles=65 ahead=65 experts=308 miss=14 io=0.018s 2.7GB/s]
[prefill gpuq busy=0.029s(59%) idle=0.020s(41%) span=0.050s buffers=337]
[prefill gpu attn=0.010s(37%) shared=0.003s(12%) moe=0.011s(37%) tail=0.001s(3%) head=0.003s(12%) total=0.029s]
[prefill gpu attn embed=0.000s(0%) norm=0.000s(2%) qkv=0.004s(39%) rope=0.001s(5%) kvcopy=0.000s(1%) attn.swa=0.001s(9%) attn.full=0.000s(2%) oproj=0.002s(22%) post=0.002s(20%) total=0.010s]
[prefill host enc.front=0.002s(5%) wait.front=0.022s(53%) drain=0.000s(1%) route=0.000s(0%) meta=0.000s(0%) fetch=0.012s(30%) enc.moe=0.000s(1%) tail=0.000s(0%) head=0.004s(9%) other=0.000s(1%) call=0.041s | tiles=63 ahead=63 experts=297 miss=12 io=0.012s 3.4GB/s]
[prefill gpuq busy=0.029s(70%) idle=0.012s(30%) span=0.041s buffers=335]
[prefill gpu attn=0.010s(37%) shared=0.003s(12%) moe=0.010s(35%) tail=0.001s(3%) head=0.003s(12%) total=0.028s]
[prefill gpu attn embed=0.000s(0%) norm=0.000s(3%) qkv=0.004s(39%) rope=0.001s(5%) kvcopy=0.000s(1%) attn.swa=0.001s(9%) attn.full=0.000s(2%) oproj=0.002s(22%) post=0.002s(20%) total=0.010s]
[prefill host enc.front=0.002s(6%) wait.front=0.024s(75%) drain=0.000s(1%) route=0.000s(0%) meta=0.000s(0%) fetch=0.001s(4%) enc.moe=0.000s(1%) tail=0.000s(0%) head=0.004s(12%) other=0.000s(1%) call=0.032s | tiles=55 ahead=55 experts=289 miss=3 io=0.001s 9.1GB/s]
[prefill gpuq busy=0.028s(89%) idle=0.004s(11%) span=0.031s buffers=327]
[prefill gpu attn=0.011s(36%) shared=0.004s(12%) moe=0.011s(39%) tail=0.001s(3%) head=0.003s(11%) total=0.030s]
[prefill gpu attn embed=0.000s(0%) norm=0.000s(2%) qkv=0.004s(39%) rope=0.001s(5%) kvcopy=0.000s(1%) attn.swa=0.001s(9%) attn.full=0.000s(2%) oproj=0.002s(22%) post=0.002s(20%) total=0.011s]
[prefill host enc.front=0.002s(4%) wait.front=0.023s(53%) drain=0.000s(1%) route=0.000s(0%) meta=0.000s(0%) fetch=0.013s(31%) enc.moe=0.001s(1%) tail=0.000s(0%) head=0.004s(8%) other=0.000s(1%) call=0.044s | tiles=66 ahead=66 experts=316 miss=15 io=0.013s 3.9GB/s]
[prefill gpuq busy=0.030s(68%) idle=0.014s(32%) span=0.043s buffers=338]
[prefill gpu attn=0.010s(36%) shared=0.003s(12%) moe=0.011s(37%) tail=0.001s(3%) head=0.003s(12%) total=0.029s]
[prefill gpu attn embed=0.000s(0%) norm=0.000s(2%) qkv=0.004s(39%) rope=0.001s(5%) kvcopy=0.000s(1%) attn.swa=0.001s(9%) attn.full=0.000s(2%) oproj=0.002s(22%) post=0.002s(20%) total=0.010s]
[prefill host enc.front=0.002s(5%) wait.front=0.023s(57%) drain=0.000s(1%) route=0.000s(0%) meta=0.000s(0%) fetch=0.010s(25%) enc.moe=0.000s(1%) tail=0.000s(0%) head=0.004s(9%) other=0.000s(1%) call=0.040s | tiles=60 ahead=60 experts=298 miss=14 io=0.010s 4.8GB/s]
[prefill gpuq busy=0.029s(72%) idle=0.011s(28%) span=0.040s buffers=332]
[prefill gpu attn=0.011s(36%) shared=0.003s(12%) moe=0.011s(38%) tail=0.001s(2%) head=0.003s(11%) total=0.030s]
[prefill gpu attn embed=0.000s(0%) norm=0.000s(2%) qkv=0.004s(38%) rope=0.001s(5%) kvcopy=0.000s(1%) attn.swa=0.001s(9%) attn.full=0.000s(2%) oproj=0.002s(22%) post=0.002s(20%) total=0.011s]
[prefill host enc.front=0.002s(5%) wait.front=0.027s(63%) drain=0.000s(1%) route=0.000s(0%) meta=0.000s(0%) fetch=0.009s(21%) enc.moe=0.001s(1%) tail=0.000s(0%) head=0.004s(8%) other=0.000s(1%) call=0.043s | tiles=65 ahead=65 experts=311 miss=12 io=0.009s 4.6GB/s]
[prefill gpuq busy=0.030s(69%) idle=0.013s(31%) span=0.043s buffers=337]
[prefill gpu attn=0.011s(36%) shared=0.003s(12%) moe=0.011s(38%) tail=0.001s(3%) head=0.003s(11%) total=0.030s]
[prefill gpu attn embed=0.000s(0%) norm=0.000s(2%) qkv=0.004s(39%) rope=0.001s(5%) kvcopy=0.000s(1%) attn.swa=0.001s(9%) attn.full=0.000s(2%) oproj=0.002s(22%) post=0.002s(20%) total=0.011s]
[prefill host enc.front=0.002s(4%) wait.front=0.023s(52%) drain=0.000s(1%) route=0.000s(0%) meta=0.000s(0%) fetch=0.014s(32%) enc.moe=0.000s(1%) tail=0.000s(0%) head=0.004s(8%) other=0.000s(1%) call=0.044s | tiles=64 ahead=64 experts=323 miss=11 io=0.014s 2.7GB/s]
[prefill gpuq busy=0.030s(68%) idle=0.014s(32%) span=0.044s buffers=336]
[prefill gpu attn=0.011s(37%) shared=0.004s(13%) moe=0.010s(36%) tail=0.001s(3%) head=0.003s(12%) total=0.029s]
[prefill gpu attn embed=0.000s(0%) norm=0.000s(2%) qkv=0.004s(39%) rope=0.001s(5%) kvcopy=0.000s(1%) attn.swa=0.001s(10%) attn.full=0.000s(2%) oproj=0.002s(22%) post=0.002s(20%) total=0.011s]
[prefill host enc.front=0.002s(5%) wait.front=0.022s(60%) drain=0.000s(1%) route=0.000s(0%) meta=0.000s(0%) fetch=0.007s(20%) enc.moe=0.000s(1%) tail=0.000s(0%) head=0.004s(10%) other=0.000s(1%) call=0.037s | tiles=61 ahead=61 experts=299 miss=7 io=0.008s 3.2GB/s]
[prefill gpuq busy=0.029s(79%) idle=0.008s(21%) span=0.036s buffers=333]
[prefill gpu attn=0.010s(36%) shared=0.004s(12%) moe=0.011s(37%) tail=0.001s(3%) head=0.003s(12%) total=0.029s]
[prefill gpu attn embed=0.000s(0%) norm=0.000s(2%) qkv=0.004s(39%) rope=0.001s(5%) kvcopy=0.000s(1%) attn.swa=0.001s(9%) attn.full=0.000s(2%) oproj=0.002s(22%) post=0.002s(20%) total=0.010s]
[prefill host enc.front=0.002s(5%) wait.front=0.022s(60%) drain=0.000s(1%) route=0.000s(0%) meta=0.000s(0%) fetch=0.008s(21%) enc.moe=0.000s(1%) tail=0.000s(0%) head=0.004s(10%) other=0.000s(1%) call=0.037s | tiles=62 ahead=62 experts=309 miss=7 io=0.008s 3.1GB/s]
[prefill gpuq busy=0.029s(78%) idle=0.008s(22%) span=0.037s buffers=334]
[prefill gpu attn=0.011s(37%) shared=0.003s(12%) moe=0.011s(37%) tail=0.001s(3%) head=0.003s(12%) total=0.029s]
[prefill gpu attn embed=0.000s(0%) norm=0.000s(2%) qkv=0.004s(38%) rope=0.001s(6%) kvcopy=0.000s(1%) attn.swa=0.001s(10%) attn.full=0.000s(2%) oproj=0.002s(21%) post=0.002s(20%) total=0.011s]
[prefill host enc.front=0.002s(5%) wait.front=0.023s(65%) drain=0.001s(3%) route=0.000s(0%) meta=0.000s(0%) fetch=0.005s(14%) enc.moe=0.000s(1%) tail=0.000s(0%) head=0.004s(10%) other=0.000s(1%) call=0.035s | tiles=61 ahead=61 experts=301 miss=8 io=0.005s 5.5GB/s]
[prefill gpuq busy=0.029s(82%) idle=0.006s(18%) span=0.035s buffers=333]
[prefill gpu attn=0.010s(37%) shared=0.003s(12%) moe=0.010s(37%) tail=0.001s(3%) head=0.003s(12%) total=0.028s]
[prefill gpu attn embed=0.000s(0%) norm=0.000s(3%) qkv=0.004s(39%) rope=0.001s(5%) kvcopy=0.000s(1%) attn.swa=0.001s(9%) attn.full=0.000s(2%) oproj=0.002s(21%) post=0.002s(20%) total=0.010s]
[prefill host enc.front=0.002s(5%) wait.front=0.022s(65%) drain=0.000s(1%) route=0.000s(0%) meta=0.000s(0%) fetch=0.005s(14%) enc.moe=0.000s(1%) tail=0.000s(0%) head=0.004s(11%) other=0.000s(1%) call=0.034s | tiles=61 ahead=61 experts=301 miss=5 io=0.005s 3.5GB/s]
[prefill gpuq busy=0.028s(84%) idle=0.006s(16%) span=0.034s buffers=333]
[prefill gpu attn=0.011s(35%) shared=0.003s(11%) moe=0.012s(40%) tail=0.001s(3%) head=0.004s(12%) total=0.030s]
[prefill gpu attn embed=0.000s(0%) norm=0.000s(3%) qkv=0.004s(39%) rope=0.001s(5%) kvcopy=0.000s(1%) attn.swa=0.001s(9%) attn.full=0.000s(2%) oproj=0.002s(22%) post=0.002s(20%) total=0.011s]
[prefill host enc.front=0.002s(4%) wait.front=0.024s(55%) drain=0.000s(1%) route=0.000s(0%) meta=0.000s(0%) fetch=0.013s(29%) enc.moe=0.000s(1%) tail=0.000s(0%) head=0.004s(9%) other=0.000s(1%) call=0.044s | tiles=64 ahead=64 experts=353 miss=12 io=0.013s 3.3GB/s]
[prefill gpuq busy=0.030s(69%) idle=0.013s(31%) span=0.044s buffers=336]
[prefill gpu attn=0.011s(36%) shared=0.004s(12%) moe=0.011s(38%) tail=0.001s(3%) head=0.003s(12%) total=0.030s]
[prefill gpu attn embed=0.000s(0%) norm=0.000s(2%) qkv=0.004s(38%) rope=0.001s(5%) kvcopy=0.000s(1%) attn.swa=0.001s(10%) attn.full=0.000s(2%) oproj=0.002s(22%) post=0.002s(20%) total=0.011s]
[prefill host enc.front=0.002s(4%) wait.front=0.026s(57%) drain=0.001s(1%) route=0.000s(0%) meta=0.000s(0%) fetch=0.012s(27%) enc.moe=0.000s(1%) tail=0.000s(0%) head=0.004s(8%) other=0.000s(1%) call=0.046s | tiles=66 ahead=66 experts=322 miss=11 io=0.012s 3.1GB/s]
[prefill gpuq busy=0.030s(65%) idle=0.016s(35%) span=0.045s buffers=338]
[prefill gpu attn=0.011s(35%) shared=0.004s(12%) moe=0.012s(39%) tail=0.001s(3%) head=0.004s(12%) total=0.030s]
[prefill gpu attn embed=0.000s(0%) norm=0.000s(3%) qkv=0.004s(39%) rope=0.001s(5%) kvcopy=0.000s(1%) attn.swa=0.001s(10%) attn.full=0.000s(2%) oproj=0.002s(22%) post=0.002s(20%) total=0.011s]
[prefill host enc.front=0.002s(5%) wait.front=0.023s(54%) drain=0.000s(1%) route=0.000s(0%) meta=0.000s(0%) fetch=0.012s(28%) enc.moe=0.001s(1%) tail=0.000s(0%) head=0.004s(9%) other=0.000s(1%) call=0.042s | tiles=68 ahead=68 experts=344 miss=12 io=0.012s 3.5GB/s]
[prefill gpuq busy=0.030s(73%) idle=0.011s(27%) span=0.042s buffers=340]
[prefill gpu attn=0.011s(36%) shared=0.004s(12%) moe=0.011s(37%) tail=0.001s(3%) head=0.004s(12%) total=0.029s]
[prefill gpu attn embed=0.000s(0%) norm=0.000s(2%) qkv=0.004s(39%) rope=0.001s(5%) kvcopy=0.000s(1%) attn.swa=0.001s(10%) attn.full=0.000s(2%) oproj=0.002s(22%) post=0.002s(20%) total=0.011s]
[prefill host enc.front=0.002s(5%) wait.front=0.021s(57%) drain=0.000s(1%) route=0.000s(0%) meta=0.000s(0%) fetch=0.009s(23%) enc.moe=0.000s(1%) tail=0.000s(0%) head=0.004s(10%) other=0.000s(1%) call=0.037s | tiles=64 ahead=64 experts=307 miss=11 io=0.009s 4.4GB/s]
[prefill gpuq busy=0.029s(79%) idle=0.008s(21%) span=0.037s buffers=336]
[prefill gpu attn=0.011s(34%) shared=0.004s(11%) moe=0.012s(40%) tail=0.001s(2%) head=0.004s(12%) total=0.031s]
[prefill gpu attn embed=0.000s(0%) norm=0.000s(2%) qkv=0.004s(39%) rope=0.000s(5%) kvcopy=0.000s(1%) attn.swa=0.001s(10%) attn.full=0.000s(2%) oproj=0.002s(22%) post=0.002s(20%) total=0.011s]
[prefill host enc.front=0.002s(5%) wait.front=0.023s(60%) drain=0.001s(3%) route=0.000s(0%) meta=0.000s(0%) fetch=0.008s(20%) enc.moe=0.001s(1%) tail=0.000s(0%) head=0.004s(10%) other=0.000s(1%) call=0.039s | tiles=68 ahead=68 experts=350 miss=9 io=0.008s 3.9GB/s]
[prefill gpuq busy=0.031s(78%) idle=0.008s(22%) span=0.039s buffers=340]
[prefill gpu attn=0.011s(36%) shared=0.004s(12%) moe=0.011s(38%) tail=0.001s(3%) head=0.003s(12%) total=0.030s]
[prefill gpu attn embed=0.000s(0%) norm=0.000s(2%) qkv=0.004s(39%) rope=0.001s(5%) kvcopy=0.000s(1%) attn.swa=0.001s(10%) attn.full=0.000s(2%) oproj=0.002s(22%) post=0.002s(20%) total=0.011s]
[prefill host enc.front=0.002s(5%) wait.front=0.021s(51%) drain=0.000s(1%) route=0.000s(0%) meta=0.000s(0%) fetch=0.013s(32%) enc.moe=0.001s(1%) tail=0.000s(0%) head=0.004s(9%) other=0.000s(1%) call=0.042s | tiles=63 ahead=63 experts=305 miss=21 io=0.013s 5.5GB/s]
[prefill gpuq busy=0.030s(71%) idle=0.012s(29%) span=0.042s buffers=335]
[prefill gpu attn=0.011s(36%) shared=0.004s(12%) moe=0.011s(38%) tail=0.001s(3%) head=0.003s(11%) total=0.030s]
[prefill gpu attn embed=0.000s(0%) norm=0.000s(2%) qkv=0.004s(39%) rope=0.001s(5%) kvcopy=0.000s(1%) attn.swa=0.001s(10%) attn.full=0.000s(2%) oproj=0.002s(22%) post=0.002s(20%) total=0.011s]
[prefill host enc.front=0.002s(5%) wait.front=0.021s(50%) drain=0.001s(1%) route=0.000s(0%) meta=0.000s(0%) fetch=0.013s(32%) enc.moe=0.001s(1%) tail=0.000s(0%) head=0.004s(9%) other=0.000s(1%) call=0.042s | tiles=69 ahead=69 experts=308 miss=18 io=0.014s 4.6GB/s]
[prefill gpuq busy=0.030s(71%) idle=0.012s(29%) span=0.042s buffers=341]
[prefill gpu attn=0.011s(36%) shared=0.003s(12%) moe=0.011s(38%) tail=0.001s(3%) head=0.003s(11%) total=0.029s]
[prefill gpu attn embed=0.000s(0%) norm=0.000s(3%) qkv=0.004s(39%) rope=0.001s(5%) kvcopy=0.000s(1%) attn.swa=0.001s(10%) attn.full=0.000s(2%) oproj=0.002s(21%) post=0.002s(20%) total=0.011s]
[prefill host enc.front=0.002s(6%) wait.front=0.024s(68%) drain=0.001s(3%) route=0.000s(0%) meta=0.000s(0%) fetch=0.004s(11%) enc.moe=0.000s(1%) tail=0.000s(0%) head=0.004s(10%) other=0.000s(1%) call=0.035s | tiles=63 ahead=63 experts=321 miss=11 io=0.004s 10.2GB/s]
[prefill gpuq busy=0.029s(84%) idle=0.006s(16%) span=0.035s buffers=335]
[prefill gpu attn=0.010s(37%) shared=0.003s(12%) moe=0.010s(37%) tail=0.001s(3%) head=0.003s(12%) total=0.028s]
[prefill gpu attn embed=0.000s(0%) norm=0.000s(2%) qkv=0.004s(39%) rope=0.001s(5%) kvcopy=0.000s(1%) attn.swa=0.001s(10%) attn.full=0.000s(2%) oproj=0.002s(21%) post=0.002s(20%) total=0.010s]
[prefill host enc.front=0.002s(6%) wait.front=0.021s(64%) drain=0.000s(2%) route=0.000s(0%) meta=0.000s(0%) fetch=0.005s(15%) enc.moe=0.000s(1%) tail=0.000s(0%) head=0.004s(11%) other=0.000s(1%) call=0.033s | tiles=63 ahead=63 experts=300 miss=8 io=0.005s 5.7GB/s]
[prefill gpuq busy=0.028s(86%) idle=0.004s(14%) span=0.033s buffers=335]
[prefill gpu attn=0.010s(37%) shared=0.003s(12%) moe=0.011s(37%) tail=0.001s(3%) head=0.003s(12%) total=0.028s]
[prefill gpu attn embed=0.000s(0%) norm=0.000s(3%) qkv=0.004s(39%) rope=0.001s(5%) kvcopy=0.000s(1%) attn.swa=0.001s(10%) attn.full=0.000s(2%) oproj=0.002s(21%) post=0.002s(20%) total=0.010s]
[prefill host enc.front=0.002s(6%) wait.front=0.023s(75%) drain=0.000s(1%) route=0.000s(1%) meta=0.000s(0%) fetch=0.001s(4%) enc.moe=0.000s(1%) tail=0.000s(0%) head=0.004s(11%) other=0.000s(1%) call=0.031s | tiles=62 ahead=62 experts=315 miss=2 io=0.001s 6.3GB/s]
[prefill gpuq busy=0.028s(92%) idle=0.003s(8%) span=0.031s buffers=334]
[prefill gpu attn=0.010s(37%) shared=0.003s(12%) moe=0.011s(37%) tail=0.001s(2%) head=0.003s(12%) total=0.029s]
[prefill gpu attn embed=0.000s(0%) norm=0.000s(3%) qkv=0.004s(38%) rope=0.001s(5%) kvcopy=0.000s(1%) attn.swa=0.001s(10%) attn.full=0.000s(2%) oproj=0.002s(21%) post=0.002s(20%) total=0.010s]
[prefill host enc.front=0.002s(6%) wait.front=0.023s(70%) drain=0.001s(3%) route=0.000s(1%) meta=0.000s(0%) fetch=0.002s(7%) enc.moe=0.000s(1%) tail=0.000s(0%) head=0.004s(11%) other=0.000s(1%) call=0.033s | tiles=62 ahead=62 experts=316 miss=3 io=0.002s 4.6GB/s]
[prefill gpuq busy=0.029s(88%) idle=0.004s(12%) span=0.032s buffers=334]
[prefill gpu attn=0.010s(36%) shared=0.003s(12%) moe=0.011s(38%) tail=0.001s(3%) head=0.004s(12%) total=0.029s]
[prefill gpu attn embed=0.000s(0%) norm=0.000s(2%) qkv=0.004s(39%) rope=0.001s(5%) kvcopy=0.000s(1%) attn.swa=0.001s(10%) attn.full=0.000s(2%) oproj=0.002s(21%) post=0.002s(20%) total=0.010s]
[prefill host enc.front=0.002s(6%) wait.front=0.022s(70%) drain=0.000s(1%) route=0.000s(1%) meta=0.000s(0%) fetch=0.003s(8%) enc.moe=0.000s(1%) tail=0.000s(0%) head=0.004s(11%) other=0.000s(1%) call=0.032s | tiles=62 ahead=62 experts=322 miss=5 io=0.003s 6.5GB/s]
[prefill gpuq busy=0.029s(91%) idle=0.003s(9%) span=0.032s buffers=334]
[prefill gpu attn=0.011s(36%) shared=0.004s(12%) moe=0.011s(36%) tail=0.001s(3%) head=0.004s(12%) total=0.029s]
[prefill gpu attn embed=0.000s(0%) norm=0.000s(3%) qkv=0.004s(39%) rope=0.001s(5%) kvcopy=0.000s(1%) attn.swa=0.001s(10%) attn.full=0.000s(2%) oproj=0.002s(21%) post=0.002s(20%) total=0.011s]
[prefill host enc.front=0.002s(6%) wait.front=0.024s(69%) drain=0.000s(1%) route=0.000s(1%) meta=0.000s(0%) fetch=0.003s(10%) enc.moe=0.000s(1%) tail=0.000s(0%) head=0.004s(11%) other=0.000s(1%) call=0.034s | tiles=63 ahead=63 experts=307 miss=5 io=0.003s 5.1GB/s]
[prefill gpuq busy=0.029s(86%) idle=0.005s(14%) span=0.034s buffers=335]
[prefill gpu attn=0.011s(37%) shared=0.003s(12%) moe=0.010s(36%) tail=0.001s(3%) head=0.003s(12%) total=0.029s]
[prefill gpu attn embed=0.000s(0%) norm=0.000s(2%) qkv=0.004s(38%) rope=0.001s(5%) kvcopy=0.000s(1%) attn.swa=0.001s(10%) attn.full=0.000s(2%) oproj=0.002s(21%) post=0.002s(21%) total=0.011s]
[prefill host enc.front=0.002s(5%) wait.front=0.022s(55%) drain=0.000s(1%) route=0.000s(0%) meta=0.000s(0%) fetch=0.011s(28%) enc.moe=0.000s(1%) tail=0.000s(0%) head=0.004s(9%) other=0.000s(1%) call=0.041s | tiles=65 ahead=65 experts=299 miss=9 io=0.011s 2.8GB/s]
[prefill gpuq busy=0.029s(71%) idle=0.012s(29%) span=0.040s buffers=337]
[prefill gpu attn=0.011s(36%) shared=0.004s(12%) moe=0.011s(38%) tail=0.001s(3%) head=0.003s(11%) total=0.029s]
[prefill gpu attn embed=0.000s(0%) norm=0.000s(2%) qkv=0.004s(39%) rope=0.001s(5%) kvcopy=0.000s(1%) attn.swa=0.001s(10%) attn.full=0.000s(2%) oproj=0.002s(21%) post=0.002s(20%) total=0.011s]
[prefill host enc.front=0.002s(5%) wait.front=0.025s(66%) drain=0.000s(1%) route=0.000s(0%) meta=0.000s(0%) fetch=0.006s(16%) enc.moe=0.000s(1%) tail=0.000s(0%) head=0.004s(9%) other=0.000s(1%) call=0.038s | tiles=64 ahead=64 experts=326 miss=6 io=0.006s 3.5GB/s]
[prefill gpuq busy=0.029s(78%) idle=0.008s(22%) span=0.038s buffers=336]
[prefill gpu attn=0.010s(36%) shared=0.003s(12%) moe=0.011s(37%) tail=0.001s(3%) head=0.003s(12%) total=0.029s]
[prefill gpu attn embed=0.000s(0%) norm=0.000s(2%) qkv=0.004s(39%) rope=0.001s(5%) kvcopy=0.000s(1%) attn.swa=0.001s(10%) attn.full=0.000s(2%) oproj=0.002s(21%) post=0.002s(20%) total=0.010s]
[prefill host enc.front=0.002s(5%) wait.front=0.023s(62%) drain=0.000s(1%) route=0.000s(0%) meta=0.000s(0%) fetch=0.007s(19%) enc.moe=0.000s(1%) tail=0.000s(0%) head=0.004s(10%) other=0.000s(1%) call=0.037s | tiles=65 ahead=65 experts=311 miss=8 io=0.007s 3.8GB/s]
[prefill gpuq busy=0.029s(78%) idle=0.008s(22%) span=0.037s buffers=337]
[prefill gpu attn=0.010s(36%) shared=0.003s(12%) moe=0.011s(38%) tail=0.001s(2%) head=0.003s(11%) total=0.029s]
[prefill gpu attn embed=0.000s(0%) norm=0.000s(3%) qkv=0.004s(39%) rope=0.001s(5%) kvcopy=0.000s(1%) attn.swa=0.001s(10%) attn.full=0.000s(2%) oproj=0.002s(21%) post=0.002s(20%) total=0.010s]
[prefill host enc.front=0.002s(5%) wait.front=0.023s(62%) drain=0.001s(3%) route=0.000s(0%) meta=0.000s(0%) fetch=0.006s(17%) enc.moe=0.000s(1%) tail=0.000s(0%) head=0.004s(10%) other=0.000s(1%) call=0.036s | tiles=66 ahead=66 experts=324 miss=6 io=0.006s 3.4GB/s]
[prefill gpuq busy=0.029s(81%) idle=0.007s(19%) span=0.036s buffers=338]
[prefill gpu attn=0.010s(35%) shared=0.003s(12%) moe=0.012s(39%) tail=0.001s(2%) head=0.004s(12%) total=0.030s]
[prefill gpu attn embed=0.000s(0%) norm=0.000s(2%) qkv=0.004s(38%) rope=0.001s(5%) kvcopy=0.000s(1%) attn.swa=0.001s(10%) attn.full=0.000s(2%) oproj=0.002s(22%) post=0.002s(20%) total=0.010s]
[prefill host enc.front=0.002s(5%) wait.front=0.023s(60%) drain=0.000s(1%) route=0.000s(0%) meta=0.000s(0%) fetch=0.009s(22%) enc.moe=0.001s(1%) tail=0.000s(0%) head=0.004s(10%) other=0.000s(1%) call=0.039s | tiles=67 ahead=67 experts=338 miss=10 io=0.009s 4.0GB/s]
[prefill gpuq busy=0.030s(76%) idle=0.009s(24%) span=0.039s buffers=339]
[prefill gpu attn=0.011s(38%) shared=0.003s(12%) moe=0.010s(36%) tail=0.001s(3%) head=0.003s(12%) total=0.028s]
[prefill gpu attn embed=0.000s(0%) norm=0.000s(3%) qkv=0.004s(38%) rope=0.001s(6%) kvcopy=0.000s(1%) attn.swa=0.001s(10%) attn.full=0.000s(2%) oproj=0.002s(21%) post=0.002s(20%) total=0.011s]
[prefill host enc.front=0.002s(6%) wait.front=0.023s(70%) drain=0.000s(1%) route=0.000s(1%) meta=0.000s(0%) fetch=0.003s(8%) enc.moe=0.000s(1%) tail=0.000s(0%) head=0.004s(11%) other=0.000s(1%) call=0.032s | tiles=59 ahead=59 experts=303 miss=2 io=0.003s 2.6GB/s]
[prefill gpuq busy=0.028s(88%) idle=0.004s(12%) span=0.032s buffers=331]
[prefill gpu attn=0.010s(37%) shared=0.003s(12%) moe=0.010s(37%) tail=0.001s(2%) head=0.003s(12%) total=0.028s]
[prefill gpu attn embed=0.000s(0%) norm=0.000s(2%) qkv=0.004s(38%) rope=0.001s(5%) kvcopy=0.000s(1%) attn.swa=0.001s(10%) attn.full=0.000s(2%) oproj=0.002s(21%) post=0.002s(20%) total=0.010s]
[prefill host enc.front=0.002s(6%) wait.front=0.024s(72%) drain=0.000s(1%) route=0.000s(0%) meta=0.000s(0%) fetch=0.002s(7%) enc.moe=0.000s(1%) tail=0.000s(0%) head=0.004s(11%) other=0.000s(1%) call=0.034s | tiles=62 ahead=62 experts=313 miss=3 io=0.002s 4.2GB/s]
[prefill gpuq busy=0.028s(85%) idle=0.005s(15%) span=0.033s buffers=334]
[prefill gpu attn=0.010s(35%) shared=0.003s(12%) moe=0.012s(39%) tail=0.001s(3%) head=0.003s(12%) total=0.030s]
[prefill gpu attn embed=0.000s(0%) norm=0.000s(3%) qkv=0.004s(39%) rope=0.001s(5%) kvcopy=0.000s(1%) attn.swa=0.001s(10%) attn.full=0.000s(2%) oproj=0.002s(22%) post=0.002s(20%) total=0.010s]
[prefill host enc.front=0.002s(6%) wait.front=0.024s(72%) drain=0.000s(1%) route=0.000s(1%) meta=0.000s(0%) fetch=0.002s(6%) enc.moe=0.000s(1%) tail=0.000s(0%) head=0.004s(11%) other=0.000s(1%) call=0.033s | tiles=63 ahead=63 experts=348 miss=4 io=0.002s 6.7GB/s]
[prefill gpuq busy=0.030s(91%) idle=0.003s(9%) span=0.033s buffers=335]
[prefill gpu attn=0.011s(36%) shared=0.003s(12%) moe=0.011s(38%) tail=0.001s(3%) head=0.004s(12%) total=0.030s]
[prefill gpu attn embed=0.000s(0%) norm=0.000s(2%) qkv=0.004s(38%) rope=0.001s(5%) kvcopy=0.000s(1%) attn.swa=0.001s(10%) attn.full=0.000s(2%) oproj=0.002s(22%) post=0.002s(20%) total=0.011s]
[prefill host enc.front=0.002s(5%) wait.front=0.028s(70%) drain=0.000s(1%) route=0.000s(0%) meta=0.000s(0%) fetch=0.005s(12%) enc.moe=0.000s(1%) tail=0.000s(0%) head=0.004s(9%) other=0.000s(1%) call=0.040s | tiles=62 ahead=62 experts=323 miss=5 io=0.005s 3.5GB/s]
[prefill gpuq busy=0.030s(75%) idle=0.010s(25%) span=0.040s buffers=334]
[prefill gpu attn=0.010s(36%) shared=0.003s(12%) moe=0.011s(37%) tail=0.001s(3%) head=0.003s(12%) total=0.029s]
[prefill gpu attn embed=0.000s(0%) norm=0.000s(2%) qkv=0.004s(38%) rope=0.001s(5%) kvcopy=0.000s(1%) attn.swa=0.001s(10%) attn.full=0.000s(2%) oproj=0.002s(21%) post=0.002s(20%) total=0.010s]
[prefill host enc.front=0.002s(5%) wait.front=0.025s(59%) drain=0.000s(1%) route=0.000s(0%) meta=0.000s(0%) fetch=0.010s(24%) enc.moe=0.000s(1%) tail=0.000s(0%) head=0.004s(9%) other=0.000s(1%) call=0.041s | tiles=63 ahead=63 experts=297 miss=13 io=0.010s 4.6GB/s]
[prefill gpuq busy=0.029s(70%) idle=0.013s(30%) span=0.041s buffers=335]
[prefill gpu attn=0.011s(36%) shared=0.003s(12%) moe=0.011s(37%) tail=0.001s(3%) head=0.003s(12%) total=0.029s]
[prefill gpu attn embed=0.000s(0%) norm=0.000s(3%) qkv=0.004s(39%) rope=0.001s(5%) kvcopy=0.000s(1%) attn.swa=0.001s(10%) attn.full=0.000s(2%) oproj=0.002s(21%) post=0.002s(20%) total=0.011s]
[prefill host enc.front=0.002s(6%) wait.front=0.022s(66%) drain=0.000s(1%) route=0.000s(0%) meta=0.000s(0%) fetch=0.004s(12%) enc.moe=0.000s(1%) tail=0.000s(0%) head=0.004s(11%) other=0.000s(1%) call=0.034s | tiles=64 ahead=64 experts=315 miss=7 io=0.004s 5.7GB/s]
[prefill gpuq busy=0.029s(87%) idle=0.004s(13%) span=0.033s buffers=336]
[prefill gpu attn=0.011s(36%) shared=0.003s(12%) moe=0.011s(38%) tail=0.001s(3%) head=0.003s(12%) total=0.029s]
[prefill gpu attn embed=0.000s(0%) norm=0.000s(2%) qkv=0.004s(38%) rope=0.001s(5%) kvcopy=0.000s(1%) attn.swa=0.001s(10%) attn.full=0.000s(2%) oproj=0.002s(21%) post=0.002s(20%) total=0.011s]
[prefill host enc.front=0.002s(5%) wait.front=0.026s(64%) drain=0.001s(1%) route=0.000s(0%) meta=0.000s(0%) fetch=0.007s(18%) enc.moe=0.000s(1%) tail=0.000s(0%) head=0.004s(9%) other=0.000s(1%) call=0.040s | tiles=64 ahead=64 experts=314 miss=15 io=0.007s 7.3GB/s]
[prefill gpuq busy=0.029s(74%) idle=0.010s(26%) span=0.040s buffers=336]
[prefill gpu attn=0.011s(36%) shared=0.004s(12%) moe=0.011s(38%) tail=0.001s(2%) head=0.003s(12%) total=0.030s]
[prefill gpu attn embed=0.000s(0%) norm=0.000s(2%) qkv=0.004s(39%) rope=0.001s(5%) kvcopy=0.000s(1%) attn.swa=0.001s(10%) attn.full=0.000s(2%) oproj=0.002s(22%) post=0.002s(20%) total=0.011s]
[prefill host enc.front=0.002s(5%) wait.front=0.023s(57%) drain=0.000s(1%) route=0.000s(0%) meta=0.000s(0%) fetch=0.010s(25%) enc.moe=0.000s(1%) tail=0.000s(0%) head=0.004s(9%) other=0.000s(1%) call=0.040s | tiles=66 ahead=66 experts=318 miss=11 io=0.010s 3.8GB/s]
[prefill gpuq busy=0.030s(74%) idle=0.010s(26%) span=0.040s buffers=338]
[prefill gpu attn=0.010s(37%) shared=0.004s(12%) moe=0.010s(36%) tail=0.001s(2%) head=0.003s(12%) total=0.028s]
[prefill gpu attn embed=0.000s(0%) norm=0.000s(2%) qkv=0.004s(38%) rope=0.001s(5%) kvcopy=0.000s(1%) attn.swa=0.001s(10%) attn.full=0.000s(2%) oproj=0.002s(21%) post=0.002s(20%) total=0.010s]
[prefill host enc.front=0.002s(6%) wait.front=0.023s(73%) drain=0.000s(1%) route=0.000s(1%) meta=0.000s(0%) fetch=0.002s(5%) enc.moe=0.000s(1%) tail=0.000s(0%) head=0.004s(12%) other=0.000s(1%) call=0.032s | tiles=61 ahead=61 experts=300 miss=3 io=0.002s 6.2GB/s]
[prefill gpuq busy=0.028s(90%) idle=0.003s(10%) span=0.032s buffers=333]
[prefill gpu attn=0.011s(37%) shared=0.003s(12%) moe=0.011s(36%) tail=0.001s(3%) head=0.004s(13%) total=0.029s]
[prefill gpu attn embed=0.000s(0%) norm=0.000s(2%) qkv=0.004s(39%) rope=0.001s(5%) kvcopy=0.000s(1%) attn.swa=0.001s(10%) attn.full=0.000s(2%) oproj=0.002s(21%) post=0.002s(20%) total=0.011s]
[prefill host enc.front=0.002s(4%) wait.front=0.022s(51%) drain=0.000s(1%) route=0.000s(0%) meta=0.000s(0%) fetch=0.014s(32%) enc.moe=0.000s(1%) tail=0.000s(0%) head=0.004s(9%) other=0.000s(1%) call=0.043s | tiles=64 ahead=64 experts=301 miss=13 io=0.014s 3.2GB/s]
[prefill gpuq busy=0.029s(68%) idle=0.014s(32%) span=0.043s buffers=336]
[prefill gpu attn=0.011s(37%) shared=0.003s(12%) moe=0.010s(37%) tail=0.001s(3%) head=0.003s(12%) total=0.029s]
[prefill gpu attn embed=0.000s(0%) norm=0.000s(2%) qkv=0.004s(39%) rope=0.000s(5%) kvcopy=0.000s(1%) attn.swa=0.001s(10%) attn.full=0.000s(2%) oproj=0.002s(22%) post=0.002s(20%) total=0.011s]
[prefill host enc.front=0.002s(6%) wait.front=0.022s(63%) drain=0.000s(1%) route=0.000s(1%) meta=0.000s(0%) fetch=0.006s(16%) enc.moe=0.000s(1%) tail=0.000s(0%) head=0.004s(11%) other=0.000s(1%) call=0.035s | tiles=60 ahead=60 experts=295 miss=10 io=0.006s 6.1GB/s]
[prefill gpuq busy=0.029s(83%) idle=0.006s(17%) span=0.034s buffers=332]
[prefill gpu attn=0.011s(36%) shared=0.004s(13%) moe=0.011s(37%) tail=0.001s(2%) head=0.003s(12%) total=0.029s]
[prefill gpu attn embed=0.000s(0%) norm=0.000s(2%) qkv=0.004s(39%) rope=0.001s(5%) kvcopy=0.000s(1%) attn.swa=0.001s(10%) attn.full=0.000s(2%) oproj=0.002s(22%) post=0.002s(20%) total=0.011s]
[prefill host enc.front=0.002s(6%) wait.front=0.021s(63%) drain=0.000s(1%) route=0.000s(1%) meta=0.000s(0%) fetch=0.005s(16%) enc.moe=0.000s(1%) tail=0.000s(0%) head=0.004s(11%) other=0.000s(1%) call=0.034s | tiles=57 ahead=57 experts=308 miss=8 io=0.005s 5.1GB/s]
[prefill gpuq busy=0.029s(86%) idle=0.005s(14%) span=0.034s buffers=329]
[prefill gpu attn=0.011s(36%) shared=0.004s(13%) moe=0.011s(37%) tail=0.001s(2%) head=0.003s(12%) total=0.029s]
[prefill gpu attn embed=0.000s(0%) norm=0.000s(2%) qkv=0.004s(39%) rope=0.000s(4%) kvcopy=0.000s(1%) attn.swa=0.001s(10%) attn.full=0.000s(2%) oproj=0.002s(22%) post=0.002s(20%) total=0.011s]
[prefill host enc.front=0.002s(5%) wait.front=0.022s(60%) drain=0.000s(1%) route=0.000s(1%) meta=0.000s(0%) fetch=0.007s(20%) enc.moe=0.001s(1%) tail=0.000s(0%) head=0.004s(10%) other=0.000s(1%) call=0.036s | tiles=63 ahead=63 experts=298 miss=7 io=0.007s 3.4GB/s]
[prefill gpuq busy=0.029s(80%) idle=0.007s(20%) span=0.036s buffers=335]
[prefill gpu attn=0.011s(37%) shared=0.004s(12%) moe=0.011s(37%) tail=0.001s(3%) head=0.003s(12%) total=0.029s]
[prefill gpu attn embed=0.000s(0%) norm=0.000s(2%) qkv=0.004s(38%) rope=0.001s(5%) kvcopy=0.000s(1%) attn.swa=0.001s(10%) attn.full=0.000s(2%) oproj=0.002s(22%) post=0.002s(20%) total=0.011s]
[prefill host enc.front=0.002s(5%) wait.front=0.024s(67%) drain=0.000s(1%) route=0.000s(1%) meta=0.000s(0%) fetch=0.005s(13%) enc.moe=0.000s(1%) tail=0.000s(0%) head=0.004s(10%) other=0.000s(1%) call=0.036s | tiles=60 ahead=60 experts=304 miss=7 io=0.005s 5.0GB/s]
[prefill gpuq busy=0.029s(80%) idle=0.007s(20%) span=0.036s buffers=332]
[prefill gpu attn=0.010s(36%) shared=0.003s(12%) moe=0.011s(38%) tail=0.001s(3%) head=0.003s(12%) total=0.029s]
[prefill gpu attn embed=0.000s(0%) norm=0.000s(3%) qkv=0.004s(38%) rope=0.001s(5%) kvcopy=0.000s(1%) attn.swa=0.001s(10%) attn.full=0.000s(2%) oproj=0.002s(21%) post=0.002s(20%) total=0.010s]
[prefill host enc.front=0.002s(6%) wait.front=0.022s(66%) drain=0.000s(1%) route=0.000s(1%) meta=0.000s(0%) fetch=0.004s(13%) enc.moe=0.000s(1%) tail=0.000s(0%) head=0.004s(11%) other=0.000s(1%) call=0.034s | tiles=63 ahead=63 experts=315 miss=7 io=0.005s 5.4GB/s]
[prefill gpuq busy=0.029s(86%) idle=0.005s(14%) span=0.034s buffers=335]
[prefill gpu attn=0.011s(37%) shared=0.003s(12%) moe=0.010s(36%) tail=0.001s(3%) head=0.004s(12%) total=0.029s]
[prefill gpu attn embed=0.000s(0%) norm=0.000s(2%) qkv=0.004s(38%) rope=0.001s(5%) kvcopy=0.000s(1%) attn.swa=0.001s(10%) attn.full=0.000s(2%) oproj=0.002s(21%) post=0.002s(20%) total=0.011s]
[prefill host enc.front=0.002s(5%) wait.front=0.024s(63%) drain=0.000s(1%) route=0.000s(0%) meta=0.000s(0%) fetch=0.007s(18%) enc.moe=0.000s(1%) tail=0.000s(0%) head=0.004s(10%) other=0.000s(1%) call=0.038s | tiles=63 ahead=63 experts=292 miss=8 io=0.007s 4.0GB/s]
[prefill gpuq busy=0.029s(76%) idle=0.009s(24%) span=0.038s buffers=335]
[prefill gpu attn=0.011s(35%) shared=0.004s(12%) moe=0.012s(39%) tail=0.001s(3%) head=0.004s(12%) total=0.030s]
[prefill gpu attn embed=0.000s(0%) norm=0.000s(2%) qkv=0.004s(38%) rope=0.001s(5%) kvcopy=0.000s(1%) attn.swa=0.001s(11%) attn.full=0.000s(2%) oproj=0.002s(22%) post=0.002s(20%) total=0.011s]
[prefill host enc.front=0.002s(5%) wait.front=0.028s(72%) drain=0.000s(1%) route=0.000s(0%) meta=0.000s(0%) fetch=0.003s(9%) enc.moe=0.000s(1%) tail=0.000s(0%) head=0.004s(10%) other=0.000s(1%) call=0.038s | tiles=65 ahead=65 experts=333 miss=6 io=0.003s 6.2GB/s]
[prefill gpuq busy=0.030s(80%) idle=0.008s(20%) span=0.038s buffers=337]
[prefill gpu attn=0.011s(37%) shared=0.003s(12%) moe=0.011s(37%) tail=0.001s(3%) head=0.003s(12%) total=0.029s]
[prefill gpu attn embed=0.000s(0%) norm=0.000s(2%) qkv=0.004s(39%) rope=0.001s(5%) kvcopy=0.000s(1%) attn.swa=0.001s(10%) attn.full=0.000s(2%) oproj=0.002s(21%) post=0.002s(20%) total=0.011s]
[prefill host enc.front=0.002s(5%) wait.front=0.022s(64%) drain=0.000s(1%) route=0.000s(0%) meta=0.000s(0%) fetch=0.006s(16%) enc.moe=0.000s(1%) tail=0.000s(0%) head=0.004s(10%) other=0.000s(1%) call=0.035s | tiles=61 ahead=61 experts=310 miss=7 io=0.006s 4.2GB/s]
[prefill gpuq busy=0.029s(82%) idle=0.006s(18%) span=0.035s buffers=333]
[prefill gpu attn=0.011s(37%) shared=0.004s(12%) moe=0.011s(37%) tail=0.001s(3%) head=0.003s(12%) total=0.029s]
[prefill gpu attn embed=0.000s(0%) norm=0.000s(2%) qkv=0.004s(38%) rope=0.001s(5%) kvcopy=0.000s(1%) attn.swa=0.001s(10%) attn.full=0.000s(2%) oproj=0.002s(22%) post=0.002s(20%) total=0.011s]
[prefill host enc.front=0.002s(5%) wait.front=0.024s(61%) drain=0.000s(1%) route=0.000s(0%) meta=0.000s(0%) fetch=0.008s(21%) enc.moe=0.000s(1%) tail=0.000s(0%) head=0.004s(9%) other=0.000s(1%) call=0.039s | tiles=66 ahead=66 experts=308 miss=7 io=0.008s 2.9GB/s]
[prefill gpuq busy=0.029s(75%) idle=0.010s(25%) span=0.039s buffers=338]
[prefill gpu attn=0.011s(37%) shared=0.003s(12%) moe=0.010s(36%) tail=0.001s(3%) head=0.003s(12%) total=0.029s]
[prefill gpu attn embed=0.000s(0%) norm=0.000s(2%) qkv=0.004s(38%) rope=0.001s(6%) kvcopy=0.000s(1%) attn.swa=0.001s(11%) attn.full=0.000s(2%) oproj=0.002s(21%) post=0.002s(20%) total=0.011s]
[prefill host enc.front=0.002s(5%) wait.front=0.021s(61%) drain=0.000s(1%) route=0.000s(0%) meta=0.000s(0%) fetch=0.007s(19%) enc.moe=0.000s(1%) tail=0.000s(0%) head=0.004s(10%) other=0.000s(1%) call=0.035s | tiles=62 ahead=62 experts=308 miss=6 io=0.007s 3.0GB/s]
[prefill gpuq busy=0.029s(82%) idle=0.006s(18%) span=0.035s buffers=334]
[prefill gpu attn=0.011s(36%) shared=0.004s(12%) moe=0.011s(38%) tail=0.001s(3%) head=0.004s(12%) total=0.030s]
[prefill gpu attn embed=0.000s(0%) norm=0.000s(2%) qkv=0.004s(38%) rope=0.001s(5%) kvcopy=0.000s(1%) attn.swa=0.001s(10%) attn.full=0.000s(2%) oproj=0.002s(21%) post=0.002s(20%) total=0.011s]
[prefill host enc.front=0.002s(5%) wait.front=0.025s(63%) drain=0.000s(1%) route=0.000s(0%) meta=0.000s(0%) fetch=0.007s(18%) enc.moe=0.000s(1%) tail=0.000s(0%) head=0.004s(9%) other=0.000s(1%) call=0.039s | tiles=64 ahead=64 experts=305 miss=15 io=0.007s 7.2GB/s]
[prefill gpuq busy=0.030s(76%) idle=0.009s(24%) span=0.039s buffers=336]
[prefill gpu attn=0.011s(34%) shared=0.004s(12%) moe=0.013s(40%) tail=0.001s(2%) head=0.003s(11%) total=0.031s]
[prefill gpu attn embed=0.000s(0%) norm=0.000s(2%) qkv=0.004s(39%) rope=0.000s(4%) kvcopy=0.000s(1%) attn.swa=0.001s(11%) attn.full=0.000s(2%) oproj=0.002s(22%) post=0.002s(20%) total=0.011s]
[prefill host enc.front=0.002s(4%) wait.front=0.027s(56%) drain=0.000s(1%) route=0.000s(0%) meta=0.000s(0%) fetch=0.014s(29%) enc.moe=0.001s(1%) tail=0.000s(0%) head=0.004s(7%) other=0.000s(1%) call=0.049s | tiles=72 ahead=72 experts=330 miss=23 io=0.015s 5.3GB/s]
[prefill gpuq busy=0.031s(64%) idle=0.018s(36%) span=0.049s buffers=344]
[prefill gpu attn=0.011s(37%) shared=0.003s(12%) moe=0.010s(36%) tail=0.001s(3%) head=0.004s(13%) total=0.029s]
[prefill gpu attn embed=0.000s(0%) norm=0.000s(2%) qkv=0.004s(38%) rope=0.001s(6%) kvcopy=0.000s(1%) attn.swa=0.001s(10%) attn.full=0.000s(2%) oproj=0.002s(21%) post=0.002s(20%) total=0.011s]
[prefill host enc.front=0.002s(6%) wait.front=0.023s(70%) drain=0.000s(1%) route=0.000s(1%) meta=0.000s(0%) fetch=0.002s(7%) enc.moe=0.000s(1%) tail=0.000s(0%) head=0.004s(11%) other=0.000s(1%) call=0.033s | tiles=61 ahead=61 experts=303 miss=4 io=0.002s 5.8GB/s]
[prefill gpuq busy=0.029s(89%) idle=0.004s(11%) span=0.032s buffers=333]
[prefill gpu attn=0.011s(37%) shared=0.004s(12%) moe=0.011s(37%) tail=0.001s(3%) head=0.003s(12%) total=0.029s]
[prefill gpu attn embed=0.000s(0%) norm=0.000s(2%) qkv=0.004s(38%) rope=0.001s(5%) kvcopy=0.000s(1%) attn.swa=0.001s(10%) attn.full=0.000s(2%) oproj=0.002s(21%) post=0.002s(20%) total=0.011s]
[prefill host enc.front=0.002s(6%) wait.front=0.025s(70%) drain=0.000s(1%) route=0.000s(1%) meta=0.000s(0%) fetch=0.003s(10%) enc.moe=0.000s(1%) tail=0.000s(0%) head=0.004s(10%) other=0.000s(1%) call=0.035s | tiles=60 ahead=60 experts=304 miss=6 io=0.003s 6.1GB/s]
[prefill gpuq busy=0.029s(83%) idle=0.006s(17%) span=0.035s buffers=332]
[prefill gpu attn=0.010s(37%) shared=0.003s(12%) moe=0.011s(37%) tail=0.001s(2%) head=0.003s(12%) total=0.029s]
[prefill gpu attn embed=0.000s(0%) norm=0.000s(3%) qkv=0.004s(38%) rope=0.001s(5%) kvcopy=0.000s(1%) attn.swa=0.001s(11%) attn.full=0.000s(2%) oproj=0.002s(21%) post=0.002s(20%) total=0.010s]
[prefill host enc.front=0.002s(6%) wait.front=0.024s(72%) drain=0.000s(1%) route=0.000s(1%) meta=0.000s(0%) fetch=0.002s(7%) enc.moe=0.000s(1%) tail=0.000s(0%) head=0.004s(11%) other=0.000s(1%) call=0.033s | tiles=60 ahead=60 experts=318 miss=4 io=0.002s 5.6GB/s]
[prefill gpuq busy=0.029s(87%) idle=0.004s(13%) span=0.033s buffers=332]
[prefill gpu attn=0.011s(35%) shared=0.004s(11%) moe=0.013s(41%) tail=0.001s(3%) head=0.003s(11%) total=0.032s]
[prefill gpu attn embed=0.000s(0%) norm=0.000s(2%) qkv=0.004s(38%) rope=0.001s(5%) kvcopy=0.000s(1%) attn.swa=0.001s(11%) attn.full=0.000s(2%) oproj=0.002s(21%) post=0.002s(20%) total=0.011s]
[prefill host enc.front=0.002s(5%) wait.front=0.027s(64%) drain=0.001s(1%) route=0.000s(0%) meta=0.000s(0%) fetch=0.007s(18%) enc.moe=0.001s(1%) tail=0.000s(0%) head=0.004s(9%) other=0.000s(1%) call=0.041s | tiles=67 ahead=67 experts=371 miss=12 io=0.008s 5.5GB/s]
[prefill gpuq busy=0.032s(76%) idle=0.010s(24%) span=0.041s buffers=339]
[prefill gpu attn=0.011s(33%) shared=0.004s(11%) moe=0.015s(44%) tail=0.001s(2%) head=0.003s(10%) total=0.033s]
[prefill gpu attn embed=0.000s(0%) norm=0.000s(2%) qkv=0.004s(39%) rope=0.001s(5%) kvcopy=0.000s(1%) attn.swa=0.001s(11%) attn.full=0.000s(2%) oproj=0.002s(21%) post=0.002s(20%) total=0.011s]
[prefill host enc.front=0.002s(2%) wait.front=0.024s(22%) drain=0.001s(1%) route=0.000s(0%) meta=0.000s(0%) fetch=0.074s(69%) enc.moe=0.001s(1%) tail=0.000s(0%) head=0.004s(3%) other=0.001s(1%) call=0.107s | tiles=79 ahead=79 experts=354 miss=82 io=0.074s 3.8GB/s]
[prefill gpuq busy=0.033s(31%) idle=0.073s(69%) span=0.106s buffers=351]

[stop=endOfTurn prefill=365tok new=169tok decode=5.33s tok/s=31.696]
[load=0.744s layerVerify=0.000s/30layers prefill=4.231s ttft=4.232s peak=6.78GB rss=3.87GB]
[expert prefill hit=0.0% 0/2734 io=1.696s | decode hit=95.1% 30548/32107 io=1.548s]
[vision images=1 soft=260 tower=1.756s towerLoad=0.001s]
[decode/tok io=0.00ms cb1=0.00ms cb2=0.00ms head=0.00ms]
[mtp bs=2 rounds=101 accept=0.673/1 tok/round=1.673 draft=0.400s verify=4.704s accepted=33,68]
