[prefill gpu attn=0.395s(30%) shared=0.115s(9%) moe=0.779s(60%) tail=0.007s(1%) head=0.003s(0%) total=1.300s]
[prefill gpu attn embed=0.000s(0%) norm=0.001s(0%) qkv=0.147s(37%) rope=0.005s(1%) kvcopy=0.001s(0%) attn.swa=0.090s(23%) attn.full=0.007s(2%) oproj=0.081s(20%) post=0.065s(16%) total=0.395s]
[prefill host enc.front=0.004s(0%) wait.front=0.531s(22%) drain=0.000s(0%) route=0.005s(0%) wait.shared=0.109s(4%) meta=0.000s(0%) fetch=1.672s(68%) enc.moe=0.014s(1%) wait.tile=0.101s(4%) tail=0.013s(1%) head=0.004s(0%) other=0.005s(0%) call=2.460s | tiles=358 ahead=0 experts=0 miss=0 io=0.000s 0.0GB/s]
[prefill gpuq busy=1.299s(56%) idle=1.031s(44%) span=2.330s buffers=630]
[prefill gpu attn=0.012s(34%) shared=0.004s(11%) moe=0.015s(42%) tail=0.001s(2%) head=0.004s(10%) total=0.035s]
[prefill gpu attn embed=0.000s(0%) norm=0.000s(2%) qkv=0.005s(39%) rope=0.001s(4%) kvcopy=0.000s(1%) attn.swa=0.001s(10%) attn.full=0.000s(2%) oproj=0.003s(23%) post=0.002s(19%) total=0.012s]
[prefill host enc.front=0.004s(2%) wait.front=0.088s(38%) drain=0.001s(0%) route=0.001s(0%) meta=0.000s(0%) fetch=0.131s(57%) enc.moe=0.001s(1%) tail=0.000s(0%) head=0.004s(2%) other=0.001s(0%) call=0.230s | tiles=63 ahead=63 experts=336 miss=155 io=0.139s 3.9GB/s]
[prefill gpuq busy=0.035s(15%) idle=0.195s(85%) span=0.230s buffers=335]
[prefill gpu attn=0.016s(35%) shared=0.006s(14%) moe=0.018s(40%) tail=0.001s(3%) head=0.003s(8%) total=0.045s]
[prefill gpu attn embed=0.000s(0%) norm=0.000s(3%) qkv=0.006s(38%) rope=0.001s(6%) kvcopy=0.000s(1%) attn.swa=0.001s(8%) attn.full=0.000s(2%) oproj=0.003s(19%) post=0.004s(23%) total=0.016s]
[prefill host enc.front=0.002s(2%) wait.front=0.043s(39%) drain=0.000s(0%) route=0.000s(0%) meta=0.000s(0%) fetch=0.060s(54%) enc.moe=0.001s(1%) tail=0.000s(0%) head=0.004s(3%) other=0.001s(0%) call=0.111s | tiles=66 ahead=66 experts=314 miss=47 io=0.060s 2.7GB/s]
[prefill gpuq busy=0.044s(39%) idle=0.068s(61%) span=0.111s buffers=338]
[prefill gpu attn=0.011s(35%) shared=0.004s(12%) moe=0.012s(39%) tail=0.001s(3%) head=0.004s(12%) total=0.030s]
[prefill gpu attn embed=0.000s(0%) norm=0.000s(2%) qkv=0.004s(40%) rope=0.001s(5%) kvcopy=0.000s(1%) attn.swa=0.001s(8%) attn.full=0.000s(2%) oproj=0.002s(22%) post=0.002s(20%) total=0.011s]
[prefill host enc.front=0.002s(3%) wait.front=0.023s(37%) drain=0.000s(0%) route=0.000s(0%) meta=0.000s(0%) fetch=0.030s(50%) enc.moe=0.001s(1%) tail=0.000s(0%) head=0.004s(6%) other=0.000s(1%) call=0.061s | tiles=72 ahead=72 experts=308 miss=24 io=0.030s 2.7GB/s]
[prefill gpuq busy=0.030s(50%) idle=0.030s(50%) span=0.060s buffers=344]
[prefill gpu attn=0.011s(34%) shared=0.004s(12%) moe=0.012s(40%) tail=0.001s(2%) head=0.003s(11%) total=0.031s]
[prefill gpu attn embed=0.000s(0%) norm=0.000s(2%) qkv=0.004s(40%) rope=0.001s(5%) kvcopy=0.000s(1%) attn.swa=0.001s(8%) attn.full=0.000s(2%) oproj=0.002s(22%) post=0.002s(20%) total=0.011s]
[prefill host enc.front=0.002s(3%) wait.front=0.023s(35%) drain=0.000s(0%) route=0.000s(0%) meta=0.000s(0%) fetch=0.035s(54%) enc.moe=0.001s(1%) tail=0.000s(0%) head=0.004s(6%) other=0.000s(1%) call=0.066s | tiles=77 ahead=77 experts=333 miss=30 io=0.036s 2.9GB/s]
[prefill gpuq busy=0.031s(47%) idle=0.035s(53%) span=0.066s buffers=349]
[prefill gpu attn=0.010s(33%) shared=0.003s(11%) moe=0.013s(43%) tail=0.001s(2%) head=0.003s(11%) total=0.031s]
[prefill gpu attn embed=0.000s(0%) norm=0.000s(2%) qkv=0.004s(39%) rope=0.001s(5%) kvcopy=0.000s(1%) attn.swa=0.001s(8%) attn.full=0.000s(2%) oproj=0.002s(22%) post=0.002s(20%) total=0.010s]
[prefill host enc.front=0.002s(2%) wait.front=0.030s(33%) drain=0.000s(0%) route=0.000s(0%) meta=0.000s(0%) fetch=0.052s(58%) enc.moe=0.001s(1%) tail=0.000s(0%) head=0.004s(4%) other=0.001s(1%) call=0.090s | tiles=79 ahead=79 experts=346 miss=48 io=0.052s 3.2GB/s]
[prefill gpuq busy=0.031s(35%) idle=0.059s(65%) span=0.090s buffers=351]
[prefill gpu attn=0.010s(36%) shared=0.004s(12%) moe=0.011s(38%) tail=0.001s(3%) head=0.003s(11%) total=0.029s]
[prefill gpu attn embed=0.000s(0%) norm=0.000s(2%) qkv=0.004s(40%) rope=0.001s(5%) kvcopy=0.000s(1%) attn.swa=0.001s(9%) attn.full=0.000s(2%) oproj=0.002s(22%) post=0.002s(20%) total=0.010s]
[prefill host enc.front=0.002s(4%) wait.front=0.023s(46%) drain=0.000s(1%) route=0.000s(0%) meta=0.000s(0%) fetch=0.020s(40%) enc.moe=0.001s(1%) tail=0.000s(0%) head=0.004s(7%) other=0.000s(1%) call=0.050s | tiles=67 ahead=67 experts=310 miss=20 io=0.020s 3.5GB/s]
[prefill gpuq busy=0.029s(58%) idle=0.021s(42%) span=0.050s buffers=339]
[prefill gpu attn=0.011s(34%) shared=0.004s(12%) moe=0.013s(41%) tail=0.001s(3%) head=0.003s(11%) total=0.031s]
[prefill gpu attn embed=0.000s(0%) norm=0.000s(2%) qkv=0.004s(40%) rope=0.001s(5%) kvcopy=0.000s(1%) attn.swa=0.001s(8%) attn.full=0.000s(2%) oproj=0.002s(22%) post=0.002s(20%) total=0.011s]
[prefill host enc.front=0.002s(2%) wait.front=0.022s(23%) drain=0.000s(0%) route=0.000s(0%) meta=0.000s(0%) fetch=0.066s(69%) enc.moe=0.001s(1%) tail=0.000s(0%) head=0.004s(4%) other=0.001s(1%) call=0.095s | tiles=77 ahead=77 experts=313 miss=53 io=0.066s 2.8GB/s]
[prefill gpuq busy=0.031s(33%) idle=0.064s(67%) span=0.095s buffers=349]
[prefill gpu attn=0.010s(36%) shared=0.003s(12%) moe=0.011s(38%) tail=0.001s(3%) head=0.003s(12%) total=0.028s]
[prefill gpu attn embed=0.000s(0%) norm=0.000s(3%) qkv=0.004s(39%) rope=0.001s(5%) kvcopy=0.000s(1%) attn.swa=0.001s(8%) attn.full=0.000s(2%) oproj=0.002s(22%) post=0.002s(21%) total=0.010s]
[prefill host enc.front=0.002s(4%) wait.front=0.023s(51%) drain=0.000s(1%) route=0.000s(0%) meta=0.000s(0%) fetch=0.015s(33%) enc.moe=0.001s(1%) tail=0.000s(0%) head=0.004s(8%) other=0.000s(1%) call=0.044s | tiles=65 ahead=65 experts=309 miss=15 io=0.015s 3.5GB/s]
[prefill gpuq busy=0.028s(64%) idle=0.016s(36%) span=0.044s buffers=337]
[prefill gpu attn=0.011s(34%) shared=0.004s(11%) moe=0.013s(41%) tail=0.001s(3%) head=0.003s(11%) total=0.031s]
[prefill gpu attn embed=0.000s(0%) norm=0.000s(2%) qkv=0.004s(40%) rope=0.001s(5%) kvcopy=0.000s(1%) attn.swa=0.001s(8%) attn.full=0.000s(2%) oproj=0.002s(22%) post=0.002s(20%) total=0.011s]
[prefill host enc.front=0.002s(2%) wait.front=0.025s(23%) drain=0.001s(0%) route=0.000s(0%) meta=0.000s(0%) fetch=0.073s(69%) enc.moe=0.001s(1%) tail=0.000s(0%) head=0.004s(3%) other=0.001s(0%) call=0.106s | tiles=73 ahead=73 experts=321 miss=54 io=0.073s 2.6GB/s]
[prefill gpuq busy=0.031s(29%) idle=0.075s(71%) span=0.106s buffers=345]
[prefill gpu attn=0.011s(35%) shared=0.004s(12%) moe=0.012s(39%) tail=0.001s(3%) head=0.003s(11%) total=0.031s]
[prefill gpu attn embed=0.000s(0%) norm=0.000s(2%) qkv=0.004s(40%) rope=0.001s(5%) kvcopy=0.000s(1%) attn.swa=0.001s(9%) attn.full=0.000s(2%) oproj=0.002s(22%) post=0.002s(20%) total=0.011s]
[prefill host enc.front=0.002s(4%) wait.front=0.022s(39%) drain=0.000s(0%) route=0.000s(0%) meta=0.000s(0%) fetch=0.028s(48%) enc.moe=0.001s(1%) tail=0.000s(0%) head=0.004s(6%) other=0.000s(1%) call=0.058s | tiles=70 ahead=70 experts=334 miss=23 io=0.028s 2.8GB/s]
[prefill gpuq busy=0.030s(53%) idle=0.027s(47%) span=0.058s buffers=342]
[prefill gpu attn=0.010s(36%) shared=0.004s(12%) moe=0.011s(38%) tail=0.001s(3%) head=0.003s(12%) total=0.030s]
[prefill gpu attn embed=0.000s(0%) norm=0.000s(2%) qkv=0.004s(40%) rope=0.000s(5%) kvcopy=0.000s(1%) attn.swa=0.001s(9%) attn.full=0.000s(2%) oproj=0.002s(22%) post=0.002s(20%) total=0.010s]
[prefill host enc.front=0.002s(4%) wait.front=0.024s(50%) drain=0.000s(1%) route=0.000s(0%) meta=0.000s(0%) fetch=0.016s(34%) enc.moe=0.000s(1%) tail=0.000s(0%) head=0.004s(8%) other=0.000s(1%) call=0.047s | tiles=63 ahead=63 experts=320 miss=13 io=0.016s 2.8GB/s]
[prefill gpuq busy=0.030s(63%) idle=0.017s(37%) span=0.047s buffers=335]
[prefill gpu attn=0.011s(36%) shared=0.004s(12%) moe=0.012s(38%) tail=0.001s(3%) head=0.003s(11%) total=0.030s]
[prefill gpu attn embed=0.000s(0%) norm=0.000s(2%) qkv=0.004s(40%) rope=0.001s(6%) kvcopy=0.000s(1%) attn.swa=0.001s(8%) attn.full=0.000s(2%) oproj=0.002s(22%) post=0.002s(20%) total=0.011s]
[prefill host enc.front=0.002s(4%) wait.front=0.026s(46%) drain=0.001s(1%) route=0.000s(0%) meta=0.000s(0%) fetch=0.024s(41%) enc.moe=0.001s(1%) tail=0.000s(0%) head=0.004s(6%) other=0.000s(1%) call=0.057s | tiles=71 ahead=71 experts=319 miss=16 io=0.024s 2.3GB/s]
[prefill gpuq busy=0.030s(53%) idle=0.027s(47%) span=0.057s buffers=343]
[prefill gpu attn=0.010s(36%) shared=0.004s(12%) moe=0.010s(37%) tail=0.001s(3%) head=0.003s(12%) total=0.028s]
[prefill gpu attn embed=0.000s(0%) norm=0.000s(3%) qkv=0.004s(40%) rope=0.001s(5%) kvcopy=0.000s(1%) attn.swa=0.001s(8%) attn.full=0.000s(2%) oproj=0.002s(22%) post=0.002s(20%) total=0.010s]
[prefill host enc.front=0.002s(4%) wait.front=0.023s(48%) drain=0.000s(1%) route=0.000s(0%) meta=0.000s(0%) fetch=0.018s(37%) enc.moe=0.001s(1%) tail=0.000s(0%) head=0.004s(8%) other=0.000s(1%) call=0.048s | tiles=64 ahead=64 experts=289 miss=14 io=0.018s 2.7GB/s]
[prefill gpuq busy=0.028s(60%) idle=0.019s(40%) span=0.048s buffers=336]
[prefill gpu attn=0.010s(36%) shared=0.004s(12%) moe=0.011s(36%) tail=0.001s(3%) head=0.004s(13%) total=0.029s]
[prefill gpu attn embed=0.000s(0%) norm=0.000s(2%) qkv=0.004s(40%) rope=0.001s(5%) kvcopy=0.000s(1%) attn.swa=0.001s(9%) attn.full=0.000s(2%) oproj=0.002s(22%) post=0.002s(20%) total=0.010s]
[prefill host enc.front=0.002s(4%) wait.front=0.023s(51%) drain=0.001s(1%) route=0.000s(0%) meta=0.000s(0%) fetch=0.015s(33%) enc.moe=0.000s(1%) tail=0.000s(0%) head=0.004s(8%) other=0.000s(1%) call=0.046s | tiles=62 ahead=62 experts=300 miss=13 io=0.015s 2.9GB/s]
[prefill gpuq busy=0.029s(63%) idle=0.017s(37%) span=0.046s buffers=334]
[prefill gpu attn=0.010s(35%) shared=0.003s(12%) moe=0.012s(40%) tail=0.001s(2%) head=0.003s(11%) total=0.030s]
[prefill gpu attn embed=0.000s(0%) norm=0.000s(3%) qkv=0.004s(39%) rope=0.001s(5%) kvcopy=0.000s(1%) attn.swa=0.001s(9%) attn.full=0.000s(2%) oproj=0.002s(22%) post=0.002s(20%) total=0.010s]
[prefill host enc.front=0.002s(4%) wait.front=0.023s(41%) drain=0.000s(1%) route=0.000s(0%) meta=0.000s(0%) fetch=0.026s(46%) enc.moe=0.001s(1%) tail=0.000s(0%) head=0.004s(6%) other=0.000s(1%) call=0.056s | tiles=75 ahead=75 experts=338 miss=25 io=0.026s 3.3GB/s]
[prefill gpuq busy=0.030s(53%) idle=0.026s(47%) span=0.056s buffers=347]
[prefill gpu attn=0.010s(34%) shared=0.004s(11%) moe=0.013s(41%) tail=0.001s(2%) head=0.003s(11%) total=0.031s]
[prefill gpu attn embed=0.000s(0%) norm=0.000s(3%) qkv=0.004s(39%) rope=0.001s(5%) kvcopy=0.000s(1%) attn.swa=0.001s(9%) attn.full=0.000s(2%) oproj=0.002s(22%) post=0.002s(20%) total=0.010s]
[prefill host enc.front=0.002s(2%) wait.front=0.027s(33%) drain=0.001s(1%) route=0.000s(0%) meta=0.000s(0%) fetch=0.048s(57%) enc.moe=0.001s(1%) tail=0.000s(0%) head=0.004s(4%) other=0.000s(1%) call=0.083s | tiles=76 ahead=76 experts=342 miss=34 io=0.048s 2.5GB/s]
[prefill gpuq busy=0.031s(37%) idle=0.052s(63%) span=0.083s buffers=348]
[prefill gpu attn=0.010s(33%) shared=0.003s(11%) moe=0.014s(43%) tail=0.001s(3%) head=0.003s(11%) total=0.032s]
[prefill gpu attn embed=0.000s(0%) norm=0.000s(2%) qkv=0.004s(40%) rope=0.001s(5%) kvcopy=0.000s(1%) attn.swa=0.001s(9%) attn.full=0.000s(2%) oproj=0.002s(22%) post=0.002s(20%) total=0.010s]
[prefill host enc.front=0.002s(3%) wait.front=0.023s(32%) drain=0.000s(1%) route=0.000s(0%) meta=0.000s(0%) fetch=0.040s(57%) enc.moe=0.001s(1%) tail=0.000s(0%) head=0.004s(5%) other=0.000s(1%) call=0.070s | tiles=76 ahead=76 experts=375 miss=40 io=0.040s 3.5GB/s]
[prefill gpuq busy=0.032s(45%) idle=0.039s(55%) span=0.070s buffers=348]
[prefill gpu attn=0.010s(36%) shared=0.003s(12%) moe=0.011s(37%) tail=0.001s(3%) head=0.003s(12%) total=0.028s]
[prefill gpu attn embed=0.000s(0%) norm=0.000s(2%) qkv=0.004s(39%) rope=0.001s(5%) kvcopy=0.000s(1%) attn.swa=0.001s(9%) attn.full=0.000s(2%) oproj=0.002s(22%) post=0.002s(21%) total=0.010s]
[prefill host enc.front=0.002s(4%) wait.front=0.020s(43%) drain=0.000s(1%) route=0.000s(0%) meta=0.000s(0%) fetch=0.020s(42%) enc.moe=0.001s(1%) tail=0.000s(0%) head=0.004s(8%) other=0.000s(1%) call=0.047s | tiles=66 ahead=66 experts=289 miss=24 io=0.020s 4.1GB/s]
[prefill gpuq busy=0.028s(60%) idle=0.019s(40%) span=0.047s buffers=338]
[prefill gpu attn=0.010s(36%) shared=0.003s(12%) moe=0.011s(38%) tail=0.001s(3%) head=0.003s(12%) total=0.029s]
[prefill gpu attn embed=0.000s(0%) norm=0.000s(3%) qkv=0.004s(39%) rope=0.001s(5%) kvcopy=0.000s(1%) attn.swa=0.001s(9%) attn.full=0.000s(2%) oproj=0.002s(22%) post=0.002s(20%) total=0.010s]
[prefill host enc.front=0.002s(5%) wait.front=0.021s(55%) drain=0.001s(3%) route=0.000s(0%) meta=0.000s(0%) fetch=0.010s(25%) enc.moe=0.000s(1%) tail=0.000s(0%) head=0.004s(9%) other=0.000s(1%) call=0.038s | tiles=65 ahead=65 experts=328 miss=10 io=0.010s 3.6GB/s]
[prefill gpuq busy=0.029s(75%) idle=0.009s(25%) span=0.038s buffers=337]
[prefill gpu attn=0.010s(35%) shared=0.003s(12%) moe=0.012s(39%) tail=0.001s(3%) head=0.003s(12%) total=0.030s]
[prefill gpu attn embed=0.000s(0%) norm=0.000s(3%) qkv=0.004s(39%) rope=0.001s(5%) kvcopy=0.000s(1%) attn.swa=0.001s(9%) attn.full=0.000s(2%) oproj=0.002s(22%) post=0.002s(21%) total=0.010s]
[prefill host enc.front=0.002s(4%) wait.front=0.019s(38%) drain=0.001s(1%) route=0.000s(0%) meta=0.000s(0%) fetch=0.023s(47%) enc.moe=0.001s(1%) tail=0.000s(0%) head=0.004s(7%) other=0.000s(1%) call=0.050s | tiles=75 ahead=75 experts=328 miss=23 io=0.024s 3.4GB/s]
[prefill gpuq busy=0.030s(59%) idle=0.020s(41%) span=0.050s buffers=347]
[prefill gpu attn=0.010s(36%) shared=0.003s(12%) moe=0.011s(38%) tail=0.001s(3%) head=0.003s(12%) total=0.028s]
[prefill gpu attn embed=0.000s(0%) norm=0.000s(3%) qkv=0.004s(39%) rope=0.000s(5%) kvcopy=0.000s(1%) attn.swa=0.001s(9%) attn.full=0.000s(2%) oproj=0.002s(22%) post=0.002s(20%) total=0.010s]
[prefill host enc.front=0.002s(4%) wait.front=0.021s(47%) drain=0.000s(1%) route=0.000s(0%) meta=0.000s(0%) fetch=0.017s(37%) enc.moe=0.001s(1%) tail=0.000s(0%) head=0.004s(8%) other=0.000s(1%) call=0.045s | tiles=69 ahead=69 experts=306 miss=13 io=0.017s 2.7GB/s]
[prefill gpuq busy=0.028s(63%) idle=0.016s(37%) span=0.044s buffers=341]
[prefill gpu attn=0.010s(36%) shared=0.003s(12%) moe=0.011s(38%) tail=0.001s(2%) head=0.003s(12%) total=0.029s]
[prefill gpu attn embed=0.000s(0%) norm=0.000s(3%) qkv=0.004s(39%) rope=0.001s(5%) kvcopy=0.000s(1%) attn.swa=0.001s(9%) attn.full=0.000s(2%) oproj=0.002s(22%) post=0.002s(21%) total=0.010s]
[prefill host enc.front=0.002s(5%) wait.front=0.021s(53%) drain=0.000s(1%) route=0.000s(0%) meta=0.000s(0%) fetch=0.011s(29%) enc.moe=0.001s(1%) tail=0.000s(0%) head=0.004s(9%) other=0.000s(1%) call=0.040s | tiles=69 ahead=69 experts=313 miss=10 io=0.011s 3.0GB/s]
[prefill gpuq busy=0.029s(73%) idle=0.011s(27%) span=0.039s buffers=341]
[prefill gpu attn=0.010s(34%) shared=0.003s(11%) moe=0.012s(41%) tail=0.001s(2%) head=0.003s(11%) total=0.030s]
[prefill gpu attn embed=0.000s(0%) norm=0.000s(3%) qkv=0.004s(39%) rope=0.001s(5%) kvcopy=0.000s(1%) attn.swa=0.001s(9%) attn.full=0.000s(2%) oproj=0.002s(22%) post=0.002s(20%) total=0.010s]
[prefill host enc.front=0.002s(4%) wait.front=0.022s(51%) drain=0.000s(1%) route=0.000s(0%) meta=0.000s(0%) fetch=0.014s(33%) enc.moe=0.001s(1%) tail=0.000s(0%) head=0.004s(8%) other=0.000s(1%) call=0.043s | tiles=71 ahead=71 experts=366 miss=14 io=0.014s 3.4GB/s]
[prefill gpuq busy=0.030s(70%) idle=0.013s(30%) span=0.043s buffers=343]
[prefill gpu attn=0.010s(35%) shared=0.004s(13%) moe=0.011s(38%) tail=0.001s(3%) head=0.003s(12%) total=0.029s]
[prefill gpu attn embed=0.000s(0%) norm=0.000s(3%) qkv=0.004s(39%) rope=0.001s(5%) kvcopy=0.000s(1%) attn.swa=0.001s(9%) attn.full=0.000s(2%) oproj=0.002s(22%) post=0.002s(20%) total=0.010s]
[prefill host enc.front=0.002s(5%) wait.front=0.022s(60%) drain=0.000s(1%) route=0.000s(1%) meta=0.000s(0%) fetch=0.007s(20%) enc.moe=0.001s(1%) tail=0.000s(0%) head=0.004s(10%) other=0.000s(1%) call=0.037s | tiles=65 ahead=65 experts=316 miss=11 io=0.007s 5.1GB/s]
[prefill gpuq busy=0.029s(79%) idle=0.008s(21%) span=0.037s buffers=337]
[prefill gpu attn=0.010s(35%) shared=0.003s(12%) moe=0.011s(39%) tail=0.001s(3%) head=0.003s(12%) total=0.029s]
[prefill gpu attn embed=0.000s(0%) norm=0.000s(3%) qkv=0.004s(39%) rope=0.001s(5%) kvcopy=0.000s(1%) attn.swa=0.001s(9%) attn.full=0.000s(2%) oproj=0.002s(22%) post=0.002s(20%) total=0.010s]
[prefill host enc.front=0.002s(4%) wait.front=0.021s(49%) drain=0.000s(1%) route=0.000s(0%) meta=0.000s(0%) fetch=0.015s(35%) enc.moe=0.001s(1%) tail=0.000s(0%) head=0.004s(8%) other=0.000s(1%) call=0.043s | tiles=72 ahead=72 experts=325 miss=14 io=0.015s 3.2GB/s]
[prefill gpuq busy=0.029s(68%) idle=0.014s(32%) span=0.043s buffers=344]
[prefill gpu attn=0.010s(36%) shared=0.003s(12%) moe=0.011s(38%) tail=0.001s(3%) head=0.003s(12%) total=0.029s]
[prefill gpu attn embed=0.000s(0%) norm=0.000s(3%) qkv=0.004s(40%) rope=0.001s(5%) kvcopy=0.000s(1%) attn.swa=0.001s(9%) attn.full=0.000s(2%) oproj=0.002s(22%) post=0.002s(20%) total=0.010s]
[prefill host enc.front=0.002s(4%) wait.front=0.023s(54%) drain=0.000s(1%) route=0.000s(0%) meta=0.000s(0%) fetch=0.013s(30%) enc.moe=0.000s(1%) tail=0.000s(0%) head=0.004s(8%) other=0.000s(1%) call=0.043s | tiles=62 ahead=62 experts=313 miss=12 io=0.013s 3.2GB/s]
[prefill gpuq busy=0.029s(68%) idle=0.014s(32%) span=0.043s buffers=334]
[prefill gpu attn=0.010s(37%) shared=0.003s(12%) moe=0.010s(36%) tail=0.001s(3%) head=0.003s(12%) total=0.028s]
[prefill gpu attn embed=0.000s(0%) norm=0.000s(3%) qkv=0.004s(39%) rope=0.001s(5%) kvcopy=0.000s(1%) attn.swa=0.001s(9%) attn.full=0.000s(2%) oproj=0.002s(22%) post=0.002s(20%) total=0.010s]
[prefill host enc.front=0.002s(5%) wait.front=0.022s(59%) drain=0.000s(1%) route=0.000s(0%) meta=0.000s(0%) fetch=0.009s(23%) enc.moe=0.000s(1%) tail=0.000s(0%) head=0.004s(9%) other=0.000s(1%) call=0.038s | tiles=59 ahead=59 experts=290 miss=8 io=0.009s 3.1GB/s]
[prefill gpuq busy=0.028s(74%) idle=0.010s(26%) span=0.038s buffers=331]
[prefill gpu attn=0.010s(36%) shared=0.003s(12%) moe=0.011s(38%) tail=0.001s(3%) head=0.003s(12%) total=0.029s]
[prefill gpu attn embed=0.000s(0%) norm=0.000s(3%) qkv=0.004s(39%) rope=0.001s(5%) kvcopy=0.000s(1%) attn.swa=0.001s(9%) attn.full=0.000s(2%) oproj=0.002s(22%) post=0.002s(20%) total=0.010s]
[prefill host enc.front=0.002s(5%) wait.front=0.023s(61%) drain=0.000s(1%) route=0.000s(0%) meta=0.000s(0%) fetch=0.008s(20%) enc.moe=0.000s(1%) tail=0.000s(0%) head=0.004s(10%) other=0.000s(1%) call=0.037s | tiles=64 ahead=64 experts=325 miss=5 io=0.008s 2.3GB/s]
[prefill gpuq busy=0.029s(78%) idle=0.008s(22%) span=0.037s buffers=336]
[prefill gpu attn=0.010s(35%) shared=0.003s(11%) moe=0.012s(40%) tail=0.001s(3%) head=0.003s(11%) total=0.030s]
[prefill gpu attn embed=0.000s(0%) norm=0.000s(2%) qkv=0.004s(40%) rope=0.001s(5%) kvcopy=0.000s(1%) attn.swa=0.001s(9%) attn.full=0.000s(2%) oproj=0.002s(22%) post=0.002s(20%) total=0.010s]
[prefill host enc.front=0.002s(4%) wait.front=0.021s(39%) drain=0.000s(1%) route=0.000s(0%) meta=0.000s(0%) fetch=0.026s(48%) enc.moe=0.001s(1%) tail=0.000s(0%) head=0.004s(7%) other=0.000s(1%) call=0.054s | tiles=74 ahead=74 experts=349 miss=17 io=0.026s 2.3GB/s]
[prefill gpuq busy=0.030s(56%) idle=0.024s(44%) span=0.054s buffers=346]
[prefill gpu attn=0.010s(36%) shared=0.003s(12%) moe=0.011s(37%) tail=0.001s(3%) head=0.003s(12%) total=0.028s]
[prefill gpu attn embed=0.000s(0%) norm=0.000s(3%) qkv=0.004s(39%) rope=0.001s(5%) kvcopy=0.000s(1%) attn.swa=0.001s(9%) attn.full=0.000s(2%) oproj=0.002s(22%) post=0.002s(20%) total=0.010s]
[prefill host enc.front=0.002s(5%) wait.front=0.022s(61%) drain=0.000s(1%) route=0.000s(0%) meta=0.000s(0%) fetch=0.007s(21%) enc.moe=0.000s(1%) tail=0.000s(0%) head=0.004s(10%) other=0.000s(1%) call=0.036s | tiles=65 ahead=65 experts=319 miss=7 io=0.007s 3.2GB/s]
[prefill gpuq busy=0.028s(79%) idle=0.008s(21%) span=0.036s buffers=337]
[prefill gpu attn=0.010s(37%) shared=0.003s(12%) moe=0.011s(37%) tail=0.001s(3%) head=0.003s(12%) total=0.028s]
[prefill gpu attn embed=0.000s(0%) norm=0.000s(2%) qkv=0.004s(39%) rope=0.001s(5%) kvcopy=0.000s(1%) attn.swa=0.001s(9%) attn.full=0.000s(2%) oproj=0.002s(22%) post=0.002s(20%) total=0.010s]
[prefill host enc.front=0.002s(5%) wait.front=0.022s(56%) drain=0.000s(1%) route=0.000s(0%) meta=0.000s(0%) fetch=0.010s(25%) enc.moe=0.000s(1%) tail=0.000s(0%) head=0.004s(9%) other=0.000s(1%) call=0.039s | tiles=66 ahead=66 experts=302 miss=12 io=0.010s 4.2GB/s]
[prefill gpuq busy=0.028s(74%) idle=0.010s(26%) span=0.039s buffers=338]
[prefill gpu attn=0.011s(37%) shared=0.003s(12%) moe=0.010s(36%) tail=0.001s(3%) head=0.004s(12%) total=0.029s]
[prefill gpu attn embed=0.000s(0%) norm=0.000s(2%) qkv=0.004s(40%) rope=0.001s(5%) kvcopy=0.000s(1%) attn.swa=0.001s(9%) attn.full=0.000s(2%) oproj=0.002s(21%) post=0.002s(20%) total=0.011s]
[prefill host enc.front=0.002s(4%) wait.front=0.022s(46%) drain=0.001s(3%) route=0.000s(0%) meta=0.000s(0%) fetch=0.018s(38%) enc.moe=0.000s(1%) tail=0.000s(0%) head=0.004s(8%) other=0.000s(1%) call=0.049s | tiles=60 ahead=60 experts=291 miss=15 io=0.018s 2.8GB/s]
[prefill gpuq busy=0.029s(59%) idle=0.020s(41%) span=0.049s buffers=332]
[prefill gpu attn=0.010s(37%) shared=0.004s(12%) moe=0.010s(36%) tail=0.001s(3%) head=0.003s(12%) total=0.028s]
[prefill gpu attn embed=0.000s(0%) norm=0.000s(2%) qkv=0.004s(40%) rope=0.000s(5%) kvcopy=0.000s(1%) attn.swa=0.001s(9%) attn.full=0.000s(2%) oproj=0.002s(22%) post=0.002s(20%) total=0.010s]
[prefill host enc.front=0.002s(5%) wait.front=0.023s(64%) drain=0.000s(1%) route=0.000s(1%) meta=0.000s(0%) fetch=0.006s(16%) enc.moe=0.000s(1%) tail=0.000s(0%) head=0.004s(10%) other=0.000s(1%) call=0.035s | tiles=57 ahead=57 experts=281 miss=5 io=0.006s 3.1GB/s]
[prefill gpuq busy=0.028s(81%) idle=0.007s(19%) span=0.035s buffers=329]
[prefill gpu attn=0.010s(37%) shared=0.003s(12%) moe=0.010s(36%) tail=0.001s(3%) head=0.004s(13%) total=0.028s]
[prefill gpu attn embed=0.000s(0%) norm=0.000s(3%) qkv=0.004s(39%) rope=0.000s(5%) kvcopy=0.000s(1%) attn.swa=0.001s(9%) attn.full=0.000s(2%) oproj=0.002s(22%) post=0.002s(20%) total=0.010s]
[prefill host enc.front=0.002s(5%) wait.front=0.021s(58%) drain=0.000s(1%) route=0.000s(0%) meta=0.000s(0%) fetch=0.008s(22%) enc.moe=0.000s(1%) tail=0.000s(0%) head=0.004s(10%) other=0.000s(1%) call=0.037s | tiles=61 ahead=61 experts=292 miss=6 io=0.008s 2.6GB/s]
[prefill gpuq busy=0.028s(77%) idle=0.008s(23%) span=0.036s buffers=333]
[prefill gpu attn=0.010s(34%) shared=0.003s(11%) moe=0.012s(41%) tail=0.001s(2%) head=0.003s(11%) total=0.030s]
[prefill gpu attn embed=0.000s(0%) norm=0.000s(3%) qkv=0.004s(39%) rope=0.001s(5%) kvcopy=0.000s(1%) attn.swa=0.001s(9%) attn.full=0.000s(2%) oproj=0.002s(21%) post=0.002s(20%) total=0.010s]
[prefill host enc.front=0.002s(4%) wait.front=0.023s(52%) drain=0.001s(2%) route=0.000s(0%) meta=0.000s(0%) fetch=0.013s(31%) enc.moe=0.001s(1%) tail=0.000s(0%) head=0.004s(8%) other=0.000s(1%) call=0.043s | tiles=70 ahead=70 experts=360 miss=17 io=0.014s 4.3GB/s]
[prefill gpuq busy=0.030s(70%) idle=0.013s(30%) span=0.043s buffers=342]
[prefill gpu attn=0.010s(36%) shared=0.003s(12%) moe=0.011s(38%) tail=0.001s(3%) head=0.003s(12%) total=0.029s]
[prefill gpu attn embed=0.000s(0%) norm=0.000s(3%) qkv=0.004s(39%) rope=0.001s(5%) kvcopy=0.000s(1%) attn.swa=0.001s(9%) attn.full=0.000s(2%) oproj=0.002s(22%) post=0.002s(20%) total=0.010s]
[prefill host enc.front=0.002s(5%) wait.front=0.021s(53%) drain=0.001s(2%) route=0.000s(0%) meta=0.000s(0%) fetch=0.011s(28%) enc.moe=0.000s(1%) tail=0.000s(0%) head=0.004s(9%) other=0.000s(1%) call=0.040s | tiles=66 ahead=66 experts=322 miss=12 io=0.011s 3.7GB/s]
[prefill gpuq busy=0.029s(73%) idle=0.011s(27%) span=0.040s buffers=338]
[prefill gpu attn=0.011s(35%) shared=0.004s(12%) moe=0.012s(40%) tail=0.001s(2%) head=0.003s(11%) total=0.031s]
[prefill gpu attn embed=0.000s(0%) norm=0.000s(2%) qkv=0.004s(39%) rope=0.001s(5%) kvcopy=0.000s(1%) attn.swa=0.001s(9%) attn.full=0.000s(2%) oproj=0.002s(22%) post=0.002s(20%) total=0.011s]
[prefill host enc.front=0.002s(4%) wait.front=0.024s(43%) drain=0.000s(1%) route=0.000s(0%) meta=0.000s(0%) fetch=0.025s(44%) enc.moe=0.001s(1%) tail=0.000s(0%) head=0.004s(6%) other=0.000s(1%) call=0.056s | tiles=72 ahead=72 experts=344 miss=19 io=0.025s 2.7GB/s]
[prefill gpuq busy=0.030s(54%) idle=0.026s(46%) span=0.056s buffers=344]
[prefill gpu attn=0.010s(35%) shared=0.003s(12%) moe=0.012s(39%) tail=0.001s(3%) head=0.003s(12%) total=0.030s]
[prefill gpu attn embed=0.000s(0%) norm=0.000s(3%) qkv=0.004s(39%) rope=0.001s(5%) kvcopy=0.000s(1%) attn.swa=0.001s(9%) attn.full=0.000s(2%) oproj=0.002s(22%) post=0.002s(20%) total=0.010s]
[prefill host enc.front=0.002s(4%) wait.front=0.022s(49%) drain=0.001s(2%) route=0.000s(0%) meta=0.000s(0%) fetch=0.015s(33%) enc.moe=0.001s(1%) tail=0.000s(0%) head=0.004s(8%) other=0.000s(1%) call=0.044s | tiles=71 ahead=71 experts=322 miss=21 io=0.015s 4.9GB/s]
[prefill gpuq busy=0.030s(67%) idle=0.015s(33%) span=0.044s buffers=343]
[prefill gpu attn=0.010s(36%) shared=0.003s(12%) moe=0.011s(38%) tail=0.001s(3%) head=0.003s(12%) total=0.029s]
[prefill gpu attn embed=0.000s(0%) norm=0.000s(2%) qkv=0.004s(39%) rope=0.001s(5%) kvcopy=0.000s(1%) attn.swa=0.001s(9%) attn.full=0.000s(2%) oproj=0.002s(22%) post=0.002s(20%) total=0.010s]
[prefill host enc.front=0.002s(4%) wait.front=0.022s(48%) drain=0.000s(1%) route=0.000s(0%) meta=0.000s(0%) fetch=0.016s(36%) enc.moe=0.001s(1%) tail=0.000s(0%) head=0.004s(8%) other=0.000s(1%) call=0.045s | tiles=69 ahead=69 experts=311 miss=19 io=0.016s 4.0GB/s]
[prefill gpuq busy=0.029s(64%) idle=0.016s(36%) span=0.045s buffers=341]
[prefill gpu attn=0.010s(35%) shared=0.003s(12%) moe=0.011s(39%) tail=0.001s(3%) head=0.003s(12%) total=0.029s]
[prefill gpu attn embed=0.000s(0%) norm=0.000s(3%) qkv=0.004s(39%) rope=0.001s(5%) kvcopy=0.000s(1%) attn.swa=0.001s(9%) attn.full=0.000s(2%) oproj=0.002s(22%) post=0.002s(20%) total=0.010s]
[prefill host enc.front=0.002s(4%) wait.front=0.022s(46%) drain=0.000s(1%) route=0.000s(0%) meta=0.000s(0%) fetch=0.018s(38%) enc.moe=0.001s(1%) tail=0.000s(0%) head=0.004s(8%) other=0.000s(1%) call=0.047s | tiles=70 ahead=70 experts=331 miss=21 io=0.018s 4.0GB/s]
[prefill gpuq busy=0.029s(63%) idle=0.017s(37%) span=0.047s buffers=342]
[prefill gpu attn=0.010s(34%) shared=0.004s(12%) moe=0.012s(40%) tail=0.001s(2%) head=0.003s(11%) total=0.030s]
[prefill gpu attn embed=0.000s(0%) norm=0.000s(3%) qkv=0.004s(39%) rope=0.001s(5%) kvcopy=0.000s(1%) attn.swa=0.001s(9%) attn.full=0.000s(2%) oproj=0.002s(22%) post=0.002s(20%) total=0.010s]
[prefill host enc.front=0.002s(4%) wait.front=0.021s(48%) drain=0.000s(1%) route=0.000s(0%) meta=0.000s(0%) fetch=0.016s(36%) enc.moe=0.001s(1%) tail=0.000s(0%) head=0.004s(8%) other=0.000s(1%) call=0.044s | tiles=70 ahead=70 experts=344 miss=19 io=0.016s 4.1GB/s]
[prefill gpuq busy=0.030s(69%) idle=0.014s(31%) span=0.044s buffers=342]
[prefill gpu attn=0.011s(36%) shared=0.003s(12%) moe=0.011s(38%) tail=0.001s(3%) head=0.003s(12%) total=0.029s]
[prefill gpu attn embed=0.000s(0%) norm=0.000s(2%) qkv=0.004s(39%) rope=0.001s(5%) kvcopy=0.000s(1%) attn.swa=0.001s(9%) attn.full=0.000s(2%) oproj=0.002s(22%) post=0.002s(20%) total=0.011s]
[prefill host enc.front=0.002s(4%) wait.front=0.021s(44%) drain=0.001s(2%) route=0.000s(0%) meta=0.000s(0%) fetch=0.019s(40%) enc.moe=0.001s(1%) tail=0.000s(0%) head=0.004s(8%) other=0.000s(1%) call=0.047s | tiles=68 ahead=68 experts=310 miss=14 io=0.019s 2.6GB/s]
[prefill gpuq busy=0.029s(62%) idle=0.018s(38%) span=0.047s buffers=340]
[prefill gpu attn=0.010s(36%) shared=0.003s(12%) moe=0.011s(38%) tail=0.001s(3%) head=0.003s(12%) total=0.029s]
[prefill gpu attn embed=0.000s(0%) norm=0.000s(2%) qkv=0.004s(39%) rope=0.001s(5%) kvcopy=0.000s(1%) attn.swa=0.001s(10%) attn.full=0.000s(2%) oproj=0.002s(21%) post=0.002s(20%) total=0.010s]
[prefill host enc.front=0.002s(5%) wait.front=0.024s(64%) drain=0.000s(1%) route=0.000s(0%) meta=0.000s(0%) fetch=0.006s(16%) enc.moe=0.000s(1%) tail=0.000s(0%) head=0.004s(10%) other=0.000s(1%) call=0.037s | tiles=63 ahead=63 experts=316 miss=8 io=0.006s 4.6GB/s]
[prefill gpuq busy=0.029s(80%) idle=0.007s(20%) span=0.036s buffers=335]
[prefill gpu attn=0.011s(36%) shared=0.003s(12%) moe=0.011s(38%) tail=0.001s(3%) head=0.003s(12%) total=0.029s]
[prefill gpu attn embed=0.000s(0%) norm=0.000s(2%) qkv=0.004s(39%) rope=0.001s(5%) kvcopy=0.000s(1%) attn.swa=0.001s(9%) attn.full=0.000s(2%) oproj=0.002s(22%) post=0.002s(20%) total=0.011s]
[prefill host enc.front=0.002s(4%) wait.front=0.021s(46%) drain=0.001s(2%) route=0.000s(0%) meta=0.000s(0%) fetch=0.018s(38%) enc.moe=0.001s(1%) tail=0.000s(0%) head=0.004s(8%) other=0.000s(1%) call=0.047s | tiles=67 ahead=67 experts=316 miss=13 io=0.018s 2.5GB/s]
[prefill gpuq busy=0.029s(63%) idle=0.018s(37%) span=0.047s buffers=339]
[prefill gpu attn=0.010s(36%) shared=0.003s(12%) moe=0.011s(38%) tail=0.001s(2%) head=0.003s(12%) total=0.029s]
[prefill gpu attn embed=0.000s(0%) norm=0.000s(3%) qkv=0.004s(39%) rope=0.001s(5%) kvcopy=0.000s(1%) attn.swa=0.001s(9%) attn.full=0.000s(2%) oproj=0.002s(22%) post=0.002s(20%) total=0.010s]
[prefill host enc.front=0.002s(5%) wait.front=0.023s(69%) drain=0.000s(1%) route=0.000s(1%) meta=0.000s(0%) fetch=0.004s(10%) enc.moe=0.000s(1%) tail=0.000s(0%) head=0.004s(11%) other=0.000s(1%) call=0.034s | tiles=61 ahead=61 experts=321 miss=5 io=0.004s 4.9GB/s]
[prefill gpuq busy=0.029s(85%) idle=0.005s(15%) span=0.033s buffers=333]
[prefill gpu attn=0.010s(36%) shared=0.004s(13%) moe=0.010s(37%) tail=0.001s(3%) head=0.003s(12%) total=0.028s]
[prefill gpu attn embed=0.000s(0%) norm=0.000s(3%) qkv=0.004s(39%) rope=0.001s(5%) kvcopy=0.000s(1%) attn.swa=0.001s(9%) attn.full=0.000s(2%) oproj=0.002s(21%) post=0.002s(20%) total=0.010s]
[prefill host enc.front=0.002s(6%) wait.front=0.022s(67%) drain=0.000s(1%) route=0.000s(0%) meta=0.000s(0%) fetch=0.004s(12%) enc.moe=0.000s(1%) tail=0.000s(0%) head=0.004s(11%) other=0.000s(1%) call=0.033s | tiles=61 ahead=61 experts=312 miss=5 io=0.004s 4.5GB/s]
[prefill gpuq busy=0.028s(87%) idle=0.004s(13%) span=0.032s buffers=333]
[prefill gpu attn=0.010s(36%) shared=0.003s(12%) moe=0.011s(37%) tail=0.001s(3%) head=0.003s(12%) total=0.028s]
[prefill gpu attn embed=0.000s(0%) norm=0.000s(2%) qkv=0.004s(39%) rope=0.001s(5%) kvcopy=0.000s(1%) attn.swa=0.001s(9%) attn.full=0.000s(2%) oproj=0.002s(21%) post=0.002s(20%) total=0.010s]
[prefill host enc.front=0.002s(6%) wait.front=0.022s(65%) drain=0.000s(1%) route=0.000s(0%) meta=0.000s(0%) fetch=0.005s(14%) enc.moe=0.000s(1%) tail=0.000s(0%) head=0.004s(11%) other=0.000s(1%) call=0.034s | tiles=66 ahead=66 experts=309 miss=8 io=0.005s 5.7GB/s]
[prefill gpuq busy=0.028s(84%) idle=0.005s(16%) span=0.034s buffers=338]
[prefill gpu attn=0.011s(34%) shared=0.004s(12%) moe=0.013s(41%) tail=0.001s(2%) head=0.003s(11%) total=0.031s]
[prefill gpu attn embed=0.000s(0%) norm=0.000s(2%) qkv=0.004s(39%) rope=0.001s(5%) kvcopy=0.000s(1%) attn.swa=0.001s(9%) attn.full=0.000s(2%) oproj=0.002s(22%) post=0.002s(20%) total=0.011s]
[prefill host enc.front=0.002s(3%) wait.front=0.024s(32%) drain=0.000s(1%) route=0.000s(0%) meta=0.000s(0%) fetch=0.043s(57%) enc.moe=0.001s(1%) tail=0.000s(0%) head=0.004s(5%) other=0.000s(1%) call=0.074s | tiles=77 ahead=77 experts=345 miss=29 io=0.043s 2.3GB/s]
[prefill gpuq busy=0.031s(42%) idle=0.043s(58%) span=0.074s buffers=349]
[prefill gpu attn=0.010s(35%) shared=0.003s(12%) moe=0.012s(40%) tail=0.001s(3%) head=0.003s(11%) total=0.030s]
[prefill gpu attn embed=0.000s(0%) norm=0.000s(3%) qkv=0.004s(39%) rope=0.001s(5%) kvcopy=0.000s(1%) attn.swa=0.001s(9%) attn.full=0.000s(2%) oproj=0.002s(22%) post=0.002s(20%) total=0.010s]
[prefill host enc.front=0.002s(4%) wait.front=0.032s(56%) drain=0.001s(1%) route=0.000s(0%) meta=0.000s(0%) fetch=0.017s(31%) enc.moe=0.001s(1%) tail=0.000s(0%) head=0.004s(6%) other=0.000s(1%) call=0.056s | tiles=68 ahead=68 experts=317 miss=22 io=0.017s 4.4GB/s]
[prefill gpuq busy=0.030s(53%) idle=0.026s(47%) span=0.056s buffers=340]
[prefill gpu attn=0.015s(44%) shared=0.003s(10%) moe=0.012s(34%) tail=0.001s(2%) head=0.003s(10%) total=0.034s]
[prefill gpu attn embed=0.000s(0%) norm=0.000s(2%) qkv=0.004s(27%) rope=0.005s(33%) kvcopy=0.000s(0%) attn.swa=0.001s(6%) attn.full=0.000s(1%) oproj=0.002s(15%) post=0.002s(14%) total=0.015s]
[prefill host enc.front=0.002s(4%) wait.front=0.029s(62%) drain=0.000s(1%) route=0.000s(0%) meta=0.000s(0%) fetch=0.011s(23%) enc.moe=0.001s(1%) tail=0.000s(0%) head=0.004s(8%) other=0.000s(1%) call=0.047s | tiles=71 ahead=71 experts=333 miss=13 io=0.011s 4.2GB/s]
[prefill gpuq busy=0.034s(74%) idle=0.012s(26%) span=0.046s buffers=343]
[prefill gpu attn=0.010s(35%) shared=0.003s(12%) moe=0.012s(40%) tail=0.001s(3%) head=0.003s(11%) total=0.030s]
[prefill gpu attn embed=0.000s(0%) norm=0.000s(3%) qkv=0.004s(39%) rope=0.001s(5%) kvcopy=0.000s(1%) attn.swa=0.001s(9%) attn.full=0.000s(2%) oproj=0.002s(21%) post=0.002s(20%) total=0.010s]
[prefill host enc.front=0.002s(5%) wait.front=0.023s(57%) drain=0.000s(1%) route=0.000s(0%) meta=0.000s(0%) fetch=0.010s(26%) enc.moe=0.000s(1%) tail=0.000s(0%) head=0.004s(9%) other=0.000s(1%) call=0.040s | tiles=69 ahead=69 experts=349 miss=11 io=0.010s 3.7GB/s]
[prefill gpuq busy=0.030s(74%) idle=0.010s(26%) span=0.040s buffers=341]
[prefill gpu attn=0.010s(35%) shared=0.003s(12%) moe=0.011s(39%) tail=0.001s(2%) head=0.003s(12%) total=0.029s]
[prefill gpu attn embed=0.000s(0%) norm=0.000s(2%) qkv=0.004s(39%) rope=0.001s(5%) kvcopy=0.000s(1%) attn.swa=0.001s(9%) attn.full=0.000s(2%) oproj=0.002s(22%) post=0.002s(20%) total=0.010s]
[prefill host enc.front=0.002s(5%) wait.front=0.024s(68%) drain=0.001s(1%) route=0.000s(1%) meta=0.000s(0%) fetch=0.004s(11%) enc.moe=0.000s(1%) tail=0.000s(0%) head=0.004s(10%) other=0.000s(1%) call=0.035s | tiles=63 ahead=63 experts=333 miss=8 io=0.004s 6.9GB/s]
[prefill gpuq busy=0.029s(83%) idle=0.006s(17%) span=0.035s buffers=335]
[prefill gpu attn=0.011s(34%) shared=0.003s(11%) moe=0.013s(41%) tail=0.001s(2%) head=0.003s(11%) total=0.031s]
[prefill gpu attn embed=0.000s(0%) norm=0.000s(3%) qkv=0.004s(39%) rope=0.001s(5%) kvcopy=0.000s(1%) attn.swa=0.001s(9%) attn.full=0.000s(2%) oproj=0.002s(22%) post=0.002s(20%) total=0.011s]
[prefill host enc.front=0.002s(4%) wait.front=0.027s(54%) drain=0.000s(1%) route=0.000s(0%) meta=0.000s(0%) fetch=0.016s(32%) enc.moe=0.001s(1%) tail=0.000s(0%) head=0.004s(7%) other=0.000s(1%) call=0.050s | tiles=69 ahead=69 experts=357 miss=17 io=0.016s 3.7GB/s]
[prefill gpuq busy=0.031s(62%) idle=0.019s(38%) span=0.050s buffers=341]
[prefill gpu attn=0.010s(37%) shared=0.003s(12%) moe=0.010s(36%) tail=0.001s(3%) head=0.003s(12%) total=0.028s]
[prefill gpu attn embed=0.000s(0%) norm=0.000s(3%) qkv=0.004s(39%) rope=0.001s(5%) kvcopy=0.000s(1%) attn.swa=0.001s(9%) attn.full=0.000s(2%) oproj=0.002s(22%) post=0.002s(20%) total=0.010s]
[prefill host enc.front=0.002s(5%) wait.front=0.021s(61%) drain=0.000s(1%) route=0.000s(0%) meta=0.000s(0%) fetch=0.007s(19%) enc.moe=0.000s(1%) tail=0.000s(0%) head=0.004s(10%) other=0.000s(1%) call=0.035s | tiles=61 ahead=61 experts=296 miss=8 io=0.007s 4.2GB/s]
[prefill gpuq busy=0.028s(80%) idle=0.007s(20%) span=0.035s buffers=333]
[prefill gpu attn=0.010s(34%) shared=0.004s(12%) moe=0.012s(39%) tail=0.001s(2%) head=0.003s(11%) total=0.030s]
[prefill gpu attn embed=0.000s(0%) norm=0.000s(3%) qkv=0.004s(39%) rope=0.001s(5%) kvcopy=0.000s(1%) attn.swa=0.001s(9%) attn.full=0.000s(2%) oproj=0.002s(21%) post=0.002s(20%) total=0.010s]
[prefill host enc.front=0.002s(5%) wait.front=0.022s(56%) drain=0.001s(2%) route=0.000s(0%) meta=0.000s(0%) fetch=0.009s(24%) enc.moe=0.001s(1%) tail=0.000s(0%) head=0.004s(9%) other=0.000s(1%) call=0.039s | tiles=69 ahead=69 experts=340 miss=9 io=0.009s 3.3GB/s]
[prefill gpuq busy=0.030s(77%) idle=0.009s(23%) span=0.039s buffers=341]
[prefill gpu attn=0.010s(36%) shared=0.003s(12%) moe=0.011s(38%) tail=0.001s(3%) head=0.003s(12%) total=0.029s]
[prefill gpu attn embed=0.000s(0%) norm=0.000s(2%) qkv=0.004s(39%) rope=0.000s(5%) kvcopy=0.000s(1%) attn.swa=0.001s(10%) attn.full=0.000s(2%) oproj=0.002s(22%) post=0.002s(20%) total=0.010s]
[prefill host enc.front=0.002s(6%) wait.front=0.021s(62%) drain=0.000s(1%) route=0.000s(0%) meta=0.000s(0%) fetch=0.006s(18%) enc.moe=0.000s(1%) tail=0.000s(0%) head=0.004s(10%) other=0.000s(1%) call=0.034s | tiles=66 ahead=66 experts=312 miss=10 io=0.006s 5.7GB/s]
[prefill gpuq busy=0.029s(84%) idle=0.005s(16%) span=0.034s buffers=338]
[prefill gpu attn=0.010s(34%) shared=0.003s(11%) moe=0.012s(40%) tail=0.001s(2%) head=0.003s(12%) total=0.030s]
[prefill gpu attn embed=0.000s(0%) norm=0.000s(3%) qkv=0.004s(39%) rope=0.000s(5%) kvcopy=0.000s(1%) attn.swa=0.001s(9%) attn.full=0.000s(2%) oproj=0.002s(22%) post=0.002s(20%) total=0.010s]
[prefill host enc.front=0.002s(5%) wait.front=0.022s(52%) drain=0.000s(1%) route=0.000s(0%) meta=0.000s(0%) fetch=0.013s(30%) enc.moe=0.001s(1%) tail=0.000s(0%) head=0.004s(9%) other=0.000s(1%) call=0.043s | tiles=70 ahead=70 experts=348 miss=18 io=0.013s 4.8GB/s]
[prefill gpuq busy=0.030s(71%) idle=0.012s(29%) span=0.043s buffers=342]
[prefill gpu attn=0.011s(36%) shared=0.004s(13%) moe=0.011s(36%) tail=0.001s(2%) head=0.004s(12%) total=0.031s]
[prefill gpu attn embed=0.000s(0%) norm=0.000s(2%) qkv=0.004s(40%) rope=0.000s(4%) kvcopy=0.000s(1%) attn.swa=0.001s(10%) attn.full=0.000s(2%) oproj=0.003s(22%) post=0.002s(19%) total=0.011s]
[prefill host enc.front=0.002s(5%) wait.front=0.023s(54%) drain=0.001s(1%) route=0.000s(0%) meta=0.000s(0%) fetch=0.011s(27%) enc.moe=0.000s(1%) tail=0.000s(0%) head=0.004s(10%) other=0.000s(1%) call=0.042s | tiles=57 ahead=57 experts=297 miss=12 io=0.011s 3.7GB/s]
[prefill gpuq busy=0.031s(75%) idle=0.011s(25%) span=0.042s buffers=329]
[prefill gpu attn=0.011s(36%) shared=0.003s(12%) moe=0.011s(38%) tail=0.001s(3%) head=0.004s(12%) total=0.029s]
[prefill gpu attn embed=0.000s(0%) norm=0.000s(3%) qkv=0.004s(39%) rope=0.001s(5%) kvcopy=0.000s(1%) attn.swa=0.001s(10%) attn.full=0.000s(2%) oproj=0.002s(21%) post=0.002s(20%) total=0.011s]
[prefill host enc.front=0.002s(5%) wait.front=0.023s(53%) drain=0.000s(1%) route=0.000s(0%) meta=0.000s(0%) fetch=0.014s(31%) enc.moe=0.001s(1%) tail=0.000s(0%) head=0.004s(8%) other=0.000s(1%) call=0.044s | tiles=67 ahead=67 experts=313 miss=15 io=0.014s 3.8GB/s]
[prefill gpuq busy=0.029s(67%) idle=0.014s(33%) span=0.044s buffers=339]
[prefill gpu attn=0.010s(36%) shared=0.004s(12%) moe=0.011s(37%) tail=0.001s(3%) head=0.003s(12%) total=0.029s]
[prefill gpu attn embed=0.000s(0%) norm=0.000s(2%) qkv=0.004s(38%) rope=0.001s(5%) kvcopy=0.000s(1%) attn.swa=0.001s(10%) attn.full=0.000s(2%) oproj=0.002s(22%) post=0.002s(20%) total=0.010s]
[prefill host enc.front=0.002s(5%) wait.front=0.021s(55%) drain=0.000s(1%) route=0.000s(0%) meta=0.000s(0%) fetch=0.010s(25%) enc.moe=0.000s(1%) tail=0.000s(0%) head=0.004s(10%) other=0.000s(1%) call=0.038s | tiles=63 ahead=63 experts=303 miss=15 io=0.010s 5.4GB/s]
[prefill gpuq busy=0.029s(76%) idle=0.009s(24%) span=0.038s buffers=335]
[prefill gpu attn=0.010s(36%) shared=0.003s(12%) moe=0.011s(38%) tail=0.001s(2%) head=0.003s(12%) total=0.029s]
[prefill gpu attn embed=0.000s(0%) norm=0.000s(3%) qkv=0.004s(39%) rope=0.001s(5%) kvcopy=0.000s(1%) attn.swa=0.001s(9%) attn.full=0.000s(2%) oproj=0.002s(21%) post=0.002s(20%) total=0.010s]
[prefill host enc.front=0.002s(5%) wait.front=0.023s(67%) drain=0.001s(2%) route=0.000s(0%) meta=0.000s(0%) fetch=0.005s(13%) enc.moe=0.000s(1%) tail=0.000s(0%) head=0.004s(10%) other=0.000s(1%) call=0.035s | tiles=65 ahead=65 experts=320 miss=5 io=0.005s 3.7GB/s]
[prefill gpuq busy=0.029s(82%) idle=0.006s(18%) span=0.035s buffers=337]
[prefill gpu attn=0.010s(36%) shared=0.003s(12%) moe=0.011s(38%) tail=0.001s(2%) head=0.003s(12%) total=0.029s]
[prefill gpu attn embed=0.000s(0%) norm=0.000s(3%) qkv=0.004s(39%) rope=0.001s(5%) kvcopy=0.000s(1%) attn.swa=0.001s(10%) attn.full=0.000s(2%) oproj=0.002s(21%) post=0.002s(20%) total=0.010s]
[prefill host enc.front=0.002s(5%) wait.front=0.023s(63%) drain=0.001s(1%) route=0.000s(0%) meta=0.000s(0%) fetch=0.006s(17%) enc.moe=0.000s(1%) tail=0.000s(0%) head=0.004s(10%) other=0.000s(1%) call=0.037s | tiles=65 ahead=65 experts=323 miss=10 io=0.006s 5.4GB/s]
[prefill gpuq busy=0.029s(79%) idle=0.008s(21%) span=0.037s buffers=337]
[prefill gpu attn=0.010s(36%) shared=0.003s(12%) moe=0.011s(38%) tail=0.001s(3%) head=0.003s(12%) total=0.029s]
[prefill gpu attn embed=0.000s(0%) norm=0.000s(3%) qkv=0.004s(39%) rope=0.001s(5%) kvcopy=0.000s(1%) attn.swa=0.001s(10%) attn.full=0.000s(2%) oproj=0.002s(21%) post=0.002s(20%) total=0.010s]
[prefill host enc.front=0.002s(5%) wait.front=0.024s(68%) drain=0.000s(1%) route=0.000s(0%) meta=0.000s(0%) fetch=0.004s(12%) enc.moe=0.000s(1%) tail=0.000s(0%) head=0.004s(10%) other=0.000s(1%) call=0.035s | tiles=61 ahead=61 experts=331 miss=10 io=0.004s 8.1GB/s]
[prefill gpuq busy=0.029s(83%) idle=0.006s(17%) span=0.035s buffers=333]
[prefill gpu attn=0.011s(36%) shared=0.003s(12%) moe=0.011s(38%) tail=0.001s(3%) head=0.003s(12%) total=0.030s]
[prefill gpu attn embed=0.000s(0%) norm=0.000s(2%) qkv=0.004s(39%) rope=0.001s(5%) kvcopy=0.000s(1%) attn.swa=0.001s(10%) attn.full=0.000s(2%) oproj=0.002s(21%) post=0.002s(20%) total=0.011s]
[prefill host enc.front=0.002s(4%) wait.front=0.022s(48%) drain=0.000s(1%) route=0.000s(0%) meta=0.000s(0%) fetch=0.016s(36%) enc.moe=0.001s(1%) tail=0.000s(0%) head=0.004s(8%) other=0.000s(1%) call=0.046s | tiles=66 ahead=66 experts=318 miss=18 io=0.017s 3.8GB/s]
[prefill gpuq busy=0.030s(65%) idle=0.016s(35%) span=0.045s buffers=338]
[prefill gpu attn=0.011s(37%) shared=0.003s(12%) moe=0.010s(36%) tail=0.001s(3%) head=0.003s(12%) total=0.028s]
[prefill gpu attn embed=0.000s(0%) norm=0.000s(2%) qkv=0.004s(39%) rope=0.001s(5%) kvcopy=0.000s(1%) attn.swa=0.001s(10%) attn.full=0.000s(2%) oproj=0.002s(21%) post=0.002s(20%) total=0.011s]
[prefill host enc.front=0.002s(5%) wait.front=0.027s(72%) drain=0.001s(2%) route=0.000s(0%) meta=0.000s(0%) fetch=0.003s(8%) enc.moe=0.000s(1%) tail=0.000s(0%) head=0.004s(10%) other=0.000s(1%) call=0.037s | tiles=58 ahead=58 experts=287 miss=4 io=0.003s 4.4GB/s]
[prefill gpuq busy=0.028s(77%) idle=0.009s(23%) span=0.037s buffers=330]
[prefill gpu attn=0.010s(36%) shared=0.003s(12%) moe=0.011s(38%) tail=0.001s(2%) head=0.003s(12%) total=0.029s]
[prefill gpu attn embed=0.000s(0%) norm=0.000s(2%) qkv=0.004s(39%) rope=0.001s(5%) kvcopy=0.000s(1%) attn.swa=0.001s(10%) attn.full=0.000s(2%) oproj=0.002s(21%) post=0.002s(20%) total=0.010s]
[prefill host enc.front=0.002s(6%) wait.front=0.024s(69%) drain=0.000s(1%) route=0.000s(0%) meta=0.000s(0%) fetch=0.004s(11%) enc.moe=0.000s(1%) tail=0.000s(0%) head=0.004s(10%) other=0.000s(1%) call=0.034s | tiles=64 ahead=64 experts=326 miss=5 io=0.004s 4.5GB/s]
[prefill gpuq busy=0.029s(84%) idle=0.005s(16%) span=0.034s buffers=336]
[prefill gpu attn=0.010s(36%) shared=0.003s(12%) moe=0.011s(38%) tail=0.001s(2%) head=0.003s(12%) total=0.029s]
[prefill gpu attn embed=0.000s(0%) norm=0.000s(3%) qkv=0.004s(39%) rope=0.001s(5%) kvcopy=0.000s(1%) attn.swa=0.001s(10%) attn.full=0.000s(2%) oproj=0.002s(22%) post=0.002s(20%) total=0.010s]
[prefill host enc.front=0.002s(6%) wait.front=0.022s(67%) drain=0.000s(1%) route=0.000s(0%) meta=0.000s(0%) fetch=0.004s(12%) enc.moe=0.000s(1%) tail=0.000s(0%) head=0.004s(11%) other=0.000s(1%) call=0.033s | tiles=65 ahead=65 experts=322 miss=5 io=0.004s 4.4GB/s]
[prefill gpuq busy=0.029s(87%) idle=0.004s(13%) span=0.033s buffers=337]
[prefill gpu attn=0.010s(36%) shared=0.003s(12%) moe=0.011s(37%) tail=0.001s(2%) head=0.003s(12%) total=0.029s]
[prefill gpu attn embed=0.000s(0%) norm=0.000s(3%) qkv=0.004s(39%) rope=0.001s(5%) kvcopy=0.000s(1%) attn.swa=0.001s(10%) attn.full=0.000s(2%) oproj=0.002s(21%) post=0.002s(20%) total=0.010s]
[prefill host enc.front=0.002s(6%) wait.front=0.022s(69%) drain=0.000s(1%) route=0.000s(0%) meta=0.000s(0%) fetch=0.003s(9%) enc.moe=0.000s(1%) tail=0.000s(0%) head=0.004s(11%) other=0.000s(1%) call=0.032s | tiles=65 ahead=65 experts=308 miss=7 io=0.003s 7.9GB/s]
[prefill gpuq busy=0.029s(89%) idle=0.004s(11%) span=0.032s buffers=337]
[prefill gpu attn=0.010s(37%) shared=0.003s(12%) moe=0.010s(37%) tail=0.001s(2%) head=0.003s(12%) total=0.028s]
[prefill gpu attn embed=0.000s(0%) norm=0.000s(2%) qkv=0.004s(38%) rope=0.001s(5%) kvcopy=0.000s(1%) attn.swa=0.001s(10%) attn.full=0.000s(2%) oproj=0.002s(22%) post=0.002s(20%) total=0.010s]
[prefill host enc.front=0.002s(5%) wait.front=0.021s(60%) drain=0.000s(1%) route=0.000s(0%) meta=0.000s(0%) fetch=0.007s(21%) enc.moe=0.000s(1%) tail=0.000s(0%) head=0.004s(10%) other=0.000s(1%) call=0.036s | tiles=63 ahead=63 experts=304 miss=10 io=0.008s 4.6GB/s]
[prefill gpuq busy=0.028s(79%) idle=0.007s(21%) span=0.036s buffers=335]
[prefill gpu attn=0.010s(37%) shared=0.003s(12%) moe=0.010s(36%) tail=0.001s(3%) head=0.003s(12%) total=0.028s]
[prefill gpu attn embed=0.000s(0%) norm=0.000s(3%) qkv=0.004s(39%) rope=0.000s(5%) kvcopy=0.000s(1%) attn.swa=0.001s(10%) attn.full=0.000s(2%) oproj=0.002s(21%) post=0.002s(20%) total=0.010s]
[prefill host enc.front=0.002s(5%) wait.front=0.022s(61%) drain=0.000s(1%) route=0.000s(0%) meta=0.000s(0%) fetch=0.007s(19%) enc.moe=0.000s(1%) tail=0.000s(0%) head=0.004s(10%) other=0.000s(1%) call=0.036s | tiles=59 ahead=59 experts=290 miss=7 io=0.007s 3.5GB/s]
[prefill gpuq busy=0.028s(79%) idle=0.007s(21%) span=0.035s buffers=331]
[prefill gpu attn=0.011s(37%) shared=0.003s(12%) moe=0.011s(37%) tail=0.001s(3%) head=0.003s(12%) total=0.029s]
[prefill gpu attn embed=0.000s(0%) norm=0.000s(2%) qkv=0.004s(39%) rope=0.001s(5%) kvcopy=0.000s(1%) attn.swa=0.001s(10%) attn.full=0.000s(2%) oproj=0.002s(21%) post=0.002s(20%) total=0.011s]
[prefill host enc.front=0.002s(5%) wait.front=0.023s(63%) drain=0.000s(1%) route=0.000s(0%) meta=0.000s(0%) fetch=0.006s(17%) enc.moe=0.000s(1%) tail=0.000s(0%) head=0.004s(10%) other=0.000s(1%) call=0.036s | tiles=62 ahead=62 experts=306 miss=5 io=0.006s 2.7GB/s]
[prefill gpuq busy=0.029s(80%) idle=0.007s(20%) span=0.036s buffers=334]
[prefill gpu attn=0.011s(35%) shared=0.003s(11%) moe=0.012s(40%) tail=0.001s(2%) head=0.003s(11%) total=0.030s]
[prefill gpu attn embed=0.000s(0%) norm=0.000s(3%) qkv=0.004s(39%) rope=0.001s(5%) kvcopy=0.000s(1%) attn.swa=0.001s(10%) attn.full=0.000s(2%) oproj=0.002s(21%) post=0.002s(20%) total=0.011s]
[prefill host enc.front=0.002s(5%) wait.front=0.024s(60%) drain=0.001s(1%) route=0.000s(0%) meta=0.000s(0%) fetch=0.009s(22%) enc.moe=0.000s(1%) tail=0.000s(0%) head=0.004s(9%) other=0.000s(1%) call=0.040s | tiles=66 ahead=66 experts=358 miss=11 io=0.009s 4.4GB/s]
[prefill gpuq busy=0.030s(77%) idle=0.009s(23%) span=0.039s buffers=338]
[prefill gpu attn=0.010s(35%) shared=0.003s(11%) moe=0.012s(40%) tail=0.001s(2%) head=0.003s(11%) total=0.030s]
[prefill gpu attn embed=0.000s(0%) norm=0.000s(2%) qkv=0.004s(38%) rope=0.001s(5%) kvcopy=0.000s(1%) attn.swa=0.001s(10%) attn.full=0.000s(2%) oproj=0.002s(22%) post=0.002s(20%) total=0.010s]
[prefill host enc.front=0.002s(5%) wait.front=0.027s(65%) drain=0.000s(1%) route=0.000s(0%) meta=0.000s(0%) fetch=0.007s(18%) enc.moe=0.001s(1%) tail=0.000s(0%) head=0.004s(9%) other=0.000s(1%) call=0.041s | tiles=65 ahead=65 experts=344 miss=15 io=0.007s 7.0GB/s]
[prefill gpuq busy=0.030s(73%) idle=0.011s(27%) span=0.041s buffers=337]
[prefill gpu attn=0.010s(36%) shared=0.003s(12%) moe=0.011s(37%) tail=0.001s(3%) head=0.003s(12%) total=0.029s]
[prefill gpu attn embed=0.000s(0%) norm=0.000s(2%) qkv=0.004s(39%) rope=0.001s(5%) kvcopy=0.000s(1%) attn.swa=0.001s(10%) attn.full=0.000s(2%) oproj=0.002s(21%) post=0.002s(20%) total=0.010s]
[prefill host enc.front=0.002s(5%) wait.front=0.026s(72%) drain=0.001s(1%) route=0.000s(0%) meta=0.000s(0%) fetch=0.003s(8%) enc.moe=0.000s(1%) tail=0.000s(0%) head=0.004s(10%) other=0.000s(1%) call=0.035s | tiles=62 ahead=62 experts=308 miss=5 io=0.003s 6.1GB/s]
[prefill gpuq busy=0.029s(81%) idle=0.007s(19%) span=0.035s buffers=334]
[prefill gpu attn=0.010s(36%) shared=0.003s(12%) moe=0.011s(38%) tail=0.001s(3%) head=0.003s(11%) total=0.029s]
[prefill gpu attn embed=0.000s(0%) norm=0.000s(3%) qkv=0.004s(39%) rope=0.001s(5%) kvcopy=0.000s(1%) attn.swa=0.001s(10%) attn.full=0.000s(2%) oproj=0.002s(21%) post=0.002s(20%) total=0.010s]
[prefill host enc.front=0.002s(5%) wait.front=0.022s(56%) drain=0.001s(2%) route=0.000s(0%) meta=0.000s(0%) fetch=0.010s(26%) enc.moe=0.000s(1%) tail=0.000s(0%) head=0.004s(9%) other=0.000s(1%) call=0.039s | tiles=68 ahead=68 experts=325 miss=11 io=0.010s 3.8GB/s]
[prefill gpuq busy=0.029s(75%) idle=0.010s(25%) span=0.039s buffers=340]
[prefill gpu attn=0.010s(36%) shared=0.004s(13%) moe=0.011s(37%) tail=0.001s(3%) head=0.003s(12%) total=0.029s]
[prefill gpu attn embed=0.000s(0%) norm=0.000s(2%) qkv=0.004s(38%) rope=0.001s(5%) kvcopy=0.000s(1%) attn.swa=0.001s(10%) attn.full=0.000s(2%) oproj=0.002s(21%) post=0.002s(20%) total=0.010s]
[prefill host enc.front=0.002s(5%) wait.front=0.022s(60%) drain=0.000s(1%) route=0.000s(0%) meta=0.000s(0%) fetch=0.007s(20%) enc.moe=0.000s(1%) tail=0.000s(0%) head=0.004s(10%) other=0.000s(1%) call=0.036s | tiles=60 ahead=60 experts=300 miss=11 io=0.007s 5.1GB/s]
[prefill gpuq busy=0.029s(79%) idle=0.008s(21%) span=0.036s buffers=332]
[prefill gpu attn=0.011s(37%) shared=0.003s(12%) moe=0.011s(37%) tail=0.001s(3%) head=0.003s(12%) total=0.029s]
[prefill gpu attn embed=0.000s(0%) norm=0.000s(3%) qkv=0.004s(38%) rope=0.001s(5%) kvcopy=0.000s(1%) attn.swa=0.001s(10%) attn.full=0.000s(2%) oproj=0.002s(21%) post=0.002s(20%) total=0.011s]
[prefill host enc.front=0.002s(5%) wait.front=0.024s(68%) drain=0.000s(1%) route=0.000s(0%) meta=0.000s(0%) fetch=0.004s(13%) enc.moe=0.000s(1%) tail=0.000s(0%) head=0.004s(10%) other=0.000s(1%) call=0.035s | tiles=59 ahead=59 experts=312 miss=6 io=0.004s 4.6GB/s]
[prefill gpuq busy=0.029s(83%) idle=0.006s(17%) span=0.035s buffers=331]
[prefill gpu attn=0.011s(37%) shared=0.003s(12%) moe=0.011s(37%) tail=0.001s(2%) head=0.003s(12%) total=0.029s]
[prefill gpu attn embed=0.000s(0%) norm=0.000s(2%) qkv=0.004s(40%) rope=0.001s(5%) kvcopy=0.000s(1%) attn.swa=0.001s(10%) attn.full=0.000s(2%) oproj=0.002s(21%) post=0.002s(20%) total=0.011s]
[prefill host enc.front=0.002s(5%) wait.front=0.025s(68%) drain=0.000s(1%) route=0.000s(1%) meta=0.000s(0%) fetch=0.004s(12%) enc.moe=0.001s(1%) tail=0.000s(0%) head=0.004s(10%) other=0.000s(1%) call=0.036s | tiles=64 ahead=64 experts=318 miss=4 io=0.004s 3.3GB/s]
[prefill gpuq busy=0.029s(82%) idle=0.007s(18%) span=0.036s buffers=336]
[prefill gpu attn=0.011s(36%) shared=0.004s(12%) moe=0.011s(38%) tail=0.001s(3%) head=0.003s(11%) total=0.030s]
[prefill gpu attn embed=0.000s(0%) norm=0.000s(3%) qkv=0.004s(39%) rope=0.001s(5%) kvcopy=0.000s(1%) attn.swa=0.001s(10%) attn.full=0.000s(2%) oproj=0.002s(21%) post=0.002s(20%) total=0.011s]
[prefill host enc.front=0.002s(4%) wait.front=0.023s(45%) drain=0.001s(1%) route=0.000s(0%) meta=0.000s(0%) fetch=0.020s(40%) enc.moe=0.001s(1%) tail=0.000s(0%) head=0.004s(7%) other=0.000s(1%) call=0.050s | tiles=66 ahead=66 experts=323 miss=15 io=0.020s 2.6GB/s]
[prefill gpuq busy=0.030s(59%) idle=0.020s(41%) span=0.050s buffers=338]
[prefill gpu attn=0.010s(36%) shared=0.003s(12%) moe=0.011s(39%) tail=0.001s(2%) head=0.003s(11%) total=0.029s]
[prefill gpu attn embed=0.000s(0%) norm=0.000s(2%) qkv=0.004s(39%) rope=0.001s(5%) kvcopy=0.000s(1%) attn.swa=0.001s(10%) attn.full=0.000s(2%) oproj=0.002s(21%) post=0.002s(20%) total=0.010s]
[prefill host enc.front=0.002s(5%) wait.front=0.023s(69%) drain=0.001s(2%) route=0.000s(0%) meta=0.000s(0%) fetch=0.003s(10%) enc.moe=0.000s(1%) tail=0.000s(0%) head=0.004s(11%) other=0.000s(1%) call=0.034s | tiles=64 ahead=64 experts=342 miss=5 io=0.003s 5.0GB/s]
[prefill gpuq busy=0.029s(88%) idle=0.004s(12%) span=0.033s buffers=336]
[prefill gpu attn=0.011s(36%) shared=0.003s(12%) moe=0.011s(38%) tail=0.001s(2%) head=0.003s(11%) total=0.029s]
[prefill gpu attn embed=0.000s(0%) norm=0.000s(2%) qkv=0.004s(38%) rope=0.001s(6%) kvcopy=0.000s(1%) attn.swa=0.001s(10%) attn.full=0.000s(2%) oproj=0.002s(21%) post=0.002s(20%) total=0.011s]
[prefill host enc.front=0.002s(5%) wait.front=0.025s(63%) drain=0.000s(1%) route=0.000s(0%) meta=0.000s(0%) fetch=0.007s(19%) enc.moe=0.001s(1%) tail=0.000s(0%) head=0.004s(9%) other=0.000s(1%) call=0.039s | tiles=64 ahead=64 experts=320 miss=12 io=0.007s 5.7GB/s]
[prefill gpuq busy=0.029s(75%) idle=0.010s(25%) span=0.039s buffers=336]
[prefill gpu attn=0.010s(36%) shared=0.003s(12%) moe=0.011s(39%) tail=0.001s(3%) head=0.003s(12%) total=0.029s]
[prefill gpu attn embed=0.000s(0%) norm=0.000s(3%) qkv=0.004s(39%) rope=0.001s(5%) kvcopy=0.000s(1%) attn.swa=0.001s(10%) attn.full=0.000s(2%) oproj=0.002s(21%) post=0.002s(20%) total=0.010s]
[prefill host enc.front=0.002s(5%) wait.front=0.024s(58%) drain=0.000s(1%) route=0.000s(0%) meta=0.000s(0%) fetch=0.010s(25%) enc.moe=0.000s(1%) tail=0.000s(0%) head=0.004s(9%) other=0.000s(1%) call=0.041s | tiles=63 ahead=63 experts=333 miss=12 io=0.010s 4.1GB/s]
[prefill gpuq busy=0.029s(71%) idle=0.012s(29%) span=0.041s buffers=335]
[prefill gpu attn=0.011s(36%) shared=0.003s(12%) moe=0.011s(37%) tail=0.001s(3%) head=0.003s(12%) total=0.029s]
[prefill gpu attn embed=0.000s(0%) norm=0.000s(3%) qkv=0.004s(39%) rope=0.001s(5%) kvcopy=0.000s(1%) attn.swa=0.001s(10%) attn.full=0.000s(2%) oproj=0.002s(21%) post=0.002s(20%) total=0.011s]
[prefill host enc.front=0.002s(5%) wait.front=0.025s(70%) drain=0.000s(1%) route=0.000s(0%) meta=0.000s(0%) fetch=0.003s(10%) enc.moe=0.000s(1%) tail=0.000s(0%) head=0.004s(10%) other=0.000s(1%) call=0.035s | tiles=61 ahead=61 experts=323 miss=2 io=0.003s 2.1GB/s]
[prefill gpuq busy=0.029s(83%) idle=0.006s(17%) span=0.035s buffers=333]
[prefill gpu attn=0.011s(36%) shared=0.003s(12%) moe=0.011s(38%) tail=0.001s(3%) head=0.003s(12%) total=0.029s]
[prefill gpu attn embed=0.000s(0%) norm=0.000s(3%) qkv=0.004s(38%) rope=0.001s(5%) kvcopy=0.000s(1%) attn.swa=0.001s(10%) attn.full=0.000s(2%) oproj=0.002s(21%) post=0.002s(20%) total=0.011s]
[prefill host enc.front=0.002s(4%) wait.front=0.024s(51%) drain=0.000s(1%) route=0.000s(0%) meta=0.000s(0%) fetch=0.016s(34%) enc.moe=0.001s(1%) tail=0.000s(0%) head=0.004s(8%) other=0.000s(1%) call=0.046s | tiles=64 ahead=64 experts=325 miss=15 io=0.017s 3.1GB/s]
[prefill gpuq busy=0.029s(64%) idle=0.017s(36%) span=0.046s buffers=336]
[prefill gpu attn=0.010s(37%) shared=0.003s(12%) moe=0.010s(36%) tail=0.001s(3%) head=0.003s(12%) total=0.028s]
[prefill gpu attn embed=0.000s(0%) norm=0.000s(2%) qkv=0.004s(39%) rope=0.001s(5%) kvcopy=0.000s(1%) attn.swa=0.001s(10%) attn.full=0.000s(2%) oproj=0.002s(21%) post=0.002s(20%) total=0.010s]
[prefill host enc.front=0.002s(5%) wait.front=0.023s(65%) drain=0.001s(2%) route=0.000s(0%) meta=0.000s(0%) fetch=0.006s(16%) enc.moe=0.000s(1%) tail=0.000s(0%) head=0.004s(10%) other=0.000s(1%) call=0.036s | tiles=60 ahead=60 experts=288 miss=8 io=0.006s 4.9GB/s]
[prefill gpuq busy=0.028s(78%) idle=0.008s(22%) span=0.036s buffers=332]
[prefill gpu attn=0.011s(38%) shared=0.003s(12%) moe=0.010s(36%) tail=0.001s(3%) head=0.003s(12%) total=0.028s]
[prefill gpu attn embed=0.000s(0%) norm=0.000s(2%) qkv=0.004s(38%) rope=0.001s(6%) kvcopy=0.000s(1%) attn.swa=0.001s(10%) attn.full=0.000s(2%) oproj=0.002s(21%) post=0.002s(20%) total=0.011s]
[prefill host enc.front=0.002s(6%) wait.front=0.023s(75%) drain=0.000s(2%) route=0.000s(1%) meta=0.000s(0%) fetch=0.001s(2%) enc.moe=0.000s(1%) tail=0.000s(0%) head=0.004s(12%) other=0.000s(1%) call=0.030s | tiles=59 ahead=59 experts=295 miss=1 io=0.001s 5.8GB/s]
[prefill gpuq busy=0.028s(93%) idle=0.002s(7%) span=0.030s buffers=331]
[prefill gpu attn=0.011s(36%) shared=0.004s(13%) moe=0.011s(37%) tail=0.001s(3%) head=0.003s(11%) total=0.030s]
[prefill gpu attn embed=0.000s(0%) norm=0.000s(2%) qkv=0.004s(38%) rope=0.001s(5%) kvcopy=0.000s(1%) attn.swa=0.001s(10%) attn.full=0.000s(3%) oproj=0.002s(21%) post=0.002s(20%) total=0.011s]
[prefill host enc.front=0.002s(5%) wait.front=0.025s(69%) drain=0.000s(1%) route=0.000s(1%) meta=0.000s(0%) fetch=0.004s(11%) enc.moe=0.000s(1%) tail=0.000s(0%) head=0.004s(10%) other=0.000s(1%) call=0.036s | tiles=63 ahead=63 experts=321 miss=4 io=0.004s 3.5GB/s]
[prefill gpuq busy=0.029s(83%) idle=0.006s(17%) span=0.035s buffers=335]
[prefill gpu attn=0.011s(37%) shared=0.003s(12%) moe=0.011s(37%) tail=0.001s(3%) head=0.003s(12%) total=0.029s]
[prefill gpu attn embed=0.000s(0%) norm=0.000s(3%) qkv=0.004s(39%) rope=0.001s(5%) kvcopy=0.000s(1%) attn.swa=0.001s(10%) attn.full=0.000s(2%) oproj=0.002s(21%) post=0.002s(20%) total=0.011s]
[prefill host enc.front=0.002s(5%) wait.front=0.026s(62%) drain=0.000s(1%) route=0.000s(0%) meta=0.000s(0%) fetch=0.009s(21%) enc.moe=0.000s(1%) tail=0.000s(0%) head=0.004s(9%) other=0.000s(1%) call=0.042s | tiles=60 ahead=60 experts=311 miss=7 io=0.009s 2.7GB/s]
[prefill gpuq busy=0.029s(69%) idle=0.013s(31%) span=0.042s buffers=332]
[prefill gpu attn=0.011s(36%) shared=0.003s(11%) moe=0.012s(39%) tail=0.001s(2%) head=0.003s(11%) total=0.030s]
[prefill gpu attn embed=0.000s(0%) norm=0.000s(3%) qkv=0.004s(38%) rope=0.001s(5%) kvcopy=0.000s(1%) attn.swa=0.001s(10%) attn.full=0.000s(2%) oproj=0.002s(21%) post=0.002s(21%) total=0.011s]
[prefill host enc.front=0.002s(5%) wait.front=0.024s(66%) drain=0.000s(1%) route=0.000s(0%) meta=0.000s(0%) fetch=0.005s(14%) enc.moe=0.000s(1%) tail=0.000s(0%) head=0.004s(10%) other=0.000s(1%) call=0.037s | tiles=66 ahead=66 experts=350 miss=8 io=0.005s 5.3GB/s]
[prefill gpuq busy=0.030s(83%) idle=0.006s(17%) span=0.036s buffers=338]
[prefill gpu attn=0.011s(36%) shared=0.003s(12%) moe=0.011s(38%) tail=0.001s(3%) head=0.003s(12%) total=0.029s]
[prefill gpu attn embed=0.000s(0%) norm=0.000s(3%) qkv=0.004s(38%) rope=0.001s(5%) kvcopy=0.000s(1%) attn.swa=0.001s(10%) attn.full=0.000s(2%) oproj=0.002s(21%) post=0.002s(20%) total=0.011s]
[prefill host enc.front=0.002s(5%) wait.front=0.025s(61%) drain=0.000s(1%) route=0.000s(0%) meta=0.000s(0%) fetch=0.009s(22%) enc.moe=0.000s(1%) tail=0.000s(0%) head=0.004s(9%) other=0.000s(1%) call=0.041s | tiles=63 ahead=63 experts=322 miss=11 io=0.009s 4.2GB/s]
[prefill gpuq busy=0.029s(73%) idle=0.011s(27%) span=0.040s buffers=335]
[prefill gpu attn=0.011s(37%) shared=0.004s(12%) moe=0.011s(37%) tail=0.001s(2%) head=0.003s(12%) total=0.029s]
[prefill gpu attn embed=0.000s(0%) norm=0.000s(2%) qkv=0.004s(38%) rope=0.001s(5%) kvcopy=0.000s(1%) attn.swa=0.001s(10%) attn.full=0.000s(2%) oproj=0.002s(21%) post=0.002s(21%) total=0.011s]
[prefill host enc.front=0.002s(6%) wait.front=0.023s(69%) drain=0.000s(1%) route=0.000s(0%) meta=0.000s(0%) fetch=0.003s(10%) enc.moe=0.000s(1%) tail=0.000s(0%) head=0.004s(11%) other=0.000s(1%) call=0.034s | tiles=64 ahead=64 experts=315 miss=4 io=0.003s 4.0GB/s]
[prefill gpuq busy=0.029s(87%) idle=0.004s(13%) span=0.034s buffers=336]
[prefill gpu attn=0.011s(37%) shared=0.003s(12%) moe=0.011s(37%) tail=0.001s(2%) head=0.003s(12%) total=0.029s]
[prefill gpu attn embed=0.000s(0%) norm=0.000s(3%) qkv=0.004s(38%) rope=0.001s(5%) kvcopy=0.000s(1%) attn.swa=0.001s(10%) attn.full=0.000s(2%) oproj=0.002s(21%) post=0.002s(20%) total=0.011s]
[prefill host enc.front=0.002s(6%) wait.front=0.022s(65%) drain=0.000s(1%) route=0.000s(0%) meta=0.000s(0%) fetch=0.005s(15%) enc.moe=0.000s(1%) tail=0.000s(0%) head=0.004s(10%) other=0.000s(1%) call=0.034s | tiles=62 ahead=62 experts=307 miss=8 io=0.005s 5.3GB/s]
[prefill gpuq busy=0.029s(83%) idle=0.006s(17%) span=0.034s buffers=334]
[prefill gpu attn=0.011s(37%) shared=0.003s(12%) moe=0.011s(37%) tail=0.001s(3%) head=0.003s(12%) total=0.029s]
[prefill gpu attn embed=0.000s(0%) norm=0.000s(2%) qkv=0.004s(39%) rope=0.001s(5%) kvcopy=0.000s(1%) attn.swa=0.001s(10%) attn.full=0.000s(2%) oproj=0.002s(21%) post=0.002s(20%) total=0.011s]
[prefill host enc.front=0.002s(5%) wait.front=0.022s(60%) drain=0.000s(1%) route=0.000s(0%) meta=0.000s(0%) fetch=0.008s(22%) enc.moe=0.000s(1%) tail=0.000s(0%) head=0.004s(10%) other=0.000s(1%) call=0.037s | tiles=65 ahead=65 experts=311 miss=10 io=0.008s 4.3GB/s]
[prefill gpuq busy=0.029s(80%) idle=0.008s(20%) span=0.037s buffers=337]
[prefill gpu attn=0.011s(38%) shared=0.003s(12%) moe=0.010s(36%) tail=0.001s(2%) head=0.003s(12%) total=0.028s]
[prefill gpu attn embed=0.000s(0%) norm=0.000s(2%) qkv=0.004s(39%) rope=0.001s(5%) kvcopy=0.000s(1%) attn.swa=0.001s(10%) attn.full=0.000s(2%) oproj=0.002s(21%) post=0.002s(20%) total=0.011s]
[prefill host enc.front=0.002s(6%) wait.front=0.024s(75%) drain=0.000s(2%) route=0.000s(1%) meta=0.000s(0%) fetch=0.001s(3%) enc.moe=0.000s(1%) tail=0.000s(0%) head=0.004s(11%) other=0.000s(1%) call=0.031s | tiles=57 ahead=57 experts=310 miss=2 io=0.001s 7.8GB/s]
[prefill gpuq busy=0.028s(92%) idle=0.003s(8%) span=0.031s buffers=329]
[prefill gpu attn=0.011s(37%) shared=0.003s(12%) moe=0.010s(36%) tail=0.001s(3%) head=0.003s(12%) total=0.028s]
[prefill gpu attn embed=0.000s(0%) norm=0.000s(2%) qkv=0.004s(39%) rope=0.000s(5%) kvcopy=0.000s(1%) attn.swa=0.001s(10%) attn.full=0.000s(2%) oproj=0.002s(22%) post=0.002s(20%) total=0.011s]
[prefill host enc.front=0.002s(5%) wait.front=0.024s(66%) drain=0.000s(1%) route=0.000s(0%) meta=0.000s(0%) fetch=0.005s(15%) enc.moe=0.000s(1%) tail=0.000s(0%) head=0.004s(10%) other=0.000s(1%) call=0.036s | tiles=58 ahead=58 experts=288 miss=10 io=0.005s 6.4GB/s]
[prefill gpuq busy=0.028s(78%) idle=0.008s(22%) span=0.036s buffers=330]
[prefill gpu attn=0.010s(36%) shared=0.003s(12%) moe=0.011s(37%) tail=0.001s(2%) head=0.004s(12%) total=0.029s]
[prefill gpu attn embed=0.000s(0%) norm=0.000s(3%) qkv=0.004s(38%) rope=0.000s(4%) kvcopy=0.000s(1%) attn.swa=0.001s(10%) attn.full=0.000s(2%) oproj=0.002s(22%) post=0.002s(20%) total=0.010s]
[prefill host enc.front=0.002s(6%) wait.front=0.023s(70%) drain=0.000s(1%) route=0.000s(1%) meta=0.000s(0%) fetch=0.003s(8%) enc.moe=0.000s(1%) tail=0.000s(0%) head=0.004s(11%) other=0.000s(1%) call=0.033s | tiles=63 ahead=63 experts=314 miss=5 io=0.003s 6.2GB/s]
[prefill gpuq busy=0.029s(88%) idle=0.004s(12%) span=0.033s buffers=335]
[prefill gpu attn=0.011s(36%) shared=0.003s(12%) moe=0.011s(38%) tail=0.001s(3%) head=0.003s(12%) total=0.029s]
[prefill gpu attn embed=0.000s(0%) norm=0.000s(3%) qkv=0.004s(39%) rope=0.001s(5%) kvcopy=0.000s(1%) attn.swa=0.001s(10%) attn.full=0.000s(2%) oproj=0.002s(21%) post=0.002s(20%) total=0.011s]
[prefill host enc.front=0.002s(5%) wait.front=0.026s(71%) drain=0.000s(1%) route=0.000s(0%) meta=0.000s(0%) fetch=0.004s(10%) enc.moe=0.000s(1%) tail=0.000s(0%) head=0.004s(10%) other=0.000s(1%) call=0.037s | tiles=64 ahead=64 experts=328 miss=7 io=0.004s 6.5GB/s]
[prefill gpuq busy=0.029s(80%) idle=0.007s(20%) span=0.036s buffers=336]
[prefill gpu attn=0.010s(37%) shared=0.003s(12%) moe=0.011s(37%) tail=0.001s(3%) head=0.003s(12%) total=0.029s]
[prefill gpu attn embed=0.000s(0%) norm=0.000s(2%) qkv=0.004s(38%) rope=0.001s(5%) kvcopy=0.000s(1%) attn.swa=0.001s(10%) attn.full=0.000s(2%) oproj=0.002s(21%) post=0.002s(20%) total=0.010s]
[prefill host enc.front=0.002s(6%) wait.front=0.023s(65%) drain=0.000s(1%) route=0.000s(1%) meta=0.000s(0%) fetch=0.005s(15%) enc.moe=0.000s(1%) tail=0.000s(0%) head=0.004s(10%) other=0.000s(1%) call=0.035s | tiles=63 ahead=63 experts=305 miss=11 io=0.005s 7.3GB/s]
[prefill gpuq busy=0.029s(82%) idle=0.006s(18%) span=0.035s buffers=335]
[prefill gpu attn=0.011s(36%) shared=0.003s(12%) moe=0.011s(39%) tail=0.001s(2%) head=0.003s(12%) total=0.030s]
[prefill gpu attn embed=0.000s(0%) norm=0.000s(3%) qkv=0.004s(38%) rope=0.001s(5%) kvcopy=0.000s(1%) attn.swa=0.001s(10%) attn.full=0.000s(2%) oproj=0.002s(21%) post=0.002s(20%) total=0.011s]
[prefill host enc.front=0.002s(5%) wait.front=0.027s(71%) drain=0.001s(2%) route=0.000s(0%) meta=0.000s(0%) fetch=0.003s(9%) enc.moe=0.000s(1%) tail=0.000s(0%) head=0.004s(10%) other=0.000s(1%) call=0.038s | tiles=62 ahead=62 experts=334 miss=8 io=0.003s 8.5GB/s]
[prefill gpuq busy=0.030s(79%) idle=0.008s(21%) span=0.038s buffers=334]
[prefill gpu attn=0.011s(36%) shared=0.003s(12%) moe=0.011s(39%) tail=0.001s(3%) head=0.003s(11%) total=0.030s]
[prefill gpu attn embed=0.000s(0%) norm=0.000s(3%) qkv=0.004s(38%) rope=0.001s(5%) kvcopy=0.000s(1%) attn.swa=0.001s(10%) attn.full=0.000s(2%) oproj=0.002s(21%) post=0.002s(20%) total=0.011s]
[prefill host enc.front=0.002s(5%) wait.front=0.024s(63%) drain=0.001s(1%) route=0.000s(0%) meta=0.000s(0%) fetch=0.007s(18%) enc.moe=0.000s(1%) tail=0.000s(0%) head=0.004s(9%) other=0.000s(1%) call=0.038s | tiles=65 ahead=65 experts=329 miss=9 io=0.007s 4.4GB/s]
[prefill gpuq busy=0.030s(78%) idle=0.008s(22%) span=0.038s buffers=337]
[prefill gpu attn=0.010s(36%) shared=0.003s(12%) moe=0.011s(37%) tail=0.001s(3%) head=0.003s(12%) total=0.029s]
[prefill gpu attn embed=0.000s(0%) norm=0.000s(3%) qkv=0.004s(38%) rope=0.001s(5%) kvcopy=0.000s(1%) attn.swa=0.001s(11%) attn.full=0.000s(2%) oproj=0.002s(21%) post=0.002s(20%) total=0.010s]
[prefill host enc.front=0.002s(6%) wait.front=0.023s(73%) drain=0.000s(1%) route=0.000s(1%) meta=0.000s(0%) fetch=0.002s(5%) enc.moe=0.000s(1%) tail=0.000s(0%) head=0.004s(11%) other=0.000s(1%) call=0.032s | tiles=63 ahead=63 experts=321 miss=4 io=0.002s 8.0GB/s]
[prefill gpuq busy=0.029s(92%) idle=0.003s(8%) span=0.032s buffers=335]
[prefill gpu attn=0.011s(37%) shared=0.004s(12%) moe=0.011s(36%) tail=0.001s(3%) head=0.003s(12%) total=0.029s]
[prefill gpu attn embed=0.000s(0%) norm=0.000s(2%) qkv=0.004s(38%) rope=0.000s(5%) kvcopy=0.000s(1%) attn.swa=0.001s(11%) attn.full=0.000s(2%) oproj=0.002s(21%) post=0.002s(21%) total=0.011s]
[prefill host enc.front=0.002s(5%) wait.front=0.023s(52%) drain=0.000s(1%) route=0.000s(1%) meta=0.000s(0%) fetch=0.014s(32%) enc.moe=0.001s(1%) tail=0.000s(0%) head=0.004s(8%) other=0.000s(1%) call=0.045s | tiles=60 ahead=60 experts=291 miss=13 io=0.014s 3.2GB/s]
[prefill gpuq busy=0.029s(65%) idle=0.015s(35%) span=0.045s buffers=332]
[prefill gpu attn=0.011s(36%) shared=0.003s(12%) moe=0.011s(39%) tail=0.001s(3%) head=0.003s(11%) total=0.030s]
[prefill gpu attn embed=0.000s(0%) norm=0.000s(3%) qkv=0.004s(38%) rope=0.001s(5%) kvcopy=0.000s(1%) attn.swa=0.001s(11%) attn.full=0.000s(2%) oproj=0.002s(21%) post=0.002s(20%) total=0.011s]
[prefill host enc.front=0.002s(6%) wait.front=0.026s(76%) drain=0.000s(1%) route=0.000s(0%) meta=0.000s(0%) fetch=0.001s(4%) enc.moe=0.000s(1%) tail=0.000s(0%) head=0.004s(10%) other=0.000s(1%) call=0.034s | tiles=62 ahead=62 experts=342 miss=4 io=0.001s 10.7GB/s]
[prefill gpuq busy=0.030s(87%) idle=0.004s(13%) span=0.034s buffers=334]
[prefill gpu attn=0.010s(36%) shared=0.003s(12%) moe=0.011s(38%) tail=0.001s(3%) head=0.003s(12%) total=0.029s]
[prefill gpu attn embed=0.000s(0%) norm=0.000s(2%) qkv=0.004s(38%) rope=0.000s(5%) kvcopy=0.000s(1%) attn.swa=0.001s(11%) attn.full=0.000s(2%) oproj=0.002s(21%) post=0.002s(20%) total=0.010s]
[prefill host enc.front=0.002s(5%) wait.front=0.025s(59%) drain=0.001s(2%) route=0.000s(0%) meta=0.000s(0%) fetch=0.009s(22%) enc.moe=0.000s(1%) tail=0.000s(0%) head=0.004s(9%) other=0.000s(1%) call=0.042s | tiles=65 ahead=65 experts=308 miss=11 io=0.009s 4.1GB/s]
[prefill gpuq busy=0.029s(70%) idle=0.012s(30%) span=0.041s buffers=337]
[prefill gpu attn=0.011s(36%) shared=0.003s(11%) moe=0.011s(38%) tail=0.001s(2%) head=0.004s(12%) total=0.030s]
[prefill gpu attn embed=0.000s(0%) norm=0.000s(2%) qkv=0.004s(39%) rope=0.001s(5%) kvcopy=0.000s(1%) attn.swa=0.001s(10%) attn.full=0.000s(2%) oproj=0.002s(21%) post=0.002s(20%) total=0.011s]
[prefill host enc.front=0.002s(4%) wait.front=0.023s(47%) drain=0.000s(1%) route=0.000s(0%) meta=0.000s(0%) fetch=0.019s(38%) enc.moe=0.001s(1%) tail=0.000s(0%) head=0.004s(8%) other=0.000s(1%) call=0.050s | tiles=70 ahead=70 experts=321 miss=20 io=0.019s 3.7GB/s]
[prefill gpuq busy=0.030s(61%) idle=0.019s(39%) span=0.049s buffers=342]
[prefill gpu attn=0.011s(35%) shared=0.003s(11%) moe=0.012s(41%) tail=0.001s(2%) head=0.003s(11%) total=0.031s]
[prefill gpu attn embed=0.000s(0%) norm=0.000s(2%) qkv=0.004s(38%) rope=0.000s(5%) kvcopy=0.000s(1%) attn.swa=0.001s(11%) attn.full=0.000s(2%) oproj=0.002s(21%) post=0.002s(20%) total=0.011s]
[prefill host enc.front=0.002s(4%) wait.front=0.026s(52%) drain=0.001s(1%) route=0.000s(0%) meta=0.000s(0%) fetch=0.017s(34%) enc.moe=0.001s(1%) tail=0.000s(0%) head=0.004s(7%) other=0.000s(1%) call=0.049s | tiles=67 ahead=67 experts=366 miss=19 io=0.017s 3.9GB/s]
[prefill gpuq busy=0.031s(62%) idle=0.019s(38%) span=0.049s buffers=339]
[prefill gpu attn=0.011s(36%) shared=0.004s(12%) moe=0.011s(38%) tail=0.001s(2%) head=0.003s(11%) total=0.029s]
[prefill gpu attn embed=0.000s(0%) norm=0.000s(3%) qkv=0.004s(38%) rope=0.001s(5%) kvcopy=0.000s(1%) attn.swa=0.001s(11%) attn.full=0.000s(2%) oproj=0.002s(21%) post=0.002s(20%) total=0.011s]
[prefill host enc.front=0.002s(5%) wait.front=0.024s(69%) drain=0.001s(2%) route=0.000s(0%) meta=0.000s(0%) fetch=0.004s(11%) enc.moe=0.000s(1%) tail=0.000s(0%) head=0.004s(10%) other=0.000s(1%) call=0.035s | tiles=64 ahead=64 experts=319 miss=10 io=0.004s 8.7GB/s]
[prefill gpuq busy=0.029s(84%) idle=0.006s(16%) span=0.035s buffers=336]
[prefill gpu attn=0.011s(37%) shared=0.003s(12%) moe=0.011s(37%) tail=0.001s(2%) head=0.003s(12%) total=0.029s]
[prefill gpu attn embed=0.000s(0%) norm=0.000s(3%) qkv=0.004s(38%) rope=0.001s(5%) kvcopy=0.000s(1%) attn.swa=0.001s(11%) attn.full=0.000s(2%) oproj=0.002s(21%) post=0.002s(20%) total=0.011s]
[prefill host enc.front=0.002s(5%) wait.front=0.023s(66%) drain=0.001s(3%) route=0.000s(0%) meta=0.000s(0%) fetch=0.004s(12%) enc.moe=0.000s(1%) tail=0.000s(0%) head=0.004s(11%) other=0.000s(1%) call=0.034s | tiles=62 ahead=62 experts=314 miss=7 io=0.004s 5.9GB/s]
[prefill gpuq busy=0.029s(85%) idle=0.005s(15%) span=0.034s buffers=334]
[prefill gpu attn=0.011s(36%) shared=0.003s(12%) moe=0.012s(39%) tail=0.001s(2%) head=0.003s(11%) total=0.030s]
[prefill gpu attn embed=0.000s(0%) norm=0.000s(2%) qkv=0.004s(37%) rope=0.001s(5%) kvcopy=0.000s(1%) attn.swa=0.001s(11%) attn.full=0.000s(2%) oproj=0.002s(21%) post=0.002s(20%) total=0.011s]
[prefill host enc.front=0.002s(5%) wait.front=0.025s(60%) drain=0.000s(1%) route=0.000s(0%) meta=0.000s(0%) fetch=0.010s(23%) enc.moe=0.001s(1%) tail=0.000s(0%) head=0.004s(8%) other=0.000s(1%) call=0.042s | tiles=67 ahead=67 experts=324 miss=15 io=0.010s 5.3GB/s]
[prefill gpuq busy=0.030s(72%) idle=0.012s(28%) span=0.042s buffers=339]
[prefill gpu attn=0.011s(35%) shared=0.003s(11%) moe=0.012s(40%) tail=0.001s(2%) head=0.004s(12%) total=0.031s]
[prefill gpu attn embed=0.000s(0%) norm=0.000s(2%) qkv=0.004s(38%) rope=0.001s(5%) kvcopy=0.000s(1%) attn.swa=0.001s(11%) attn.full=0.000s(2%) oproj=0.002s(21%) post=0.002s(20%) total=0.011s]
[prefill host enc.front=0.002s(5%) wait.front=0.024s(59%) drain=0.002s(4%) route=0.000s(0%) meta=0.000s(0%) fetch=0.008s(20%) enc.moe=0.000s(1%) tail=0.000s(0%) head=0.004s(9%) other=0.000s(1%) call=0.040s | tiles=66 ahead=66 experts=363 miss=10 io=0.008s 4.3GB/s]
[prefill gpuq busy=0.031s(76%) idle=0.010s(24%) span=0.040s buffers=338]
[prefill gpu attn=0.011s(32%) shared=0.004s(11%) moe=0.015s(44%) tail=0.001s(2%) head=0.003s(10%) total=0.034s]
[prefill gpu attn embed=0.000s(0%) norm=0.000s(2%) qkv=0.004s(38%) rope=0.001s(5%) kvcopy=0.000s(1%) attn.swa=0.001s(11%) attn.full=0.000s(2%) oproj=0.002s(21%) post=0.002s(20%) total=0.011s]
[prefill host enc.front=0.002s(2%) wait.front=0.029s(24%) drain=0.001s(0%) route=0.000s(0%) meta=0.000s(0%) fetch=0.082s(68%) enc.moe=0.001s(1%) tail=0.000s(0%) head=0.004s(3%) other=0.001s(1%) call=0.120s | tiles=79 ahead=79 experts=368 miss=93 io=0.082s 3.9GB/s]
[prefill gpuq busy=0.034s(28%) idle=0.086s(72%) span=0.120s buffers=351]
[prefill gpu attn=0.011s(37%) shared=0.003s(12%) moe=0.011s(37%) tail=0.001s(3%) head=0.003s(12%) total=0.029s]
[prefill gpu attn embed=0.000s(0%) norm=0.000s(3%) qkv=0.004s(38%) rope=0.001s(5%) kvcopy=0.000s(1%) attn.swa=0.001s(11%) attn.full=0.000s(2%) oproj=0.002s(21%) post=0.002s(20%) total=0.011s]
[prefill host enc.front=0.002s(6%) wait.front=0.022s(62%) drain=0.000s(1%) route=0.000s(0%) meta=0.000s(0%) fetch=0.006s(18%) enc.moe=0.000s(1%) tail=0.000s(0%) head=0.004s(10%) other=0.000s(1%) call=0.036s | tiles=65 ahead=65 experts=308 miss=12 io=0.006s 6.4GB/s]
[prefill gpuq busy=0.029s(81%) idle=0.007s(19%) span=0.036s buffers=337]
[prefill gpu attn=0.011s(36%) shared=0.004s(12%) moe=0.011s(38%) tail=0.001s(2%) head=0.003s(11%) total=0.030s]
[prefill gpu attn embed=0.000s(0%) norm=0.000s(2%) qkv=0.004s(38%) rope=0.001s(5%) kvcopy=0.000s(1%) attn.swa=0.001s(11%) attn.full=0.000s(2%) oproj=0.002s(21%) post=0.002s(20%) total=0.011s]
[prefill host enc.front=0.002s(6%) wait.front=0.023s(70%) drain=0.001s(3%) route=0.000s(1%) meta=0.000s(0%) fetch=0.002s(7%) enc.moe=0.000s(1%) tail=0.000s(0%) head=0.004s(11%) other=0.000s(1%) call=0.033s | tiles=64 ahead=64 experts=333 miss=5 io=0.002s 7.3GB/s]
[prefill gpuq busy=0.030s(90%) idle=0.003s(10%) span=0.033s buffers=336]
[prefill gpu attn=0.011s(36%) shared=0.003s(11%) moe=0.012s(39%) tail=0.001s(3%) head=0.003s(11%) total=0.030s]
[prefill gpu attn embed=0.000s(0%) norm=0.000s(2%) qkv=0.004s(39%) rope=0.001s(5%) kvcopy=0.000s(1%) attn.swa=0.001s(11%) attn.full=0.000s(2%) oproj=0.002s(21%) post=0.002s(20%) total=0.011s]
[prefill host enc.front=0.002s(5%) wait.front=0.024s(58%) drain=0.001s(2%) route=0.000s(0%) meta=0.000s(0%) fetch=0.009s(23%) enc.moe=0.000s(1%) tail=0.000s(0%) head=0.004s(9%) other=0.000s(1%) call=0.041s | tiles=67 ahead=67 experts=325 miss=17 io=0.010s 6.2GB/s]
[prefill gpuq busy=0.030s(74%) idle=0.011s(26%) span=0.041s buffers=339]
[prefill gpu attn=0.011s(36%) shared=0.004s(12%) moe=0.012s(38%) tail=0.001s(2%) head=0.004s(12%) total=0.030s]
[prefill gpu attn embed=0.000s(0%) norm=0.000s(2%) qkv=0.004s(38%) rope=0.001s(5%) kvcopy=0.000s(1%) attn.swa=0.001s(11%) attn.full=0.000s(2%) oproj=0.002s(21%) post=0.002s(20%) total=0.011s]
[prefill host enc.front=0.002s(4%) wait.front=0.026s(58%) drain=0.000s(1%) route=0.000s(0%) meta=0.000s(0%) fetch=0.011s(25%) enc.moe=0.001s(1%) tail=0.000s(0%) head=0.004s(9%) other=0.000s(1%) call=0.044s | tiles=68 ahead=68 experts=326 miss=14 io=0.011s 4.3GB/s]
[prefill gpuq busy=0.030s(69%) idle=0.014s(31%) span=0.044s buffers=340]
[prefill gpu attn=0.010s(36%) shared=0.003s(12%) moe=0.011s(38%) tail=0.001s(2%) head=0.003s(12%) total=0.029s]
[prefill gpu attn embed=0.000s(0%) norm=0.000s(2%) qkv=0.004s(38%) rope=0.000s(5%) kvcopy=0.000s(1%) attn.swa=0.001s(11%) attn.full=0.000s(2%) oproj=0.002s(21%) post=0.002s(20%) total=0.010s]
[prefill host enc.front=0.002s(5%) wait.front=0.022s(64%) drain=0.000s(1%) route=0.000s(0%) meta=0.000s(0%) fetch=0.006s(16%) enc.moe=0.000s(1%) tail=0.000s(0%) head=0.004s(10%) other=0.000s(1%) call=0.035s | tiles=66 ahead=66 experts=317 miss=7 io=0.006s 4.2GB/s]
[prefill gpuq busy=0.029s(83%) idle=0.006s(17%) span=0.035s buffers=338]
[prefill gpu attn=0.010s(37%) shared=0.003s(12%) moe=0.011s(37%) tail=0.001s(2%) head=0.003s(12%) total=0.028s]
[prefill gpu attn embed=0.000s(0%) norm=0.000s(3%) qkv=0.004s(38%) rope=0.001s(5%) kvcopy=0.000s(1%) attn.swa=0.001s(11%) attn.full=0.000s(2%) oproj=0.002s(21%) post=0.002s(20%) total=0.010s]
[prefill host enc.front=0.002s(6%) wait.front=0.023s(76%) drain=0.000s(2%) route=0.000s(1%) meta=0.000s(0%) fetch=0.001s(2%) enc.moe=0.000s(1%) tail=0.000s(0%) head=0.004s(12%) other=0.000s(1%) call=0.031s | tiles=59 ahead=59 experts=319 miss=3 io=0.001s 14.4GB/s]
[prefill gpuq busy=0.028s(93%) idle=0.002s(7%) span=0.031s buffers=331]
[prefill gpu attn=0.011s(37%) shared=0.003s(12%) moe=0.010s(36%) tail=0.001s(3%) head=0.003s(12%) total=0.028s]
[prefill gpu attn embed=0.000s(0%) norm=0.000s(2%) qkv=0.004s(38%) rope=0.001s(5%) kvcopy=0.000s(1%) attn.swa=0.001s(11%) attn.full=0.000s(2%) oproj=0.002s(21%) post=0.002s(20%) total=0.011s]
[prefill host enc.front=0.002s(6%) wait.front=0.022s(73%) drain=0.000s(1%) route=0.000s(1%) meta=0.000s(0%) fetch=0.001s(4%) enc.moe=0.000s(1%) tail=0.000s(0%) head=0.004s(12%) other=0.000s(1%) call=0.030s | tiles=60 ahead=60 experts=299 miss=3 io=0.001s 8.7GB/s]
[prefill gpuq busy=0.028s(94%) idle=0.002s(6%) span=0.030s buffers=332]

[stop=maxTokens prefill=365tok new=192tok decode=6.13s tok/s=31.311]
[load=0.750s layerVerify=0.000s/30layers prefill=4.217s ttft=4.218s peak=6.79GB rss=3.91GB]
[expert prefill hit=0.0% 0/2734 io=1.669s | decode hit=95.3% 36071/37859 io=1.729s]
[vision images=1 soft=260 tower=1.755s towerLoad=0.001s]
[decode/tok io=0.00ms cb1=0.00ms cb2=0.00ms head=0.00ms]
[mtp bs=2 rounds=118 accept=0.619/1 tok/round=1.627 draft=0.434s verify=5.448s accepted=45,73]
