[prefill gpu attn=0.397s(30%) shared=0.114s(9%) moe=0.816s(61%) tail=0.007s(1%) head=0.004s(0%) total=1.337s]
[prefill host enc.front=0.002s(0%) wait.front=0.533s(20%) drain=0.000s(0%) route=0.005s(0%) wait.shared=0.109s(4%) meta=0.000s(0%) fetch=1.839s(71%) enc.moe=0.015s(1%) wait.tile=0.079s(3%) tail=0.014s(1%) head=0.004s(0%) other=0.006s(0%) call=2.606s | tiles=390 ahead=0 experts=0 miss=0 io=0.000s 0.0GB/s]
[prefill gpuq busy=1.337s(54%) idle=1.139s(46%) span=2.477s buffers=481]
[prefill gpu attn=0.033s(31%) shared=0.009s(8%) moe=0.055s(52%) tail=0.002s(1%) head=0.008s(7%) total=0.106s]
[prefill host enc.front=0.003s(1%) wait.front=0.147s(36%) drain=0.002s(1%) route=0.001s(0%) meta=0.000s(0%) fetch=0.239s(59%) enc.moe=0.003s(1%) tail=0.000s(0%) head=0.008s(2%) other=0.001s(0%) call=0.405s | tiles=87 ahead=87 experts=523 miss=283 io=0.363s 2.7GB/s]
[prefill gpuq busy=0.104s(26%) idle=0.300s(74%) span=0.404s buffers=178]
[prefill gpu attn=0.012s(25%) shared=0.004s(8%) moe=0.027s(58%) tail=0.001s(2%) head=0.003s(7%) total=0.047s]
[prefill host enc.front=0.002s(2%) wait.front=0.029s(24%) drain=0.001s(1%) route=0.000s(0%) meta=0.000s(0%) fetch=0.081s(68%) enc.moe=0.001s(1%) tail=0.000s(0%) head=0.004s(3%) other=0.001s(1%) call=0.119s | tiles=94 ahead=94 experts=540 miss=102 io=0.081s 4.4GB/s]
[prefill gpuq busy=0.047s(40%) idle=0.071s(60%) span=0.118s buffers=185]
[prefill gpu attn=0.012s(24%) shared=0.004s(8%) moe=0.029s(59%) tail=0.001s(2%) head=0.004s(7%) total=0.049s]
[prefill host enc.front=0.002s(1%) wait.front=0.032s(22%) drain=0.001s(0%) route=0.000s(0%) meta=0.000s(0%) fetch=0.104s(72%) enc.moe=0.001s(1%) tail=0.000s(0%) head=0.004s(3%) other=0.001s(0%) call=0.145s | tiles=103 ahead=103 experts=604 miss=116 io=0.110s 3.6GB/s]
[prefill gpuq busy=0.049s(34%) idle=0.096s(66%) span=0.145s buffers=194]
[prefill gpu attn=0.016s(23%) shared=0.008s(12%) moe=0.040s(57%) tail=0.001s(2%) head=0.004s(6%) total=0.069s]
[prefill host enc.front=0.002s(1%) wait.front=0.054s(23%) drain=0.001s(0%) route=0.000s(0%) meta=0.000s(0%) fetch=0.168s(72%) enc.moe=0.002s(1%) tail=0.000s(0%) head=0.004s(2%) other=0.001s(0%) call=0.233s | tiles=96 ahead=96 experts=586 miss=189 io=0.187s 3.5GB/s]
[prefill gpuq busy=0.066s(28%) idle=0.167s(72%) span=0.233s buffers=187]
[prefill gpu attn=0.018s(25%) shared=0.007s(10%) moe=0.044s(59%) tail=0.001s(2%) head=0.003s(5%) total=0.074s]
[prefill host enc.front=0.002s(1%) wait.front=0.043s(24%) drain=0.001s(1%) route=0.000s(0%) meta=0.000s(0%) fetch=0.125s(71%) enc.moe=0.001s(1%) tail=0.000s(0%) head=0.004s(2%) other=0.001s(0%) call=0.178s | tiles=95 ahead=95 experts=561 miss=172 io=0.150s 4.0GB/s]
[prefill gpuq busy=0.072s(41%) idle=0.105s(59%) span=0.177s buffers=186]
[prefill gpu attn=0.012s(26%) shared=0.004s(8%) moe=0.025s(56%) tail=0.001s(2%) head=0.004s(8%) total=0.045s]
[prefill host enc.front=0.002s(2%) wait.front=0.024s(31%) drain=0.001s(1%) route=0.000s(0%) meta=0.000s(0%) fetch=0.046s(59%) enc.moe=0.001s(1%) tail=0.000s(0%) head=0.004s(5%) other=0.001s(1%) call=0.078s | tiles=107 ahead=107 experts=584 miss=57 io=0.047s 4.2GB/s]
[prefill gpuq busy=0.045s(58%) idle=0.033s(42%) span=0.078s buffers=198]
[prefill gpu attn=0.011s(24%) shared=0.004s(8%) moe=0.028s(59%) tail=0.001s(2%) head=0.003s(7%) total=0.047s]
[prefill host enc.front=0.002s(2%) wait.front=0.025s(27%) drain=0.001s(1%) route=0.000s(0%) meta=0.000s(0%) fetch=0.058s(63%) enc.moe=0.001s(1%) tail=0.000s(0%) head=0.004s(4%) other=0.001s(1%) call=0.092s | tiles=111 ahead=111 experts=637 miss=78 io=0.059s 4.6GB/s]
[prefill gpuq busy=0.047s(51%) idle=0.045s(49%) span=0.092s buffers=202]
[prefill gpu attn=0.011s(24%) shared=0.004s(8%) moe=0.026s(58%) tail=0.001s(2%) head=0.003s(7%) total=0.045s]
[prefill host enc.front=0.002s(2%) wait.front=0.024s(33%) drain=0.001s(1%) route=0.000s(0%) meta=0.000s(0%) fetch=0.042s(57%) enc.moe=0.001s(1%) tail=0.000s(0%) head=0.004s(5%) other=0.001s(1%) call=0.074s | tiles=112 ahead=112 experts=648 miss=49 io=0.042s 4.0GB/s]
[prefill gpuq busy=0.045s(62%) idle=0.028s(38%) span=0.073s buffers=203]
[prefill gpu attn=0.011s(25%) shared=0.004s(8%) moe=0.026s(58%) tail=0.001s(2%) head=0.003s(8%) total=0.045s]
[prefill host enc.front=0.002s(2%) wait.front=0.023s(31%) drain=0.000s(0%) route=0.000s(0%) meta=0.000s(0%) fetch=0.044s(59%) enc.moe=0.001s(1%) tail=0.000s(0%) head=0.004s(5%) other=0.001s(1%) call=0.075s | tiles=105 ahead=105 experts=601 miss=58 io=0.045s 4.5GB/s]
[prefill gpuq busy=0.045s(60%) idle=0.030s(40%) span=0.075s buffers=196]
[prefill gpu attn=0.011s(25%) shared=0.004s(8%) moe=0.026s(58%) tail=0.001s(2%) head=0.003s(8%) total=0.045s]
[prefill host enc.front=0.002s(2%) wait.front=0.026s(39%) drain=0.000s(1%) route=0.000s(0%) meta=0.000s(0%) fetch=0.034s(50%) enc.moe=0.001s(1%) tail=0.000s(0%) head=0.004s(5%) other=0.000s(1%) call=0.067s | tiles=108 ahead=108 experts=628 miss=42 io=0.034s 4.3GB/s]
[prefill gpuq busy=0.045s(68%) idle=0.021s(32%) span=0.067s buffers=199]
[prefill gpu attn=0.011s(24%) shared=0.004s(8%) moe=0.027s(59%) tail=0.001s(2%) head=0.004s(8%) total=0.046s]
[prefill host enc.front=0.002s(1%) wait.front=0.031s(18%) drain=0.001s(1%) route=0.000s(0%) meta=0.000s(0%) fetch=0.131s(77%) enc.moe=0.001s(1%) tail=0.000s(0%) head=0.004s(2%) other=0.001s(0%) call=0.171s | tiles=91 ahead=91 experts=532 miss=205 io=0.161s 4.4GB/s]
[prefill gpuq busy=0.046s(27%) idle=0.125s(73%) span=0.171s buffers=182]
[prefill gpu attn=0.011s(25%) shared=0.004s(9%) moe=0.026s(57%) tail=0.001s(2%) head=0.003s(7%) total=0.046s]
[prefill host enc.front=0.002s(2%) wait.front=0.025s(33%) drain=0.000s(1%) route=0.000s(0%) meta=0.000s(0%) fetch=0.043s(57%) enc.moe=0.001s(1%) tail=0.000s(0%) head=0.004s(5%) other=0.001s(1%) call=0.076s | tiles=97 ahead=97 experts=544 miss=72 io=0.043s 5.8GB/s]
[prefill gpuq busy=0.046s(61%) idle=0.030s(39%) span=0.075s buffers=188]
[prefill gpu attn=0.012s(25%) shared=0.004s(8%) moe=0.027s(58%) tail=0.001s(2%) head=0.003s(7%) total=0.047s]
[prefill host enc.front=0.002s(3%) wait.front=0.026s(36%) drain=0.000s(1%) route=0.000s(0%) meta=0.000s(0%) fetch=0.037s(53%) enc.moe=0.001s(1%) tail=0.000s(0%) head=0.004s(5%) other=0.001s(1%) call=0.071s | tiles=99 ahead=99 experts=576 miss=69 io=0.040s 6.0GB/s]
[prefill gpuq busy=0.047s(66%) idle=0.024s(34%) span=0.071s buffers=190]
[prefill gpu attn=0.011s(25%) shared=0.004s(8%) moe=0.026s(57%) tail=0.001s(2%) head=0.004s(8%) total=0.045s]
[prefill host enc.front=0.002s(2%) wait.front=0.025s(30%) drain=0.000s(0%) route=0.000s(0%) meta=0.000s(0%) fetch=0.049s(60%) enc.moe=0.001s(1%) tail=0.000s(0%) head=0.004s(5%) other=0.000s(1%) call=0.082s | tiles=92 ahead=92 experts=539 miss=80 io=0.050s 5.6GB/s]
[prefill gpuq busy=0.045s(55%) idle=0.037s(45%) span=0.082s buffers=183]
[prefill gpu attn=0.011s(25%) shared=0.004s(9%) moe=0.026s(57%) tail=0.001s(2%) head=0.004s(8%) total=0.046s]
[prefill host enc.front=0.002s(3%) wait.front=0.029s(46%) drain=0.001s(1%) route=0.000s(0%) meta=0.000s(0%) fetch=0.025s(40%) enc.moe=0.001s(2%) tail=0.000s(0%) head=0.004s(6%) other=0.001s(1%) call=0.062s | tiles=109 ahead=109 experts=632 miss=42 io=0.025s 5.7GB/s]
[prefill gpuq busy=0.046s(74%) idle=0.016s(26%) span=0.062s buffers=200]
[prefill gpu attn=0.011s(24%) shared=0.004s(8%) moe=0.027s(59%) tail=0.001s(2%) head=0.003s(7%) total=0.046s]
[prefill host enc.front=0.002s(2%) wait.front=0.027s(28%) drain=0.000s(0%) route=0.000s(0%) meta=0.000s(0%) fetch=0.062s(64%) enc.moe=0.001s(1%) tail=0.000s(0%) head=0.004s(4%) other=0.001s(1%) call=0.097s | tiles=105 ahead=105 experts=597 miss=96 io=0.070s 4.7GB/s]
[prefill gpuq busy=0.046s(48%) idle=0.050s(52%) span=0.096s buffers=196]
[prefill gpu attn=0.011s(24%) shared=0.004s(8%) moe=0.027s(58%) tail=0.001s(2%) head=0.003s(7%) total=0.047s]
[prefill host enc.front=0.002s(2%) wait.front=0.027s(31%) drain=0.001s(1%) route=0.000s(0%) meta=0.000s(0%) fetch=0.050s(59%) enc.moe=0.001s(1%) tail=0.000s(0%) head=0.004s(4%) other=0.001s(1%) call=0.085s | tiles=105 ahead=105 experts=593 miss=87 io=0.051s 5.9GB/s]
[prefill gpuq busy=0.047s(57%) idle=0.035s(43%) span=0.082s buffers=196]
[prefill gpu attn=0.011s(24%) shared=0.004s(8%) moe=0.028s(59%) tail=0.001s(2%) head=0.003s(7%) total=0.047s]
[prefill host enc.front=0.002s(2%) wait.front=0.022s(28%) drain=0.001s(1%) route=0.000s(0%) meta=0.000s(0%) fetch=0.048s(61%) enc.moe=0.001s(1%) tail=0.000s(0%) head=0.004s(5%) other=0.001s(1%) call=0.078s | tiles=112 ahead=112 experts=630 miss=83 io=0.051s 5.6GB/s]
[prefill gpuq busy=0.047s(61%) idle=0.031s(39%) span=0.078s buffers=203]
[prefill gpu attn=0.011s(24%) shared=0.004s(8%) moe=0.027s(59%) tail=0.001s(2%) head=0.003s(7%) total=0.046s]
[prefill host enc.front=0.002s(2%) wait.front=0.024s(32%) drain=0.001s(1%) route=0.000s(0%) meta=0.000s(0%) fetch=0.043s(57%) enc.moe=0.001s(1%) tail=0.000s(0%) head=0.004s(5%) other=0.001s(1%) call=0.076s | tiles=106 ahead=106 experts=616 miss=84 io=0.048s 6.0GB/s]
[prefill gpuq busy=0.046s(61%) idle=0.029s(39%) span=0.075s buffers=197]
[prefill gpu attn=0.011s(25%) shared=0.004s(8%) moe=0.027s(58%) tail=0.001s(2%) head=0.003s(7%) total=0.046s]
[prefill host enc.front=0.002s(3%) wait.front=0.024s(46%) drain=0.000s(1%) route=0.000s(0%) meta=0.000s(0%) fetch=0.020s(39%) enc.moe=0.001s(2%) tail=0.000s(0%) head=0.004s(7%) other=0.000s(1%) call=0.052s | tiles=104 ahead=104 experts=594 miss=47 io=0.021s 7.9GB/s]
[prefill gpuq busy=0.046s(90%) idle=0.005s(10%) span=0.051s buffers=195]
[prefill gpu attn=0.011s(24%) shared=0.004s(8%) moe=0.028s(59%) tail=0.001s(2%) head=0.003s(7%) total=0.047s]
[prefill host enc.front=0.002s(3%) wait.front=0.022s(30%) drain=0.001s(1%) route=0.000s(0%) meta=0.000s(0%) fetch=0.041s(58%) enc.moe=0.001s(1%) tail=0.000s(0%) head=0.004s(5%) other=0.001s(1%) call=0.071s | tiles=112 ahead=112 experts=628 miss=69 io=0.042s 5.7GB/s]
[prefill gpuq busy=0.047s(67%) idle=0.023s(33%) span=0.071s buffers=203]
[prefill gpu attn=0.011s(24%) shared=0.004s(8%) moe=0.027s(58%) tail=0.001s(2%) head=0.003s(7%) total=0.046s]
[prefill host enc.front=0.002s(3%) wait.front=0.022s(32%) drain=0.000s(1%) route=0.000s(0%) meta=0.000s(0%) fetch=0.040s(57%) enc.moe=0.001s(1%) tail=0.000s(0%) head=0.004s(5%) other=0.001s(1%) call=0.070s | tiles=103 ahead=103 experts=587 miss=73 io=0.040s 6.2GB/s]
[prefill gpuq busy=0.046s(66%) idle=0.024s(34%) span=0.070s buffers=194]
[prefill gpu attn=0.011s(25%) shared=0.004s(8%) moe=0.026s(58%) tail=0.001s(2%) head=0.003s(8%) total=0.045s]
[prefill host enc.front=0.002s(3%) wait.front=0.025s(49%) drain=0.001s(1%) route=0.000s(0%) meta=0.000s(0%) fetch=0.018s(36%) enc.moe=0.001s(2%) tail=0.000s(0%) head=0.004s(7%) other=0.000s(1%) call=0.051s | tiles=103 ahead=103 experts=600 miss=45 io=0.018s 8.4GB/s]
[prefill gpuq busy=0.045s(89%) idle=0.005s(11%) span=0.050s buffers=194]
[prefill gpu attn=0.011s(23%) shared=0.004s(8%) moe=0.030s(60%) tail=0.001s(2%) head=0.003s(7%) total=0.049s]
[prefill host enc.front=0.002s(2%) wait.front=0.024s(28%) drain=0.001s(1%) route=0.000s(0%) meta=0.000s(0%) fetch=0.054s(63%) enc.moe=0.001s(1%) tail=0.000s(0%) head=0.004s(4%) other=0.001s(1%) call=0.086s | tiles=104 ahead=104 experts=597 miss=117 io=0.059s 6.8GB/s]
[prefill gpuq busy=0.049s(57%) idle=0.037s(43%) span=0.086s buffers=195]
[prefill gpu attn=0.011s(24%) shared=0.004s(8%) moe=0.028s(59%) tail=0.001s(2%) head=0.003s(7%) total=0.047s]
[prefill host enc.front=0.002s(3%) wait.front=0.022s(35%) drain=0.001s(1%) route=0.000s(0%) meta=0.000s(0%) fetch=0.034s(53%) enc.moe=0.001s(2%) tail=0.000s(0%) head=0.004s(6%) other=0.001s(1%) call=0.064s | tiles=107 ahead=107 experts=604 miss=73 io=0.037s 6.9GB/s]
[prefill gpuq busy=0.047s(73%) idle=0.017s(27%) span=0.064s buffers=198]
[prefill gpu attn=0.011s(25%) shared=0.004s(8%) moe=0.026s(57%) tail=0.001s(2%) head=0.003s(8%) total=0.045s]
[prefill host enc.front=0.002s(2%) wait.front=0.022s(27%) drain=0.000s(1%) route=0.000s(0%) meta=0.000s(0%) fetch=0.050s(63%) enc.moe=0.001s(1%) tail=0.000s(0%) head=0.004s(5%) other=0.001s(1%) call=0.079s | tiles=97 ahead=97 experts=546 miss=87 io=0.050s 6.0GB/s]
[prefill gpuq busy=0.045s(57%) idle=0.034s(43%) span=0.079s buffers=188]
[prefill gpu attn=0.011s(26%) shared=0.004s(9%) moe=0.025s(57%) tail=0.001s(2%) head=0.003s(7%) total=0.045s]
[prefill host enc.front=0.002s(3%) wait.front=0.022s(33%) drain=0.000s(1%) route=0.000s(0%) meta=0.000s(0%) fetch=0.035s(55%) enc.moe=0.001s(1%) tail=0.000s(0%) head=0.004s(5%) other=0.001s(1%) call=0.065s | tiles=92 ahead=92 experts=522 miss=62 io=0.040s 5.4GB/s]
[prefill gpuq busy=0.045s(69%) idle=0.020s(31%) span=0.065s buffers=183]
[prefill gpu attn=0.011s(25%) shared=0.004s(9%) moe=0.026s(56%) tail=0.001s(2%) head=0.004s(8%) total=0.045s]
[prefill host enc.front=0.002s(2%) wait.front=0.021s(30%) drain=0.000s(1%) route=0.000s(0%) meta=0.000s(0%) fetch=0.041s(59%) enc.moe=0.001s(1%) tail=0.000s(0%) head=0.004s(5%) other=0.001s(1%) call=0.070s | tiles=97 ahead=97 experts=549 miss=68 io=0.041s 5.7GB/s]
[prefill gpuq busy=0.045s(65%) idle=0.024s(35%) span=0.070s buffers=188]
[prefill gpu attn=0.011s(25%) shared=0.004s(8%) moe=0.026s(57%) tail=0.001s(2%) head=0.003s(7%) total=0.045s]
[prefill host enc.front=0.002s(3%) wait.front=0.024s(40%) drain=0.000s(1%) route=0.000s(0%) meta=0.000s(0%) fetch=0.028s(47%) enc.moe=0.001s(2%) tail=0.000s(0%) head=0.004s(6%) other=0.001s(1%) call=0.060s | tiles=97 ahead=97 experts=550 miss=59 io=0.028s 7.2GB/s]
[prefill gpuq busy=0.045s(75%) idle=0.015s(25%) span=0.060s buffers=188]
[prefill gpu attn=0.011s(25%) shared=0.004s(8%) moe=0.026s(58%) tail=0.001s(2%) head=0.003s(7%) total=0.046s]
[prefill host enc.front=0.002s(3%) wait.front=0.024s(43%) drain=0.001s(1%) route=0.000s(0%) meta=0.000s(0%) fetch=0.025s(43%) enc.moe=0.001s(2%) tail=0.000s(0%) head=0.004s(6%) other=0.001s(1%) call=0.057s | tiles=104 ahead=104 experts=571 miss=55 io=0.025s 7.7GB/s]
[prefill gpuq busy=0.046s(81%) idle=0.011s(19%) span=0.056s buffers=195]
[prefill gpu attn=0.011s(24%) shared=0.004s(8%) moe=0.027s(59%) tail=0.001s(2%) head=0.003s(7%) total=0.047s]
[prefill host enc.front=0.002s(3%) wait.front=0.024s(41%) drain=0.001s(1%) route=0.000s(1%) meta=0.000s(0%) fetch=0.026s(45%) enc.moe=0.001s(2%) tail=0.000s(0%) head=0.004s(6%) other=0.001s(1%) call=0.057s | tiles=95 ahead=95 experts=541 miss=78 io=0.027s 10.0GB/s]
[prefill gpuq busy=0.047s(82%) idle=0.010s(18%) span=0.057s buffers=186]
[prefill gpu attn=0.011s(25%) shared=0.004s(8%) moe=0.026s(57%) tail=0.001s(2%) head=0.003s(7%) total=0.045s]
[prefill host enc.front=0.002s(3%) wait.front=0.022s(37%) drain=0.000s(1%) route=0.000s(0%) meta=0.000s(0%) fetch=0.030s(50%) enc.moe=0.001s(2%) tail=0.000s(0%) head=0.004s(6%) other=0.000s(1%) call=0.060s | tiles=98 ahead=98 experts=540 miss=63 io=0.030s 7.2GB/s]
[prefill gpuq busy=0.045s(76%) idle=0.014s(24%) span=0.059s buffers=189]
[prefill gpu attn=0.011s(24%) shared=0.004s(8%) moe=0.029s(59%) tail=0.001s(2%) head=0.003s(7%) total=0.048s]
[prefill host enc.front=0.002s(3%) wait.front=0.022s(36%) drain=0.000s(1%) route=0.000s(0%) meta=0.000s(0%) fetch=0.031s(51%) enc.moe=0.001s(2%) tail=0.000s(0%) head=0.004s(6%) other=0.001s(1%) call=0.061s | tiles=115 ahead=115 experts=661 miss=63 io=0.032s 6.9GB/s]
[prefill gpuq busy=0.048s(79%) idle=0.013s(21%) span=0.061s buffers=206]
[prefill gpu attn=0.011s(24%) shared=0.004s(8%) moe=0.028s(59%) tail=0.001s(2%) head=0.003s(7%) total=0.047s]
[prefill host enc.front=0.002s(3%) wait.front=0.026s(42%) drain=0.000s(1%) route=0.000s(0%) meta=0.000s(0%) fetch=0.028s(45%) enc.moe=0.001s(2%) tail=0.000s(0%) head=0.004s(6%) other=0.001s(1%) call=0.062s | tiles=110 ahead=110 experts=667 miss=55 io=0.028s 6.7GB/s]
[prefill gpuq busy=0.047s(77%) idle=0.014s(23%) span=0.061s buffers=201]
[prefill gpu attn=0.011s(26%) shared=0.004s(8%) moe=0.025s(57%) tail=0.001s(2%) head=0.003s(8%) total=0.045s]
[prefill host enc.front=0.002s(3%) wait.front=0.027s(55%) drain=0.001s(1%) route=0.000s(0%) meta=0.000s(0%) fetch=0.015s(31%) enc.moe=0.001s(2%) tail=0.000s(0%) head=0.004s(7%) other=0.000s(1%) call=0.050s | tiles=105 ahead=105 experts=596 miss=31 io=0.015s 7.0GB/s]
[prefill gpuq busy=0.045s(90%) idle=0.005s(10%) span=0.049s buffers=196]
[prefill gpu attn=0.011s(25%) shared=0.004s(8%) moe=0.026s(58%) tail=0.001s(2%) head=0.003s(7%) total=0.046s]
[prefill host enc.front=0.002s(3%) wait.front=0.026s(49%) drain=0.001s(1%) route=0.000s(0%) meta=0.000s(0%) fetch=0.020s(37%) enc.moe=0.001s(2%) tail=0.000s(0%) head=0.004s(7%) other=0.000s(1%) call=0.054s | tiles=99 ahead=99 experts=566 miss=49 io=0.023s 7.4GB/s]
[prefill gpuq busy=0.046s(84%) idle=0.008s(16%) span=0.054s buffers=190]
[prefill gpu attn=0.011s(25%) shared=0.004s(8%) moe=0.026s(58%) tail=0.001s(2%) head=0.003s(8%) total=0.045s]
[prefill host enc.front=0.002s(3%) wait.front=0.025s(47%) drain=0.000s(1%) route=0.000s(0%) meta=0.000s(0%) fetch=0.020s(38%) enc.moe=0.001s(2%) tail=0.000s(0%) head=0.004s(7%) other=0.000s(1%) call=0.052s | tiles=105 ahead=105 experts=598 miss=41 io=0.020s 7.0GB/s]
[prefill gpuq busy=0.045s(87%) idle=0.007s(13%) span=0.052s buffers=196]
[prefill gpu attn=0.012s(25%) shared=0.004s(8%) moe=0.028s(59%) tail=0.001s(2%) head=0.003s(7%) total=0.048s]
[prefill host enc.front=0.002s(2%) wait.front=0.024s(31%) drain=0.001s(1%) route=0.000s(0%) meta=0.000s(0%) fetch=0.045s(58%) enc.moe=0.001s(1%) tail=0.000s(0%) head=0.004s(5%) other=0.001s(1%) call=0.077s | tiles=102 ahead=102 experts=600 miss=73 io=0.045s 5.6GB/s]
[prefill gpuq busy=0.048s(62%) idle=0.029s(38%) span=0.077s buffers=193]
[prefill gpu attn=0.011s(24%) shared=0.004s(8%) moe=0.028s(59%) tail=0.001s(2%) head=0.003s(7%) total=0.047s]
[prefill host enc.front=0.002s(3%) wait.front=0.022s(33%) drain=0.001s(1%) route=0.000s(0%) meta=0.000s(0%) fetch=0.036s(55%) enc.moe=0.001s(2%) tail=0.000s(0%) head=0.004s(5%) other=0.001s(1%) call=0.065s | tiles=103 ahead=103 experts=576 miss=76 io=0.038s 7.0GB/s]
[prefill gpuq busy=0.047s(72%) idle=0.018s(28%) span=0.065s buffers=194]
[prefill gpu attn=0.012s(24%) shared=0.004s(8%) moe=0.028s(59%) tail=0.001s(2%) head=0.003s(7%) total=0.048s]
[prefill host enc.front=0.002s(3%) wait.front=0.022s(39%) drain=0.000s(1%) route=0.000s(1%) meta=0.000s(0%) fetch=0.026s(46%) enc.moe=0.001s(2%) tail=0.000s(0%) head=0.004s(7%) other=0.001s(1%) call=0.055s | tiles=107 ahead=107 experts=569 miss=78 io=0.027s 9.9GB/s]
[prefill gpuq busy=0.048s(86%) idle=0.007s(14%) span=0.055s buffers=198]
[prefill gpu attn=0.011s(24%) shared=0.004s(8%) moe=0.028s(59%) tail=0.001s(2%) head=0.004s(7%) total=0.048s]
[prefill host enc.front=0.002s(3%) wait.front=0.026s(40%) drain=0.000s(1%) route=0.000s(0%) meta=0.000s(0%) fetch=0.031s(47%) enc.moe=0.001s(2%) tail=0.000s(0%) head=0.004s(6%) other=0.001s(1%) call=0.065s | tiles=108 ahead=108 experts=654 miss=79 io=0.032s 8.5GB/s]
[prefill gpuq busy=0.048s(74%) idle=0.017s(26%) span=0.065s buffers=199]
[prefill gpu attn=0.012s(24%) shared=0.004s(8%) moe=0.029s(60%) tail=0.001s(2%) head=0.003s(7%) total=0.048s]
[prefill host enc.front=0.002s(2%) wait.front=0.024s(30%) drain=0.001s(1%) route=0.000s(0%) meta=0.000s(0%) fetch=0.048s(60%) enc.moe=0.001s(1%) tail=0.000s(0%) head=0.004s(4%) other=0.001s(1%) call=0.080s | tiles=110 ahead=110 experts=621 miss=98 io=0.053s 6.4GB/s]
[prefill gpuq busy=0.048s(60%) idle=0.032s(40%) span=0.080s buffers=201]
[prefill gpu attn=0.011s(25%) shared=0.004s(9%) moe=0.026s(57%) tail=0.001s(2%) head=0.003s(8%) total=0.046s]
[prefill host enc.front=0.002s(3%) wait.front=0.021s(31%) drain=0.000s(1%) route=0.000s(0%) meta=0.000s(0%) fetch=0.039s(58%) enc.moe=0.001s(1%) tail=0.000s(0%) head=0.004s(5%) other=0.001s(1%) call=0.067s | tiles=101 ahead=101 experts=571 miss=72 io=0.039s 6.4GB/s]
[prefill gpuq busy=0.046s(68%) idle=0.021s(32%) span=0.067s buffers=192]
[prefill gpu attn=0.011s(25%) shared=0.004s(8%) moe=0.026s(58%) tail=0.001s(2%) head=0.003s(7%) total=0.045s]
[prefill host enc.front=0.002s(3%) wait.front=0.025s(43%) drain=0.000s(1%) route=0.000s(0%) meta=0.000s(0%) fetch=0.025s(44%) enc.moe=0.001s(1%) tail=0.000s(0%) head=0.004s(6%) other=0.000s(1%) call=0.057s | tiles=94 ahead=94 experts=550 miss=59 io=0.025s 8.2GB/s]
[prefill gpuq busy=0.045s(81%) idle=0.011s(19%) span=0.056s buffers=185]
[prefill gpu attn=0.012s(26%) shared=0.004s(8%) moe=0.025s(57%) tail=0.001s(2%) head=0.003s(8%) total=0.045s]
[prefill host enc.front=0.002s(3%) wait.front=0.024s(39%) drain=0.000s(1%) route=0.000s(0%) meta=0.000s(0%) fetch=0.031s(49%) enc.moe=0.001s(1%) tail=0.000s(0%) head=0.004s(6%) other=0.001s(1%) call=0.062s | tiles=97 ahead=97 experts=544 miss=60 io=0.031s 6.7GB/s]
[prefill gpuq busy=0.045s(73%) idle=0.017s(27%) span=0.062s buffers=188]
[prefill gpu attn=0.012s(26%) shared=0.004s(8%) moe=0.025s(56%) tail=0.001s(2%) head=0.003s(8%) total=0.044s]
[prefill host enc.front=0.002s(3%) wait.front=0.028s(57%) drain=0.001s(1%) route=0.000s(0%) meta=0.000s(0%) fetch=0.014s(28%) enc.moe=0.001s(2%) tail=0.000s(0%) head=0.004s(7%) other=0.000s(1%) call=0.049s | tiles=93 ahead=93 experts=530 miss=28 io=0.014s 6.9GB/s]
[prefill gpuq busy=0.044s(90%) idle=0.005s(10%) span=0.049s buffers=184]
[prefill gpu attn=0.012s(26%) shared=0.004s(8%) moe=0.025s(56%) tail=0.001s(2%) head=0.003s(8%) total=0.044s]
[prefill host enc.front=0.002s(3%) wait.front=0.029s(54%) drain=0.000s(1%) route=0.000s(0%) meta=0.000s(0%) fetch=0.017s(32%) enc.moe=0.001s(1%) tail=0.000s(0%) head=0.004s(7%) other=0.000s(1%) call=0.053s | tiles=93 ahead=93 experts=545 miss=32 io=0.017s 6.5GB/s]
[prefill gpuq busy=0.044s(85%) idle=0.008s(15%) span=0.052s buffers=184]
[prefill gpu attn=0.011s(25%) shared=0.004s(8%) moe=0.027s(58%) tail=0.001s(2%) head=0.003s(7%) total=0.046s]
[prefill host enc.front=0.002s(2%) wait.front=0.022s(31%) drain=0.001s(1%) route=0.000s(0%) meta=0.000s(0%) fetch=0.042s(58%) enc.moe=0.001s(1%) tail=0.000s(0%) head=0.004s(5%) other=0.001s(1%) call=0.073s | tiles=99 ahead=99 experts=546 miss=83 io=0.043s 6.7GB/s]
[prefill gpuq busy=0.046s(64%) idle=0.026s(36%) span=0.072s buffers=190]
[prefill gpu attn=0.011s(24%) shared=0.004s(8%) moe=0.027s(59%) tail=0.001s(2%) head=0.003s(7%) total=0.047s]
[prefill host enc.front=0.002s(3%) wait.front=0.026s(45%) drain=0.001s(1%) route=0.000s(0%) meta=0.000s(0%) fetch=0.024s(41%) enc.moe=0.001s(2%) tail=0.000s(0%) head=0.004s(6%) other=0.001s(1%) call=0.057s | tiles=101 ahead=101 experts=600 miss=62 io=0.024s 9.0GB/s]
[prefill gpuq busy=0.047s(82%) idle=0.011s(18%) span=0.057s buffers=192]
[prefill gpu attn=0.011s(24%) shared=0.004s(8%) moe=0.028s(59%) tail=0.001s(2%) head=0.003s(7%) total=0.047s]
[prefill host enc.front=0.002s(3%) wait.front=0.022s(38%) drain=0.000s(1%) route=0.000s(0%) meta=0.000s(0%) fetch=0.028s(49%) enc.moe=0.001s(2%) tail=0.000s(0%) head=0.004s(6%) other=0.001s(1%) call=0.058s | tiles=108 ahead=108 experts=599 miss=58 io=0.029s 7.0GB/s]
[prefill gpuq busy=0.047s(82%) idle=0.011s(18%) span=0.058s buffers=199]
[prefill gpu attn=0.011s(25%) shared=0.004s(8%) moe=0.027s(58%) tail=0.001s(2%) head=0.003s(7%) total=0.046s]
[prefill host enc.front=0.002s(3%) wait.front=0.025s(46%) drain=0.001s(1%) route=0.000s(0%) meta=0.000s(0%) fetch=0.022s(40%) enc.moe=0.001s(2%) tail=0.000s(0%) head=0.004s(7%) other=0.000s(1%) call=0.054s | tiles=93 ahead=93 experts=549 miss=56 io=0.022s 8.9GB/s]
[prefill gpuq busy=0.046s(85%) idle=0.008s(15%) span=0.054s buffers=184]
[prefill gpu attn=0.011s(25%) shared=0.004s(8%) moe=0.026s(58%) tail=0.001s(2%) head=0.003s(7%) total=0.046s]
[prefill host enc.front=0.002s(3%) wait.front=0.026s(49%) drain=0.000s(1%) route=0.000s(0%) meta=0.000s(0%) fetch=0.019s(36%) enc.moe=0.001s(2%) tail=0.000s(0%) head=0.004s(7%) other=0.001s(1%) call=0.052s | tiles=98 ahead=98 experts=557 miss=51 io=0.019s 9.3GB/s]
[prefill gpuq busy=0.046s(89%) idle=0.006s(11%) span=0.052s buffers=189]
[prefill gpu attn=0.011s(24%) shared=0.004s(8%) moe=0.028s(59%) tail=0.001s(2%) head=0.003s(7%) total=0.048s]
[prefill host enc.front=0.002s(3%) wait.front=0.025s(41%) drain=0.001s(1%) route=0.000s(0%) meta=0.000s(0%) fetch=0.028s(45%) enc.moe=0.001s(2%) tail=0.000s(0%) head=0.004s(6%) other=0.001s(1%) call=0.061s | tiles=102 ahead=102 experts=598 miss=82 io=0.031s 9.2GB/s]
[prefill gpuq busy=0.048s(79%) idle=0.013s(21%) span=0.061s buffers=193]
[prefill gpu attn=0.011s(24%) shared=0.004s(8%) moe=0.028s(60%) tail=0.001s(2%) head=0.003s(7%) total=0.048s]
[prefill host enc.front=0.002s(3%) wait.front=0.020s(30%) drain=0.001s(1%) route=0.000s(0%) meta=0.000s(0%) fetch=0.040s(58%) enc.moe=0.001s(2%) tail=0.000s(0%) head=0.004s(5%) other=0.001s(1%) call=0.069s | tiles=107 ahead=107 experts=610 miss=99 io=0.044s 7.8GB/s]
[prefill gpuq busy=0.048s(69%) idle=0.021s(31%) span=0.069s buffers=198]
[prefill gpu attn=0.011s(25%) shared=0.004s(8%) moe=0.026s(57%) tail=0.001s(2%) head=0.003s(8%) total=0.045s]
[prefill host enc.front=0.002s(3%) wait.front=0.026s(51%) drain=0.000s(1%) route=0.000s(1%) meta=0.000s(0%) fetch=0.017s(34%) enc.moe=0.001s(2%) tail=0.000s(0%) head=0.004s(7%) other=0.001s(1%) call=0.051s | tiles=93 ahead=93 experts=520 miss=47 io=0.017s 9.3GB/s]
[prefill gpuq busy=0.045s(89%) idle=0.006s(11%) span=0.051s buffers=184]
[prefill gpu attn=0.011s(25%) shared=0.004s(8%) moe=0.026s(58%) tail=0.001s(2%) head=0.003s(7%) total=0.046s]
[prefill host enc.front=0.002s(3%) wait.front=0.023s(42%) drain=0.000s(1%) route=0.000s(0%) meta=0.000s(0%) fetch=0.024s(44%) enc.moe=0.001s(2%) tail=0.000s(0%) head=0.003s(6%) other=0.001s(1%) call=0.056s | tiles=88 ahead=88 experts=501 miss=65 io=0.025s 9.2GB/s]
[prefill gpuq busy=0.046s(83%) idle=0.010s(17%) span=0.055s buffers=179]
[prefill gpu attn=0.012s(26%) shared=0.004s(8%) moe=0.024s(55%) tail=0.001s(2%) head=0.004s(8%) total=0.044s]
[prefill host enc.front=0.002s(3%) wait.front=0.027s(56%) drain=0.000s(1%) route=0.000s(0%) meta=0.000s(0%) fetch=0.014s(29%) enc.moe=0.001s(2%) tail=0.000s(0%) head=0.004s(8%) other=0.000s(1%) call=0.049s | tiles=96 ahead=96 experts=532 miss=30 io=0.015s 7.2GB/s]
[prefill gpuq busy=0.044s(91%) idle=0.005s(9%) span=0.048s buffers=187]
[prefill gpu attn=0.012s(26%) shared=0.004s(8%) moe=0.025s(56%) tail=0.001s(2%) head=0.003s(8%) total=0.044s]
[prefill host enc.front=0.002s(3%) wait.front=0.022s(37%) drain=0.001s(1%) route=0.000s(0%) meta=0.000s(0%) fetch=0.029s(49%) enc.moe=0.001s(1%) tail=0.000s(0%) head=0.004s(6%) other=0.001s(1%) call=0.060s | tiles=92 ahead=92 experts=520 miss=57 io=0.030s 6.7GB/s]
[prefill gpuq busy=0.044s(75%) idle=0.015s(25%) span=0.059s buffers=183]
[prefill gpu attn=0.012s(24%) shared=0.004s(8%) moe=0.029s(59%) tail=0.001s(2%) head=0.004s(7%) total=0.048s]
[prefill host enc.front=0.002s(3%) wait.front=0.025s(36%) drain=0.001s(1%) route=0.000s(0%) meta=0.000s(0%) fetch=0.035s(51%) enc.moe=0.001s(2%) tail=0.000s(0%) head=0.004s(5%) other=0.001s(1%) call=0.068s | tiles=95 ahead=95 experts=576 miss=83 io=0.035s 8.2GB/s]
[prefill gpuq busy=0.048s(72%) idle=0.019s(28%) span=0.068s buffers=186]
[prefill gpu attn=0.012s(24%) shared=0.004s(8%) moe=0.029s(60%) tail=0.001s(2%) head=0.003s(7%) total=0.048s]
[prefill host enc.front=0.002s(3%) wait.front=0.025s(36%) drain=0.001s(1%) route=0.000s(0%) meta=0.000s(0%) fetch=0.036s(52%) enc.moe=0.001s(2%) tail=0.000s(0%) head=0.004s(5%) other=0.001s(1%) call=0.070s | tiles=112 ahead=112 experts=658 miss=96 io=0.038s 8.7GB/s]
[prefill gpuq busy=0.048s(69%) idle=0.021s(31%) span=0.069s buffers=203]
[prefill gpu attn=0.011s(24%) shared=0.004s(8%) moe=0.028s(59%) tail=0.001s(2%) head=0.003s(7%) total=0.047s]
[prefill host enc.front=0.002s(3%) wait.front=0.026s(46%) drain=0.001s(2%) route=0.000s(0%) meta=0.000s(0%) fetch=0.022s(40%) enc.moe=0.001s(2%) tail=0.000s(0%) head=0.004s(6%) other=0.001s(1%) call=0.056s | tiles=106 ahead=106 experts=610 miss=56 io=0.023s 8.6GB/s]
[prefill gpuq busy=0.047s(84%) idle=0.009s(16%) span=0.056s buffers=197]
[prefill gpu attn=0.012s(25%) shared=0.004s(8%) moe=0.026s(58%) tail=0.001s(2%) head=0.003s(7%) total=0.046s]
[prefill host enc.front=0.002s(4%) wait.front=0.028s(55%) drain=0.000s(1%) route=0.000s(0%) meta=0.000s(0%) fetch=0.015s(30%) enc.moe=0.001s(2%) tail=0.000s(0%) head=0.004s(7%) other=0.000s(1%) call=0.051s | tiles=110 ahead=110 experts=669 miss=47 io=0.017s 9.4GB/s]
[prefill gpuq busy=0.046s(90%) idle=0.005s(10%) span=0.051s buffers=201]
[prefill gpu attn=0.012s(24%) shared=0.004s(8%) moe=0.028s(59%) tail=0.001s(2%) head=0.003s(7%) total=0.048s]
[prefill host enc.front=0.002s(3%) wait.front=0.028s(49%) drain=0.001s(1%) route=0.000s(0%) meta=0.000s(0%) fetch=0.021s(37%) enc.moe=0.001s(2%) tail=0.000s(0%) head=0.004s(6%) other=0.001s(1%) call=0.057s | tiles=105 ahead=105 experts=616 miss=77 io=0.025s 10.8GB/s]
[prefill gpuq busy=0.048s(84%) idle=0.009s(16%) span=0.057s buffers=196]
[prefill gpu attn=0.012s(25%) shared=0.004s(8%) moe=0.027s(58%) tail=0.001s(2%) head=0.003s(7%) total=0.047s]
[prefill host enc.front=0.002s(3%) wait.front=0.030s(58%) drain=0.001s(1%) route=0.000s(1%) meta=0.000s(0%) fetch=0.014s(26%) enc.moe=0.001s(2%) tail=0.000s(0%) head=0.004s(7%) other=0.001s(1%) call=0.051s | tiles=109 ahead=109 experts=667 miss=48 io=0.015s 10.8GB/s]
[prefill gpuq busy=0.047s(92%) idle=0.004s(8%) span=0.051s buffers=200]
[prefill gpu attn=0.012s(25%) shared=0.004s(8%) moe=0.028s(59%) tail=0.001s(2%) head=0.003s(7%) total=0.047s]
[prefill host enc.front=0.002s(3%) wait.front=0.023s(37%) drain=0.000s(1%) route=0.000s(0%) meta=0.000s(0%) fetch=0.032s(50%) enc.moe=0.001s(2%) tail=0.000s(0%) head=0.004s(6%) other=0.001s(1%) call=0.063s | tiles=103 ahead=103 experts=591 miss=86 io=0.035s 8.4GB/s]
[prefill gpuq busy=0.047s(75%) idle=0.016s(25%) span=0.063s buffers=194]
[prefill gpu attn=0.012s(26%) shared=0.004s(8%) moe=0.026s(56%) tail=0.001s(2%) head=0.004s(8%) total=0.045s]
[prefill host enc.front=0.002s(3%) wait.front=0.027s(54%) drain=0.000s(1%) route=0.000s(1%) meta=0.000s(0%) fetch=0.015s(31%) enc.moe=0.001s(2%) tail=0.000s(0%) head=0.004s(7%) other=0.000s(1%) call=0.050s | tiles=89 ahead=89 experts=512 miss=43 io=0.016s 9.6GB/s]
[prefill gpuq busy=0.045s(91%) idle=0.004s(9%) span=0.050s buffers=180]
[prefill gpu attn=0.012s(25%) shared=0.004s(9%) moe=0.027s(57%) tail=0.001s(2%) head=0.004s(7%) total=0.048s]
[prefill host enc.front=0.002s(3%) wait.front=0.024s(44%) drain=0.000s(1%) route=0.000s(1%) meta=0.000s(0%) fetch=0.023s(41%) enc.moe=0.001s(2%) tail=0.000s(0%) head=0.004s(7%) other=0.001s(1%) call=0.055s | tiles=101 ahead=101 experts=575 miss=55 io=0.023s 8.2GB/s]
[prefill gpuq busy=0.048s(87%) idle=0.007s(13%) span=0.055s buffers=192]
[prefill gpu attn=0.012s(26%) shared=0.004s(9%) moe=0.025s(56%) tail=0.001s(2%) head=0.003s(8%) total=0.044s]
[prefill host enc.front=0.002s(3%) wait.front=0.028s(58%) drain=0.000s(1%) route=0.000s(1%) meta=0.000s(0%) fetch=0.013s(27%) enc.moe=0.001s(2%) tail=0.000s(0%) head=0.004s(8%) other=0.000s(1%) call=0.048s | tiles=83 ahead=83 experts=480 miss=32 io=0.013s 8.4GB/s]
[prefill gpuq busy=0.044s(92%) idle=0.004s(8%) span=0.048s buffers=174]
[prefill gpu attn=0.012s(24%) shared=0.004s(8%) moe=0.028s(59%) tail=0.001s(2%) head=0.004s(8%) total=0.047s]
[prefill host enc.front=0.002s(3%) wait.front=0.027s(49%) drain=0.000s(1%) route=0.000s(0%) meta=0.000s(0%) fetch=0.020s(36%) enc.moe=0.001s(2%) tail=0.000s(0%) head=0.004s(7%) other=0.001s(1%) call=0.056s | tiles=112 ahead=112 experts=666 miss=63 io=0.023s 9.5GB/s]
[prefill gpuq busy=0.047s(86%) idle=0.008s(14%) span=0.055s buffers=203]
[prefill gpu attn=0.012s(24%) shared=0.004s(8%) moe=0.029s(60%) tail=0.001s(2%) head=0.004s(7%) total=0.049s]
[prefill host enc.front=0.002s(2%) wait.front=0.028s(33%) drain=0.000s(1%) route=0.000s(0%) meta=0.000s(0%) fetch=0.049s(57%) enc.moe=0.001s(1%) tail=0.000s(0%) head=0.004s(4%) other=0.001s(1%) call=0.085s | tiles=102 ahead=102 experts=589 miss=108 io=0.054s 6.9GB/s]
[prefill gpuq busy=0.049s(58%) idle=0.036s(42%) span=0.085s buffers=193]
[prefill gpu attn=0.012s(24%) shared=0.004s(8%) moe=0.028s(59%) tail=0.001s(2%) head=0.003s(7%) total=0.048s]
[prefill host enc.front=0.002s(3%) wait.front=0.021s(34%) drain=0.001s(1%) route=0.000s(0%) meta=0.000s(0%) fetch=0.033s(53%) enc.moe=0.001s(2%) tail=0.000s(0%) head=0.004s(6%) other=0.001s(1%) call=0.062s | tiles=115 ahead=115 experts=651 miss=67 io=0.033s 7.0GB/s]
[prefill gpuq busy=0.048s(78%) idle=0.014s(22%) span=0.062s buffers=206]
[prefill gpu attn=0.012s(27%) shared=0.004s(9%) moe=0.025s(55%) tail=0.001s(2%) head=0.003s(8%) total=0.044s]
[prefill host enc.front=0.002s(4%) wait.front=0.027s(50%) drain=0.000s(1%) route=0.000s(1%) meta=0.000s(0%) fetch=0.019s(35%) enc.moe=0.001s(2%) tail=0.000s(0%) head=0.004s(7%) other=0.001s(1%) call=0.053s | tiles=82 ahead=82 experts=458 miss=43 io=0.019s 7.8GB/s]
[prefill gpuq busy=0.044s(83%) idle=0.009s(17%) span=0.053s buffers=173]
[prefill gpu attn=0.013s(46%) shared=0.003s(12%) moe=0.007s(27%) tail=0.001s(3%) head=0.003s(12%) total=0.028s]
[prefill host enc.front=0.002s(5%) wait.front=0.022s(57%) drain=0.000s(1%) route=0.000s(1%) meta=0.000s(0%) fetch=0.010s(25%) enc.moe=0.000s(1%) tail=0.000s(0%) head=0.004s(9%) other=0.000s(1%) call=0.038s | tiles=41 ahead=41 experts=240 miss=11 io=0.010s 3.9GB/s]
[prefill gpuq busy=0.028s(72%) idle=0.010s(28%) span=0.038s buffers=132]

[stop=maxTokens prefill=349tok new=192tok decode=6.48s tok/s=29.619]
[load=0.746s layerVerify=0.000s/30layers prefill=4.369s ttft=4.371s peak=6.76GB rss=4.48GB]
[expert prefill hit=0.0% 0/3020 io=1.836s | decode hit=87.3% 36779/42138 io=3.234s]
[vision images=1 soft=260 tower=1.761s towerLoad=0.001s]
[decode/tok io=0.00ms cb1=0.00ms cb2=0.00ms head=0.00ms]
[mtp bs=4 rounds=73 accept=1.616/3 tok/round=2.630 draft=0.701s verify=5.536s accepted=21,14,10,28]
