[prefill gpu attn=0.387s(29%) shared=0.115s(9%) moe=0.815s(61%) tail=0.007s(1%) head=0.003s(0%) total=1.327s]
[prefill host enc.front=0.002s(0%) wait.front=0.523s(20%) drain=0.000s(0%) route=0.005s(0%) wait.shared=0.109s(4%) meta=0.000s(0%) fetch=1.854s(71%) enc.moe=0.015s(1%) wait.tile=0.083s(3%) tail=0.014s(1%) head=0.004s(0%) other=0.006s(0%) call=2.617s | tiles=390 ahead=0 experts=0 miss=0 io=0.000s 0.0GB/s]
[prefill gpuq busy=1.327s(53%) idle=1.160s(47%) span=2.487s buffers=481]
[prefill gpu attn=0.031s(31%) shared=0.009s(9%) moe=0.055s(55%) tail=0.002s(2%) head=0.003s(3%) total=0.101s]
[prefill host enc.front=0.003s(1%) wait.front=0.124s(33%) drain=0.001s(0%) route=0.001s(0%) meta=0.000s(0%) fetch=0.242s(64%) enc.moe=0.002s(1%) tail=0.000s(0%) head=0.004s(1%) other=0.001s(0%) call=0.377s | tiles=87 ahead=87 experts=523 miss=283 io=0.355s 2.8GB/s]
[prefill gpuq busy=0.099s(26%) idle=0.278s(74%) span=0.377s buffers=178]
[prefill gpu attn=0.017s(25%) shared=0.007s(10%) moe=0.039s(56%) tail=0.001s(2%) head=0.005s(7%) total=0.069s]
[prefill host enc.front=0.002s(1%) wait.front=0.044s(28%) drain=0.001s(1%) route=0.000s(0%) meta=0.000s(0%) fetch=0.102s(65%) enc.moe=0.001s(1%) tail=0.000s(0%) head=0.005s(3%) other=0.001s(0%) call=0.157s | tiles=94 ahead=94 experts=540 miss=102 io=0.102s 3.5GB/s]
[prefill gpuq busy=0.068s(44%) idle=0.088s(56%) span=0.156s buffers=185]
[prefill gpu attn=0.012s(24%) shared=0.004s(8%) moe=0.029s(59%) tail=0.001s(2%) head=0.004s(7%) total=0.050s]
[prefill host enc.front=0.002s(1%) wait.front=0.031s(22%) drain=0.000s(0%) route=0.000s(0%) meta=0.000s(0%) fetch=0.103s(72%) enc.moe=0.001s(1%) tail=0.000s(0%) head=0.004s(3%) other=0.001s(0%) call=0.143s | tiles=103 ahead=103 experts=604 miss=116 io=0.107s 3.8GB/s]
[prefill gpuq busy=0.050s(35%) idle=0.094s(65%) span=0.143s buffers=194]
[prefill gpu attn=0.012s(23%) shared=0.004s(8%) moe=0.031s(60%) tail=0.001s(2%) head=0.004s(8%) total=0.051s]
[prefill host enc.front=0.002s(1%) wait.front=0.037s(20%) drain=0.001s(0%) route=0.000s(0%) meta=0.000s(0%) fetch=0.142s(75%) enc.moe=0.001s(1%) tail=0.000s(0%) head=0.004s(2%) other=0.001s(0%) call=0.190s | tiles=96 ahead=96 experts=586 miss=189 io=0.155s 4.2GB/s]
[prefill gpuq busy=0.051s(27%) idle=0.138s(73%) span=0.189s buffers=187]
[prefill gpu attn=0.017s(23%) shared=0.007s(9%) moe=0.041s(55%) tail=0.001s(2%) head=0.009s(12%) total=0.075s]
[prefill host enc.front=0.002s(1%) wait.front=0.040s(23%) drain=0.001s(0%) route=0.000s(0%) meta=0.000s(0%) fetch=0.123s(69%) enc.moe=0.001s(1%) tail=0.000s(0%) head=0.009s(5%) other=0.001s(0%) call=0.178s | tiles=93 ahead=93 experts=549 miss=164 io=0.142s 4.0GB/s]
[prefill gpuq busy=0.073s(41%) idle=0.105s(59%) span=0.178s buffers=184]
[prefill gpu attn=0.012s(24%) shared=0.004s(8%) moe=0.027s(57%) tail=0.001s(2%) head=0.004s(8%) total=0.048s]
[prefill host enc.front=0.002s(2%) wait.front=0.026s(27%) drain=0.001s(1%) route=0.000s(0%) meta=0.000s(0%) fetch=0.062s(64%) enc.moe=0.001s(1%) tail=0.000s(0%) head=0.004s(4%) other=0.001s(1%) call=0.097s | tiles=113 ahead=113 experts=650 miss=79 io=0.063s 4.4GB/s]
[prefill gpuq busy=0.048s(50%) idle=0.049s(50%) span=0.096s buffers=204]
[prefill gpu attn=0.011s(25%) shared=0.004s(8%) moe=0.026s(57%) tail=0.001s(2%) head=0.004s(8%) total=0.045s]
[prefill host enc.front=0.002s(2%) wait.front=0.025s(26%) drain=0.001s(1%) route=0.000s(0%) meta=0.000s(0%) fetch=0.060s(64%) enc.moe=0.001s(1%) tail=0.000s(0%) head=0.004s(4%) other=0.001s(1%) call=0.093s | tiles=105 ahead=105 experts=582 miss=75 io=0.067s 3.9GB/s]
[prefill gpuq busy=0.045s(48%) idle=0.048s(52%) span=0.093s buffers=196]
[prefill gpu attn=0.011s(25%) shared=0.004s(8%) moe=0.025s(57%) tail=0.001s(2%) head=0.003s(8%) total=0.045s]
[prefill host enc.front=0.002s(2%) wait.front=0.027s(33%) drain=0.000s(0%) route=0.000s(0%) meta=0.000s(0%) fetch=0.046s(57%) enc.moe=0.001s(1%) tail=0.000s(0%) head=0.004s(4%) other=0.000s(1%) call=0.081s | tiles=98 ahead=98 experts=556 miss=62 io=0.047s 4.6GB/s]
[prefill gpuq busy=0.045s(55%) idle=0.036s(45%) span=0.081s buffers=189]
[prefill gpu attn=0.011s(25%) shared=0.004s(8%) moe=0.026s(57%) tail=0.001s(2%) head=0.003s(8%) total=0.045s]
[prefill host enc.front=0.002s(2%) wait.front=0.024s(23%) drain=0.000s(0%) route=0.000s(0%) meta=0.000s(0%) fetch=0.073s(69%) enc.moe=0.001s(1%) tail=0.000s(0%) head=0.004s(3%) other=0.001s(1%) call=0.105s | tiles=99 ahead=99 experts=526 miss=98 io=0.078s 4.4GB/s]
[prefill gpuq busy=0.045s(43%) idle=0.059s(57%) span=0.104s buffers=190]
[prefill gpu attn=0.011s(25%) shared=0.004s(8%) moe=0.027s(58%) tail=0.001s(2%) head=0.003s(7%) total=0.046s]
[prefill host enc.front=0.002s(2%) wait.front=0.025s(22%) drain=0.001s(1%) route=0.000s(0%) meta=0.000s(0%) fetch=0.080s(71%) enc.moe=0.001s(1%) tail=0.000s(0%) head=0.004s(3%) other=0.001s(1%) call=0.114s | tiles=111 ahead=111 experts=626 miss=124 io=0.105s 4.1GB/s]
[prefill gpuq busy=0.046s(40%) idle=0.068s(60%) span=0.113s buffers=202]
[prefill gpu attn=0.011s(24%) shared=0.004s(8%) moe=0.027s(59%) tail=0.001s(2%) head=0.004s(8%) total=0.047s]
[prefill host enc.front=0.002s(2%) wait.front=0.022s(27%) drain=0.000s(0%) route=0.000s(0%) meta=0.000s(0%) fetch=0.049s(63%) enc.moe=0.001s(1%) tail=0.000s(0%) head=0.004s(5%) other=0.001s(1%) call=0.079s | tiles=107 ahead=107 experts=626 miss=78 io=0.050s 5.4GB/s]
[prefill gpuq busy=0.047s(59%) idle=0.032s(41%) span=0.079s buffers=198]
[prefill gpu attn=0.011s(26%) shared=0.004s(8%) moe=0.025s(57%) tail=0.001s(2%) head=0.003s(8%) total=0.045s]
[prefill host enc.front=0.002s(2%) wait.front=0.026s(31%) drain=0.001s(1%) route=0.000s(0%) meta=0.000s(0%) fetch=0.048s(59%) enc.moe=0.001s(1%) tail=0.000s(0%) head=0.004s(4%) other=0.000s(1%) call=0.083s | tiles=86 ahead=86 experts=472 miss=81 io=0.049s 5.8GB/s]
[prefill gpuq busy=0.045s(54%) idle=0.038s(46%) span=0.082s buffers=177]
[prefill gpu attn=0.011s(24%) shared=0.004s(8%) moe=0.027s(59%) tail=0.001s(2%) head=0.003s(7%) total=0.046s]
[prefill host enc.front=0.002s(2%) wait.front=0.022s(29%) drain=0.000s(1%) route=0.000s(0%) meta=0.000s(0%) fetch=0.047s(61%) enc.moe=0.001s(1%) tail=0.000s(0%) head=0.004s(5%) other=0.001s(1%) call=0.078s | tiles=95 ahead=95 experts=537 miss=95 io=0.049s 6.7GB/s]
[prefill gpuq busy=0.046s(59%) idle=0.031s(41%) span=0.077s buffers=186]
[prefill gpu attn=0.012s(26%) shared=0.004s(9%) moe=0.025s(56%) tail=0.001s(2%) head=0.003s(8%) total=0.044s]
[prefill host enc.front=0.002s(3%) wait.front=0.026s(44%) drain=0.001s(2%) route=0.000s(0%) meta=0.000s(0%) fetch=0.025s(43%) enc.moe=0.001s(1%) tail=0.000s(0%) head=0.004s(6%) other=0.000s(1%) call=0.059s | tiles=92 ahead=92 experts=542 miss=35 io=0.025s 4.8GB/s]
[prefill gpuq busy=0.044s(76%) idle=0.014s(24%) span=0.058s buffers=183]
[prefill gpu attn=0.011s(26%) shared=0.004s(8%) moe=0.025s(57%) tail=0.001s(2%) head=0.003s(8%) total=0.044s]
[prefill host enc.front=0.002s(3%) wait.front=0.023s(36%) drain=0.001s(2%) route=0.000s(0%) meta=0.000s(0%) fetch=0.034s(52%) enc.moe=0.001s(1%) tail=0.000s(0%) head=0.004s(6%) other=0.000s(1%) call=0.065s | tiles=99 ahead=99 experts=538 miss=49 io=0.034s 5.0GB/s]
[prefill gpuq busy=0.044s(68%) idle=0.020s(32%) span=0.065s buffers=190]
[prefill gpu attn=0.011s(24%) shared=0.004s(8%) moe=0.028s(59%) tail=0.001s(2%) head=0.003s(7%) total=0.047s]
[prefill host enc.front=0.002s(3%) wait.front=0.021s(33%) drain=0.001s(1%) route=0.000s(0%) meta=0.000s(0%) fetch=0.035s(54%) enc.moe=0.001s(2%) tail=0.000s(0%) head=0.004s(6%) other=0.001s(1%) call=0.065s | tiles=102 ahead=102 experts=564 miss=92 io=0.039s 8.2GB/s]
[prefill gpuq busy=0.047s(72%) idle=0.018s(28%) span=0.065s buffers=193]
[prefill gpu attn=0.011s(25%) shared=0.004s(8%) moe=0.026s(58%) tail=0.001s(2%) head=0.003s(7%) total=0.046s]
[prefill host enc.front=0.002s(2%) wait.front=0.025s(30%) drain=0.001s(1%) route=0.000s(0%) meta=0.000s(0%) fetch=0.049s(60%) enc.moe=0.001s(1%) tail=0.000s(0%) head=0.004s(4%) other=0.001s(1%) call=0.082s | tiles=106 ahead=106 experts=629 miss=77 io=0.050s 5.4GB/s]
[prefill gpuq busy=0.046s(56%) idle=0.036s(44%) span=0.082s buffers=197]
[prefill gpu attn=0.011s(25%) shared=0.004s(8%) moe=0.026s(57%) tail=0.001s(2%) head=0.004s(8%) total=0.045s]
[prefill host enc.front=0.002s(3%) wait.front=0.023s(36%) drain=0.000s(1%) route=0.000s(0%) meta=0.000s(0%) fetch=0.034s(52%) enc.moe=0.001s(2%) tail=0.000s(0%) head=0.004s(6%) other=0.000s(1%) call=0.065s | tiles=102 ahead=102 experts=567 miss=64 io=0.035s 6.3GB/s]
[prefill gpuq busy=0.045s(70%) idle=0.020s(30%) span=0.065s buffers=193]
[prefill gpu attn=0.011s(25%) shared=0.004s(8%) moe=0.027s(58%) tail=0.001s(2%) head=0.003s(7%) total=0.046s]
[prefill host enc.front=0.002s(2%) wait.front=0.023s(29%) drain=0.001s(1%) route=0.000s(0%) meta=0.000s(0%) fetch=0.047s(61%) enc.moe=0.001s(1%) tail=0.000s(0%) head=0.004s(5%) other=0.001s(1%) call=0.078s | tiles=108 ahead=108 experts=620 miss=78 io=0.053s 5.1GB/s]
[prefill gpuq busy=0.046s(59%) idle=0.032s(41%) span=0.078s buffers=199]
[prefill gpu attn=0.011s(24%) shared=0.004s(9%) moe=0.027s(58%) tail=0.001s(2%) head=0.003s(7%) total=0.047s]
[prefill host enc.front=0.002s(2%) wait.front=0.027s(32%) drain=0.001s(1%) route=0.000s(0%) meta=0.000s(0%) fetch=0.048s(57%) enc.moe=0.001s(1%) tail=0.000s(0%) head=0.004s(4%) other=0.001s(1%) call=0.084s | tiles=101 ahead=101 experts=612 miss=91 io=0.053s 6.0GB/s]
[prefill gpuq busy=0.047s(56%) idle=0.037s(44%) span=0.084s buffers=192]
[prefill gpu attn=0.011s(25%) shared=0.004s(8%) moe=0.027s(58%) tail=0.001s(2%) head=0.003s(7%) total=0.046s]
[prefill host enc.front=0.002s(3%) wait.front=0.028s(56%) drain=0.001s(1%) route=0.000s(0%) meta=0.000s(0%) fetch=0.014s(28%) enc.moe=0.001s(2%) tail=0.000s(0%) head=0.004s(7%) other=0.000s(1%) call=0.050s | tiles=98 ahead=98 experts=588 miss=45 io=0.016s 9.9GB/s]
[prefill gpuq busy=0.046s(92%) idle=0.004s(8%) span=0.050s buffers=189]
[prefill gpu attn=0.011s(25%) shared=0.004s(8%) moe=0.026s(57%) tail=0.001s(2%) head=0.003s(7%) total=0.045s]
[prefill host enc.front=0.002s(3%) wait.front=0.024s(40%) drain=0.001s(1%) route=0.000s(0%) meta=0.000s(0%) fetch=0.029s(47%) enc.moe=0.001s(2%) tail=0.000s(0%) head=0.004s(6%) other=0.000s(1%) call=0.061s | tiles=98 ahead=98 experts=546 miss=70 io=0.031s 7.9GB/s]
[prefill gpuq busy=0.045s(74%) idle=0.016s(26%) span=0.061s buffers=189]
[prefill gpu attn=0.011s(25%) shared=0.004s(8%) moe=0.027s(58%) tail=0.001s(2%) head=0.003s(7%) total=0.046s]
[prefill host enc.front=0.002s(3%) wait.front=0.026s(51%) drain=0.000s(1%) route=0.000s(0%) meta=0.000s(0%) fetch=0.018s(35%) enc.moe=0.001s(2%) tail=0.000s(0%) head=0.004s(7%) other=0.000s(1%) call=0.052s | tiles=105 ahead=105 experts=585 miss=42 io=0.018s 8.0GB/s]
[prefill gpuq busy=0.046s(89%) idle=0.006s(11%) span=0.051s buffers=196]
[prefill gpu attn=0.011s(23%) shared=0.004s(8%) moe=0.029s(60%) tail=0.001s(2%) head=0.003s(7%) total=0.048s]
[prefill host enc.front=0.002s(3%) wait.front=0.022s(36%) drain=0.001s(1%) route=0.000s(0%) meta=0.000s(0%) fetch=0.030s(50%) enc.moe=0.001s(2%) tail=0.000s(0%) head=0.004s(6%) other=0.001s(1%) call=0.060s | tiles=114 ahead=114 experts=662 miss=72 io=0.031s 8.1GB/s]
[prefill gpuq busy=0.048s(81%) idle=0.011s(19%) span=0.060s buffers=205]
[prefill gpu attn=0.011s(23%) shared=0.004s(8%) moe=0.029s(60%) tail=0.001s(2%) head=0.003s(7%) total=0.048s]
[prefill host enc.front=0.002s(3%) wait.front=0.020s(28%) drain=0.001s(1%) route=0.000s(0%) meta=0.000s(0%) fetch=0.043s(60%) enc.moe=0.001s(2%) tail=0.000s(0%) head=0.004s(5%) other=0.001s(1%) call=0.071s | tiles=112 ahead=112 experts=642 miss=91 io=0.043s 7.3GB/s]
[prefill gpuq busy=0.048s(68%) idle=0.023s(32%) span=0.071s buffers=203]
[prefill gpu attn=0.011s(24%) shared=0.004s(8%) moe=0.028s(59%) tail=0.001s(2%) head=0.003s(7%) total=0.047s]
[prefill host enc.front=0.002s(3%) wait.front=0.025s(37%) drain=0.001s(1%) route=0.000s(0%) meta=0.000s(0%) fetch=0.034s(51%) enc.moe=0.001s(1%) tail=0.000s(0%) head=0.004s(5%) other=0.001s(1%) call=0.067s | tiles=100 ahead=100 experts=581 miss=75 io=0.036s 7.2GB/s]
[prefill gpuq busy=0.047s(70%) idle=0.020s(30%) span=0.067s buffers=191]
[prefill gpu attn=0.011s(26%) shared=0.004s(8%) moe=0.025s(57%) tail=0.001s(2%) head=0.003s(8%) total=0.044s]
[prefill host enc.front=0.002s(3%) wait.front=0.023s(36%) drain=0.001s(1%) route=0.000s(0%) meta=0.000s(0%) fetch=0.033s(52%) enc.moe=0.001s(1%) tail=0.000s(0%) head=0.004s(6%) other=0.000s(1%) call=0.064s | tiles=92 ahead=92 experts=508 miss=63 io=0.034s 6.5GB/s]
[prefill gpuq busy=0.044s(70%) idle=0.019s(30%) span=0.064s buffers=183]
[prefill gpu attn=0.011s(25%) shared=0.004s(8%) moe=0.027s(58%) tail=0.001s(2%) head=0.004s(8%) total=0.046s]
[prefill host enc.front=0.002s(2%) wait.front=0.022s(28%) drain=0.001s(1%) route=0.000s(0%) meta=0.000s(0%) fetch=0.048s(61%) enc.moe=0.001s(1%) tail=0.000s(0%) head=0.004s(5%) other=0.001s(1%) call=0.078s | tiles=95 ahead=95 experts=539 miss=97 io=0.048s 7.0GB/s]
[prefill gpuq busy=0.046s(60%) idle=0.031s(40%) span=0.078s buffers=186]
[prefill gpu attn=0.011s(25%) shared=0.004s(8%) moe=0.026s(57%) tail=0.001s(2%) head=0.003s(8%) total=0.045s]
[prefill host enc.front=0.002s(3%) wait.front=0.024s(40%) drain=0.000s(1%) route=0.000s(0%) meta=0.000s(0%) fetch=0.028s(47%) enc.moe=0.001s(1%) tail=0.000s(0%) head=0.004s(6%) other=0.000s(1%) call=0.059s | tiles=93 ahead=93 experts=521 miss=58 io=0.030s 6.8GB/s]
[prefill gpuq busy=0.045s(76%) idle=0.014s(24%) span=0.059s buffers=184]
[prefill gpu attn=0.011s(26%) shared=0.004s(9%) moe=0.024s(56%) tail=0.001s(2%) head=0.003s(8%) total=0.044s]
[prefill host enc.front=0.002s(3%) wait.front=0.028s(59%) drain=0.001s(2%) route=0.000s(0%) meta=0.000s(0%) fetch=0.012s(26%) enc.moe=0.001s(2%) tail=0.000s(0%) head=0.004s(7%) other=0.000s(1%) call=0.048s | tiles=94 ahead=94 experts=562 miss=26 io=0.013s 7.2GB/s]
[prefill gpuq busy=0.044s(91%) idle=0.005s(9%) span=0.048s buffers=185]
[prefill gpu attn=0.012s(24%) shared=0.004s(8%) moe=0.029s(60%) tail=0.001s(2%) head=0.003s(7%) total=0.049s]
[prefill host enc.front=0.002s(3%) wait.front=0.024s(33%) drain=0.000s(1%) route=0.000s(0%) meta=0.000s(0%) fetch=0.040s(55%) enc.moe=0.001s(2%) tail=0.000s(0%) head=0.004s(5%) other=0.001s(1%) call=0.072s | tiles=112 ahead=112 experts=708 miss=78 io=0.041s 6.6GB/s]
[prefill gpuq busy=0.049s(68%) idle=0.023s(32%) span=0.071s buffers=203]
[prefill gpu attn=0.011s(23%) shared=0.004s(8%) moe=0.029s(61%) tail=0.001s(2%) head=0.003s(7%) total=0.049s]
[prefill host enc.front=0.002s(3%) wait.front=0.022s(33%) drain=0.001s(1%) route=0.000s(0%) meta=0.000s(0%) fetch=0.035s(53%) enc.moe=0.001s(2%) tail=0.000s(0%) head=0.004s(6%) other=0.001s(1%) call=0.065s | tiles=111 ahead=111 experts=646 miss=96 io=0.040s 8.4GB/s]
[prefill gpuq busy=0.049s(75%) idle=0.016s(25%) span=0.064s buffers=202]
[prefill gpu attn=0.011s(24%) shared=0.004s(8%) moe=0.028s(59%) tail=0.001s(2%) head=0.004s(7%) total=0.047s]
[prefill host enc.front=0.002s(3%) wait.front=0.024s(39%) drain=0.001s(1%) route=0.000s(0%) meta=0.000s(0%) fetch=0.029s(47%) enc.moe=0.001s(2%) tail=0.000s(0%) head=0.004s(6%) other=0.001s(1%) call=0.061s | tiles=105 ahead=105 experts=588 miss=73 io=0.032s 7.9GB/s]
[prefill gpuq busy=0.047s(78%) idle=0.013s(22%) span=0.061s buffers=196]
[prefill gpu attn=0.012s(25%) shared=0.004s(8%) moe=0.027s(58%) tail=0.001s(2%) head=0.003s(7%) total=0.047s]
[prefill host enc.front=0.002s(3%) wait.front=0.025s(42%) drain=0.001s(1%) route=0.000s(0%) meta=0.000s(0%) fetch=0.028s(46%) enc.moe=0.001s(2%) tail=0.000s(0%) head=0.004s(6%) other=0.001s(1%) call=0.061s | tiles=108 ahead=108 experts=604 miss=60 io=0.031s 6.8GB/s]
[prefill gpuq busy=0.047s(78%) idle=0.013s(22%) span=0.060s buffers=199]
[prefill gpu attn=0.011s(25%) shared=0.004s(8%) moe=0.026s(58%) tail=0.001s(2%) head=0.003s(7%) total=0.045s]
[prefill host enc.front=0.002s(3%) wait.front=0.027s(49%) drain=0.000s(1%) route=0.000s(0%) meta=0.000s(0%) fetch=0.020s(37%) enc.moe=0.001s(2%) tail=0.000s(0%) head=0.004s(6%) other=0.000s(1%) call=0.055s | tiles=99 ahead=99 experts=561 miss=49 io=0.021s 8.2GB/s]
[prefill gpuq busy=0.045s(82%) idle=0.010s(18%) span=0.055s buffers=190]
[prefill gpu attn=0.011s(26%) shared=0.004s(8%) moe=0.025s(57%) tail=0.001s(2%) head=0.004s(8%) total=0.045s]
[prefill host enc.front=0.002s(3%) wait.front=0.026s(48%) drain=0.001s(1%) route=0.000s(0%) meta=0.000s(0%) fetch=0.020s(37%) enc.moe=0.001s(2%) tail=0.000s(0%) head=0.004s(7%) other=0.000s(1%) call=0.054s | tiles=96 ahead=96 experts=560 miss=40 io=0.021s 6.7GB/s]
[prefill gpuq busy=0.045s(83%) idle=0.009s(17%) span=0.054s buffers=187]
[prefill gpu attn=0.011s(26%) shared=0.004s(8%) moe=0.025s(57%) tail=0.001s(2%) head=0.003s(8%) total=0.045s]
[prefill host enc.front=0.002s(3%) wait.front=0.024s(38%) drain=0.000s(1%) route=0.000s(0%) meta=0.000s(0%) fetch=0.031s(50%) enc.moe=0.001s(1%) tail=0.000s(0%) head=0.004s(6%) other=0.000s(1%) call=0.062s | tiles=91 ahead=91 experts=484 miss=57 io=0.031s 6.3GB/s]
[prefill gpuq busy=0.045s(72%) idle=0.017s(28%) span=0.062s buffers=182]
[prefill gpu attn=0.012s(25%) shared=0.004s(9%) moe=0.027s(57%) tail=0.001s(2%) head=0.003s(7%) total=0.047s]
[prefill host enc.front=0.002s(3%) wait.front=0.023s(43%) drain=0.000s(1%) route=0.000s(0%) meta=0.000s(0%) fetch=0.024s(43%) enc.moe=0.001s(2%) tail=0.000s(0%) head=0.004s(7%) other=0.001s(1%) call=0.055s | tiles=97 ahead=97 experts=549 miss=48 io=0.024s 6.9GB/s]
[prefill gpuq busy=0.047s(85%) idle=0.008s(15%) span=0.055s buffers=188]
[prefill gpu attn=0.011s(24%) shared=0.004s(8%) moe=0.028s(59%) tail=0.001s(2%) head=0.003s(7%) total=0.047s]
[prefill host enc.front=0.002s(3%) wait.front=0.025s(37%) drain=0.001s(1%) route=0.000s(0%) meta=0.000s(0%) fetch=0.033s(50%) enc.moe=0.001s(2%) tail=0.000s(0%) head=0.004s(6%) other=0.001s(1%) call=0.066s | tiles=114 ahead=114 experts=678 miss=68 io=0.034s 7.0GB/s]
[prefill gpuq busy=0.047s(71%) idle=0.019s(29%) span=0.066s buffers=205]
[prefill gpu attn=0.011s(25%) shared=0.004s(8%) moe=0.027s(58%) tail=0.001s(2%) head=0.003s(7%) total=0.046s]
[prefill host enc.front=0.002s(3%) wait.front=0.029s(44%) drain=0.000s(1%) route=0.000s(0%) meta=0.000s(0%) fetch=0.030s(45%) enc.moe=0.001s(1%) tail=0.000s(0%) head=0.004s(5%) other=0.000s(1%) call=0.066s | tiles=110 ahead=110 experts=661 miss=45 io=0.030s 5.2GB/s]
[prefill gpuq busy=0.046s(70%) idle=0.020s(30%) span=0.066s buffers=201]
[prefill gpu attn=0.012s(24%) shared=0.004s(8%) moe=0.028s(59%) tail=0.001s(2%) head=0.003s(7%) total=0.048s]
[prefill host enc.front=0.002s(2%) wait.front=0.025s(30%) drain=0.001s(1%) route=0.000s(0%) meta=0.000s(0%) fetch=0.050s(60%) enc.moe=0.001s(1%) tail=0.000s(0%) head=0.004s(4%) other=0.001s(1%) call=0.083s | tiles=101 ahead=101 experts=613 miss=104 io=0.054s 6.7GB/s]
[prefill gpuq busy=0.048s(58%) idle=0.035s(42%) span=0.083s buffers=192]
[prefill gpu attn=0.011s(24%) shared=0.004s(8%) moe=0.028s(59%) tail=0.001s(2%) head=0.003s(7%) total=0.047s]
[prefill host enc.front=0.002s(3%) wait.front=0.022s(32%) drain=0.001s(1%) route=0.000s(0%) meta=0.000s(0%) fetch=0.040s(56%) enc.moe=0.001s(1%) tail=0.000s(0%) head=0.004s(5%) other=0.001s(1%) call=0.070s | tiles=107 ahead=107 experts=621 miss=78 io=0.041s 6.6GB/s]
[prefill gpuq busy=0.047s(67%) idle=0.023s(33%) span=0.070s buffers=198]
[prefill gpu attn=0.011s(25%) shared=0.004s(8%) moe=0.026s(58%) tail=0.001s(2%) head=0.003s(7%) total=0.046s]
[prefill host enc.front=0.002s(3%) wait.front=0.026s(45%) drain=0.000s(1%) route=0.000s(0%) meta=0.000s(0%) fetch=0.024s(41%) enc.moe=0.001s(2%) tail=0.000s(0%) head=0.004s(6%) other=0.000s(1%) call=0.058s | tiles=100 ahead=100 experts=562 miss=61 io=0.025s 8.3GB/s]
[prefill gpuq busy=0.046s(79%) idle=0.012s(21%) span=0.058s buffers=191]
[prefill gpu attn=0.011s(25%) shared=0.004s(8%) moe=0.027s(58%) tail=0.001s(2%) head=0.003s(7%) total=0.046s]
[prefill host enc.front=0.002s(3%) wait.front=0.023s(34%) drain=0.001s(1%) route=0.000s(0%) meta=0.000s(0%) fetch=0.038s(55%) enc.moe=0.001s(1%) tail=0.000s(0%) head=0.004s(5%) other=0.001s(1%) call=0.070s | tiles=98 ahead=98 experts=570 miss=78 io=0.039s 7.0GB/s]
[prefill gpuq busy=0.046s(67%) idle=0.023s(33%) span=0.069s buffers=189]
[prefill gpu attn=0.011s(24%) shared=0.004s(8%) moe=0.027s(59%) tail=0.001s(2%) head=0.003s(7%) total=0.047s]
[prefill host enc.front=0.002s(3%) wait.front=0.023s(37%) drain=0.000s(1%) route=0.000s(0%) meta=0.000s(0%) fetch=0.032s(50%) enc.moe=0.001s(2%) tail=0.000s(0%) head=0.004s(6%) other=0.001s(1%) call=0.063s | tiles=102 ahead=102 experts=588 miss=70 io=0.032s 7.6GB/s]
[prefill gpuq busy=0.047s(75%) idle=0.016s(25%) span=0.063s buffers=193]
[prefill gpu attn=0.011s(26%) shared=0.004s(8%) moe=0.025s(56%) tail=0.001s(2%) head=0.003s(8%) total=0.044s]
[prefill host enc.front=0.002s(3%) wait.front=0.026s(50%) drain=0.000s(1%) route=0.000s(0%) meta=0.000s(0%) fetch=0.018s(36%) enc.moe=0.001s(1%) tail=0.000s(0%) head=0.004s(7%) other=0.000s(1%) call=0.051s | tiles=92 ahead=92 experts=519 miss=35 io=0.019s 6.6GB/s]
[prefill gpuq busy=0.044s(86%) idle=0.007s(14%) span=0.051s buffers=183]
[prefill gpu attn=0.012s(26%) shared=0.004s(8%) moe=0.025s(56%) tail=0.001s(2%) head=0.003s(8%) total=0.045s]
[prefill host enc.front=0.002s(3%) wait.front=0.024s(45%) drain=0.001s(1%) route=0.000s(1%) meta=0.000s(0%) fetch=0.022s(41%) enc.moe=0.001s(2%) tail=0.000s(0%) head=0.004s(7%) other=0.001s(1%) call=0.054s | tiles=94 ahead=94 experts=538 miss=49 io=0.022s 7.7GB/s]
[prefill gpuq busy=0.045s(83%) idle=0.009s(17%) span=0.054s buffers=185]
[prefill gpu attn=0.011s(26%) shared=0.004s(8%) moe=0.025s(56%) tail=0.001s(2%) head=0.003s(8%) total=0.044s]
[prefill host enc.front=0.002s(3%) wait.front=0.028s(55%) drain=0.000s(1%) route=0.000s(0%) meta=0.000s(0%) fetch=0.015s(30%) enc.moe=0.001s(2%) tail=0.000s(0%) head=0.004s(7%) other=0.000s(1%) call=0.051s | tiles=95 ahead=95 experts=553 miss=33 io=0.016s 7.3GB/s]
[prefill gpuq busy=0.044s(87%) idle=0.007s(13%) span=0.051s buffers=186]
[prefill gpu attn=0.012s(24%) shared=0.004s(8%) moe=0.028s(59%) tail=0.001s(2%) head=0.004s(8%) total=0.048s]
[prefill host enc.front=0.002s(3%) wait.front=0.024s(39%) drain=0.000s(1%) route=0.000s(0%) meta=0.000s(0%) fetch=0.030s(49%) enc.moe=0.001s(2%) tail=0.000s(0%) head=0.004s(6%) other=0.000s(1%) call=0.062s | tiles=103 ahead=103 experts=601 miss=73 io=0.031s 8.3GB/s]
[prefill gpuq busy=0.048s(77%) idle=0.014s(23%) span=0.062s buffers=194]
[prefill gpu attn=0.011s(25%) shared=0.004s(8%) moe=0.026s(57%) tail=0.001s(2%) head=0.004s(8%) total=0.046s]
[prefill host enc.front=0.002s(4%) wait.front=0.026s(50%) drain=0.000s(1%) route=0.000s(0%) meta=0.000s(0%) fetch=0.018s(35%) enc.moe=0.001s(2%) tail=0.000s(0%) head=0.004s(7%) other=0.000s(1%) call=0.051s | tiles=96 ahead=96 experts=565 miss=48 io=0.018s 9.1GB/s]
[prefill gpuq busy=0.046s(89%) idle=0.006s(11%) span=0.051s buffers=187]
[prefill gpu attn=0.012s(25%) shared=0.004s(8%) moe=0.028s(59%) tail=0.001s(2%) head=0.003s(7%) total=0.047s]
[prefill host enc.front=0.002s(3%) wait.front=0.024s(41%) drain=0.001s(1%) route=0.000s(0%) meta=0.000s(0%) fetch=0.027s(45%) enc.moe=0.001s(2%) tail=0.000s(0%) head=0.004s(6%) other=0.001s(1%) call=0.059s | tiles=102 ahead=102 experts=584 miss=73 io=0.031s 8.3GB/s]
[prefill gpuq busy=0.047s(80%) idle=0.012s(20%) span=0.059s buffers=193]
[prefill gpu attn=0.011s(26%) shared=0.004s(9%) moe=0.025s(56%) tail=0.001s(2%) head=0.003s(8%) total=0.044s]
[prefill host enc.front=0.002s(3%) wait.front=0.026s(52%) drain=0.000s(1%) route=0.000s(0%) meta=0.000s(0%) fetch=0.017s(34%) enc.moe=0.001s(2%) tail=0.000s(0%) head=0.004s(7%) other=0.000s(1%) call=0.051s | tiles=86 ahead=86 experts=501 miss=37 io=0.017s 7.3GB/s]
[prefill gpuq busy=0.044s(87%) idle=0.006s(13%) span=0.050s buffers=177]
[prefill gpu attn=0.012s(26%) shared=0.004s(8%) moe=0.025s(56%) tail=0.001s(2%) head=0.003s(8%) total=0.044s]
[prefill host enc.front=0.002s(4%) wait.front=0.026s(53%) drain=0.000s(1%) route=0.000s(1%) meta=0.000s(0%) fetch=0.016s(32%) enc.moe=0.001s(2%) tail=0.000s(0%) head=0.004s(7%) other=0.000s(1%) call=0.049s | tiles=88 ahead=88 experts=500 miss=38 io=0.016s 8.3GB/s]
[prefill gpuq busy=0.044s(91%) idle=0.004s(9%) span=0.048s buffers=179]
[prefill gpu attn=0.012s(26%) shared=0.004s(8%) moe=0.024s(56%) tail=0.001s(2%) head=0.003s(8%) total=0.044s]
[prefill host enc.front=0.002s(4%) wait.front=0.026s(51%) drain=0.000s(1%) route=0.000s(0%) meta=0.000s(0%) fetch=0.017s(34%) enc.moe=0.001s(2%) tail=0.000s(0%) head=0.004s(7%) other=0.000s(1%) call=0.050s | tiles=86 ahead=86 experts=501 miss=48 io=0.018s 9.1GB/s]
[prefill gpuq busy=0.044s(89%) idle=0.006s(11%) span=0.049s buffers=177]
[prefill gpu attn=0.012s(27%) shared=0.004s(9%) moe=0.023s(54%) tail=0.001s(2%) head=0.004s(9%) total=0.043s]
[prefill host enc.front=0.002s(4%) wait.front=0.033s(73%) drain=0.001s(2%) route=0.000s(0%) meta=0.000s(0%) fetch=0.004s(10%) enc.moe=0.001s(1%) tail=0.000s(0%) head=0.004s(9%) other=0.000s(1%) call=0.045s | tiles=79 ahead=79 experts=506 miss=8 io=0.004s 6.2GB/s]
[prefill gpuq busy=0.043s(97%) idle=0.002s(3%) span=0.044s buffers=170]
[prefill gpu attn=0.012s(27%) shared=0.004s(9%) moe=0.024s(55%) tail=0.001s(2%) head=0.004s(8%) total=0.044s]
[prefill host enc.front=0.002s(3%) wait.front=0.028s(49%) drain=0.000s(1%) route=0.000s(0%) meta=0.000s(0%) fetch=0.022s(38%) enc.moe=0.001s(1%) tail=0.000s(0%) head=0.004s(7%) other=0.000s(1%) call=0.057s | tiles=79 ahead=79 experts=459 miss=38 io=0.022s 5.9GB/s]
[prefill gpuq busy=0.044s(77%) idle=0.013s(23%) span=0.057s buffers=170]
[prefill gpu attn=0.012s(27%) shared=0.004s(9%) moe=0.023s(54%) tail=0.001s(2%) head=0.004s(9%) total=0.042s]
[prefill host enc.front=0.002s(4%) wait.front=0.031s(68%) drain=0.001s(2%) route=0.000s(0%) meta=0.000s(0%) fetch=0.007s(15%) enc.moe=0.001s(1%) tail=0.000s(0%) head=0.004s(8%) other=0.000s(1%) call=0.045s | tiles=83 ahead=83 experts=494 miss=12 io=0.007s 5.9GB/s]
[prefill gpuq busy=0.042s(94%) idle=0.003s(6%) span=0.045s buffers=174]
[prefill gpu attn=0.012s(25%) shared=0.004s(8%) moe=0.028s(58%) tail=0.001s(2%) head=0.004s(8%) total=0.047s]
[prefill host enc.front=0.002s(3%) wait.front=0.027s(48%) drain=0.000s(1%) route=0.000s(0%) meta=0.000s(0%) fetch=0.022s(38%) enc.moe=0.001s(2%) tail=0.000s(0%) head=0.004s(7%) other=0.000s(1%) call=0.057s | tiles=107 ahead=107 experts=607 miss=55 io=0.022s 8.7GB/s]
[prefill gpuq busy=0.047s(84%) idle=0.009s(16%) span=0.056s buffers=198]
[prefill gpu attn=0.012s(25%) shared=0.004s(8%) moe=0.027s(58%) tail=0.001s(2%) head=0.004s(8%) total=0.046s]
[prefill host enc.front=0.002s(3%) wait.front=0.027s(49%) drain=0.000s(1%) route=0.000s(0%) meta=0.000s(0%) fetch=0.020s(37%) enc.moe=0.001s(2%) tail=0.000s(0%) head=0.004s(7%) other=0.000s(1%) call=0.055s | tiles=103 ahead=103 experts=614 miss=43 io=0.021s 7.3GB/s]
[prefill gpuq busy=0.046s(85%) idle=0.008s(15%) span=0.055s buffers=194]
[prefill gpu attn=0.011s(25%) shared=0.004s(8%) moe=0.026s(58%) tail=0.001s(2%) head=0.003s(7%) total=0.046s]
[prefill host enc.front=0.002s(4%) wait.front=0.028s(57%) drain=0.000s(1%) route=0.000s(0%) meta=0.000s(0%) fetch=0.014s(28%) enc.moe=0.001s(2%) tail=0.000s(0%) head=0.004s(7%) other=0.000s(1%) call=0.050s | tiles=94 ahead=94 experts=554 miss=44 io=0.014s 10.6GB/s]
[prefill gpuq busy=0.046s(92%) idle=0.004s(8%) span=0.050s buffers=185]
[prefill gpu attn=0.012s(25%) shared=0.004s(8%) moe=0.027s(58%) tail=0.001s(2%) head=0.003s(7%) total=0.046s]
[prefill host enc.front=0.002s(3%) wait.front=0.031s(56%) drain=0.001s(1%) route=0.000s(0%) meta=0.000s(0%) fetch=0.017s(30%) enc.moe=0.001s(2%) tail=0.000s(0%) head=0.004s(6%) other=0.000s(1%) call=0.056s | tiles=106 ahead=106 experts=632 miss=33 io=0.017s 6.7GB/s]
[prefill gpuq busy=0.046s(84%) idle=0.009s(16%) span=0.055s buffers=197]
[prefill gpu attn=0.012s(25%) shared=0.004s(8%) moe=0.027s(58%) tail=0.001s(2%) head=0.004s(8%) total=0.047s]
[prefill host enc.front=0.002s(3%) wait.front=0.031s(51%) drain=0.000s(1%) route=0.000s(0%) meta=0.000s(0%) fetch=0.021s(36%) enc.moe=0.001s(1%) tail=0.000s(0%) head=0.004s(6%) other=0.000s(1%) call=0.060s | tiles=98 ahead=98 experts=618 miss=57 io=0.022s 9.1GB/s]
[prefill gpuq busy=0.047s(79%) idle=0.012s(21%) span=0.060s buffers=189]
[prefill gpu attn=0.012s(26%) shared=0.004s(8%) moe=0.024s(56%) tail=0.001s(2%) head=0.003s(8%) total=0.044s]
[prefill host enc.front=0.002s(4%) wait.front=0.026s(53%) drain=0.000s(1%) route=0.000s(0%) meta=0.000s(0%) fetch=0.016s(32%) enc.moe=0.001s(2%) tail=0.000s(0%) head=0.004s(7%) other=0.000s(1%) call=0.050s | tiles=86 ahead=86 experts=461 miss=43 io=0.017s 8.5GB/s]
[prefill gpuq busy=0.044s(89%) idle=0.006s(11%) span=0.050s buffers=177]
[prefill gpu attn=0.012s(25%) shared=0.004s(8%) moe=0.027s(57%) tail=0.001s(2%) head=0.003s(7%) total=0.047s]
[prefill host enc.front=0.002s(3%) wait.front=0.026s(47%) drain=0.001s(1%) route=0.000s(0%) meta=0.000s(0%) fetch=0.022s(39%) enc.moe=0.001s(2%) tail=0.000s(0%) head=0.004s(6%) other=0.000s(1%) call=0.056s | tiles=91 ahead=91 experts=530 miss=58 io=0.022s 9.2GB/s]
[prefill gpuq busy=0.047s(84%) idle=0.009s(16%) span=0.056s buffers=182]
[prefill gpu attn=0.012s(26%) shared=0.004s(8%) moe=0.026s(57%) tail=0.001s(2%) head=0.003s(7%) total=0.045s]
[prefill host enc.front=0.002s(3%) wait.front=0.026s(49%) drain=0.000s(1%) route=0.000s(0%) meta=0.000s(0%) fetch=0.019s(36%) enc.moe=0.001s(2%) tail=0.000s(0%) head=0.004s(7%) other=0.000s(1%) call=0.052s | tiles=95 ahead=95 experts=520 miss=45 io=0.019s 8.2GB/s]
[prefill gpuq busy=0.045s(87%) idle=0.007s(13%) span=0.052s buffers=186]
[prefill gpu attn=0.012s(26%) shared=0.004s(9%) moe=0.025s(56%) tail=0.001s(2%) head=0.003s(8%) total=0.044s]
[prefill host enc.front=0.002s(4%) wait.front=0.026s(53%) drain=0.001s(2%) route=0.000s(0%) meta=0.000s(0%) fetch=0.016s(31%) enc.moe=0.001s(2%) tail=0.000s(0%) head=0.004s(7%) other=0.000s(1%) call=0.050s | tiles=91 ahead=91 experts=527 miss=36 io=0.016s 7.9GB/s]
[prefill gpuq busy=0.044s(89%) idle=0.005s(11%) span=0.050s buffers=182]
[prefill gpu attn=0.012s(25%) shared=0.004s(8%) moe=0.028s(59%) tail=0.001s(2%) head=0.003s(7%) total=0.047s]
[prefill host enc.front=0.002s(3%) wait.front=0.025s(41%) drain=0.001s(1%) route=0.000s(0%) meta=0.000s(0%) fetch=0.027s(45%) enc.moe=0.001s(2%) tail=0.000s(0%) head=0.004s(6%) other=0.001s(1%) call=0.060s | tiles=102 ahead=102 experts=578 miss=70 io=0.028s 8.8GB/s]
[prefill gpuq busy=0.047s(79%) idle=0.013s(21%) span=0.060s buffers=193]
[prefill gpu attn=0.012s(26%) shared=0.004s(9%) moe=0.025s(56%) tail=0.001s(2%) head=0.004s(8%) total=0.045s]
[prefill host enc.front=0.002s(3%) wait.front=0.027s(53%) drain=0.001s(2%) route=0.000s(0%) meta=0.000s(0%) fetch=0.016s(31%) enc.moe=0.001s(2%) tail=0.000s(0%) head=0.004s(7%) other=0.000s(1%) call=0.051s | tiles=91 ahead=91 experts=532 miss=37 io=0.016s 8.1GB/s]
[prefill gpuq busy=0.045s(90%) idle=0.005s(10%) span=0.051s buffers=182]
[prefill gpu attn=0.012s(25%) shared=0.004s(8%) moe=0.028s(59%) tail=0.001s(2%) head=0.003s(7%) total=0.048s]
[prefill host enc.front=0.002s(2%) wait.front=0.030s(33%) drain=0.001s(1%) route=0.000s(0%) meta=0.000s(0%) fetch=0.053s(58%) enc.moe=0.001s(1%) tail=0.000s(0%) head=0.004s(4%) other=0.001s(1%) call=0.092s | tiles=97 ahead=97 experts=583 miss=105 io=0.066s 5.5GB/s]
[prefill gpuq busy=0.048s(52%) idle=0.044s(48%) span=0.092s buffers=188]
[prefill gpu attn=0.012s(24%) shared=0.004s(8%) moe=0.028s(59%) tail=0.001s(2%) head=0.003s(7%) total=0.048s]
[prefill host enc.front=0.002s(3%) wait.front=0.023s(30%) drain=0.001s(1%) route=0.000s(0%) meta=0.000s(0%) fetch=0.045s(59%) enc.moe=0.001s(1%) tail=0.000s(0%) head=0.004s(5%) other=0.001s(1%) call=0.076s | tiles=100 ahead=100 experts=551 miss=106 io=0.050s 7.4GB/s]
[prefill gpuq busy=0.048s(63%) idle=0.028s(37%) span=0.076s buffers=191]
[prefill gpu attn=0.012s(24%) shared=0.004s(8%) moe=0.029s(59%) tail=0.001s(2%) head=0.003s(7%) total=0.048s]
[prefill host enc.front=0.002s(3%) wait.front=0.027s(45%) drain=0.001s(1%) route=0.000s(0%) meta=0.000s(0%) fetch=0.025s(42%) enc.moe=0.001s(2%) tail=0.000s(0%) head=0.004s(6%) other=0.001s(1%) call=0.060s | tiles=110 ahead=110 experts=657 miss=65 io=0.025s 9.0GB/s]
[prefill gpuq busy=0.048s(81%) idle=0.011s(19%) span=0.059s buffers=201]
[prefill gpu attn=0.012s(28%) shared=0.004s(9%) moe=0.022s(53%) tail=0.001s(2%) head=0.003s(8%) total=0.041s]
[prefill host enc.front=0.002s(4%) wait.front=0.030s(68%) drain=0.001s(2%) route=0.000s(1%) meta=0.000s(0%) fetch=0.006s(14%) enc.moe=0.001s(1%) tail=0.000s(0%) head=0.004s(8%) other=0.000s(1%) call=0.044s | tiles=74 ahead=74 experts=462 miss=14 io=0.006s 7.5GB/s]
[prefill gpuq busy=0.041s(95%) idle=0.002s(5%) span=0.044s buffers=165]
[prefill gpu attn=0.012s(25%) shared=0.004s(8%) moe=0.026s(57%) tail=0.001s(2%) head=0.003s(7%) total=0.046s]
[prefill host enc.front=0.002s(3%) wait.front=0.030s(58%) drain=0.000s(1%) route=0.000s(0%) meta=0.000s(0%) fetch=0.014s(27%) enc.moe=0.001s(2%) tail=0.000s(0%) head=0.004s(7%) other=0.000s(1%) call=0.052s | tiles=103 ahead=103 experts=616 miss=33 io=0.014s 7.9GB/s]
[prefill gpuq busy=0.046s(88%) idle=0.006s(12%) span=0.052s buffers=194]
[prefill gpu attn=0.012s(25%) shared=0.004s(8%) moe=0.026s(57%) tail=0.001s(2%) head=0.003s(7%) total=0.046s]
[prefill host enc.front=0.002s(3%) wait.front=0.023s(43%) drain=0.000s(1%) route=0.000s(0%) meta=0.000s(0%) fetch=0.022s(42%) enc.moe=0.001s(2%) tail=0.000s(0%) head=0.004s(7%) other=0.001s(1%) call=0.053s | tiles=107 ahead=107 experts=586 miss=43 io=0.023s 6.6GB/s]
[prefill gpuq busy=0.046s(87%) idle=0.007s(13%) span=0.053s buffers=198]
[prefill gpu attn=0.012s(25%) shared=0.004s(8%) moe=0.026s(57%) tail=0.001s(2%) head=0.003s(7%) total=0.046s]
[prefill host enc.front=0.002s(3%) wait.front=0.028s(53%) drain=0.000s(1%) route=0.000s(0%) meta=0.000s(0%) fetch=0.017s(32%) enc.moe=0.001s(2%) tail=0.000s(0%) head=0.004s(7%) other=0.000s(1%) call=0.052s | tiles=92 ahead=92 experts=539 miss=50 io=0.017s 10.2GB/s]
[prefill gpuq busy=0.046s(88%) idle=0.006s(12%) span=0.052s buffers=183]
[prefill gpu attn=0.012s(26%) shared=0.004s(8%) moe=0.026s(57%) tail=0.001s(2%) head=0.003s(7%) total=0.046s]
[prefill host enc.front=0.002s(3%) wait.front=0.030s(53%) drain=0.000s(1%) route=0.000s(0%) meta=0.000s(0%) fetch=0.018s(33%) enc.moe=0.001s(1%) tail=0.000s(0%) head=0.004s(6%) other=0.000s(1%) call=0.056s | tiles=103 ahead=103 experts=644 miss=41 io=0.019s 7.6GB/s]
[prefill gpuq busy=0.046s(83%) idle=0.010s(17%) span=0.055s buffers=194]
[prefill gpu attn=0.012s(24%) shared=0.004s(8%) moe=0.029s(60%) tail=0.001s(2%) head=0.003s(7%) total=0.049s]
[prefill host enc.front=0.002s(3%) wait.front=0.023s(39%) drain=0.001s(1%) route=0.000s(1%) meta=0.000s(0%) fetch=0.028s(47%) enc.moe=0.001s(2%) tail=0.000s(0%) head=0.004s(6%) other=0.001s(1%) call=0.060s | tiles=117 ahead=117 experts=652 miss=78 io=0.030s 9.0GB/s]
[prefill gpuq busy=0.049s(82%) idle=0.011s(18%) span=0.060s buffers=208]
[prefill gpu attn=0.011s(33%) shared=0.004s(11%) moe=0.014s(43%) tail=0.001s(2%) head=0.003s(11%) total=0.033s]
[prefill host enc.front=0.002s(3%) wait.front=0.020s(39%) drain=0.000s(1%) route=0.000s(0%) meta=0.000s(0%) fetch=0.025s(47%) enc.moe=0.001s(1%) tail=0.000s(0%) head=0.004s(7%) other=0.000s(1%) call=0.052s | tiles=81 ahead=81 experts=377 miss=47 io=0.025s 6.6GB/s]
[prefill gpuq busy=0.032s(63%) idle=0.019s(37%) span=0.052s buffers=172]

[stop=maxTokens prefill=349tok new=192tok decode=6.67s tok/s=28.784]
[load=0.748s layerVerify=0.000s/30layers prefill=4.376s ttft=4.377s peak=6.77GB rss=4.45GB]
[expert prefill hit=0.0% 0/3020 io=1.851s | decode hit=88.1% 39066/44337 io=3.159s]
[vision images=1 soft=260 tower=1.757s towerLoad=0.001s]
[decode/tok io=0.00ms cb1=0.00ms cb2=0.00ms head=0.00ms]
[mtp bs=4 rounds=78 accept=1.449/3 tok/round=2.462 draft=0.748s verify=5.678s accepted=23,21,10,24]
