[prefill gpu attn=0.387s(29%) shared=0.114s(9%) moe=0.815s(61%) tail=0.007s(1%) head=0.004s(0%) total=1.327s]
[prefill host enc.front=0.003s(0%) wait.front=0.524s(20%) drain=0.000s(0%) route=0.005s(0%) wait.shared=0.108s(4%) meta=0.000s(0%) fetch=1.848s(70%) enc.moe=0.015s(1%) wait.tile=0.110s(4%) tail=0.013s(1%) head=0.004s(0%) other=0.006s(0%) call=2.636s | tiles=390 ahead=0 experts=0 miss=0 io=0.000s 0.0GB/s]
[prefill gpuq busy=1.327s(53%) idle=1.178s(47%) span=2.505s buffers=481]
[prefill gpu attn=0.032s(35%) shared=0.009s(10%) moe=0.044s(48%) tail=0.001s(1%) head=0.005s(5%) total=0.091s]
[prefill host enc.front=0.003s(1%) wait.front=0.098s(28%) drain=0.003s(1%) route=0.001s(0%) meta=0.000s(0%) fetch=0.234s(67%) enc.moe=0.003s(1%) tail=0.000s(0%) head=0.005s(1%) other=0.001s(0%) call=0.348s | tiles=88 ahead=88 experts=522 miss=283 io=0.358s 2.7GB/s]
[prefill gpuq busy=0.087s(25%) idle=0.260s(75%) span=0.347s buffers=179]
[prefill gpu attn=0.015s(25%) shared=0.006s(9%) moe=0.035s(58%) tail=0.001s(2%) head=0.003s(6%) total=0.060s]
[prefill host enc.front=0.002s(2%) wait.front=0.034s(27%) drain=0.001s(0%) route=0.000s(0%) meta=0.000s(0%) fetch=0.081s(66%) enc.moe=0.001s(1%) tail=0.000s(0%) head=0.004s(3%) other=0.001s(1%) call=0.123s | tiles=95 ahead=95 experts=538 miss=100 io=0.081s 4.3GB/s]
[prefill gpuq busy=0.060s(49%) idle=0.063s(51%) span=0.123s buffers=186]
[prefill gpu attn=0.011s(25%) shared=0.004s(9%) moe=0.026s(57%) tail=0.001s(2%) head=0.003s(8%) total=0.045s]
[prefill host enc.front=0.002s(2%) wait.front=0.027s(33%) drain=0.001s(1%) route=0.000s(0%) meta=0.000s(0%) fetch=0.046s(57%) enc.moe=0.001s(1%) tail=0.000s(0%) head=0.004s(4%) other=0.001s(1%) call=0.081s | tiles=95 ahead=95 experts=528 miss=47 io=0.047s 3.5GB/s]
[prefill gpuq busy=0.045s(56%) idle=0.036s(44%) span=0.081s buffers=186]
[prefill gpu attn=0.024s(23%) shared=0.011s(11%) moe=0.058s(56%) tail=0.002s(2%) head=0.008s(8%) total=0.104s]
[prefill host enc.front=0.002s(1%) wait.front=0.074s(24%) drain=0.001s(0%) route=0.000s(0%) meta=0.000s(0%) fetch=0.213s(71%) enc.moe=0.002s(1%) tail=0.000s(0%) head=0.009s(3%) other=0.001s(0%) call=0.302s | tiles=93 ahead=93 experts=582 miss=221 io=0.285s 2.7GB/s]
[prefill gpuq busy=0.100s(33%) idle=0.202s(67%) span=0.302s buffers=184]
[prefill gpu attn=0.014s(25%) shared=0.005s(9%) moe=0.032s(59%) tail=0.001s(2%) head=0.004s(7%) total=0.056s]
[prefill host enc.front=0.002s(1%) wait.front=0.034s(24%) drain=0.000s(0%) route=0.000s(0%) meta=0.000s(0%) fetch=0.098s(69%) enc.moe=0.001s(1%) tail=0.000s(0%) head=0.004s(3%) other=0.001s(0%) call=0.141s | tiles=100 ahead=100 experts=604 miss=131 io=0.112s 4.0GB/s]
[prefill gpuq busy=0.055s(39%) idle=0.086s(61%) span=0.141s buffers=191]
[prefill gpu attn=0.011s(25%) shared=0.004s(8%) moe=0.026s(58%) tail=0.001s(2%) head=0.004s(8%) total=0.046s]
[prefill host enc.front=0.002s(2%) wait.front=0.026s(33%) drain=0.001s(1%) route=0.000s(0%) meta=0.000s(0%) fetch=0.043s(56%) enc.moe=0.001s(1%) tail=0.000s(0%) head=0.004s(5%) other=0.001s(1%) call=0.076s | tiles=111 ahead=111 experts=625 miss=51 io=0.043s 4.1GB/s]
[prefill gpuq busy=0.046s(60%) idle=0.030s(40%) span=0.076s buffers=202]
[prefill gpu attn=0.011s(25%) shared=0.004s(8%) moe=0.026s(58%) tail=0.001s(2%) head=0.003s(7%) total=0.046s]
[prefill host enc.front=0.002s(2%) wait.front=0.025s(25%) drain=0.001s(1%) route=0.000s(0%) meta=0.000s(0%) fetch=0.066s(66%) enc.moe=0.001s(1%) tail=0.000s(0%) head=0.004s(4%) other=0.001s(1%) call=0.099s | tiles=106 ahead=106 experts=570 miss=81 io=0.066s 4.2GB/s]
[prefill gpuq busy=0.046s(46%) idle=0.053s(54%) span=0.098s buffers=197]
[prefill gpu attn=0.011s(25%) shared=0.004s(8%) moe=0.026s(57%) tail=0.001s(2%) head=0.003s(7%) total=0.045s]
[prefill host enc.front=0.002s(2%) wait.front=0.026s(26%) drain=0.000s(0%) route=0.000s(0%) meta=0.000s(0%) fetch=0.065s(66%) enc.moe=0.001s(1%) tail=0.000s(0%) head=0.004s(4%) other=0.001s(1%) call=0.098s | tiles=97 ahead=97 experts=533 miss=84 io=0.065s 4.5GB/s]
[prefill gpuq busy=0.045s(46%) idle=0.053s(54%) span=0.098s buffers=188]
[prefill gpu attn=0.011s(25%) shared=0.004s(8%) moe=0.027s(58%) tail=0.001s(2%) head=0.003s(7%) total=0.046s]
[prefill host enc.front=0.002s(2%) wait.front=0.024s(30%) drain=0.000s(0%) route=0.000s(0%) meta=0.000s(0%) fetch=0.049s(61%) enc.moe=0.001s(1%) tail=0.000s(0%) head=0.004s(5%) other=0.001s(1%) call=0.080s | tiles=112 ahead=112 experts=643 miss=63 io=0.049s 4.4GB/s]
[prefill gpuq busy=0.046s(58%) idle=0.034s(42%) span=0.080s buffers=203]
[prefill gpu attn=0.011s(25%) shared=0.004s(8%) moe=0.026s(58%) tail=0.001s(2%) head=0.003s(7%) total=0.045s]
[prefill host enc.front=0.002s(2%) wait.front=0.024s(31%) drain=0.001s(1%) route=0.000s(0%) meta=0.000s(0%) fetch=0.046s(59%) enc.moe=0.001s(1%) tail=0.000s(0%) head=0.004s(5%) other=0.001s(1%) call=0.078s | tiles=108 ahead=108 experts=632 miss=62 io=0.046s 4.7GB/s]
[prefill gpuq busy=0.045s(58%) idle=0.032s(42%) span=0.078s buffers=199]
[prefill gpu attn=0.011s(24%) shared=0.004s(8%) moe=0.028s(58%) tail=0.001s(2%) head=0.004s(8%) total=0.047s]
[prefill host enc.front=0.002s(2%) wait.front=0.027s(25%) drain=0.001s(1%) route=0.000s(0%) meta=0.000s(0%) fetch=0.070s(66%) enc.moe=0.001s(1%) tail=0.000s(0%) head=0.004s(4%) other=0.001s(1%) call=0.105s | tiles=114 ahead=114 experts=661 miss=86 io=0.081s 3.7GB/s]
[prefill gpuq busy=0.047s(45%) idle=0.058s(55%) span=0.105s buffers=205]
[prefill gpu attn=0.012s(25%) shared=0.004s(9%) moe=0.026s(56%) tail=0.001s(2%) head=0.004s(8%) total=0.046s]
[prefill host enc.front=0.002s(3%) wait.front=0.026s(40%) drain=0.001s(1%) route=0.000s(0%) meta=0.000s(0%) fetch=0.030s(47%) enc.moe=0.001s(1%) tail=0.000s(0%) head=0.004s(6%) other=0.000s(1%) call=0.065s | tiles=96 ahead=96 experts=536 miss=42 io=0.031s 4.7GB/s]
[prefill gpuq busy=0.046s(71%) idle=0.019s(29%) span=0.065s buffers=187]
[prefill gpu attn=0.011s(27%) shared=0.004s(9%) moe=0.024s(55%) tail=0.001s(2%) head=0.003s(8%) total=0.043s]
[prefill host enc.front=0.002s(3%) wait.front=0.025s(48%) drain=0.000s(1%) route=0.000s(1%) meta=0.000s(0%) fetch=0.020s(39%) enc.moe=0.001s(1%) tail=0.000s(0%) head=0.004s(7%) other=0.000s(1%) call=0.053s | tiles=85 ahead=85 experts=485 miss=28 io=0.021s 4.7GB/s]
[prefill gpuq busy=0.043s(82%) idle=0.010s(18%) span=0.052s buffers=176]
[prefill gpu attn=0.011s(26%) shared=0.004s(8%) moe=0.025s(57%) tail=0.001s(2%) head=0.003s(8%) total=0.045s]
[prefill host enc.front=0.002s(3%) wait.front=0.027s(41%) drain=0.001s(1%) route=0.000s(0%) meta=0.000s(0%) fetch=0.031s(47%) enc.moe=0.001s(1%) tail=0.000s(0%) head=0.004s(5%) other=0.000s(1%) call=0.065s | tiles=89 ahead=89 experts=502 miss=50 io=0.031s 5.6GB/s]
[prefill gpuq busy=0.045s(69%) idle=0.020s(31%) span=0.065s buffers=180]
[prefill gpu attn=0.011s(24%) shared=0.004s(8%) moe=0.028s(59%) tail=0.001s(2%) head=0.004s(8%) total=0.047s]
[prefill host enc.front=0.002s(3%) wait.front=0.025s(35%) drain=0.000s(1%) route=0.000s(0%) meta=0.000s(0%) fetch=0.038s(53%) enc.moe=0.001s(1%) tail=0.000s(0%) head=0.004s(5%) other=0.001s(1%) call=0.072s | tiles=113 ahead=113 experts=655 miss=62 io=0.038s 5.6GB/s]
[prefill gpuq busy=0.047s(66%) idle=0.024s(34%) span=0.071s buffers=204]
[prefill gpu attn=0.011s(24%) shared=0.004s(8%) moe=0.028s(59%) tail=0.001s(2%) head=0.003s(7%) total=0.048s]
[prefill host enc.front=0.002s(2%) wait.front=0.031s(22%) drain=0.001s(1%) route=0.001s(0%) meta=0.000s(0%) fetch=0.099s(71%) enc.moe=0.002s(1%) tail=0.000s(0%) head=0.004s(3%) other=0.001s(1%) call=0.141s | tiles=91 ahead=91 experts=510 miss=182 io=0.117s 5.4GB/s]
[prefill gpuq busy=0.048s(34%) idle=0.092s(66%) span=0.140s buffers=182]
[prefill gpu attn=0.011s(25%) shared=0.004s(9%) moe=0.025s(57%) tail=0.001s(2%) head=0.003s(8%) total=0.044s]
[prefill host enc.front=0.002s(3%) wait.front=0.022s(37%) drain=0.001s(1%) route=0.000s(0%) meta=0.000s(0%) fetch=0.031s(50%) enc.moe=0.001s(1%) tail=0.000s(0%) head=0.004s(6%) other=0.000s(1%) call=0.061s | tiles=102 ahead=102 experts=552 miss=50 io=0.031s 5.6GB/s]
[prefill gpuq busy=0.044s(73%) idle=0.016s(27%) span=0.061s buffers=193]
[prefill gpu attn=0.011s(24%) shared=0.004s(8%) moe=0.027s(58%) tail=0.001s(2%) head=0.003s(7%) total=0.047s]
[prefill host enc.front=0.002s(3%) wait.front=0.024s(42%) drain=0.000s(1%) route=0.000s(0%) meta=0.000s(0%) fetch=0.025s(44%) enc.moe=0.001s(2%) tail=0.000s(0%) head=0.004s(6%) other=0.001s(1%) call=0.058s | tiles=113 ahead=113 experts=649 miss=58 io=0.026s 7.8GB/s]
[prefill gpuq busy=0.047s(81%) idle=0.011s(19%) span=0.057s buffers=204]
[prefill gpu attn=0.011s(25%) shared=0.004s(8%) moe=0.026s(57%) tail=0.001s(2%) head=0.003s(8%) total=0.046s]
[prefill host enc.front=0.002s(3%) wait.front=0.023s(35%) drain=0.000s(0%) route=0.000s(0%) meta=0.000s(0%) fetch=0.036s(53%) enc.moe=0.001s(1%) tail=0.000s(0%) head=0.004s(5%) other=0.001s(1%) call=0.067s | tiles=99 ahead=99 experts=541 miss=60 io=0.036s 5.8GB/s]
[prefill gpuq busy=0.046s(68%) idle=0.021s(32%) span=0.067s buffers=190]
[prefill gpu attn=0.012s(26%) shared=0.004s(9%) moe=0.024s(55%) tail=0.001s(2%) head=0.003s(8%) total=0.044s]
[prefill host enc.front=0.002s(3%) wait.front=0.024s(41%) drain=0.000s(1%) route=0.000s(0%) meta=0.000s(0%) fetch=0.027s(46%) enc.moe=0.001s(1%) tail=0.000s(0%) head=0.004s(6%) other=0.000s(1%) call=0.059s | tiles=93 ahead=93 experts=528 miss=39 io=0.027s 4.9GB/s]
[prefill gpuq busy=0.044s(75%) idle=0.015s(25%) span=0.059s buffers=184]
[prefill gpu attn=0.011s(25%) shared=0.004s(8%) moe=0.026s(57%) tail=0.001s(2%) head=0.003s(8%) total=0.045s]
[prefill host enc.front=0.002s(3%) wait.front=0.023s(38%) drain=0.000s(1%) route=0.000s(0%) meta=0.000s(0%) fetch=0.030s(50%) enc.moe=0.001s(1%) tail=0.000s(0%) head=0.004s(6%) other=0.000s(1%) call=0.060s | tiles=98 ahead=98 experts=560 miss=53 io=0.030s 6.2GB/s]
[prefill gpuq busy=0.045s(76%) idle=0.014s(24%) span=0.059s buffers=189]
[prefill gpu attn=0.011s(24%) shared=0.004s(8%) moe=0.027s(59%) tail=0.001s(2%) head=0.003s(7%) total=0.046s]
[prefill host enc.front=0.002s(3%) wait.front=0.023s(40%) drain=0.001s(1%) route=0.000s(0%) meta=0.000s(0%) fetch=0.026s(45%) enc.moe=0.001s(2%) tail=0.000s(0%) head=0.004s(6%) other=0.001s(1%) call=0.058s | tiles=97 ahead=97 experts=529 miss=85 io=0.028s 10.5GB/s]
[prefill gpuq busy=0.046s(81%) idle=0.011s(19%) span=0.057s buffers=188]
[prefill gpu attn=0.011s(26%) shared=0.004s(9%) moe=0.024s(56%) tail=0.001s(2%) head=0.003s(8%) total=0.043s]
[prefill host enc.front=0.002s(3%) wait.front=0.028s(58%) drain=0.001s(2%) route=0.000s(0%) meta=0.000s(0%) fetch=0.013s(26%) enc.moe=0.001s(2%) tail=0.000s(0%) head=0.004s(7%) other=0.000s(1%) call=0.048s | tiles=94 ahead=94 experts=543 miss=21 io=0.013s 5.7GB/s]
[prefill gpuq busy=0.043s(91%) idle=0.004s(9%) span=0.048s buffers=185]
[prefill gpu attn=0.012s(25%) shared=0.004s(8%) moe=0.027s(58%) tail=0.001s(2%) head=0.003s(7%) total=0.047s]
[prefill host enc.front=0.002s(3%) wait.front=0.027s(46%) drain=0.001s(2%) route=0.000s(0%) meta=0.000s(0%) fetch=0.023s(40%) enc.moe=0.001s(2%) tail=0.000s(0%) head=0.004s(6%) other=0.000s(1%) call=0.059s | tiles=105 ahead=105 experts=639 miss=39 io=0.024s 5.7GB/s]
[prefill gpuq busy=0.047s(79%) idle=0.012s(21%) span=0.059s buffers=196]
[prefill gpu attn=0.011s(24%) shared=0.004s(8%) moe=0.028s(59%) tail=0.001s(2%) head=0.003s(7%) total=0.047s]
[prefill host enc.front=0.002s(2%) wait.front=0.029s(27%) drain=0.000s(0%) route=0.000s(0%) meta=0.000s(0%) fetch=0.069s(65%) enc.moe=0.001s(1%) tail=0.000s(0%) head=0.004s(3%) other=0.001s(1%) call=0.107s | tiles=99 ahead=99 experts=579 miss=118 io=0.084s 4.9GB/s]
[prefill gpuq busy=0.047s(44%) idle=0.059s(56%) span=0.106s buffers=190]
[prefill gpu attn=0.011s(24%) shared=0.004s(8%) moe=0.028s(59%) tail=0.001s(2%) head=0.004s(8%) total=0.047s]
[prefill host enc.front=0.002s(3%) wait.front=0.024s(35%) drain=0.001s(1%) route=0.000s(0%) meta=0.000s(0%) fetch=0.037s(53%) enc.moe=0.001s(2%) tail=0.000s(0%) head=0.004s(5%) other=0.001s(1%) call=0.069s | tiles=105 ahead=105 experts=611 miss=80 io=0.037s 7.5GB/s]
[prefill gpuq busy=0.047s(69%) idle=0.022s(31%) span=0.069s buffers=196]
[prefill gpu attn=0.011s(25%) shared=0.004s(9%) moe=0.026s(57%) tail=0.001s(2%) head=0.003s(7%) total=0.046s]
[prefill host enc.front=0.002s(3%) wait.front=0.023s(39%) drain=0.001s(1%) route=0.000s(0%) meta=0.000s(0%) fetch=0.029s(48%) enc.moe=0.001s(1%) tail=0.000s(0%) head=0.004s(6%) other=0.001s(1%) call=0.061s | tiles=105 ahead=105 experts=624 miss=55 io=0.030s 6.4GB/s]
[prefill gpuq busy=0.045s(75%) idle=0.015s(25%) span=0.061s buffers=196]
[prefill gpu attn=0.011s(26%) shared=0.004s(8%) moe=0.025s(56%) tail=0.001s(2%) head=0.003s(8%) total=0.044s]
[prefill host enc.front=0.002s(3%) wait.front=0.028s(57%) drain=0.001s(1%) route=0.000s(0%) meta=0.000s(0%) fetch=0.014s(28%) enc.moe=0.001s(2%) tail=0.000s(0%) head=0.004s(7%) other=0.000s(1%) call=0.050s | tiles=101 ahead=101 experts=623 miss=26 io=0.014s 6.3GB/s]
[prefill gpuq busy=0.044s(89%) idle=0.006s(11%) span=0.049s buffers=192]
[prefill gpu attn=0.011s(24%) shared=0.004s(8%) moe=0.028s(59%) tail=0.001s(2%) head=0.003s(7%) total=0.047s]
[prefill host enc.front=0.002s(3%) wait.front=0.025s(41%) drain=0.000s(1%) route=0.000s(0%) meta=0.000s(0%) fetch=0.028s(46%) enc.moe=0.001s(2%) tail=0.000s(0%) head=0.004s(6%) other=0.001s(1%) call=0.061s | tiles=106 ahead=106 experts=638 miss=69 io=0.028s 8.4GB/s]
[prefill gpuq busy=0.047s(78%) idle=0.014s(22%) span=0.061s buffers=197]
[prefill gpu attn=0.011s(25%) shared=0.004s(8%) moe=0.026s(58%) tail=0.001s(2%) head=0.003s(7%) total=0.046s]
[prefill host enc.front=0.002s(3%) wait.front=0.030s(55%) drain=0.000s(1%) route=0.000s(0%) meta=0.000s(0%) fetch=0.017s(32%) enc.moe=0.001s(2%) tail=0.000s(0%) head=0.004s(7%) other=0.000s(1%) call=0.054s | tiles=105 ahead=105 experts=629 miss=35 io=0.017s 7.0GB/s]
[prefill gpuq busy=0.046s(85%) idle=0.008s(15%) span=0.054s buffers=196]
[prefill gpu attn=0.011s(24%) shared=0.004s(8%) moe=0.028s(59%) tail=0.001s(2%) head=0.003s(7%) total=0.047s]
[prefill host enc.front=0.002s(3%) wait.front=0.023s(42%) drain=0.001s(1%) route=0.000s(0%) meta=0.000s(0%) fetch=0.024s(44%) enc.moe=0.001s(2%) tail=0.000s(0%) head=0.004s(7%) other=0.001s(1%) call=0.056s | tiles=110 ahead=110 experts=624 miss=63 io=0.026s 8.4GB/s]
[prefill gpuq busy=0.047s(85%) idle=0.008s(15%) span=0.055s buffers=201]
[prefill gpu attn=0.011s(25%) shared=0.004s(8%) moe=0.026s(58%) tail=0.001s(2%) head=0.003s(7%) total=0.046s]
[prefill host enc.front=0.002s(3%) wait.front=0.020s(33%) drain=0.000s(1%) route=0.000s(0%) meta=0.000s(0%) fetch=0.034s(55%) enc.moe=0.001s(2%) tail=0.000s(0%) head=0.004s(6%) other=0.001s(1%) call=0.061s | tiles=100 ahead=100 experts=560 miss=69 io=0.034s 7.0GB/s]
[prefill gpuq busy=0.046s(75%) idle=0.015s(25%) span=0.061s buffers=191]
[prefill gpu attn=0.011s(24%) shared=0.004s(8%) moe=0.028s(59%) tail=0.001s(2%) head=0.003s(7%) total=0.047s]
[prefill host enc.front=0.002s(3%) wait.front=0.021s(28%) drain=0.000s(1%) route=0.000s(0%) meta=0.000s(0%) fetch=0.045s(61%) enc.moe=0.001s(1%) tail=0.000s(0%) head=0.004s(5%) other=0.001s(1%) call=0.074s | tiles=93 ahead=93 experts=524 miss=107 io=0.048s 7.7GB/s]
[prefill gpuq busy=0.047s(64%) idle=0.027s(36%) span=0.074s buffers=184]
[prefill gpu attn=0.011s(26%) shared=0.004s(9%) moe=0.024s(56%) tail=0.001s(2%) head=0.003s(8%) total=0.043s]
[prefill host enc.front=0.002s(4%) wait.front=0.030s(65%) drain=0.001s(1%) route=0.000s(0%) meta=0.000s(0%) fetch=0.009s(19%) enc.moe=0.001s(2%) tail=0.000s(0%) head=0.004s(8%) other=0.000s(1%) call=0.047s | tiles=91 ahead=91 experts=541 miss=19 io=0.009s 7.2GB/s]
[prefill gpuq busy=0.043s(94%) idle=0.003s(6%) span=0.046s buffers=182]
[prefill gpu attn=0.011s(26%) shared=0.004s(8%) moe=0.025s(57%) tail=0.001s(2%) head=0.003s(8%) total=0.044s]
[prefill host enc.front=0.002s(3%) wait.front=0.026s(51%) drain=0.000s(1%) route=0.000s(0%) meta=0.000s(0%) fetch=0.018s(35%) enc.moe=0.001s(2%) tail=0.000s(0%) head=0.004s(7%) other=0.000s(1%) call=0.051s | tiles=107 ahead=107 experts=630 miss=31 io=0.018s 5.8GB/s]
[prefill gpuq busy=0.044s(86%) idle=0.007s(14%) span=0.051s buffers=198]
[prefill gpu attn=0.011s(25%) shared=0.004s(8%) moe=0.027s(59%) tail=0.001s(2%) head=0.003s(7%) total=0.047s]
[prefill host enc.front=0.002s(4%) wait.front=0.024s(46%) drain=0.001s(1%) route=0.000s(1%) meta=0.000s(0%) fetch=0.021s(39%) enc.moe=0.001s(2%) tail=0.000s(0%) head=0.004s(7%) other=0.001s(1%) call=0.053s | tiles=98 ahead=98 experts=566 miss=63 io=0.021s 10.4GB/s]
[prefill gpuq busy=0.047s(89%) idle=0.006s(11%) span=0.052s buffers=189]
[prefill gpu attn=0.011s(26%) shared=0.004s(8%) moe=0.025s(57%) tail=0.001s(2%) head=0.003s(8%) total=0.044s]
[prefill host enc.front=0.002s(3%) wait.front=0.028s(56%) drain=0.001s(1%) route=0.000s(0%) meta=0.000s(0%) fetch=0.015s(29%) enc.moe=0.001s(2%) tail=0.000s(0%) head=0.004s(7%) other=0.000s(1%) call=0.050s | tiles=98 ahead=98 experts=592 miss=34 io=0.015s 8.0GB/s]
[prefill gpuq busy=0.044s(89%) idle=0.006s(11%) span=0.050s buffers=189]
[prefill gpu attn=0.011s(24%) shared=0.004s(8%) moe=0.027s(59%) tail=0.001s(2%) head=0.003s(7%) total=0.047s]
[prefill host enc.front=0.002s(2%) wait.front=0.024s(30%) drain=0.000s(1%) route=0.000s(0%) meta=0.000s(0%) fetch=0.047s(59%) enc.moe=0.001s(1%) tail=0.000s(0%) head=0.004s(5%) other=0.001s(1%) call=0.079s | tiles=92 ahead=92 experts=552 miss=102 io=0.047s 7.5GB/s]
[prefill gpuq busy=0.047s(59%) idle=0.032s(41%) span=0.079s buffers=183]
[prefill gpu attn=0.012s(24%) shared=0.004s(8%) moe=0.029s(60%) tail=0.001s(2%) head=0.003s(7%) total=0.049s]
[prefill host enc.front=0.002s(3%) wait.front=0.020s(30%) drain=0.001s(1%) route=0.000s(0%) meta=0.000s(0%) fetch=0.038s(57%) enc.moe=0.001s(2%) tail=0.000s(0%) head=0.004s(5%) other=0.001s(1%) call=0.066s | tiles=113 ahead=113 experts=645 miss=85 io=0.039s 7.6GB/s]
[prefill gpuq busy=0.049s(74%) idle=0.018s(26%) span=0.066s buffers=204]
[prefill gpu attn=0.011s(25%) shared=0.004s(9%) moe=0.026s(57%) tail=0.001s(2%) head=0.003s(8%) total=0.046s]
[prefill host enc.front=0.002s(4%) wait.front=0.025s(49%) drain=0.001s(1%) route=0.000s(1%) meta=0.000s(0%) fetch=0.018s(36%) enc.moe=0.001s(2%) tail=0.000s(0%) head=0.004s(7%) other=0.000s(1%) call=0.051s | tiles=95 ahead=95 experts=555 miss=48 io=0.019s 8.9GB/s]
[prefill gpuq busy=0.045s(89%) idle=0.006s(11%) span=0.051s buffers=186]
[prefill gpu attn=0.012s(25%) shared=0.004s(9%) moe=0.026s(57%) tail=0.001s(2%) head=0.003s(7%) total=0.045s]
[prefill host enc.front=0.002s(3%) wait.front=0.025s(43%) drain=0.000s(1%) route=0.000s(0%) meta=0.000s(0%) fetch=0.026s(44%) enc.moe=0.001s(1%) tail=0.000s(0%) head=0.004s(6%) other=0.000s(1%) call=0.059s | tiles=91 ahead=91 experts=502 miss=45 io=0.026s 5.9GB/s]
[prefill gpuq busy=0.045s(77%) idle=0.013s(23%) span=0.059s buffers=182]
[prefill gpu attn=0.011s(26%) shared=0.004s(10%) moe=0.024s(55%) tail=0.001s(2%) head=0.003s(8%) total=0.044s]
[prefill host enc.front=0.002s(3%) wait.front=0.028s(58%) drain=0.000s(1%) route=0.000s(0%) meta=0.000s(0%) fetch=0.013s(27%) enc.moe=0.001s(1%) tail=0.000s(0%) head=0.004s(7%) other=0.000s(1%) call=0.048s | tiles=83 ahead=83 experts=470 miss=24 io=0.013s 6.2GB/s]
[prefill gpuq busy=0.043s(90%) idle=0.005s(10%) span=0.048s buffers=174]
[prefill gpu attn=0.012s(27%) shared=0.004s(8%) moe=0.024s(56%) tail=0.001s(2%) head=0.003s(8%) total=0.044s]
[prefill host enc.front=0.002s(3%) wait.front=0.027s(52%) drain=0.000s(1%) route=0.000s(0%) meta=0.000s(0%) fetch=0.018s(34%) enc.moe=0.001s(1%) tail=0.000s(0%) head=0.004s(7%) other=0.000s(1%) call=0.051s | tiles=85 ahead=85 experts=502 miss=40 io=0.018s 7.8GB/s]
[prefill gpuq busy=0.044s(85%) idle=0.008s(15%) span=0.051s buffers=176]
[prefill gpu attn=0.012s(25%) shared=0.004s(8%) moe=0.027s(58%) tail=0.001s(2%) head=0.003s(7%) total=0.046s]
[prefill host enc.front=0.002s(3%) wait.front=0.023s(33%) drain=0.001s(1%) route=0.000s(0%) meta=0.000s(0%) fetch=0.038s(55%) enc.moe=0.001s(1%) tail=0.000s(0%) head=0.004s(5%) other=0.001s(1%) call=0.068s | tiles=103 ahead=103 experts=567 miss=72 io=0.038s 6.6GB/s]
[prefill gpuq busy=0.046s(68%) idle=0.022s(32%) span=0.068s buffers=194]
[prefill gpu attn=0.011s(25%) shared=0.004s(8%) moe=0.027s(58%) tail=0.001s(2%) head=0.004s(8%) total=0.047s]
[prefill host enc.front=0.002s(3%) wait.front=0.024s(36%) drain=0.000s(1%) route=0.000s(0%) meta=0.000s(0%) fetch=0.035s(52%) enc.moe=0.001s(1%) tail=0.000s(0%) head=0.004s(6%) other=0.001s(1%) call=0.067s | tiles=111 ahead=111 experts=613 miss=65 io=0.038s 5.9GB/s]
[prefill gpuq busy=0.047s(70%) idle=0.020s(30%) span=0.066s buffers=202]
[prefill gpu attn=0.012s(26%) shared=0.004s(8%) moe=0.025s(56%) tail=0.001s(2%) head=0.003s(8%) total=0.045s]
[prefill host enc.front=0.002s(3%) wait.front=0.028s(53%) drain=0.001s(1%) route=0.000s(0%) meta=0.000s(0%) fetch=0.018s(33%) enc.moe=0.001s(2%) tail=0.000s(0%) head=0.004s(7%) other=0.000s(1%) call=0.054s | tiles=105 ahead=105 experts=607 miss=41 io=0.018s 8.0GB/s]
[prefill gpuq busy=0.045s(85%) idle=0.008s(15%) span=0.053s buffers=196]
[prefill gpu attn=0.012s(25%) shared=0.004s(8%) moe=0.027s(58%) tail=0.001s(2%) head=0.003s(7%) total=0.047s]
[prefill host enc.front=0.002s(3%) wait.front=0.025s(46%) drain=0.000s(1%) route=0.000s(0%) meta=0.000s(0%) fetch=0.022s(40%) enc.moe=0.001s(2%) tail=0.000s(0%) head=0.004s(7%) other=0.001s(1%) call=0.055s | tiles=99 ahead=99 experts=551 miss=61 io=0.023s 9.3GB/s]
[prefill gpuq busy=0.047s(85%) idle=0.008s(15%) span=0.055s buffers=190]
[prefill gpu attn=0.012s(25%) shared=0.004s(8%) moe=0.028s(58%) tail=0.001s(2%) head=0.003s(7%) total=0.048s]
[prefill host enc.front=0.002s(3%) wait.front=0.025s(36%) drain=0.001s(1%) route=0.000s(0%) meta=0.000s(0%) fetch=0.036s(52%) enc.moe=0.001s(1%) tail=0.000s(0%) head=0.004s(5%) other=0.001s(1%) call=0.069s | tiles=97 ahead=97 experts=542 miss=90 io=0.038s 8.2GB/s]
[prefill gpuq busy=0.048s(70%) idle=0.021s(30%) span=0.068s buffers=188]
[prefill gpu attn=0.011s(26%) shared=0.004s(8%) moe=0.025s(56%) tail=0.001s(2%) head=0.003s(8%) total=0.044s]
[prefill host enc.front=0.002s(3%) wait.front=0.024s(44%) drain=0.000s(1%) route=0.000s(0%) meta=0.000s(0%) fetch=0.023s(42%) enc.moe=0.001s(2%) tail=0.000s(0%) head=0.004s(7%) other=0.000s(1%) call=0.054s | tiles=92 ahead=92 experts=496 miss=42 io=0.023s 6.3GB/s]
[prefill gpuq busy=0.044s(82%) idle=0.010s(18%) span=0.054s buffers=183]
[prefill gpu attn=0.011s(24%) shared=0.004s(8%) moe=0.029s(60%) tail=0.001s(2%) head=0.003s(7%) total=0.048s]
[prefill host enc.front=0.002s(2%) wait.front=0.023s(29%) drain=0.001s(1%) route=0.000s(0%) meta=0.000s(0%) fetch=0.048s(61%) enc.moe=0.001s(1%) tail=0.000s(0%) head=0.004s(5%) other=0.001s(1%) call=0.080s | tiles=116 ahead=116 experts=692 miss=93 io=0.049s 6.6GB/s]
[prefill gpuq busy=0.048s(60%) idle=0.031s(40%) span=0.079s buffers=207]
[prefill gpu attn=0.012s(25%) shared=0.004s(8%) moe=0.027s(58%) tail=0.001s(2%) head=0.004s(8%) total=0.046s]
[prefill host enc.front=0.002s(3%) wait.front=0.027s(40%) drain=0.001s(1%) route=0.000s(0%) meta=0.000s(0%) fetch=0.032s(48%) enc.moe=0.001s(1%) tail=0.000s(0%) head=0.004s(6%) other=0.000s(1%) call=0.067s | tiles=104 ahead=104 experts=604 miss=67 io=0.036s 6.5GB/s]
[prefill gpuq busy=0.046s(70%) idle=0.020s(30%) span=0.067s buffers=195]
[prefill gpu attn=0.011s(25%) shared=0.004s(8%) moe=0.027s(58%) tail=0.001s(2%) head=0.003s(7%) total=0.046s]
[prefill host enc.front=0.002s(3%) wait.front=0.022s(37%) drain=0.000s(1%) route=0.000s(0%) meta=0.000s(0%) fetch=0.030s(50%) enc.moe=0.001s(2%) tail=0.000s(0%) head=0.004s(6%) other=0.001s(1%) call=0.060s | tiles=99 ahead=99 experts=559 miss=69 io=0.030s 7.9GB/s]
[prefill gpuq busy=0.046s(78%) idle=0.013s(22%) span=0.059s buffers=190]
[prefill gpu attn=0.012s(24%) shared=0.004s(8%) moe=0.028s(58%) tail=0.001s(2%) head=0.004s(7%) total=0.047s]
[prefill host enc.front=0.002s(3%) wait.front=0.024s(38%) drain=0.000s(1%) route=0.000s(0%) meta=0.000s(0%) fetch=0.032s(50%) enc.moe=0.001s(2%) tail=0.000s(0%) head=0.004s(6%) other=0.001s(1%) call=0.064s | tiles=113 ahead=113 experts=647 miss=67 io=0.036s 6.5GB/s]
[prefill gpuq busy=0.047s(75%) idle=0.016s(25%) span=0.063s buffers=204]
[prefill gpu attn=0.012s(26%) shared=0.004s(8%) moe=0.025s(56%) tail=0.001s(2%) head=0.003s(8%) total=0.045s]
[prefill host enc.front=0.002s(4%) wait.front=0.026s(51%) drain=0.000s(1%) route=0.000s(1%) meta=0.000s(0%) fetch=0.017s(33%) enc.moe=0.001s(2%) tail=0.000s(0%) head=0.004s(7%) other=0.000s(1%) call=0.050s | tiles=89 ahead=89 experts=520 miss=54 io=0.018s 10.2GB/s]
[prefill gpuq busy=0.045s(90%) idle=0.005s(10%) span=0.050s buffers=180]
[prefill gpu attn=0.012s(25%) shared=0.004s(8%) moe=0.028s(58%) tail=0.001s(2%) head=0.003s(7%) total=0.048s]
[prefill host enc.front=0.002s(3%) wait.front=0.026s(45%) drain=0.001s(1%) route=0.000s(0%) meta=0.000s(0%) fetch=0.024s(41%) enc.moe=0.001s(2%) tail=0.000s(0%) head=0.004s(6%) other=0.001s(1%) call=0.058s | tiles=105 ahead=105 experts=618 miss=52 io=0.026s 6.9GB/s]
[prefill gpuq busy=0.048s(83%) idle=0.010s(17%) span=0.057s buffers=196]
[prefill gpu attn=0.012s(25%) shared=0.004s(8%) moe=0.027s(58%) tail=0.001s(2%) head=0.004s(8%) total=0.047s]
[prefill host enc.front=0.002s(3%) wait.front=0.028s(50%) drain=0.000s(1%) route=0.000s(0%) meta=0.000s(0%) fetch=0.021s(36%) enc.moe=0.001s(2%) tail=0.000s(0%) head=0.004s(7%) other=0.001s(1%) call=0.057s | tiles=108 ahead=108 experts=662 miss=46 io=0.021s 7.6GB/s]
[prefill gpuq busy=0.047s(83%) idle=0.009s(17%) span=0.056s buffers=199]
[prefill gpu attn=0.011s(26%) shared=0.004s(9%) moe=0.025s(56%) tail=0.001s(2%) head=0.003s(8%) total=0.044s]
[prefill host enc.front=0.002s(4%) wait.front=0.032s(64%) drain=0.000s(1%) route=0.000s(0%) meta=0.000s(0%) fetch=0.010s(21%) enc.moe=0.001s(2%) tail=0.000s(0%) head=0.004s(7%) other=0.000s(1%) call=0.050s | tiles=95 ahead=95 experts=530 miss=38 io=0.011s 12.4GB/s]
[prefill gpuq busy=0.044s(90%) idle=0.005s(10%) span=0.049s buffers=186]
[prefill gpu attn=0.012s(25%) shared=0.004s(9%) moe=0.026s(57%) tail=0.001s(2%) head=0.004s(8%) total=0.046s]
[prefill host enc.front=0.002s(3%) wait.front=0.021s(36%) drain=0.000s(1%) route=0.000s(0%) meta=0.000s(0%) fetch=0.029s(50%) enc.moe=0.001s(2%) tail=0.000s(0%) head=0.004s(7%) other=0.001s(1%) call=0.057s | tiles=104 ahead=104 experts=562 miss=51 io=0.029s 6.1GB/s]
[prefill gpuq busy=0.046s(81%) idle=0.011s(19%) span=0.057s buffers=195]
[prefill gpu attn=0.012s(25%) shared=0.004s(8%) moe=0.026s(58%) tail=0.001s(2%) head=0.003s(7%) total=0.045s]
[prefill host enc.front=0.002s(3%) wait.front=0.027s(46%) drain=0.000s(1%) route=0.000s(0%) meta=0.000s(0%) fetch=0.025s(41%) enc.moe=0.001s(2%) tail=0.000s(0%) head=0.004s(6%) other=0.001s(1%) call=0.059s | tiles=100 ahead=100 experts=565 miss=54 io=0.025s 7.5GB/s]
[prefill gpuq busy=0.045s(77%) idle=0.013s(23%) span=0.059s buffers=191]
[prefill gpu attn=0.012s(26%) shared=0.004s(8%) moe=0.025s(56%) tail=0.001s(2%) head=0.003s(8%) total=0.044s]
[prefill host enc.front=0.002s(3%) wait.front=0.029s(59%) drain=0.000s(1%) route=0.000s(0%) meta=0.000s(0%) fetch=0.013s(26%) enc.moe=0.001s(2%) tail=0.000s(0%) head=0.004s(7%) other=0.000s(1%) call=0.049s | tiles=95 ahead=95 experts=566 miss=28 io=0.013s 7.3GB/s]
[prefill gpuq busy=0.044s(90%) idle=0.005s(10%) span=0.049s buffers=186]
[prefill gpu attn=0.012s(26%) shared=0.004s(8%) moe=0.025s(56%) tail=0.001s(2%) head=0.003s(8%) total=0.044s]
[prefill host enc.front=0.002s(3%) wait.front=0.028s(54%) drain=0.000s(1%) route=0.000s(0%) meta=0.000s(0%) fetch=0.016s(32%) enc.moe=0.001s(2%) tail=0.000s(0%) head=0.004s(7%) other=0.000s(1%) call=0.051s | tiles=94 ahead=94 experts=530 miss=36 io=0.017s 7.5GB/s]
[prefill gpuq busy=0.044s(87%) idle=0.007s(13%) span=0.051s buffers=185]
[prefill gpu attn=0.012s(25%) shared=0.004s(8%) moe=0.026s(57%) tail=0.001s(2%) head=0.004s(8%) total=0.046s]
[prefill host enc.front=0.002s(3%) wait.front=0.028s(45%) drain=0.000s(1%) route=0.000s(0%) meta=0.000s(0%) fetch=0.026s(42%) enc.moe=0.001s(1%) tail=0.000s(0%) head=0.004s(6%) other=0.001s(1%) call=0.062s | tiles=106 ahead=106 experts=602 miss=51 io=0.027s 6.6GB/s]
[prefill gpuq busy=0.046s(74%) idle=0.016s(26%) span=0.062s buffers=197]
[prefill gpu attn=0.012s(24%) shared=0.004s(8%) moe=0.029s(60%) tail=0.001s(2%) head=0.003s(7%) total=0.049s]
[prefill host enc.front=0.002s(3%) wait.front=0.029s(46%) drain=0.001s(1%) route=0.000s(0%) meta=0.000s(0%) fetch=0.025s(41%) enc.moe=0.001s(2%) tail=0.000s(0%) head=0.004s(6%) other=0.001s(1%) call=0.062s | tiles=103 ahead=103 experts=597 miss=77 io=0.029s 9.1GB/s]
[prefill gpuq busy=0.049s(79%) idle=0.013s(21%) span=0.062s buffers=194]
[prefill gpu attn=0.011s(25%) shared=0.004s(8%) moe=0.027s(58%) tail=0.001s(2%) head=0.003s(7%) total=0.046s]
[prefill host enc.front=0.002s(3%) wait.front=0.027s(52%) drain=0.001s(1%) route=0.000s(1%) meta=0.000s(0%) fetch=0.017s(33%) enc.moe=0.001s(2%) tail=0.000s(0%) head=0.004s(7%) other=0.001s(1%) call=0.052s | tiles=108 ahead=108 experts=605 miss=52 io=0.018s 9.7GB/s]
[prefill gpuq busy=0.046s(90%) idle=0.005s(10%) span=0.051s buffers=199]
[prefill gpu attn=0.011s(26%) shared=0.004s(8%) moe=0.025s(56%) tail=0.001s(2%) head=0.003s(8%) total=0.044s]
[prefill host enc.front=0.002s(4%) wait.front=0.027s(57%) drain=0.000s(1%) route=0.000s(0%) meta=0.000s(0%) fetch=0.013s(28%) enc.moe=0.001s(2%) tail=0.000s(0%) head=0.004s(8%) other=0.000s(1%) call=0.048s | tiles=83 ahead=83 experts=468 miss=38 io=0.014s 9.7GB/s]
[prefill gpuq busy=0.044s(93%) idle=0.003s(7%) span=0.047s buffers=174]
[prefill gpu attn=0.012s(25%) shared=0.004s(8%) moe=0.026s(57%) tail=0.001s(2%) head=0.004s(8%) total=0.046s]
[prefill host enc.front=0.002s(3%) wait.front=0.027s(50%) drain=0.000s(1%) route=0.000s(0%) meta=0.000s(0%) fetch=0.019s(35%) enc.moe=0.001s(2%) tail=0.000s(0%) head=0.004s(7%) other=0.000s(1%) call=0.054s | tiles=97 ahead=97 experts=562 miss=42 io=0.019s 7.5GB/s]
[prefill gpuq busy=0.046s(85%) idle=0.008s(15%) span=0.054s buffers=188]
[prefill gpu attn=0.012s(27%) shared=0.004s(9%) moe=0.024s(55%) tail=0.001s(2%) head=0.003s(8%) total=0.044s]
[prefill host enc.front=0.002s(3%) wait.front=0.032s(64%) drain=0.000s(1%) route=0.000s(0%) meta=0.000s(0%) fetch=0.011s(22%) enc.moe=0.001s(1%) tail=0.000s(0%) head=0.004s(7%) other=0.000s(1%) call=0.050s | tiles=81 ahead=81 experts=497 miss=22 io=0.011s 6.8GB/s]
[prefill gpuq busy=0.044s(88%) idle=0.006s(12%) span=0.050s buffers=172]
[prefill gpu attn=0.012s(26%) shared=0.004s(9%) moe=0.025s(55%) tail=0.001s(2%) head=0.004s(8%) total=0.044s]
[prefill host enc.front=0.002s(3%) wait.front=0.034s(71%) drain=0.000s(1%) route=0.000s(0%) meta=0.000s(0%) fetch=0.007s(14%) enc.moe=0.001s(1%) tail=0.000s(0%) head=0.004s(8%) other=0.000s(1%) call=0.049s | tiles=90 ahead=90 experts=574 miss=13 io=0.007s 6.3GB/s]
[prefill gpuq busy=0.044s(92%) idle=0.004s(8%) span=0.048s buffers=181]
[prefill gpu attn=0.012s(26%) shared=0.004s(8%) moe=0.026s(57%) tail=0.001s(2%) head=0.003s(8%) total=0.045s]
[prefill host enc.front=0.002s(3%) wait.front=0.032s(52%) drain=0.000s(1%) route=0.000s(0%) meta=0.000s(0%) fetch=0.022s(36%) enc.moe=0.001s(1%) tail=0.000s(0%) head=0.004s(6%) other=0.000s(1%) call=0.062s | tiles=92 ahead=92 experts=547 miss=52 io=0.025s 7.2GB/s]
[prefill gpuq busy=0.045s(74%) idle=0.016s(26%) span=0.061s buffers=183]
[prefill gpu attn=0.012s(25%) shared=0.004s(9%) moe=0.026s(57%) tail=0.001s(2%) head=0.004s(8%) total=0.045s]
[prefill host enc.front=0.002s(4%) wait.front=0.033s(68%) drain=0.001s(1%) route=0.000s(1%) meta=0.000s(0%) fetch=0.007s(15%) enc.moe=0.001s(2%) tail=0.000s(0%) head=0.004s(8%) other=0.000s(1%) call=0.048s | tiles=93 ahead=93 experts=595 miss=29 io=0.007s 13.5GB/s]
[prefill gpuq busy=0.045s(95%) idle=0.002s(5%) span=0.048s buffers=184]
[prefill gpu attn=0.012s(26%) shared=0.004s(8%) moe=0.025s(56%) tail=0.001s(2%) head=0.003s(8%) total=0.045s]
[prefill host enc.front=0.002s(3%) wait.front=0.028s(53%) drain=0.001s(1%) route=0.000s(0%) meta=0.000s(0%) fetch=0.018s(34%) enc.moe=0.001s(1%) tail=0.000s(0%) head=0.004s(7%) other=0.000s(1%) call=0.054s | tiles=90 ahead=90 experts=524 miss=37 io=0.018s 7.0GB/s]
[prefill gpuq busy=0.045s(84%) idle=0.009s(16%) span=0.054s buffers=181]
[prefill gpu attn=0.015s(31%) shared=0.004s(8%) moe=0.025s(52%) tail=0.001s(2%) head=0.003s(7%) total=0.048s]
[prefill host enc.front=0.002s(3%) wait.front=0.034s(65%) drain=0.001s(1%) route=0.000s(0%) meta=0.000s(0%) fetch=0.010s(20%) enc.moe=0.001s(1%) tail=0.000s(0%) head=0.004s(7%) other=0.000s(1%) call=0.051s | tiles=78 ahead=78 experts=457 miss=32 io=0.011s 10.4GB/s]
[prefill gpuq busy=0.048s(93%) idle=0.004s(7%) span=0.051s buffers=169]
[prefill gpu attn=0.012s(25%) shared=0.004s(8%) moe=0.027s(58%) tail=0.001s(2%) head=0.003s(7%) total=0.047s]
[prefill host enc.front=0.002s(3%) wait.front=0.026s(43%) drain=0.000s(1%) route=0.000s(0%) meta=0.000s(0%) fetch=0.027s(44%) enc.moe=0.001s(2%) tail=0.000s(0%) head=0.004s(6%) other=0.001s(1%) call=0.061s | tiles=114 ahead=114 experts=639 miss=71 io=0.027s 9.1GB/s]
[prefill gpuq busy=0.047s(77%) idle=0.014s(23%) span=0.061s buffers=205]
[prefill gpu attn=0.012s(25%) shared=0.004s(8%) moe=0.027s(58%) tail=0.001s(2%) head=0.003s(7%) total=0.046s]
[prefill host enc.front=0.002s(4%) wait.front=0.030s(59%) drain=0.001s(1%) route=0.000s(0%) meta=0.000s(0%) fetch=0.013s(25%) enc.moe=0.001s(2%) tail=0.000s(0%) head=0.004s(7%) other=0.000s(1%) call=0.051s | tiles=99 ahead=99 experts=600 miss=37 io=0.013s 9.9GB/s]
[prefill gpuq busy=0.046s(92%) idle=0.004s(8%) span=0.051s buffers=190]
[prefill gpu attn=0.012s(26%) shared=0.004s(9%) moe=0.027s(56%) tail=0.001s(2%) head=0.003s(7%) total=0.047s]
[prefill host enc.front=0.002s(3%) wait.front=0.025s(45%) drain=0.000s(1%) route=0.000s(1%) meta=0.000s(0%) fetch=0.022s(41%) enc.moe=0.001s(2%) tail=0.000s(0%) head=0.004s(7%) other=0.000s(1%) call=0.055s | tiles=89 ahead=89 experts=490 miss=58 io=0.023s 8.8GB/s]
[prefill gpuq busy=0.047s(85%) idle=0.008s(15%) span=0.055s buffers=180]
[prefill gpu attn=0.012s(25%) shared=0.004s(8%) moe=0.028s(59%) tail=0.001s(2%) head=0.003s(7%) total=0.047s]
[prefill host enc.front=0.002s(3%) wait.front=0.026s(44%) drain=0.000s(1%) route=0.000s(0%) meta=0.000s(0%) fetch=0.025s(43%) enc.moe=0.001s(2%) tail=0.000s(0%) head=0.004s(6%) other=0.001s(1%) call=0.059s | tiles=100 ahead=100 experts=573 miss=79 io=0.027s 10.3GB/s]
[prefill gpuq busy=0.047s(80%) idle=0.012s(20%) span=0.059s buffers=191]
[prefill gpu attn=0.012s(25%) shared=0.004s(8%) moe=0.027s(58%) tail=0.001s(2%) head=0.003s(7%) total=0.046s]
[prefill host enc.front=0.002s(3%) wait.front=0.023s(35%) drain=0.000s(1%) route=0.000s(0%) meta=0.000s(0%) fetch=0.035s(53%) enc.moe=0.001s(1%) tail=0.000s(0%) head=0.004s(5%) other=0.001s(1%) call=0.067s | tiles=102 ahead=102 experts=565 miss=60 io=0.036s 5.8GB/s]
[prefill gpuq busy=0.046s(70%) idle=0.020s(30%) span=0.066s buffers=193]

[stop=maxTokens prefill=349tok new=192tok decode=6.51s tok/s=29.498]
[load=0.757s layerVerify=0.000s/30layers prefill=4.391s ttft=4.392s peak=6.76GB rss=4.43GB]
[expert prefill hit=0.0% 0/3020 io=1.844s | decode hit=88.9% 39093/43960 io=3.031s]
[vision images=1 soft=260 tower=1.753s towerLoad=0.001s]
[decode/tok io=0.00ms cb1=0.00ms cb2=0.00ms head=0.00ms]
[mtp bs=4 rounds=77 accept=1.481/3 tok/round=2.494 draft=0.745s verify=5.516s accepted=20,25,7,25]
