[prefill gpu attn=0.394s(30%) shared=0.115s(9%) moe=0.780s(60%) tail=0.007s(1%) head=0.003s(0%) total=1.300s]
[prefill host enc.front=0.002s(0%) wait.front=0.533s(22%) drain=0.000s(0%) route=0.006s(0%) wait.shared=0.109s(4%) meta=0.000s(0%) fetch=1.653s(67%) enc.moe=0.014s(1%) wait.tile=0.115s(5%) tail=0.013s(1%) head=0.004s(0%) other=0.005s(0%) call=2.455s | tiles=358 ahead=0 experts=0 miss=0 io=0.000s 0.0GB/s]
[prefill gpuq busy=1.300s(56%) idle=1.020s(44%) span=2.320s buffers=449]
[prefill gpu attn=0.026s(40%) shared=0.005s(7%) moe=0.030s(45%) tail=0.001s(1%) head=0.004s(6%) total=0.066s]
[prefill host enc.front=0.003s(1%) wait.front=0.096s(36%) drain=0.001s(0%) route=0.001s(0%) meta=0.000s(0%) fetch=0.159s(59%) enc.moe=0.002s(1%) tail=0.000s(0%) head=0.005s(2%) other=0.001s(0%) call=0.267s | tiles=76 ahead=76 experts=419 miss=191 io=0.212s 3.1GB/s]
[prefill gpuq busy=0.066s(25%) idle=0.201s(75%) span=0.266s buffers=167]
[prefill gpu attn=0.012s(25%) shared=0.004s(9%) moe=0.027s(57%) tail=0.001s(2%) head=0.004s(7%) total=0.048s]
[prefill host enc.front=0.002s(2%) wait.front=0.033s(31%) drain=0.000s(0%) route=0.000s(0%) meta=0.000s(0%) fetch=0.066s(61%) enc.moe=0.001s(1%) tail=0.000s(0%) head=0.004s(3%) other=0.001s(1%) call=0.108s | tiles=87 ahead=87 experts=442 miss=71 io=0.073s 3.4GB/s]
[prefill gpuq busy=0.047s(44%) idle=0.060s(56%) span=0.108s buffers=178]
[prefill gpu attn=0.011s(25%) shared=0.004s(9%) moe=0.026s(57%) tail=0.001s(2%) head=0.003s(8%) total=0.045s]
[prefill host enc.front=0.002s(2%) wait.front=0.029s(25%) drain=0.000s(0%) route=0.000s(0%) meta=0.000s(0%) fetch=0.078s(68%) enc.moe=0.001s(1%) tail=0.000s(0%) head=0.004s(3%) other=0.001s(1%) call=0.115s | tiles=92 ahead=92 experts=496 miss=90 io=0.078s 4.0GB/s]
[prefill gpuq busy=0.045s(40%) idle=0.069s(60%) span=0.115s buffers=183]
[prefill gpu attn=0.011s(26%) shared=0.004s(9%) moe=0.024s(55%) tail=0.001s(2%) head=0.004s(8%) total=0.044s]
[prefill host enc.front=0.002s(2%) wait.front=0.028s(27%) drain=0.001s(1%) route=0.000s(0%) meta=0.000s(0%) fetch=0.068s(65%) enc.moe=0.001s(1%) tail=0.000s(0%) head=0.004s(4%) other=0.001s(1%) call=0.105s | tiles=83 ahead=83 experts=424 miss=51 io=0.069s 2.6GB/s]
[prefill gpuq busy=0.044s(42%) idle=0.061s(58%) span=0.105s buffers=174]
[prefill gpu attn=0.012s(26%) shared=0.004s(9%) moe=0.024s(55%) tail=0.001s(2%) head=0.003s(8%) total=0.044s]
[prefill host enc.front=0.002s(2%) wait.front=0.031s(34%) drain=0.000s(0%) route=0.000s(0%) meta=0.000s(0%) fetch=0.052s(58%) enc.moe=0.001s(1%) tail=0.000s(0%) head=0.004s(4%) other=0.001s(1%) call=0.091s | tiles=82 ahead=82 experts=397 miss=44 io=0.056s 2.7GB/s]
[prefill gpuq busy=0.044s(49%) idle=0.046s(51%) span=0.090s buffers=173]
[prefill gpu attn=0.011s(27%) shared=0.004s(10%) moe=0.023s(54%) tail=0.001s(2%) head=0.003s(8%) total=0.043s]
[prefill host enc.front=0.002s(3%) wait.front=0.031s(50%) drain=0.001s(1%) route=0.000s(0%) meta=0.000s(0%) fetch=0.023s(37%) enc.moe=0.001s(1%) tail=0.000s(0%) head=0.004s(6%) other=0.000s(1%) call=0.062s | tiles=70 ahead=70 experts=401 miss=25 io=0.023s 3.8GB/s]
[prefill gpuq busy=0.042s(69%) idle=0.019s(31%) span=0.061s buffers=161]
[prefill gpu attn=0.011s(27%) shared=0.004s(10%) moe=0.022s(53%) tail=0.001s(2%) head=0.003s(8%) total=0.042s]
[prefill host enc.front=0.002s(3%) wait.front=0.031s(59%) drain=0.001s(2%) route=0.000s(0%) meta=0.000s(0%) fetch=0.015s(28%) enc.moe=0.001s(1%) tail=0.000s(0%) head=0.004s(7%) other=0.000s(1%) call=0.053s | tiles=71 ahead=71 experts=431 miss=15 io=0.015s 3.6GB/s]
[prefill gpuq busy=0.041s(79%) idle=0.011s(21%) span=0.053s buffers=162]
[prefill gpu attn=0.011s(26%) shared=0.004s(10%) moe=0.024s(54%) tail=0.001s(2%) head=0.004s(8%) total=0.044s]
[prefill host enc.front=0.002s(3%) wait.front=0.031s(52%) drain=0.000s(1%) route=0.000s(0%) meta=0.000s(0%) fetch=0.022s(36%) enc.moe=0.001s(1%) tail=0.000s(0%) head=0.004s(6%) other=0.000s(1%) call=0.061s | tiles=75 ahead=75 experts=439 miss=23 io=0.022s 3.6GB/s]
[prefill gpuq busy=0.043s(72%) idle=0.017s(28%) span=0.060s buffers=166]
[prefill gpu attn=0.012s(26%) shared=0.004s(9%) moe=0.024s(54%) tail=0.001s(2%) head=0.004s(8%) total=0.045s]
[prefill host enc.front=0.002s(2%) wait.front=0.030s(33%) drain=0.001s(1%) route=0.000s(0%) meta=0.000s(0%) fetch=0.053s(58%) enc.moe=0.001s(1%) tail=0.000s(0%) head=0.004s(4%) other=0.000s(1%) call=0.091s | tiles=84 ahead=84 experts=464 miss=37 io=0.053s 2.4GB/s]
[prefill gpuq busy=0.044s(49%) idle=0.047s(51%) span=0.091s buffers=175]
[prefill gpu attn=0.011s(26%) shared=0.004s(9%) moe=0.024s(54%) tail=0.001s(2%) head=0.004s(8%) total=0.043s]
[prefill host enc.front=0.002s(2%) wait.front=0.029s(39%) drain=0.000s(0%) route=0.000s(0%) meta=0.000s(0%) fetch=0.038s(51%) enc.moe=0.001s(1%) tail=0.000s(0%) head=0.004s(5%) other=0.000s(1%) call=0.074s | tiles=79 ahead=79 experts=395 miss=37 io=0.040s 3.2GB/s]
[prefill gpuq busy=0.043s(58%) idle=0.031s(42%) span=0.074s buffers=170]
[prefill gpu attn=0.011s(26%) shared=0.004s(9%) moe=0.025s(56%) tail=0.001s(2%) head=0.003s(8%) total=0.044s]
[prefill host enc.front=0.002s(2%) wait.front=0.026s(33%) drain=0.001s(1%) route=0.000s(0%) meta=0.000s(0%) fetch=0.045s(57%) enc.moe=0.001s(1%) tail=0.000s(0%) head=0.004s(5%) other=0.001s(1%) call=0.079s | tiles=90 ahead=90 experts=470 miss=48 io=0.045s 3.7GB/s]
[prefill gpuq busy=0.044s(56%) idle=0.035s(44%) span=0.079s buffers=181]
[prefill gpu attn=0.011s(26%) shared=0.004s(9%) moe=0.024s(55%) tail=0.001s(2%) head=0.003s(8%) total=0.043s]
[prefill host enc.front=0.002s(3%) wait.front=0.027s(40%) drain=0.000s(0%) route=0.000s(0%) meta=0.000s(0%) fetch=0.033s(49%) enc.moe=0.001s(1%) tail=0.000s(0%) head=0.004s(5%) other=0.000s(1%) call=0.068s | tiles=80 ahead=80 experts=434 miss=37 io=0.034s 3.8GB/s]
[prefill gpuq busy=0.043s(63%) idle=0.025s(37%) span=0.068s buffers=171]
[prefill gpu attn=0.011s(26%) shared=0.004s(9%) moe=0.024s(55%) tail=0.001s(2%) head=0.004s(8%) total=0.044s]
[prefill host enc.front=0.002s(2%) wait.front=0.025s(32%) drain=0.000s(1%) route=0.000s(0%) meta=0.000s(0%) fetch=0.043s(57%) enc.moe=0.001s(1%) tail=0.000s(0%) head=0.004s(5%) other=0.001s(1%) call=0.076s | tiles=90 ahead=90 experts=472 miss=53 io=0.044s 4.2GB/s]
[prefill gpuq busy=0.044s(58%) idle=0.032s(42%) span=0.076s buffers=181]
[prefill gpu attn=0.011s(26%) shared=0.004s(9%) moe=0.024s(55%) tail=0.001s(2%) head=0.003s(8%) total=0.044s]
[prefill host enc.front=0.002s(3%) wait.front=0.027s(44%) drain=0.000s(1%) route=0.000s(0%) meta=0.000s(0%) fetch=0.026s(44%) enc.moe=0.001s(1%) tail=0.000s(0%) head=0.004s(6%) other=0.000s(1%) call=0.061s | tiles=84 ahead=84 experts=462 miss=34 io=0.027s 4.4GB/s]
[prefill gpuq busy=0.043s(72%) idle=0.017s(28%) span=0.061s buffers=175]
[prefill gpu attn=0.012s(27%) shared=0.004s(9%) moe=0.023s(54%) tail=0.001s(2%) head=0.004s(8%) total=0.043s]
[prefill host enc.front=0.002s(3%) wait.front=0.034s(62%) drain=0.001s(2%) route=0.000s(0%) meta=0.000s(0%) fetch=0.013s(25%) enc.moe=0.001s(1%) tail=0.000s(0%) head=0.004s(7%) other=0.000s(1%) call=0.054s | tiles=70 ahead=70 experts=398 miss=20 io=0.013s 5.2GB/s]
[prefill gpuq busy=0.043s(78%) idle=0.012s(22%) span=0.054s buffers=161]
[prefill gpu attn=0.011s(27%) shared=0.004s(10%) moe=0.023s(54%) tail=0.001s(2%) head=0.003s(8%) total=0.043s]
[prefill host enc.front=0.002s(3%) wait.front=0.032s(66%) drain=0.000s(1%) route=0.000s(1%) meta=0.000s(0%) fetch=0.009s(19%) enc.moe=0.001s(1%) tail=0.000s(0%) head=0.004s(8%) other=0.000s(1%) call=0.048s | tiles=72 ahead=72 experts=391 miss=16 io=0.009s 6.0GB/s]
[prefill gpuq busy=0.042s(88%) idle=0.006s(12%) span=0.048s buffers=163]
[prefill gpu attn=0.012s(27%) shared=0.004s(9%) moe=0.023s(53%) tail=0.001s(2%) head=0.004s(9%) total=0.043s]
[prefill host enc.front=0.002s(3%) wait.front=0.029s(57%) drain=0.001s(2%) route=0.000s(0%) meta=0.000s(0%) fetch=0.014s(28%) enc.moe=0.001s(1%) tail=0.000s(0%) head=0.004s(8%) other=0.000s(1%) call=0.051s | tiles=73 ahead=73 experts=406 miss=20 io=0.014s 4.8GB/s]
[prefill gpuq busy=0.043s(85%) idle=0.008s(15%) span=0.050s buffers=164]
[prefill gpu attn=0.011s(26%) shared=0.004s(10%) moe=0.024s(55%) tail=0.001s(2%) head=0.003s(8%) total=0.044s]
[prefill host enc.front=0.002s(3%) wait.front=0.026s(50%) drain=0.001s(2%) route=0.000s(0%) meta=0.000s(0%) fetch=0.018s(34%) enc.moe=0.001s(1%) tail=0.000s(0%) head=0.004s(7%) other=0.000s(1%) call=0.051s | tiles=83 ahead=83 experts=449 miss=27 io=0.019s 4.9GB/s]
[prefill gpuq busy=0.043s(85%) idle=0.008s(15%) span=0.051s buffers=174]
[prefill gpu attn=0.011s(26%) shared=0.004s(10%) moe=0.023s(54%) tail=0.001s(2%) head=0.003s(8%) total=0.043s]
[prefill host enc.front=0.002s(3%) wait.front=0.030s(58%) drain=0.001s(2%) route=0.000s(0%) meta=0.000s(0%) fetch=0.014s(27%) enc.moe=0.001s(1%) tail=0.000s(0%) head=0.004s(7%) other=0.000s(1%) call=0.052s | tiles=73 ahead=73 experts=407 miss=21 io=0.014s 5.1GB/s]
[prefill gpuq busy=0.042s(82%) idle=0.009s(18%) span=0.052s buffers=164]
[prefill gpu attn=0.011s(27%) shared=0.004s(9%) moe=0.023s(54%) tail=0.001s(2%) head=0.003s(8%) total=0.042s]
[prefill host enc.front=0.002s(4%) wait.front=0.033s(75%) drain=0.001s(2%) route=0.000s(1%) meta=0.000s(0%) fetch=0.004s(8%) enc.moe=0.001s(1%) tail=0.000s(0%) head=0.004s(8%) other=0.000s(1%) call=0.044s | tiles=70 ahead=70 experts=417 miss=7 io=0.004s 6.5GB/s]
[prefill gpuq busy=0.042s(96%) idle=0.002s(4%) span=0.044s buffers=161]
[prefill gpu attn=0.012s(27%) shared=0.004s(10%) moe=0.023s(53%) tail=0.001s(2%) head=0.003s(8%) total=0.043s]
[prefill host enc.front=0.002s(3%) wait.front=0.031s(67%) drain=0.000s(1%) route=0.000s(0%) meta=0.000s(0%) fetch=0.009s(19%) enc.moe=0.001s(1%) tail=0.000s(0%) head=0.004s(8%) other=0.000s(1%) call=0.047s | tiles=71 ahead=71 experts=377 miss=12 io=0.009s 4.6GB/s]
[prefill gpuq busy=0.042s(90%) idle=0.005s(10%) span=0.047s buffers=162]
[prefill gpu attn=0.011s(27%) shared=0.004s(10%) moe=0.023s(54%) tail=0.001s(2%) head=0.003s(8%) total=0.043s]
[prefill host enc.front=0.002s(3%) wait.front=0.028s(51%) drain=0.000s(1%) route=0.000s(0%) meta=0.000s(0%) fetch=0.019s(36%) enc.moe=0.001s(1%) tail=0.000s(0%) head=0.004s(7%) other=0.000s(1%) call=0.055s | tiles=78 ahead=78 experts=435 miss=25 io=0.020s 4.4GB/s]
[prefill gpuq busy=0.043s(78%) idle=0.012s(22%) span=0.054s buffers=169]
[prefill gpu attn=0.012s(27%) shared=0.004s(9%) moe=0.023s(54%) tail=0.001s(2%) head=0.003s(8%) total=0.043s]
[prefill host enc.front=0.002s(3%) wait.front=0.032s(58%) drain=0.001s(2%) route=0.000s(0%) meta=0.000s(0%) fetch=0.015s(28%) enc.moe=0.001s(1%) tail=0.000s(0%) head=0.004s(6%) other=0.000s(1%) call=0.055s | tiles=75 ahead=75 experts=431 miss=16 io=0.015s 3.6GB/s]
[prefill gpuq busy=0.043s(79%) idle=0.011s(21%) span=0.054s buffers=166]
[prefill gpu attn=0.012s(27%) shared=0.004s(9%) moe=0.024s(54%) tail=0.001s(2%) head=0.003s(8%) total=0.043s]
[prefill host enc.front=0.002s(3%) wait.front=0.031s(53%) drain=0.001s(2%) route=0.000s(0%) meta=0.000s(0%) fetch=0.020s(34%) enc.moe=0.001s(1%) tail=0.000s(0%) head=0.004s(6%) other=0.000s(1%) call=0.058s | tiles=78 ahead=78 experts=451 miss=23 io=0.020s 4.0GB/s]
[prefill gpuq busy=0.043s(74%) idle=0.015s(26%) span=0.058s buffers=169]
[prefill gpu attn=0.011s(26%) shared=0.004s(10%) moe=0.023s(54%) tail=0.001s(2%) head=0.004s(8%) total=0.043s]
[prefill host enc.front=0.002s(3%) wait.front=0.030s(58%) drain=0.001s(2%) route=0.000s(0%) meta=0.000s(0%) fetch=0.013s(26%) enc.moe=0.001s(1%) tail=0.000s(0%) head=0.004s(7%) other=0.000s(1%) call=0.051s | tiles=76 ahead=76 experts=439 miss=21 io=0.014s 5.4GB/s]
[prefill gpuq busy=0.043s(85%) idle=0.008s(15%) span=0.051s buffers=167]
[prefill gpu attn=0.011s(26%) shared=0.004s(10%) moe=0.023s(54%) tail=0.001s(2%) head=0.003s(8%) total=0.042s]
[prefill host enc.front=0.002s(3%) wait.front=0.029s(56%) drain=0.000s(1%) route=0.000s(0%) meta=0.000s(0%) fetch=0.016s(31%) enc.moe=0.001s(1%) tail=0.000s(0%) head=0.004s(7%) other=0.000s(1%) call=0.052s | tiles=74 ahead=74 experts=397 miss=22 io=0.016s 4.8GB/s]
[prefill gpuq busy=0.042s(81%) idle=0.010s(19%) span=0.052s buffers=165]
[prefill gpu attn=0.012s(27%) shared=0.004s(9%) moe=0.024s(54%) tail=0.001s(2%) head=0.003s(8%) total=0.043s]
[prefill host enc.front=0.002s(3%) wait.front=0.030s(52%) drain=0.001s(2%) route=0.000s(0%) meta=0.000s(0%) fetch=0.021s(35%) enc.moe=0.001s(1%) tail=0.000s(0%) head=0.004s(6%) other=0.000s(1%) call=0.058s | tiles=74 ahead=74 experts=388 miss=26 io=0.021s 4.4GB/s]
[prefill gpuq busy=0.043s(75%) idle=0.015s(25%) span=0.058s buffers=165]
[prefill gpu attn=0.011s(27%) shared=0.004s(10%) moe=0.023s(54%) tail=0.001s(2%) head=0.003s(8%) total=0.043s]
[prefill host enc.front=0.002s(4%) wait.front=0.032s(70%) drain=0.001s(2%) route=0.000s(0%) meta=0.000s(0%) fetch=0.006s(14%) enc.moe=0.001s(1%) tail=0.000s(0%) head=0.004s(8%) other=0.000s(1%) call=0.046s | tiles=74 ahead=74 experts=420 miss=9 io=0.006s 4.8GB/s]
[prefill gpuq busy=0.042s(93%) idle=0.003s(7%) span=0.045s buffers=165]
[prefill gpu attn=0.012s(27%) shared=0.004s(9%) moe=0.023s(54%) tail=0.001s(2%) head=0.003s(8%) total=0.043s]
[prefill host enc.front=0.002s(3%) wait.front=0.031s(63%) drain=0.001s(2%) route=0.000s(1%) meta=0.000s(0%) fetch=0.010s(21%) enc.moe=0.001s(1%) tail=0.000s(0%) head=0.004s(7%) other=0.000s(1%) call=0.049s | tiles=72 ahead=72 experts=426 miss=14 io=0.011s 4.6GB/s]
[prefill gpuq busy=0.042s(87%) idle=0.006s(13%) span=0.049s buffers=163]
[prefill gpu attn=0.011s(26%) shared=0.004s(9%) moe=0.024s(55%) tail=0.001s(2%) head=0.003s(8%) total=0.044s]
[prefill host enc.front=0.002s(3%) wait.front=0.027s(49%) drain=0.001s(2%) route=0.000s(0%) meta=0.000s(0%) fetch=0.020s(37%) enc.moe=0.001s(1%) tail=0.000s(0%) head=0.004s(7%) other=0.000s(1%) call=0.055s | tiles=84 ahead=84 experts=489 miss=27 io=0.020s 4.6GB/s]
[prefill gpuq busy=0.043s(80%) idle=0.011s(20%) span=0.054s buffers=175]
[prefill gpu attn=0.012s(26%) shared=0.004s(9%) moe=0.025s(56%) tail=0.001s(2%) head=0.003s(7%) total=0.045s]
[prefill host enc.front=0.002s(3%) wait.front=0.031s(48%) drain=0.001s(2%) route=0.000s(0%) meta=0.000s(0%) fetch=0.025s(39%) enc.moe=0.001s(1%) tail=0.000s(0%) head=0.004s(6%) other=0.001s(1%) call=0.064s | tiles=93 ahead=93 experts=520 miss=29 io=0.025s 4.0GB/s]
[prefill gpuq busy=0.045s(71%) idle=0.019s(29%) span=0.064s buffers=184]
[prefill gpu attn=0.012s(27%) shared=0.004s(10%) moe=0.024s(54%) tail=0.001s(2%) head=0.003s(8%) total=0.044s]
[prefill host enc.front=0.002s(3%) wait.front=0.030s(57%) drain=0.001s(2%) route=0.000s(0%) meta=0.000s(0%) fetch=0.015s(28%) enc.moe=0.001s(1%) tail=0.000s(0%) head=0.004s(7%) other=0.000s(1%) call=0.052s | tiles=79 ahead=79 experts=441 miss=16 io=0.015s 3.8GB/s]
[prefill gpuq busy=0.043s(83%) idle=0.009s(17%) span=0.052s buffers=170]
[prefill gpu attn=0.011s(26%) shared=0.004s(9%) moe=0.024s(55%) tail=0.001s(2%) head=0.003s(8%) total=0.043s]
[prefill host enc.front=0.002s(3%) wait.front=0.027s(53%) drain=0.001s(2%) route=0.000s(0%) meta=0.000s(0%) fetch=0.016s(32%) enc.moe=0.001s(1%) tail=0.000s(0%) head=0.004s(7%) other=0.000s(1%) call=0.051s | tiles=79 ahead=79 experts=436 miss=30 io=0.018s 5.8GB/s]
[prefill gpuq busy=0.043s(85%) idle=0.008s(15%) span=0.051s buffers=170]
[prefill gpu attn=0.011s(27%) shared=0.004s(9%) moe=0.023s(54%) tail=0.001s(2%) head=0.003s(8%) total=0.043s]
[prefill host enc.front=0.002s(4%) wait.front=0.029s(61%) drain=0.001s(2%) route=0.000s(1%) meta=0.000s(0%) fetch=0.011s(23%) enc.moe=0.001s(1%) tail=0.000s(0%) head=0.004s(8%) other=0.000s(1%) call=0.048s | tiles=75 ahead=75 experts=436 miss=18 io=0.011s 5.7GB/s]
[prefill gpuq busy=0.043s(90%) idle=0.005s(10%) span=0.047s buffers=166]
[prefill gpu attn=0.012s(26%) shared=0.004s(9%) moe=0.024s(55%) tail=0.001s(2%) head=0.003s(8%) total=0.044s]
[prefill host enc.front=0.002s(3%) wait.front=0.032s(57%) drain=0.001s(2%) route=0.000s(0%) meta=0.000s(0%) fetch=0.016s(29%) enc.moe=0.001s(1%) tail=0.000s(0%) head=0.004s(6%) other=0.000s(1%) call=0.056s | tiles=78 ahead=78 experts=443 miss=21 io=0.017s 4.4GB/s]
[prefill gpuq busy=0.044s(79%) idle=0.012s(21%) span=0.056s buffers=169]
[prefill gpu attn=0.012s(27%) shared=0.004s(9%) moe=0.023s(54%) tail=0.001s(2%) head=0.003s(8%) total=0.043s]
[prefill host enc.front=0.002s(3%) wait.front=0.030s(63%) drain=0.001s(2%) route=0.000s(0%) meta=0.000s(0%) fetch=0.010s(21%) enc.moe=0.001s(1%) tail=0.000s(0%) head=0.004s(8%) other=0.000s(1%) call=0.047s | tiles=77 ahead=77 experts=437 miss=16 io=0.010s 5.4GB/s]
[prefill gpuq busy=0.043s(91%) idle=0.004s(9%) span=0.047s buffers=168]
[prefill gpu attn=0.012s(27%) shared=0.004s(9%) moe=0.023s(54%) tail=0.001s(2%) head=0.003s(8%) total=0.043s]
[prefill host enc.front=0.002s(3%) wait.front=0.033s(68%) drain=0.000s(1%) route=0.000s(0%) meta=0.000s(0%) fetch=0.008s(17%) enc.moe=0.001s(1%) tail=0.000s(0%) head=0.004s(7%) other=0.000s(1%) call=0.048s | tiles=80 ahead=80 experts=468 miss=14 io=0.008s 5.7GB/s]
[prefill gpuq busy=0.043s(89%) idle=0.005s(11%) span=0.048s buffers=171]
[prefill gpu attn=0.012s(27%) shared=0.004s(9%) moe=0.023s(54%) tail=0.001s(2%) head=0.003s(8%) total=0.043s]
[prefill host enc.front=0.002s(3%) wait.front=0.032s(66%) drain=0.001s(2%) route=0.000s(0%) meta=0.000s(0%) fetch=0.009s(18%) enc.moe=0.001s(1%) tail=0.000s(0%) head=0.004s(7%) other=0.000s(1%) call=0.048s | tiles=76 ahead=76 experts=448 miss=12 io=0.009s 4.8GB/s]
[prefill gpuq busy=0.043s(91%) idle=0.004s(9%) span=0.048s buffers=167]
[prefill gpu attn=0.012s(27%) shared=0.004s(9%) moe=0.023s(53%) tail=0.001s(2%) head=0.004s(9%) total=0.043s]
[prefill host enc.front=0.002s(3%) wait.front=0.032s(67%) drain=0.001s(3%) route=0.000s(0%) meta=0.000s(0%) fetch=0.007s(15%) enc.moe=0.001s(1%) tail=0.000s(0%) head=0.004s(9%) other=0.000s(1%) call=0.047s | tiles=69 ahead=69 experts=378 miss=17 io=0.009s 6.8GB/s]
[prefill gpuq busy=0.043s(91%) idle=0.004s(9%) span=0.047s buffers=160]
[prefill gpu attn=0.012s(26%) shared=0.004s(9%) moe=0.025s(56%) tail=0.001s(2%) head=0.003s(8%) total=0.045s]
[prefill host enc.front=0.002s(3%) wait.front=0.026s(43%) drain=0.000s(1%) route=0.000s(0%) meta=0.000s(0%) fetch=0.028s(45%) enc.moe=0.001s(1%) tail=0.000s(0%) head=0.004s(6%) other=0.001s(1%) call=0.062s | tiles=95 ahead=95 experts=520 miss=39 io=0.030s 4.5GB/s]
[prefill gpuq busy=0.045s(73%) idle=0.017s(27%) span=0.061s buffers=186]
[prefill gpu attn=0.012s(27%) shared=0.004s(10%) moe=0.023s(53%) tail=0.001s(2%) head=0.003s(8%) total=0.043s]
[prefill host enc.front=0.002s(4%) wait.front=0.034s(77%) drain=0.001s(2%) route=0.000s(0%) meta=0.000s(0%) fetch=0.003s(6%) enc.moe=0.001s(1%) tail=0.000s(0%) head=0.004s(8%) other=0.000s(1%) call=0.044s | tiles=69 ahead=69 experts=437 miss=8 io=0.003s 9.7GB/s]
[prefill gpuq busy=0.042s(96%) idle=0.002s(4%) span=0.044s buffers=160]
[prefill gpu attn=0.012s(26%) shared=0.004s(9%) moe=0.024s(56%) tail=0.001s(2%) head=0.003s(8%) total=0.044s]
[prefill host enc.front=0.002s(3%) wait.front=0.032s(63%) drain=0.000s(1%) route=0.000s(0%) meta=0.000s(0%) fetch=0.012s(23%) enc.moe=0.001s(1%) tail=0.000s(0%) head=0.004s(7%) other=0.000s(1%) call=0.051s | tiles=87 ahead=87 experts=535 miss=24 io=0.014s 6.0GB/s]
[prefill gpuq busy=0.044s(87%) idle=0.007s(13%) span=0.050s buffers=178]
[prefill gpu attn=0.012s(27%) shared=0.004s(9%) moe=0.024s(54%) tail=0.001s(2%) head=0.003s(8%) total=0.044s]
[prefill host enc.front=0.002s(3%) wait.front=0.027s(48%) drain=0.001s(2%) route=0.000s(0%) meta=0.000s(0%) fetch=0.021s(37%) enc.moe=0.001s(1%) tail=0.000s(0%) head=0.004s(6%) other=0.000s(1%) call=0.056s | tiles=81 ahead=81 experts=458 miss=23 io=0.021s 3.8GB/s]
[prefill gpuq busy=0.044s(79%) idle=0.012s(21%) span=0.055s buffers=172]
[prefill gpu attn=0.012s(27%) shared=0.004s(10%) moe=0.023s(53%) tail=0.001s(2%) head=0.003s(8%) total=0.043s]
[prefill host enc.front=0.002s(4%) wait.front=0.032s(70%) drain=0.001s(2%) route=0.000s(0%) meta=0.000s(0%) fetch=0.006s(13%) enc.moe=0.001s(1%) tail=0.000s(0%) head=0.004s(8%) other=0.000s(1%) call=0.045s | tiles=71 ahead=71 experts=415 miss=10 io=0.006s 5.7GB/s]
[prefill gpuq busy=0.042s(94%) idle=0.003s(6%) span=0.045s buffers=162]
[prefill gpu attn=0.012s(27%) shared=0.004s(10%) moe=0.023s(54%) tail=0.001s(2%) head=0.003s(8%) total=0.043s]
[prefill host enc.front=0.002s(4%) wait.front=0.033s(72%) drain=0.001s(2%) route=0.000s(1%) meta=0.000s(0%) fetch=0.005s(12%) enc.moe=0.001s(1%) tail=0.000s(0%) head=0.004s(8%) other=0.000s(1%) call=0.046s | tiles=72 ahead=72 experts=437 miss=12 io=0.005s 7.6GB/s]
[prefill gpuq busy=0.043s(93%) idle=0.003s(7%) span=0.046s buffers=163]
[prefill gpu attn=0.012s(27%) shared=0.004s(9%) moe=0.023s(54%) tail=0.001s(2%) head=0.003s(8%) total=0.043s]
[prefill host enc.front=0.002s(3%) wait.front=0.030s(64%) drain=0.000s(1%) route=0.000s(0%) meta=0.000s(0%) fetch=0.010s(22%) enc.moe=0.001s(1%) tail=0.000s(0%) head=0.004s(7%) other=0.000s(1%) call=0.048s | tiles=77 ahead=77 experts=418 miss=16 io=0.011s 5.3GB/s]
[prefill gpuq busy=0.043s(90%) idle=0.005s(10%) span=0.047s buffers=168]
[prefill gpu attn=0.012s(27%) shared=0.004s(10%) moe=0.023s(53%) tail=0.001s(2%) head=0.003s(8%) total=0.043s]
[prefill host enc.front=0.002s(4%) wait.front=0.032s(72%) drain=0.001s(2%) route=0.000s(0%) meta=0.000s(0%) fetch=0.005s(11%) enc.moe=0.001s(1%) tail=0.000s(0%) head=0.004s(8%) other=0.000s(1%) call=0.044s | tiles=73 ahead=73 experts=411 miss=8 io=0.005s 5.8GB/s]
[prefill gpuq busy=0.042s(96%) idle=0.002s(4%) span=0.044s buffers=164]
[prefill gpu attn=0.012s(27%) shared=0.004s(9%) moe=0.024s(54%) tail=0.001s(2%) head=0.004s(8%) total=0.044s]
[prefill host enc.front=0.002s(3%) wait.front=0.035s(60%) drain=0.001s(2%) route=0.000s(0%) meta=0.000s(0%) fetch=0.016s(27%) enc.moe=0.001s(1%) tail=0.000s(0%) head=0.004s(6%) other=0.000s(1%) call=0.058s | tiles=70 ahead=70 experts=394 miss=24 io=0.016s 5.3GB/s]
[prefill gpuq busy=0.043s(75%) idle=0.015s(25%) span=0.058s buffers=161]
[prefill gpu attn=0.012s(27%) shared=0.004s(10%) moe=0.023s(53%) tail=0.001s(2%) head=0.004s(8%) total=0.043s]
[prefill host enc.front=0.002s(3%) wait.front=0.032s(67%) drain=0.001s(2%) route=0.000s(0%) meta=0.000s(0%) fetch=0.008s(17%) enc.moe=0.001s(1%) tail=0.000s(0%) head=0.004s(8%) other=0.000s(1%) call=0.048s | tiles=69 ahead=69 experts=401 miss=14 io=0.008s 6.0GB/s]
[prefill gpuq busy=0.042s(89%) idle=0.005s(11%) span=0.047s buffers=160]
[prefill gpu attn=0.012s(27%) shared=0.004s(9%) moe=0.023s(54%) tail=0.001s(2%) head=0.004s(8%) total=0.043s]
[prefill host enc.front=0.002s(3%) wait.front=0.032s(70%) drain=0.001s(2%) route=0.000s(1%) meta=0.000s(0%) fetch=0.006s(14%) enc.moe=0.001s(1%) tail=0.000s(0%) head=0.004s(8%) other=0.000s(1%) call=0.047s | tiles=73 ahead=73 experts=416 miss=14 io=0.007s 7.5GB/s]
[prefill gpuq busy=0.043s(93%) idle=0.003s(7%) span=0.046s buffers=164]
[prefill gpu attn=0.012s(27%) shared=0.004s(9%) moe=0.024s(54%) tail=0.001s(2%) head=0.004s(8%) total=0.043s]
[prefill host enc.front=0.002s(3%) wait.front=0.029s(52%) drain=0.001s(2%) route=0.000s(0%) meta=0.000s(0%) fetch=0.019s(34%) enc.moe=0.001s(1%) tail=0.000s(0%) head=0.004s(7%) other=0.000s(1%) call=0.056s | tiles=79 ahead=79 experts=419 miss=23 io=0.019s 4.1GB/s]
[prefill gpuq busy=0.043s(77%) idle=0.013s(23%) span=0.056s buffers=170]
[prefill gpu attn=0.012s(28%) shared=0.004s(9%) moe=0.023s(53%) tail=0.001s(2%) head=0.003s(8%) total=0.043s]
[prefill host enc.front=0.002s(4%) wait.front=0.033s(72%) drain=0.000s(1%) route=0.000s(1%) meta=0.000s(0%) fetch=0.006s(13%) enc.moe=0.001s(1%) tail=0.000s(0%) head=0.004s(8%) other=0.000s(1%) call=0.046s | tiles=67 ahead=67 experts=368 miss=11 io=0.006s 6.2GB/s]
[prefill gpuq busy=0.042s(93%) idle=0.003s(7%) span=0.046s buffers=158]
[prefill gpu attn=0.012s(27%) shared=0.004s(9%) moe=0.024s(54%) tail=0.001s(2%) head=0.004s(8%) total=0.044s]
[prefill host enc.front=0.002s(3%) wait.front=0.032s(62%) drain=0.001s(2%) route=0.000s(0%) meta=0.000s(0%) fetch=0.011s(22%) enc.moe=0.001s(1%) tail=0.000s(0%) head=0.004s(7%) other=0.000s(1%) call=0.051s | tiles=81 ahead=81 experts=455 miss=27 io=0.013s 7.4GB/s]
[prefill gpuq busy=0.044s(86%) idle=0.007s(14%) span=0.051s buffers=172]
[prefill gpu attn=0.012s(26%) shared=0.004s(9%) moe=0.024s(54%) tail=0.001s(2%) head=0.003s(8%) total=0.043s]
[prefill host enc.front=0.002s(3%) wait.front=0.028s(57%) drain=0.001s(2%) route=0.000s(1%) meta=0.000s(0%) fetch=0.014s(28%) enc.moe=0.001s(1%) tail=0.000s(0%) head=0.004s(7%) other=0.000s(1%) call=0.050s | tiles=84 ahead=84 experts=483 miss=28 io=0.014s 6.9GB/s]
[prefill gpuq busy=0.043s(87%) idle=0.007s(13%) span=0.050s buffers=175]
[prefill gpu attn=0.012s(27%) shared=0.004s(9%) moe=0.023s(53%) tail=0.001s(2%) head=0.004s(8%) total=0.043s]
[prefill host enc.front=0.002s(3%) wait.front=0.036s(72%) drain=0.000s(1%) route=0.000s(0%) meta=0.000s(0%) fetch=0.007s(14%) enc.moe=0.001s(1%) tail=0.000s(0%) head=0.004s(7%) other=0.000s(1%) call=0.050s | tiles=71 ahead=71 experts=407 miss=7 io=0.007s 3.4GB/s]
[prefill gpuq busy=0.043s(85%) idle=0.007s(15%) span=0.050s buffers=162]
[prefill gpu attn=0.012s(28%) shared=0.004s(9%) moe=0.022s(52%) tail=0.001s(2%) head=0.003s(8%) total=0.042s]
[prefill host enc.front=0.002s(4%) wait.front=0.035s(79%) drain=0.001s(2%) route=0.000s(0%) meta=0.000s(0%) fetch=0.002s(4%) enc.moe=0.001s(1%) tail=0.000s(0%) head=0.004s(8%) other=0.000s(1%) call=0.044s | tiles=64 ahead=64 experts=370 miss=4 io=0.002s 8.1GB/s]
[prefill gpuq busy=0.042s(96%) idle=0.002s(4%) span=0.044s buffers=155]
[prefill gpu attn=0.012s(27%) shared=0.004s(9%) moe=0.023s(54%) tail=0.001s(2%) head=0.003s(8%) total=0.042s]
[prefill host enc.front=0.002s(3%) wait.front=0.035s(73%) drain=0.001s(3%) route=0.000s(0%) meta=0.000s(0%) fetch=0.005s(10%) enc.moe=0.001s(1%) tail=0.000s(0%) head=0.004s(8%) other=0.000s(1%) call=0.047s | tiles=69 ahead=69 experts=404 miss=12 io=0.005s 8.7GB/s]
[prefill gpuq busy=0.042s(89%) idle=0.005s(11%) span=0.047s buffers=160]
[prefill gpu attn=0.012s(27%) shared=0.004s(10%) moe=0.023s(53%) tail=0.001s(2%) head=0.003s(8%) total=0.043s]
[prefill host enc.front=0.002s(4%) wait.front=0.031s(66%) drain=0.001s(2%) route=0.000s(0%) meta=0.000s(0%) fetch=0.009s(18%) enc.moe=0.001s(1%) tail=0.000s(0%) head=0.004s(8%) other=0.000s(1%) call=0.047s | tiles=69 ahead=69 experts=387 miss=14 io=0.009s 5.6GB/s]
[prefill gpuq busy=0.042s(90%) idle=0.004s(10%) span=0.047s buffers=160]
[prefill gpu attn=0.012s(27%) shared=0.004s(9%) moe=0.023s(53%) tail=0.001s(2%) head=0.004s(8%) total=0.043s]
[prefill host enc.front=0.002s(4%) wait.front=0.036s(81%) drain=0.001s(2%) route=0.000s(0%) meta=0.000s(0%) fetch=0.001s(2%) enc.moe=0.000s(1%) tail=0.000s(0%) head=0.004s(8%) other=0.000s(1%) call=0.044s | tiles=70 ahead=70 experts=429 miss=4 io=0.001s 16.7GB/s]
[prefill gpuq busy=0.042s(97%) idle=0.001s(3%) span=0.044s buffers=161]
[prefill gpu attn=0.012s(28%) shared=0.004s(9%) moe=0.023s(53%) tail=0.001s(2%) head=0.003s(8%) total=0.043s]
[prefill host enc.front=0.002s(3%) wait.front=0.033s(71%) drain=0.000s(1%) route=0.000s(0%) meta=0.000s(0%) fetch=0.007s(15%) enc.moe=0.001s(1%) tail=0.000s(0%) head=0.004s(8%) other=0.000s(1%) call=0.047s | tiles=68 ahead=68 experts=397 miss=9 io=0.007s 4.4GB/s]
[prefill gpuq busy=0.042s(90%) idle=0.005s(10%) span=0.047s buffers=159]
[prefill gpu attn=0.012s(28%) shared=0.004s(9%) moe=0.023s(53%) tail=0.001s(2%) head=0.003s(8%) total=0.043s]
[prefill host enc.front=0.002s(3%) wait.front=0.034s(71%) drain=0.001s(2%) route=0.000s(0%) meta=0.000s(0%) fetch=0.006s(14%) enc.moe=0.001s(1%) tail=0.000s(0%) head=0.004s(8%) other=0.000s(1%) call=0.047s | tiles=68 ahead=68 experts=386 miss=14 io=0.007s 7.4GB/s]
[prefill gpuq busy=0.042s(90%) idle=0.005s(10%) span=0.047s buffers=159]
[prefill gpu attn=0.012s(28%) shared=0.004s(10%) moe=0.023s(53%) tail=0.001s(2%) head=0.003s(8%) total=0.043s]
[prefill host enc.front=0.002s(4%) wait.front=0.032s(65%) drain=0.001s(2%) route=0.000s(1%) meta=0.000s(0%) fetch=0.009s(19%) enc.moe=0.001s(1%) tail=0.000s(0%) head=0.004s(7%) other=0.000s(1%) call=0.049s | tiles=69 ahead=69 experts=368 miss=12 io=0.009s 4.6GB/s]
[prefill gpuq busy=0.043s(88%) idle=0.006s(12%) span=0.048s buffers=160]
[prefill gpu attn=0.012s(27%) shared=0.004s(9%) moe=0.023s(54%) tail=0.001s(2%) head=0.003s(8%) total=0.043s]
[prefill host enc.front=0.002s(3%) wait.front=0.031s(66%) drain=0.001s(2%) route=0.000s(0%) meta=0.000s(0%) fetch=0.008s(18%) enc.moe=0.001s(1%) tail=0.000s(0%) head=0.004s(8%) other=0.000s(1%) call=0.046s | tiles=71 ahead=71 experts=420 miss=12 io=0.008s 5.0GB/s]
[prefill gpuq busy=0.042s(92%) idle=0.004s(8%) span=0.046s buffers=162]
[prefill gpu attn=0.012s(28%) shared=0.004s(10%) moe=0.023s(53%) tail=0.001s(2%) head=0.003s(8%) total=0.043s]
[prefill host enc.front=0.002s(3%) wait.front=0.033s(66%) drain=0.001s(2%) route=0.000s(0%) meta=0.000s(0%) fetch=0.009s(18%) enc.moe=0.001s(1%) tail=0.000s(0%) head=0.004s(7%) other=0.000s(1%) call=0.049s | tiles=71 ahead=71 experts=422 miss=9 io=0.009s 3.4GB/s]
[prefill gpuq busy=0.043s(87%) idle=0.006s(13%) span=0.049s buffers=162]
[prefill gpu attn=0.012s(26%) shared=0.004s(9%) moe=0.024s(55%) tail=0.001s(2%) head=0.004s(8%) total=0.044s]
[prefill host enc.front=0.002s(3%) wait.front=0.028s(49%) drain=0.001s(1%) route=0.000s(0%) meta=0.000s(0%) fetch=0.021s(37%) enc.moe=0.001s(1%) tail=0.000s(0%) head=0.004s(7%) other=0.000s(1%) call=0.057s | tiles=79 ahead=79 experts=437 miss=37 io=0.022s 5.7GB/s]
[prefill gpuq busy=0.044s(78%) idle=0.013s(22%) span=0.057s buffers=170]
[prefill gpu attn=0.012s(27%) shared=0.004s(9%) moe=0.023s(54%) tail=0.001s(2%) head=0.003s(8%) total=0.043s]
[prefill host enc.front=0.002s(4%) wait.front=0.032s(68%) drain=0.001s(3%) route=0.000s(0%) meta=0.000s(0%) fetch=0.007s(16%) enc.moe=0.001s(1%) tail=0.000s(0%) head=0.004s(8%) other=0.000s(1%) call=0.048s | tiles=71 ahead=71 experts=408 miss=12 io=0.008s 5.5GB/s]
[prefill gpuq busy=0.042s(89%) idle=0.005s(11%) span=0.048s buffers=162]
[prefill gpu attn=0.012s(27%) shared=0.004s(10%) moe=0.023s(53%) tail=0.001s(2%) head=0.004s(8%) total=0.043s]
[prefill host enc.front=0.002s(3%) wait.front=0.033s(65%) drain=0.001s(3%) route=0.000s(0%) meta=0.000s(0%) fetch=0.010s(19%) enc.moe=0.001s(1%) tail=0.000s(0%) head=0.004s(7%) other=0.000s(1%) call=0.050s | tiles=67 ahead=67 experts=408 miss=14 io=0.010s 5.1GB/s]
[prefill gpuq busy=0.042s(85%) idle=0.008s(15%) span=0.050s buffers=158]
[prefill gpu attn=0.012s(27%) shared=0.004s(9%) moe=0.024s(54%) tail=0.001s(2%) head=0.003s(8%) total=0.044s]
[prefill host enc.front=0.002s(3%) wait.front=0.033s(64%) drain=0.001s(2%) route=0.000s(0%) meta=0.000s(0%) fetch=0.011s(21%) enc.moe=0.001s(1%) tail=0.000s(0%) head=0.004s(7%) other=0.000s(1%) call=0.051s | tiles=79 ahead=79 experts=476 miss=25 io=0.011s 8.1GB/s]
[prefill gpuq busy=0.044s(85%) idle=0.007s(15%) span=0.051s buffers=170]
[prefill gpu attn=0.012s(27%) shared=0.004s(10%) moe=0.023s(53%) tail=0.001s(2%) head=0.004s(9%) total=0.044s]
[prefill host enc.front=0.002s(4%) wait.front=0.034s(72%) drain=0.001s(2%) route=0.000s(0%) meta=0.000s(0%) fetch=0.005s(11%) enc.moe=0.001s(1%) tail=0.000s(0%) head=0.004s(8%) other=0.000s(1%) call=0.048s | tiles=73 ahead=73 experts=434 miss=14 io=0.005s 9.1GB/s]
[prefill gpuq busy=0.043s(91%) idle=0.004s(9%) span=0.047s buffers=164]
[prefill gpu attn=0.012s(28%) shared=0.004s(10%) moe=0.023s(53%) tail=0.001s(2%) head=0.003s(8%) total=0.043s]
[prefill host enc.front=0.002s(4%) wait.front=0.034s(77%) drain=0.001s(2%) route=0.000s(0%) meta=0.000s(0%) fetch=0.003s(6%) enc.moe=0.001s(1%) tail=0.000s(0%) head=0.004s(8%) other=0.000s(1%) call=0.044s | tiles=64 ahead=64 experts=367 miss=8 io=0.003s 9.7GB/s]
[prefill gpuq busy=0.042s(96%) idle=0.002s(4%) span=0.044s buffers=155]
[prefill gpu attn=0.012s(28%) shared=0.004s(10%) moe=0.022s(52%) tail=0.001s(2%) head=0.003s(8%) total=0.043s]
[prefill host enc.front=0.002s(4%) wait.front=0.034s(77%) drain=0.001s(2%) route=0.000s(0%) meta=0.000s(0%) fetch=0.003s(7%) enc.moe=0.001s(1%) tail=0.000s(0%) head=0.004s(8%) other=0.000s(1%) call=0.045s | tiles=66 ahead=66 experts=372 miss=6 io=0.003s 6.9GB/s]
[prefill gpuq busy=0.042s(95%) idle=0.002s(5%) span=0.044s buffers=157]
[prefill gpu attn=0.012s(27%) shared=0.004s(9%) moe=0.023s(54%) tail=0.001s(2%) head=0.003s(8%) total=0.043s]
[prefill host enc.front=0.002s(3%) wait.front=0.032s(66%) drain=0.001s(3%) route=0.000s(0%) meta=0.000s(0%) fetch=0.009s(18%) enc.moe=0.001s(1%) tail=0.000s(0%) head=0.004s(7%) other=0.000s(1%) call=0.049s | tiles=74 ahead=74 experts=460 miss=10 io=0.009s 3.9GB/s]
[prefill gpuq busy=0.043s(88%) idle=0.006s(12%) span=0.048s buffers=165]
[prefill gpu attn=0.012s(27%) shared=0.004s(9%) moe=0.024s(54%) tail=0.001s(2%) head=0.003s(8%) total=0.044s]
[prefill host enc.front=0.002s(3%) wait.front=0.032s(58%) drain=0.001s(3%) route=0.000s(0%) meta=0.000s(0%) fetch=0.015s(27%) enc.moe=0.001s(1%) tail=0.000s(0%) head=0.004s(7%) other=0.000s(1%) call=0.055s | tiles=74 ahead=74 experts=402 miss=31 io=0.016s 6.5GB/s]
[prefill gpuq busy=0.044s(80%) idle=0.011s(20%) span=0.055s buffers=165]
[prefill gpu attn=0.012s(28%) shared=0.004s(9%) moe=0.023s(53%) tail=0.001s(2%) head=0.003s(8%) total=0.043s]
[prefill host enc.front=0.002s(3%) wait.front=0.033s(70%) drain=0.001s(2%) route=0.000s(0%) meta=0.000s(0%) fetch=0.006s(13%) enc.moe=0.001s(1%) tail=0.000s(0%) head=0.004s(8%) other=0.000s(1%) call=0.047s | tiles=71 ahead=71 experts=414 miss=14 io=0.006s 7.9GB/s]
[prefill gpuq busy=0.042s(91%) idle=0.004s(9%) span=0.046s buffers=162]
[prefill gpu attn=0.012s(27%) shared=0.004s(9%) moe=0.023s(54%) tail=0.001s(2%) head=0.003s(8%) total=0.043s]
[prefill host enc.front=0.002s(4%) wait.front=0.032s(68%) drain=0.001s(3%) route=0.000s(0%) meta=0.000s(0%) fetch=0.007s(14%) enc.moe=0.001s(1%) tail=0.000s(0%) head=0.004s(8%) other=0.000s(1%) call=0.047s | tiles=73 ahead=73 experts=420 miss=14 io=0.007s 7.1GB/s]
[prefill gpuq busy=0.043s(93%) idle=0.003s(7%) span=0.046s buffers=164]
[prefill gpu attn=0.011s(31%) shared=0.004s(10%) moe=0.018s(48%) tail=0.001s(2%) head=0.003s(9%) total=0.037s]
[prefill host enc.front=0.002s(4%) wait.front=0.028s(71%) drain=0.001s(2%) route=0.000s(1%) meta=0.000s(0%) fetch=0.005s(12%) enc.moe=0.001s(1%) tail=0.000s(0%) head=0.004s(9%) other=0.000s(1%) call=0.040s | tiles=65 ahead=65 experts=394 miss=10 io=0.005s 7.4GB/s]
[prefill gpuq busy=0.037s(92%) idle=0.003s(8%) span=0.040s buffers=156]
[prefill gpu attn=0.011s(38%) shared=0.004s(12%) moe=0.010s(35%) tail=0.001s(3%) head=0.003s(12%) total=0.029s]
[prefill host enc.front=0.002s(4%) wait.front=0.022s(61%) drain=0.000s(1%) route=0.000s(1%) meta=0.000s(0%) fetch=0.007s(20%) enc.moe=0.000s(1%) tail=0.000s(0%) head=0.004s(10%) other=0.000s(1%) call=0.036s | tiles=56 ahead=56 experts=286 miss=11 io=0.007s 5.3GB/s]
[prefill gpuq busy=0.029s(80%) idle=0.007s(20%) span=0.036s buffers=147]

[stop=maxTokens prefill=365tok new=192tok decode=5.43s tok/s=35.385]
[load=0.787s layerVerify=0.000s/30layers prefill=4.211s ttft=4.212s peak=6.75GB rss=3.94GB]
[expert prefill hit=0.0% 0/2734 io=1.650s | decode hit=94.4% 30890/32709 io=1.488s]
[vision images=1 soft=260 tower=1.754s towerLoad=0.001s]
[decode/tok io=0.00ms cb1=0.00ms cb2=0.00ms head=0.00ms]
[mtp bs=4 rounds=77 accept=1.481/3 tok/round=2.494 draft=0.739s verify=4.450s accepted=23,18,12,24]
