[prefill gpu attn=0.392s(30%) shared=0.116s(9%) moe=0.779s(60%) tail=0.007s(1%) head=0.003s(0%) total=1.298s]
[prefill host enc.front=0.002s(0%) wait.front=0.529s(22%) drain=0.000s(0%) route=0.006s(0%) wait.shared=0.110s(4%) meta=0.000s(0%) fetch=1.661s(68%) enc.moe=0.014s(1%) wait.tile=0.110s(4%) tail=0.013s(1%) head=0.004s(0%) other=0.005s(0%) call=2.454s | tiles=358 ahead=0 experts=0 miss=0 io=0.000s 0.0GB/s]
[prefill gpuq busy=1.298s(56%) idle=1.025s(44%) span=2.323s buffers=449]
[prefill gpu attn=0.027s(39%) shared=0.005s(8%) moe=0.032s(46%) tail=0.001s(1%) head=0.004s(6%) total=0.070s]
[prefill host enc.front=0.003s(1%) wait.front=0.091s(33%) drain=0.001s(0%) route=0.001s(0%) meta=0.000s(0%) fetch=0.171s(62%) enc.moe=0.002s(1%) tail=0.000s(0%) head=0.004s(2%) other=0.001s(0%) call=0.274s | tiles=79 ahead=79 experts=427 miss=197 io=0.243s 2.8GB/s]
[prefill gpuq busy=0.069s(25%) idle=0.205s(75%) span=0.273s buffers=170]
[prefill gpu attn=0.011s(25%) shared=0.004s(9%) moe=0.025s(56%) tail=0.001s(2%) head=0.003s(8%) total=0.045s]
[prefill host enc.front=0.002s(2%) wait.front=0.031s(29%) drain=0.000s(0%) route=0.000s(0%) meta=0.000s(0%) fetch=0.068s(64%) enc.moe=0.001s(1%) tail=0.000s(0%) head=0.004s(3%) other=0.001s(1%) call=0.107s | tiles=85 ahead=85 experts=399 miss=74 io=0.073s 3.5GB/s]
[prefill gpuq busy=0.044s(42%) idle=0.063s(58%) span=0.107s buffers=176]
[prefill gpu attn=0.012s(26%) shared=0.004s(9%) moe=0.025s(55%) tail=0.001s(2%) head=0.003s(7%) total=0.045s]
[prefill host enc.front=0.002s(2%) wait.front=0.029s(29%) drain=0.001s(1%) route=0.000s(0%) meta=0.000s(0%) fetch=0.061s(62%) enc.moe=0.001s(1%) tail=0.000s(0%) head=0.004s(4%) other=0.001s(1%) call=0.100s | tiles=86 ahead=86 experts=441 miss=64 io=0.062s 3.6GB/s]
[prefill gpuq busy=0.045s(45%) idle=0.054s(55%) span=0.099s buffers=177]
[prefill gpu attn=0.012s(26%) shared=0.004s(10%) moe=0.025s(56%) tail=0.001s(2%) head=0.003s(7%) total=0.045s]
[prefill host enc.front=0.002s(2%) wait.front=0.026s(21%) drain=0.000s(0%) route=0.000s(0%) meta=0.000s(0%) fetch=0.086s(72%) enc.moe=0.001s(1%) tail=0.000s(0%) head=0.004s(3%) other=0.001s(1%) call=0.120s | tiles=90 ahead=90 experts=439 miss=73 io=0.086s 2.9GB/s]
[prefill gpuq busy=0.045s(38%) idle=0.075s(62%) span=0.120s buffers=181]
[prefill gpu attn=0.011s(26%) shared=0.004s(9%) moe=0.024s(55%) tail=0.001s(2%) head=0.003s(8%) total=0.044s]
[prefill host enc.front=0.002s(2%) wait.front=0.029s(37%) drain=0.000s(1%) route=0.000s(0%) meta=0.000s(0%) fetch=0.040s(52%) enc.moe=0.001s(1%) tail=0.000s(0%) head=0.004s(5%) other=0.001s(1%) call=0.076s | tiles=82 ahead=82 experts=444 miss=36 io=0.046s 2.7GB/s]
[prefill gpuq busy=0.044s(57%) idle=0.033s(43%) span=0.076s buffers=173]
[prefill gpu attn=0.011s(26%) shared=0.004s(9%) moe=0.024s(55%) tail=0.001s(2%) head=0.003s(8%) total=0.043s]
[prefill host enc.front=0.002s(2%) wait.front=0.028s(39%) drain=0.000s(1%) route=0.000s(0%) meta=0.000s(0%) fetch=0.037s(51%) enc.moe=0.001s(1%) tail=0.000s(0%) head=0.004s(5%) other=0.000s(1%) call=0.073s | tiles=85 ahead=85 experts=455 miss=41 io=0.037s 3.8GB/s]
[prefill gpuq busy=0.043s(59%) idle=0.030s(41%) span=0.073s buffers=176]
[prefill gpu attn=0.011s(26%) shared=0.004s(9%) moe=0.024s(55%) tail=0.001s(2%) head=0.003s(8%) total=0.044s]
[prefill host enc.front=0.002s(2%) wait.front=0.024s(32%) drain=0.000s(1%) route=0.000s(0%) meta=0.000s(0%) fetch=0.042s(57%) enc.moe=0.001s(1%) tail=0.000s(0%) head=0.004s(5%) other=0.000s(1%) call=0.073s | tiles=85 ahead=85 experts=431 miss=39 io=0.042s 3.2GB/s]
[prefill gpuq busy=0.044s(60%) idle=0.029s(40%) span=0.073s buffers=176]
[prefill gpu attn=0.011s(26%) shared=0.004s(9%) moe=0.024s(55%) tail=0.001s(2%) head=0.004s(8%) total=0.044s]
[prefill host enc.front=0.002s(2%) wait.front=0.025s(31%) drain=0.002s(3%) route=0.000s(0%) meta=0.000s(0%) fetch=0.047s(57%) enc.moe=0.001s(1%) tail=0.000s(0%) head=0.004s(5%) other=0.000s(1%) call=0.081s | tiles=85 ahead=85 experts=454 miss=58 io=0.053s 3.8GB/s]
[prefill gpuq busy=0.044s(54%) idle=0.037s(46%) span=0.081s buffers=176]
[prefill gpu attn=0.012s(27%) shared=0.004s(10%) moe=0.023s(54%) tail=0.001s(2%) head=0.003s(8%) total=0.043s]
[prefill host enc.front=0.002s(3%) wait.front=0.030s(46%) drain=0.000s(1%) route=0.000s(0%) meta=0.000s(0%) fetch=0.028s(43%) enc.moe=0.001s(1%) tail=0.000s(0%) head=0.004s(6%) other=0.000s(1%) call=0.065s | tiles=77 ahead=77 experts=386 miss=31 io=0.033s 3.3GB/s]
[prefill gpuq busy=0.043s(66%) idle=0.022s(34%) span=0.065s buffers=168]
[prefill gpu attn=0.011s(26%) shared=0.004s(9%) moe=0.024s(55%) tail=0.001s(2%) head=0.003s(8%) total=0.043s]
[prefill host enc.front=0.002s(3%) wait.front=0.026s(45%) drain=0.001s(2%) route=0.000s(0%) meta=0.000s(0%) fetch=0.025s(42%) enc.moe=0.001s(1%) tail=0.000s(0%) head=0.004s(6%) other=0.000s(1%) call=0.059s | tiles=80 ahead=80 experts=437 miss=31 io=0.027s 4.0GB/s]
[prefill gpuq busy=0.043s(74%) idle=0.015s(26%) span=0.059s buffers=171]
[prefill gpu attn=0.012s(26%) shared=0.004s(9%) moe=0.025s(56%) tail=0.001s(2%) head=0.003s(8%) total=0.045s]
[prefill host enc.front=0.002s(2%) wait.front=0.027s(32%) drain=0.001s(1%) route=0.000s(0%) meta=0.000s(0%) fetch=0.050s(58%) enc.moe=0.001s(1%) tail=0.000s(0%) head=0.004s(4%) other=0.001s(1%) call=0.085s | tiles=90 ahead=90 experts=490 miss=60 io=0.050s 4.2GB/s]
[prefill gpuq busy=0.044s(52%) idle=0.041s(48%) span=0.085s buffers=181]
[prefill gpu attn=0.012s(26%) shared=0.004s(9%) moe=0.024s(55%) tail=0.001s(2%) head=0.003s(8%) total=0.044s]
[prefill host enc.front=0.002s(3%) wait.front=0.027s(44%) drain=0.001s(1%) route=0.000s(0%) meta=0.000s(0%) fetch=0.027s(44%) enc.moe=0.001s(1%) tail=0.000s(0%) head=0.004s(6%) other=0.000s(1%) call=0.063s | tiles=81 ahead=81 experts=458 miss=31 io=0.028s 3.9GB/s]
[prefill gpuq busy=0.044s(70%) idle=0.019s(30%) span=0.062s buffers=172]
[prefill gpu attn=0.011s(26%) shared=0.004s(10%) moe=0.024s(55%) tail=0.001s(2%) head=0.003s(8%) total=0.044s]
[prefill host enc.front=0.002s(3%) wait.front=0.027s(47%) drain=0.000s(1%) route=0.000s(0%) meta=0.000s(0%) fetch=0.023s(41%) enc.moe=0.001s(1%) tail=0.000s(0%) head=0.004s(6%) other=0.000s(1%) call=0.057s | tiles=86 ahead=86 experts=467 miss=28 io=0.023s 4.1GB/s]
[prefill gpuq busy=0.043s(76%) idle=0.014s(24%) span=0.057s buffers=177]
[prefill gpu attn=0.011s(26%) shared=0.004s(10%) moe=0.024s(54%) tail=0.001s(2%) head=0.003s(8%) total=0.044s]
[prefill host enc.front=0.002s(3%) wait.front=0.024s(42%) drain=0.001s(2%) route=0.000s(0%) meta=0.000s(0%) fetch=0.026s(45%) enc.moe=0.001s(1%) tail=0.000s(0%) head=0.004s(6%) other=0.000s(1%) call=0.058s | tiles=85 ahead=85 experts=426 miss=31 io=0.026s 4.1GB/s]
[prefill gpuq busy=0.043s(75%) idle=0.015s(25%) span=0.058s buffers=176]
[prefill gpu attn=0.011s(27%) shared=0.004s(10%) moe=0.023s(54%) tail=0.001s(2%) head=0.003s(8%) total=0.043s]
[prefill host enc.front=0.002s(3%) wait.front=0.027s(54%) drain=0.000s(1%) route=0.000s(0%) meta=0.000s(0%) fetch=0.017s(33%) enc.moe=0.001s(1%) tail=0.000s(0%) head=0.004s(7%) other=0.000s(1%) call=0.051s | tiles=81 ahead=81 experts=443 miss=16 io=0.017s 3.3GB/s]
[prefill gpuq busy=0.042s(83%) idle=0.008s(17%) span=0.051s buffers=172]
[prefill gpu attn=0.011s(26%) shared=0.004s(9%) moe=0.023s(53%) tail=0.001s(2%) head=0.004s(9%) total=0.043s]
[prefill host enc.front=0.002s(3%) wait.front=0.028s(56%) drain=0.000s(1%) route=0.000s(0%) meta=0.000s(0%) fetch=0.015s(29%) enc.moe=0.001s(1%) tail=0.000s(0%) head=0.004s(8%) other=0.000s(1%) call=0.051s | tiles=74 ahead=74 experts=396 miss=22 io=0.015s 5.0GB/s]
[prefill gpuq busy=0.043s(85%) idle=0.008s(15%) span=0.051s buffers=165]
[prefill gpu attn=0.011s(27%) shared=0.004s(10%) moe=0.023s(54%) tail=0.001s(2%) head=0.003s(8%) total=0.043s]
[prefill host enc.front=0.002s(3%) wait.front=0.030s(61%) drain=0.000s(1%) route=0.000s(0%) meta=0.000s(0%) fetch=0.012s(25%) enc.moe=0.001s(1%) tail=0.000s(0%) head=0.004s(7%) other=0.000s(1%) call=0.049s | tiles=74 ahead=74 experts=410 miss=15 io=0.012s 4.2GB/s]
[prefill gpuq busy=0.043s(86%) idle=0.007s(14%) span=0.049s buffers=165]
[prefill gpu attn=0.011s(27%) shared=0.004s(9%) moe=0.023s(54%) tail=0.001s(2%) head=0.004s(8%) total=0.043s]
[prefill host enc.front=0.002s(3%) wait.front=0.030s(56%) drain=0.000s(1%) route=0.000s(0%) meta=0.000s(0%) fetch=0.016s(30%) enc.moe=0.001s(1%) tail=0.000s(0%) head=0.004s(7%) other=0.000s(1%) call=0.053s | tiles=75 ahead=75 experts=412 miss=21 io=0.016s 4.5GB/s]
[prefill gpuq busy=0.043s(81%) idle=0.010s(19%) span=0.052s buffers=166]
[prefill gpu attn=0.011s(26%) shared=0.004s(10%) moe=0.024s(54%) tail=0.001s(2%) head=0.004s(8%) total=0.043s]
[prefill host enc.front=0.002s(3%) wait.front=0.026s(44%) drain=0.000s(1%) route=0.000s(0%) meta=0.000s(0%) fetch=0.026s(43%) enc.moe=0.001s(1%) tail=0.000s(0%) head=0.004s(6%) other=0.000s(1%) call=0.059s | tiles=86 ahead=86 experts=445 miss=28 io=0.026s 3.8GB/s]
[prefill gpuq busy=0.043s(73%) idle=0.016s(27%) span=0.059s buffers=177]
[prefill gpu attn=0.011s(26%) shared=0.004s(10%) moe=0.024s(54%) tail=0.001s(2%) head=0.004s(8%) total=0.044s]
[prefill host enc.front=0.002s(3%) wait.front=0.030s(62%) drain=0.001s(2%) route=0.000s(0%) meta=0.000s(0%) fetch=0.011s(22%) enc.moe=0.001s(1%) tail=0.000s(0%) head=0.004s(8%) other=0.000s(1%) call=0.049s | tiles=78 ahead=78 experts=436 miss=12 io=0.011s 3.8GB/s]
[prefill gpuq busy=0.043s(89%) idle=0.005s(11%) span=0.049s buffers=169]
[prefill gpu attn=0.012s(26%) shared=0.004s(10%) moe=0.025s(55%) tail=0.001s(2%) head=0.004s(8%) total=0.045s]
[prefill host enc.front=0.002s(3%) wait.front=0.027s(45%) drain=0.001s(2%) route=0.000s(0%) meta=0.000s(0%) fetch=0.025s(42%) enc.moe=0.001s(1%) tail=0.000s(0%) head=0.004s(6%) other=0.000s(1%) call=0.059s | tiles=86 ahead=86 experts=476 miss=31 io=0.028s 3.9GB/s]
[prefill gpuq busy=0.044s(75%) idle=0.015s(25%) span=0.059s buffers=177]
[prefill gpu attn=0.011s(27%) shared=0.004s(10%) moe=0.023s(54%) tail=0.001s(2%) head=0.003s(8%) total=0.043s]
[prefill host enc.front=0.002s(3%) wait.front=0.027s(55%) drain=0.001s(2%) route=0.000s(0%) meta=0.000s(0%) fetch=0.015s(30%) enc.moe=0.001s(1%) tail=0.000s(0%) head=0.004s(7%) other=0.000s(1%) call=0.049s | tiles=80 ahead=80 experts=437 miss=17 io=0.015s 4.0GB/s]
[prefill gpuq busy=0.042s(87%) idle=0.006s(13%) span=0.049s buffers=171]
[prefill gpu attn=0.011s(26%) shared=0.004s(10%) moe=0.024s(54%) tail=0.001s(2%) head=0.004s(8%) total=0.044s]
[prefill host enc.front=0.002s(3%) wait.front=0.027s(45%) drain=0.001s(2%) route=0.000s(0%) meta=0.000s(0%) fetch=0.025s(42%) enc.moe=0.001s(1%) tail=0.000s(0%) head=0.004s(6%) other=0.000s(1%) call=0.060s | tiles=77 ahead=77 experts=418 miss=28 io=0.025s 3.8GB/s]
[prefill gpuq busy=0.043s(72%) idle=0.017s(28%) span=0.060s buffers=168]
[prefill gpu attn=0.012s(27%) shared=0.004s(10%) moe=0.023s(54%) tail=0.001s(2%) head=0.003s(8%) total=0.043s]
[prefill host enc.front=0.002s(3%) wait.front=0.031s(56%) drain=0.001s(2%) route=0.000s(0%) meta=0.000s(0%) fetch=0.017s(30%) enc.moe=0.001s(1%) tail=0.000s(0%) head=0.004s(6%) other=0.000s(1%) call=0.055s | tiles=75 ahead=75 experts=426 miss=18 io=0.017s 3.7GB/s]
[prefill gpuq busy=0.043s(78%) idle=0.012s(22%) span=0.055s buffers=166]
[prefill gpu attn=0.012s(27%) shared=0.004s(10%) moe=0.023s(53%) tail=0.001s(2%) head=0.003s(8%) total=0.043s]
[prefill host enc.front=0.002s(4%) wait.front=0.034s(74%) drain=0.001s(2%) route=0.000s(0%) meta=0.000s(0%) fetch=0.004s(10%) enc.moe=0.000s(1%) tail=0.000s(0%) head=0.004s(8%) other=0.000s(1%) call=0.045s | tiles=65 ahead=65 experts=386 miss=6 io=0.005s 4.6GB/s]
[prefill gpuq busy=0.042s(93%) idle=0.003s(7%) span=0.045s buffers=156]
[prefill gpu attn=0.012s(27%) shared=0.004s(10%) moe=0.022s(53%) tail=0.001s(2%) head=0.003s(8%) total=0.042s]
[prefill host enc.front=0.002s(4%) wait.front=0.033s(75%) drain=0.001s(2%) route=0.000s(0%) meta=0.000s(0%) fetch=0.004s(9%) enc.moe=0.000s(1%) tail=0.000s(0%) head=0.004s(8%) other=0.000s(1%) call=0.044s | tiles=64 ahead=64 experts=370 miss=8 io=0.004s 7.1GB/s]
[prefill gpuq busy=0.042s(95%) idle=0.002s(5%) span=0.044s buffers=155]
[prefill gpu attn=0.011s(27%) shared=0.004s(9%) moe=0.023s(54%) tail=0.001s(2%) head=0.003s(8%) total=0.043s]
[prefill host enc.front=0.002s(3%) wait.front=0.031s(61%) drain=0.001s(2%) route=0.000s(0%) meta=0.000s(0%) fetch=0.012s(24%) enc.moe=0.001s(1%) tail=0.000s(0%) head=0.004s(7%) other=0.000s(1%) call=0.051s | tiles=77 ahead=77 experts=459 miss=12 io=0.012s 3.4GB/s]
[prefill gpuq busy=0.043s(85%) idle=0.008s(15%) span=0.050s buffers=168]
[prefill gpu attn=0.011s(27%) shared=0.004s(10%) moe=0.023s(54%) tail=0.001s(2%) head=0.003s(8%) total=0.043s]
[prefill host enc.front=0.002s(3%) wait.front=0.031s(55%) drain=0.001s(2%) route=0.000s(0%) meta=0.000s(0%) fetch=0.018s(32%) enc.moe=0.001s(1%) tail=0.000s(0%) head=0.004s(6%) other=0.000s(1%) call=0.056s | tiles=76 ahead=76 experts=435 miss=19 io=0.018s 3.7GB/s]
[prefill gpuq busy=0.043s(76%) idle=0.013s(24%) span=0.056s buffers=167]
[prefill gpu attn=0.012s(26%) shared=0.004s(9%) moe=0.025s(56%) tail=0.001s(2%) head=0.003s(8%) total=0.045s]
[prefill host enc.front=0.002s(3%) wait.front=0.034s(56%) drain=0.001s(1%) route=0.000s(0%) meta=0.000s(0%) fetch=0.019s(32%) enc.moe=0.001s(1%) tail=0.000s(0%) head=0.004s(6%) other=0.000s(1%) call=0.062s | tiles=87 ahead=87 experts=502 miss=37 io=0.022s 5.8GB/s]
[prefill gpuq busy=0.045s(73%) idle=0.016s(27%) span=0.061s buffers=178]
[prefill gpu attn=0.012s(27%) shared=0.004s(9%) moe=0.024s(54%) tail=0.001s(2%) head=0.004s(8%) total=0.043s]
[prefill host enc.front=0.002s(3%) wait.front=0.031s(65%) drain=0.001s(2%) route=0.000s(0%) meta=0.000s(0%) fetch=0.009s(19%) enc.moe=0.001s(1%) tail=0.000s(0%) head=0.004s(8%) other=0.000s(1%) call=0.048s | tiles=73 ahead=73 experts=437 miss=18 io=0.009s 6.7GB/s]
[prefill gpuq busy=0.043s(91%) idle=0.004s(9%) span=0.047s buffers=164]
[prefill gpu attn=0.012s(27%) shared=0.004s(10%) moe=0.023s(53%) tail=0.001s(2%) head=0.004s(8%) total=0.043s]
[prefill host enc.front=0.002s(4%) wait.front=0.034s(68%) drain=0.001s(2%) route=0.000s(0%) meta=0.000s(0%) fetch=0.008s(16%) enc.moe=0.001s(1%) tail=0.000s(0%) head=0.004s(7%) other=0.000s(1%) call=0.050s | tiles=73 ahead=73 experts=417 miss=14 io=0.008s 6.1GB/s]
[prefill gpuq busy=0.043s(87%) idle=0.006s(13%) span=0.049s buffers=164]
[prefill gpu attn=0.012s(27%) shared=0.004s(10%) moe=0.023s(53%) tail=0.001s(2%) head=0.004s(8%) total=0.043s]
[prefill host enc.front=0.002s(3%) wait.front=0.031s(60%) drain=0.001s(1%) route=0.000s(0%) meta=0.000s(0%) fetch=0.013s(25%) enc.moe=0.001s(1%) tail=0.000s(0%) head=0.004s(7%) other=0.000s(1%) call=0.051s | tiles=72 ahead=72 experts=408 miss=15 io=0.013s 4.0GB/s]
[prefill gpuq busy=0.042s(83%) idle=0.009s(17%) span=0.051s buffers=163]
[prefill gpu attn=0.012s(27%) shared=0.004s(10%) moe=0.023s(53%) tail=0.001s(2%) head=0.003s(8%) total=0.043s]
[prefill host enc.front=0.002s(3%) wait.front=0.033s(64%) drain=0.001s(2%) route=0.000s(0%) meta=0.000s(0%) fetch=0.011s(21%) enc.moe=0.001s(1%) tail=0.000s(0%) head=0.004s(7%) other=0.000s(1%) call=0.051s | tiles=66 ahead=66 experts=354 miss=19 io=0.011s 6.0GB/s]
[prefill gpuq busy=0.042s(83%) idle=0.009s(17%) span=0.051s buffers=157]
[prefill gpu attn=0.011s(27%) shared=0.004s(10%) moe=0.023s(53%) tail=0.001s(2%) head=0.003s(8%) total=0.043s]
[prefill host enc.front=0.002s(4%) wait.front=0.030s(64%) drain=0.001s(2%) route=0.000s(0%) meta=0.000s(0%) fetch=0.010s(20%) enc.moe=0.001s(1%) tail=0.000s(0%) head=0.004s(8%) other=0.000s(1%) call=0.047s | tiles=71 ahead=71 experts=373 miss=13 io=0.010s 4.7GB/s]
[prefill gpuq busy=0.042s(90%) idle=0.005s(10%) span=0.047s buffers=162]
[prefill gpu attn=0.011s(27%) shared=0.004s(9%) moe=0.023s(54%) tail=0.001s(2%) head=0.003s(8%) total=0.043s]
[prefill host enc.front=0.002s(3%) wait.front=0.034s(64%) drain=0.001s(2%) route=0.000s(1%) meta=0.000s(0%) fetch=0.012s(22%) enc.moe=0.001s(1%) tail=0.000s(0%) head=0.004s(7%) other=0.000s(1%) call=0.053s | tiles=75 ahead=75 experts=455 miss=16 io=0.012s 4.8GB/s]
[prefill gpuq busy=0.043s(81%) idle=0.010s(19%) span=0.053s buffers=166]
[prefill gpu attn=0.011s(26%) shared=0.004s(10%) moe=0.024s(54%) tail=0.001s(2%) head=0.003s(8%) total=0.044s]
[prefill host enc.front=0.002s(3%) wait.front=0.032s(63%) drain=0.000s(1%) route=0.000s(0%) meta=0.000s(0%) fetch=0.012s(23%) enc.moe=0.001s(1%) tail=0.000s(0%) head=0.004s(7%) other=0.000s(1%) call=0.051s | tiles=77 ahead=77 experts=452 miss=15 io=0.012s 4.4GB/s]
[prefill gpuq busy=0.043s(85%) idle=0.008s(15%) span=0.051s buffers=168]
[prefill gpu attn=0.012s(27%) shared=0.004s(9%) moe=0.024s(54%) tail=0.001s(2%) head=0.003s(8%) total=0.043s]
[prefill host enc.front=0.002s(3%) wait.front=0.033s(65%) drain=0.001s(2%) route=0.000s(0%) meta=0.000s(0%) fetch=0.010s(20%) enc.moe=0.001s(1%) tail=0.000s(0%) head=0.004s(7%) other=0.000s(1%) call=0.051s | tiles=78 ahead=78 experts=461 miss=17 io=0.010s 5.7GB/s]
[prefill gpuq busy=0.043s(85%) idle=0.007s(15%) span=0.051s buffers=169]
[prefill gpu attn=0.012s(27%) shared=0.004s(10%) moe=0.023s(54%) tail=0.001s(2%) head=0.003s(8%) total=0.043s]
[prefill host enc.front=0.002s(3%) wait.front=0.033s(67%) drain=0.000s(1%) route=0.000s(0%) meta=0.000s(0%) fetch=0.009s(19%) enc.moe=0.001s(1%) tail=0.000s(0%) head=0.004s(7%) other=0.000s(1%) call=0.049s | tiles=71 ahead=71 experts=396 miss=20 io=0.009s 7.5GB/s]
[prefill gpuq busy=0.043s(88%) idle=0.006s(12%) span=0.049s buffers=162]
[prefill gpu attn=0.012s(27%) shared=0.004s(10%) moe=0.022s(53%) tail=0.001s(2%) head=0.003s(8%) total=0.043s]
[prefill host enc.front=0.002s(4%) wait.front=0.032s(72%) drain=0.001s(2%) route=0.000s(0%) meta=0.000s(0%) fetch=0.005s(12%) enc.moe=0.001s(1%) tail=0.000s(0%) head=0.003s(8%) other=0.000s(1%) call=0.044s | tiles=66 ahead=66 experts=370 miss=11 io=0.005s 7.3GB/s]
[prefill gpuq busy=0.042s(95%) idle=0.002s(5%) span=0.044s buffers=157]
[prefill gpu attn=0.012s(27%) shared=0.004s(9%) moe=0.023s(53%) tail=0.001s(2%) head=0.004s(9%) total=0.043s]
[prefill host enc.front=0.002s(3%) wait.front=0.030s(60%) drain=0.001s(2%) route=0.000s(0%) meta=0.000s(0%) fetch=0.013s(25%) enc.moe=0.001s(1%) tail=0.000s(0%) head=0.004s(8%) other=0.000s(1%) call=0.050s | tiles=73 ahead=73 experts=402 miss=15 io=0.013s 4.1GB/s]
[prefill gpuq busy=0.043s(85%) idle=0.007s(15%) span=0.050s buffers=164]
[prefill gpu attn=0.012s(27%) shared=0.004s(10%) moe=0.023s(54%) tail=0.001s(2%) head=0.003s(8%) total=0.043s]
[prefill host enc.front=0.002s(3%) wait.front=0.033s(65%) drain=0.001s(2%) route=0.000s(0%) meta=0.000s(0%) fetch=0.010s(20%) enc.moe=0.001s(1%) tail=0.000s(0%) head=0.004s(7%) other=0.000s(1%) call=0.050s | tiles=77 ahead=77 experts=456 miss=12 io=0.010s 4.2GB/s]
[prefill gpuq busy=0.043s(86%) idle=0.007s(14%) span=0.050s buffers=168]
[prefill gpu attn=0.011s(27%) shared=0.004s(10%) moe=0.023s(53%) tail=0.001s(2%) head=0.004s(8%) total=0.043s]
[prefill host enc.front=0.002s(3%) wait.front=0.031s(63%) drain=0.001s(2%) route=0.000s(0%) meta=0.000s(0%) fetch=0.011s(22%) enc.moe=0.001s(1%) tail=0.000s(0%) head=0.004s(8%) other=0.000s(1%) call=0.049s | tiles=71 ahead=71 experts=403 miss=18 io=0.011s 5.9GB/s]
[prefill gpuq busy=0.042s(87%) idle=0.006s(13%) span=0.049s buffers=162]
[prefill gpu attn=0.011s(27%) shared=0.004s(10%) moe=0.023s(54%) tail=0.001s(2%) head=0.003s(8%) total=0.043s]
[prefill host enc.front=0.002s(3%) wait.front=0.028s(59%) drain=0.000s(1%) route=0.000s(0%) meta=0.000s(0%) fetch=0.013s(27%) enc.moe=0.001s(1%) tail=0.000s(0%) head=0.004s(8%) other=0.000s(1%) call=0.048s | tiles=75 ahead=75 experts=423 miss=15 io=0.013s 4.0GB/s]
[prefill gpuq busy=0.042s(89%) idle=0.005s(11%) span=0.047s buffers=166]
[prefill gpu attn=0.012s(27%) shared=0.004s(10%) moe=0.024s(54%) tail=0.001s(2%) head=0.003s(8%) total=0.044s]
[prefill host enc.front=0.002s(3%) wait.front=0.029s(56%) drain=0.001s(2%) route=0.000s(0%) meta=0.000s(0%) fetch=0.015s(29%) enc.moe=0.001s(1%) tail=0.000s(0%) head=0.004s(7%) other=0.000s(1%) call=0.052s | tiles=78 ahead=78 experts=455 miss=16 io=0.015s 3.7GB/s]
[prefill gpuq busy=0.043s(84%) idle=0.008s(16%) span=0.051s buffers=169]
[prefill gpu attn=0.012s(27%) shared=0.004s(9%) moe=0.024s(54%) tail=0.001s(2%) head=0.003s(8%) total=0.043s]
[prefill host enc.front=0.002s(3%) wait.front=0.029s(53%) drain=0.001s(2%) route=0.000s(0%) meta=0.000s(0%) fetch=0.018s(33%) enc.moe=0.001s(1%) tail=0.000s(0%) head=0.004s(7%) other=0.000s(1%) call=0.054s | tiles=81 ahead=81 experts=471 miss=33 io=0.020s 5.9GB/s]
[prefill gpuq busy=0.043s(80%) idle=0.011s(20%) span=0.054s buffers=172]
[prefill gpu attn=0.012s(27%) shared=0.004s(10%) moe=0.023s(53%) tail=0.001s(2%) head=0.003s(8%) total=0.042s]
[prefill host enc.front=0.002s(4%) wait.front=0.033s(75%) drain=0.001s(3%) route=0.000s(0%) meta=0.000s(0%) fetch=0.003s(8%) enc.moe=0.001s(1%) tail=0.000s(0%) head=0.004s(8%) other=0.000s(1%) call=0.044s | tiles=71 ahead=71 experts=421 miss=11 io=0.003s 10.9GB/s]
[prefill gpuq busy=0.042s(95%) idle=0.002s(5%) span=0.044s buffers=162]
[prefill gpu attn=0.012s(27%) shared=0.004s(10%) moe=0.023s(53%) tail=0.001s(2%) head=0.003s(8%) total=0.043s]
[prefill host enc.front=0.002s(4%) wait.front=0.031s(69%) drain=0.000s(1%) route=0.000s(0%) meta=0.000s(0%) fetch=0.007s(16%) enc.moe=0.001s(1%) tail=0.000s(0%) head=0.004s(8%) other=0.000s(1%) call=0.046s | tiles=71 ahead=71 experts=371 miss=13 io=0.008s 5.9GB/s]
[prefill gpuq busy=0.042s(93%) idle=0.003s(7%) span=0.046s buffers=162]
[prefill gpu attn=0.012s(28%) shared=0.004s(9%) moe=0.022s(53%) tail=0.001s(2%) head=0.003s(8%) total=0.042s]
[prefill host enc.front=0.002s(4%) wait.front=0.034s(80%) drain=0.001s(2%) route=0.000s(0%) meta=0.000s(0%) fetch=0.001s(3%) enc.moe=0.000s(1%) tail=0.000s(0%) head=0.004s(8%) other=0.000s(1%) call=0.042s | tiles=63 ahead=63 experts=389 miss=5 io=0.001s 13.8GB/s]
[prefill gpuq busy=0.041s(98%) idle=0.001s(2%) span=0.042s buffers=154]
[prefill gpu attn=0.012s(27%) shared=0.004s(10%) moe=0.023s(53%) tail=0.001s(2%) head=0.004s(8%) total=0.043s]
[prefill host enc.front=0.002s(4%) wait.front=0.033s(70%) drain=0.001s(3%) route=0.000s(0%) meta=0.000s(0%) fetch=0.006s(13%) enc.moe=0.001s(1%) tail=0.000s(0%) head=0.004s(8%) other=0.000s(1%) call=0.048s | tiles=67 ahead=67 experts=385 miss=5 io=0.006s 2.8GB/s]
[prefill gpuq busy=0.043s(90%) idle=0.005s(10%) span=0.047s buffers=158]
[prefill gpu attn=0.012s(27%) shared=0.004s(9%) moe=0.024s(54%) tail=0.001s(2%) head=0.003s(8%) total=0.043s]
[prefill host enc.front=0.002s(4%) wait.front=0.032s(68%) drain=0.001s(2%) route=0.000s(0%) meta=0.000s(0%) fetch=0.008s(16%) enc.moe=0.001s(1%) tail=0.000s(0%) head=0.004s(8%) other=0.000s(1%) call=0.047s | tiles=75 ahead=75 experts=448 miss=14 io=0.008s 6.3GB/s]
[prefill gpuq busy=0.043s(91%) idle=0.004s(9%) span=0.047s buffers=166]
[prefill gpu attn=0.012s(27%) shared=0.004s(9%) moe=0.023s(53%) tail=0.001s(2%) head=0.003s(8%) total=0.042s]
[prefill host enc.front=0.002s(4%) wait.front=0.034s(77%) drain=0.001s(2%) route=0.000s(0%) meta=0.000s(0%) fetch=0.003s(6%) enc.moe=0.001s(1%) tail=0.000s(0%) head=0.004s(8%) other=0.000s(1%) call=0.044s | tiles=68 ahead=68 experts=405 miss=7 io=0.003s 8.5GB/s]
[prefill gpuq busy=0.042s(96%) idle=0.002s(4%) span=0.044s buffers=159]
[prefill gpu attn=0.012s(27%) shared=0.004s(10%) moe=0.023s(53%) tail=0.001s(2%) head=0.004s(8%) total=0.043s]
[prefill host enc.front=0.002s(3%) wait.front=0.030s(62%) drain=0.000s(1%) route=0.000s(0%) meta=0.000s(0%) fetch=0.011s(23%) enc.moe=0.001s(1%) tail=0.000s(0%) head=0.004s(8%) other=0.000s(1%) call=0.048s | tiles=74 ahead=74 experts=391 miss=12 io=0.011s 3.7GB/s]
[prefill gpuq busy=0.042s(88%) idle=0.006s(12%) span=0.048s buffers=165]
[prefill gpu attn=0.012s(27%) shared=0.004s(9%) moe=0.023s(54%) tail=0.001s(2%) head=0.003s(8%) total=0.043s]
[prefill host enc.front=0.002s(3%) wait.front=0.028s(52%) drain=0.000s(1%) route=0.000s(0%) meta=0.000s(0%) fetch=0.019s(35%) enc.moe=0.001s(1%) tail=0.000s(0%) head=0.004s(6%) other=0.000s(1%) call=0.055s | tiles=81 ahead=81 experts=426 miss=26 io=0.019s 4.6GB/s]
[prefill gpuq busy=0.043s(79%) idle=0.012s(21%) span=0.055s buffers=172]
[prefill gpu attn=0.012s(27%) shared=0.004s(10%) moe=0.023s(53%) tail=0.001s(2%) head=0.003s(8%) total=0.042s]
[prefill host enc.front=0.002s(4%) wait.front=0.029s(62%) drain=0.001s(2%) route=0.000s(0%) meta=0.000s(0%) fetch=0.011s(23%) enc.moe=0.001s(1%) tail=0.000s(0%) head=0.004s(8%) other=0.000s(1%) call=0.047s | tiles=75 ahead=75 experts=411 miss=14 io=0.011s 4.5GB/s]
[prefill gpuq busy=0.042s(89%) idle=0.005s(11%) span=0.047s buffers=166]
[prefill gpu attn=0.012s(27%) shared=0.004s(9%) moe=0.023s(54%) tail=0.001s(2%) head=0.003s(8%) total=0.043s]
[prefill host enc.front=0.002s(3%) wait.front=0.030s(63%) drain=0.001s(2%) route=0.000s(0%) meta=0.000s(0%) fetch=0.010s(21%) enc.moe=0.001s(1%) tail=0.000s(0%) head=0.004s(7%) other=0.000s(1%) call=0.047s | tiles=77 ahead=77 experts=403 miss=18 io=0.010s 6.1GB/s]
[prefill gpuq busy=0.043s(91%) idle=0.004s(9%) span=0.047s buffers=168]
[prefill gpu attn=0.012s(27%) shared=0.004s(9%) moe=0.023s(54%) tail=0.001s(2%) head=0.003s(8%) total=0.043s]
[prefill host enc.front=0.002s(3%) wait.front=0.036s(72%) drain=0.001s(2%) route=0.000s(0%) meta=0.000s(0%) fetch=0.006s(12%) enc.moe=0.001s(1%) tail=0.000s(0%) head=0.004s(7%) other=0.000s(1%) call=0.049s | tiles=74 ahead=74 experts=459 miss=15 io=0.006s 8.4GB/s]
[prefill gpuq busy=0.043s(88%) idle=0.006s(12%) span=0.049s buffers=165]
[prefill gpu attn=0.012s(27%) shared=0.004s(9%) moe=0.023s(53%) tail=0.001s(2%) head=0.003s(8%) total=0.043s]
[prefill host enc.front=0.002s(4%) wait.front=0.036s(79%) drain=0.001s(2%) route=0.000s(0%) meta=0.000s(0%) fetch=0.002s(5%) enc.moe=0.001s(1%) tail=0.000s(0%) head=0.004s(8%) other=0.000s(1%) call=0.046s | tiles=72 ahead=72 experts=442 miss=5 io=0.002s 7.0GB/s]
[prefill gpuq busy=0.043s(94%) idle=0.003s(6%) span=0.046s buffers=163]
[prefill gpu attn=0.011s(27%) shared=0.004s(10%) moe=0.023s(53%) tail=0.001s(2%) head=0.004s(9%) total=0.043s]
[prefill host enc.front=0.002s(3%) wait.front=0.031s(66%) drain=0.000s(1%) route=0.000s(0%) meta=0.000s(0%) fetch=0.009s(19%) enc.moe=0.001s(1%) tail=0.000s(0%) head=0.004s(8%) other=0.000s(1%) call=0.047s | tiles=70 ahead=70 experts=402 miss=14 io=0.009s 5.4GB/s]
[prefill gpuq busy=0.043s(90%) idle=0.005s(10%) span=0.047s buffers=161]
[prefill gpu attn=0.012s(27%) shared=0.004s(9%) moe=0.023s(53%) tail=0.001s(2%) head=0.004s(9%) total=0.043s]
[prefill host enc.front=0.002s(3%) wait.front=0.033s(62%) drain=0.001s(1%) route=0.000s(0%) meta=0.000s(0%) fetch=0.012s(23%) enc.moe=0.001s(1%) tail=0.000s(0%) head=0.004s(8%) other=0.000s(1%) call=0.053s | tiles=69 ahead=69 experts=387 miss=16 io=0.013s 4.4GB/s]
[prefill gpuq busy=0.043s(81%) idle=0.010s(19%) span=0.053s buffers=160]
[prefill gpu attn=0.012s(27%) shared=0.004s(9%) moe=0.023s(54%) tail=0.001s(2%) head=0.003s(8%) total=0.043s]
[prefill host enc.front=0.002s(4%) wait.front=0.034s(75%) drain=0.001s(2%) route=0.000s(0%) meta=0.000s(0%) fetch=0.003s(8%) enc.moe=0.001s(1%) tail=0.000s(0%) head=0.004s(8%) other=0.000s(1%) call=0.045s | tiles=72 ahead=72 experts=465 miss=10 io=0.003s 10.0GB/s]
[prefill gpuq busy=0.043s(96%) idle=0.002s(4%) span=0.044s buffers=163]
[prefill gpu attn=0.012s(27%) shared=0.004s(10%) moe=0.023s(54%) tail=0.001s(2%) head=0.004s(8%) total=0.044s]
[prefill host enc.front=0.002s(4%) wait.front=0.031s(66%) drain=0.001s(2%) route=0.000s(0%) meta=0.000s(0%) fetch=0.008s(17%) enc.moe=0.001s(1%) tail=0.000s(0%) head=0.004s(8%) other=0.000s(1%) call=0.048s | tiles=77 ahead=77 experts=461 miss=23 io=0.010s 8.0GB/s]
[prefill gpuq busy=0.043s(92%) idle=0.004s(8%) span=0.047s buffers=168]
[prefill gpu attn=0.012s(28%) shared=0.004s(9%) moe=0.023s(54%) tail=0.001s(2%) head=0.003s(8%) total=0.043s]
[prefill host enc.front=0.002s(3%) wait.front=0.031s(62%) drain=0.001s(2%) route=0.000s(0%) meta=0.000s(0%) fetch=0.012s(23%) enc.moe=0.001s(1%) tail=0.000s(0%) head=0.004s(7%) other=0.000s(1%) call=0.050s | tiles=73 ahead=73 experts=403 miss=14 io=0.012s 4.2GB/s]
[prefill gpuq busy=0.042s(85%) idle=0.007s(15%) span=0.050s buffers=164]
[prefill gpu attn=0.012s(28%) shared=0.004s(10%) moe=0.022s(53%) tail=0.001s(2%) head=0.003s(8%) total=0.042s]
[prefill host enc.front=0.002s(4%) wait.front=0.035s(81%) drain=0.001s(2%) route=0.000s(0%) meta=0.000s(0%) fetch=0.001s(2%) enc.moe=0.000s(1%) tail=0.000s(0%) head=0.004s(8%) other=0.000s(1%) call=0.043s | tiles=63 ahead=63 experts=369 miss=4 io=0.001s 16.4GB/s]
[prefill gpuq busy=0.042s(97%) idle=0.001s(3%) span=0.043s buffers=154]
[prefill gpu attn=0.012s(27%) shared=0.004s(9%) moe=0.023s(54%) tail=0.001s(2%) head=0.003s(8%) total=0.043s]
[prefill host enc.front=0.002s(3%) wait.front=0.031s(62%) drain=0.001s(2%) route=0.000s(0%) meta=0.000s(0%) fetch=0.012s(23%) enc.moe=0.001s(1%) tail=0.000s(0%) head=0.003s(7%) other=0.000s(1%) call=0.051s | tiles=73 ahead=73 experts=405 miss=19 io=0.012s 5.5GB/s]
[prefill gpuq busy=0.043s(85%) idle=0.008s(15%) span=0.051s buffers=164]
[prefill gpu attn=0.012s(28%) shared=0.004s(9%) moe=0.023s(53%) tail=0.001s(2%) head=0.003s(8%) total=0.043s]
[prefill host enc.front=0.002s(3%) wait.front=0.032s(62%) drain=0.001s(2%) route=0.000s(0%) meta=0.000s(0%) fetch=0.012s(24%) enc.moe=0.001s(1%) tail=0.000s(0%) head=0.004s(7%) other=0.000s(1%) call=0.052s | tiles=68 ahead=68 experts=379 miss=19 io=0.012s 5.4GB/s]
[prefill gpuq busy=0.043s(83%) idle=0.009s(17%) span=0.052s buffers=159]
[prefill gpu attn=0.012s(27%) shared=0.004s(9%) moe=0.023s(54%) tail=0.001s(2%) head=0.003s(8%) total=0.043s]
[prefill host enc.front=0.002s(4%) wait.front=0.033s(72%) drain=0.001s(2%) route=0.000s(1%) meta=0.000s(0%) fetch=0.005s(11%) enc.moe=0.001s(1%) tail=0.000s(0%) head=0.004s(8%) other=0.000s(1%) call=0.046s | tiles=74 ahead=74 experts=429 miss=9 io=0.005s 5.9GB/s]
[prefill gpuq busy=0.043s(93%) idle=0.003s(7%) span=0.046s buffers=165]
[prefill gpu attn=0.012s(28%) shared=0.004s(9%) moe=0.023s(53%) tail=0.001s(2%) head=0.004s(9%) total=0.043s]
[prefill host enc.front=0.002s(3%) wait.front=0.031s(61%) drain=0.000s(1%) route=0.000s(0%) meta=0.000s(0%) fetch=0.013s(25%) enc.moe=0.001s(1%) tail=0.000s(0%) head=0.004s(7%) other=0.000s(1%) call=0.051s | tiles=71 ahead=71 experts=390 miss=13 io=0.013s 3.5GB/s]
[prefill gpuq busy=0.042s(83%) idle=0.009s(17%) span=0.051s buffers=162]
[prefill gpu attn=0.012s(27%) shared=0.004s(9%) moe=0.023s(54%) tail=0.001s(2%) head=0.003s(8%) total=0.043s]
[prefill host enc.front=0.002s(3%) wait.front=0.034s(71%) drain=0.001s(2%) route=0.000s(1%) meta=0.000s(0%) fetch=0.006s(13%) enc.moe=0.001s(1%) tail=0.000s(0%) head=0.004s(8%) other=0.000s(1%) call=0.047s | tiles=67 ahead=67 experts=382 miss=16 io=0.006s 9.0GB/s]
[prefill gpuq busy=0.042s(90%) idle=0.005s(10%) span=0.047s buffers=158]
[prefill gpu attn=0.012s(28%) shared=0.004s(9%) moe=0.022s(53%) tail=0.001s(2%) head=0.003s(8%) total=0.042s]
[prefill host enc.front=0.002s(4%) wait.front=0.032s(72%) drain=0.001s(2%) route=0.000s(1%) meta=0.000s(0%) fetch=0.005s(11%) enc.moe=0.001s(1%) tail=0.000s(0%) head=0.004s(8%) other=0.000s(1%) call=0.044s | tiles=66 ahead=66 experts=371 miss=10 io=0.005s 6.8GB/s]
[prefill gpuq busy=0.042s(94%) idle=0.002s(6%) span=0.044s buffers=157]
[prefill gpu attn=0.012s(27%) shared=0.004s(10%) moe=0.023s(53%) tail=0.001s(2%) head=0.003s(8%) total=0.043s]
[prefill host enc.front=0.002s(4%) wait.front=0.033s(73%) drain=0.001s(2%) route=0.000s(0%) meta=0.000s(0%) fetch=0.005s(11%) enc.moe=0.001s(1%) tail=0.000s(0%) head=0.004s(8%) other=0.000s(1%) call=0.045s | tiles=70 ahead=70 experts=418 miss=10 io=0.005s 7.0GB/s]
[prefill gpuq busy=0.043s(94%) idle=0.003s(6%) span=0.045s buffers=161]
[prefill gpu attn=0.012s(28%) shared=0.004s(9%) moe=0.023s(53%) tail=0.001s(2%) head=0.004s(8%) total=0.043s]
[prefill host enc.front=0.002s(3%) wait.front=0.031s(61%) drain=0.001s(2%) route=0.000s(0%) meta=0.000s(0%) fetch=0.012s(24%) enc.moe=0.001s(1%) tail=0.000s(0%) head=0.004s(7%) other=0.000s(1%) call=0.051s | tiles=73 ahead=73 experts=422 miss=14 io=0.012s 3.9GB/s]
[prefill gpuq busy=0.043s(84%) idle=0.008s(16%) span=0.051s buffers=164]
[prefill gpu attn=0.012s(27%) shared=0.004s(9%) moe=0.023s(54%) tail=0.001s(2%) head=0.004s(8%) total=0.043s]
[prefill host enc.front=0.002s(4%) wait.front=0.033s(69%) drain=0.001s(2%) route=0.000s(0%) meta=0.000s(0%) fetch=0.007s(14%) enc.moe=0.001s(1%) tail=0.000s(0%) head=0.004s(8%) other=0.000s(1%) call=0.048s | tiles=69 ahead=69 experts=409 miss=23 io=0.009s 9.2GB/s]
[prefill gpuq busy=0.043s(91%) idle=0.004s(9%) span=0.048s buffers=160]
[prefill gpu attn=0.012s(27%) shared=0.004s(10%) moe=0.024s(54%) tail=0.001s(2%) head=0.004s(8%) total=0.045s]
[prefill host enc.front=0.002s(3%) wait.front=0.038s(62%) drain=0.000s(1%) route=0.000s(0%) meta=0.000s(0%) fetch=0.016s(26%) enc.moe=0.001s(1%) tail=0.000s(0%) head=0.004s(6%) other=0.000s(1%) call=0.061s | tiles=77 ahead=77 experts=436 miss=24 io=0.017s 4.8GB/s]
[prefill gpuq busy=0.044s(73%) idle=0.016s(27%) span=0.061s buffers=168]
[prefill gpu attn=0.012s(27%) shared=0.004s(9%) moe=0.023s(53%) tail=0.001s(2%) head=0.003s(8%) total=0.043s]
[prefill host enc.front=0.002s(3%) wait.front=0.034s(72%) drain=0.000s(1%) route=0.000s(0%) meta=0.000s(0%) fetch=0.006s(13%) enc.moe=0.001s(1%) tail=0.000s(0%) head=0.004s(8%) other=0.000s(1%) call=0.048s | tiles=67 ahead=67 experts=401 miss=10 io=0.006s 5.4GB/s]
[prefill gpuq busy=0.042s(90%) idle=0.005s(10%) span=0.047s buffers=158]
[prefill gpu attn=0.012s(25%) shared=0.004s(8%) moe=0.027s(57%) tail=0.001s(2%) head=0.003s(7%) total=0.047s]
[prefill host enc.front=0.002s(2%) wait.front=0.025s(23%) drain=0.001s(1%) route=0.000s(0%) meta=0.000s(0%) fetch=0.078s(70%) enc.moe=0.001s(1%) tail=0.000s(0%) head=0.004s(3%) other=0.001s(1%) call=0.112s | tiles=94 ahead=94 experts=523 miss=94 io=0.080s 4.1GB/s]
[prefill gpuq busy=0.047s(42%) idle=0.065s(58%) span=0.112s buffers=185]

[stop=endOfTurn prefill=365tok new=169tok decode=5.34s tok/s=31.622]
[load=0.748s layerVerify=0.000s/30layers prefill=4.215s ttft=4.216s peak=6.74GB rss=3.96GB]
[expert prefill hit=0.0% 0/2734 io=1.658s | decode hit=94.2% 29903/31741 io=1.572s]
[vision images=1 soft=260 tower=1.759s towerLoad=0.001s]
[decode/tok io=0.00ms cb1=0.00ms cb2=0.00ms head=0.00ms]
[mtp bs=4 rounds=75 accept=1.253/3 tok/round=2.253 draft=0.726s verify=4.407s accepted=25,24,8,18]
