[prefill gpu attn=0.397s(30%) shared=0.115s(9%) moe=0.781s(60%) tail=0.007s(1%) head=0.003s(0%) total=1.303s]
[prefill host enc.front=0.003s(0%) wait.front=0.531s(22%) drain=0.000s(0%) route=0.006s(0%) wait.shared=0.109s(5%) meta=0.000s(0%) fetch=1.649s(68%) enc.moe=0.014s(1%) wait.tile=0.079s(3%) tail=0.013s(1%) head=0.004s(0%) other=0.005s(0%) call=2.412s | tiles=358 ahead=0 experts=0 miss=0 io=0.000s 0.0GB/s]
[prefill gpuq busy=1.303s(57%) idle=0.981s(43%) span=2.284s buffers=449]
[prefill gpu attn=0.027s(37%) shared=0.006s(8%) moe=0.033s(45%) tail=0.001s(1%) head=0.007s(9%) total=0.074s]
[prefill host enc.front=0.003s(1%) wait.front=0.101s(37%) drain=0.001s(0%) route=0.001s(0%) meta=0.000s(0%) fetch=0.158s(58%) enc.moe=0.002s(1%) tail=0.000s(0%) head=0.007s(3%) other=0.001s(0%) call=0.274s | tiles=76 ahead=76 experts=419 miss=191 io=0.219s 3.0GB/s]
[prefill gpuq busy=0.073s(27%) idle=0.201s(73%) span=0.274s buffers=167]
[prefill gpu attn=0.014s(25%) shared=0.005s(9%) moe=0.032s(58%) tail=0.001s(2%) head=0.003s(6%) total=0.055s]
[prefill host enc.front=0.002s(2%) wait.front=0.041s(32%) drain=0.001s(1%) route=0.000s(0%) meta=0.000s(0%) fetch=0.080s(62%) enc.moe=0.001s(1%) tail=0.000s(0%) head=0.004s(3%) other=0.001s(1%) call=0.130s | tiles=87 ahead=87 experts=442 miss=71 io=0.088s 2.8GB/s]
[prefill gpuq busy=0.055s(42%) idle=0.075s(58%) span=0.129s buffers=178]
[prefill gpu attn=0.011s(25%) shared=0.004s(9%) moe=0.026s(57%) tail=0.001s(2%) head=0.003s(7%) total=0.045s]
[prefill host enc.front=0.002s(1%) wait.front=0.033s(25%) drain=0.000s(0%) route=0.000s(0%) meta=0.000s(0%) fetch=0.091s(69%) enc.moe=0.001s(1%) tail=0.000s(0%) head=0.004s(3%) other=0.001s(0%) call=0.132s | tiles=92 ahead=92 experts=496 miss=90 io=0.091s 3.4GB/s]
[prefill gpuq busy=0.045s(34%) idle=0.087s(66%) span=0.132s buffers=183]
[prefill gpu attn=0.012s(26%) shared=0.004s(9%) moe=0.025s(55%) tail=0.001s(2%) head=0.004s(8%) total=0.045s]
[prefill host enc.front=0.002s(2%) wait.front=0.029s(28%) drain=0.001s(1%) route=0.000s(0%) meta=0.000s(0%) fetch=0.065s(64%) enc.moe=0.001s(1%) tail=0.000s(0%) head=0.004s(4%) other=0.001s(0%) call=0.103s | tiles=83 ahead=83 experts=424 miss=51 io=0.066s 2.7GB/s]
[prefill gpuq busy=0.045s(44%) idle=0.058s(56%) span=0.103s buffers=174]
[prefill gpu attn=0.011s(26%) shared=0.004s(9%) moe=0.023s(55%) tail=0.001s(2%) head=0.003s(8%) total=0.043s]
[prefill host enc.front=0.002s(3%) wait.front=0.028s(42%) drain=0.001s(1%) route=0.000s(0%) meta=0.000s(0%) fetch=0.031s(47%) enc.moe=0.001s(1%) tail=0.000s(0%) head=0.004s(5%) other=0.000s(1%) call=0.067s | tiles=79 ahead=79 experts=416 miss=34 io=0.032s 3.7GB/s]
[prefill gpuq busy=0.043s(64%) idle=0.024s(36%) span=0.067s buffers=170]
[prefill gpu attn=0.012s(26%) shared=0.004s(9%) moe=0.024s(55%) tail=0.001s(2%) head=0.003s(8%) total=0.044s]
[prefill host enc.front=0.002s(2%) wait.front=0.037s(49%) drain=0.000s(0%) route=0.000s(0%) meta=0.000s(0%) fetch=0.031s(41%) enc.moe=0.001s(1%) tail=0.000s(0%) head=0.004s(5%) other=0.000s(1%) call=0.076s | tiles=82 ahead=82 experts=484 miss=24 io=0.032s 2.6GB/s]
[prefill gpuq busy=0.044s(58%) idle=0.032s(42%) span=0.076s buffers=173]
[prefill gpu attn=0.011s(27%) shared=0.004s(9%) moe=0.023s(54%) tail=0.001s(2%) head=0.003s(8%) total=0.043s]
[prefill host enc.front=0.002s(2%) wait.front=0.032s(43%) drain=0.001s(1%) route=0.000s(0%) meta=0.000s(0%) fetch=0.035s(47%) enc.moe=0.001s(1%) tail=0.000s(0%) head=0.004s(5%) other=0.000s(0%) call=0.075s | tiles=72 ahead=72 experts=396 miss=26 io=0.035s 2.6GB/s]
[prefill gpuq busy=0.043s(57%) idle=0.032s(43%) span=0.075s buffers=163]
[prefill gpu attn=0.011s(26%) shared=0.004s(9%) moe=0.024s(55%) tail=0.001s(2%) head=0.003s(8%) total=0.043s]
[prefill host enc.front=0.002s(3%) wait.front=0.031s(54%) drain=0.001s(2%) route=0.000s(0%) meta=0.000s(0%) fetch=0.019s(33%) enc.moe=0.001s(1%) tail=0.000s(0%) head=0.004s(6%) other=0.000s(1%) call=0.058s | tiles=80 ahead=80 experts=474 miss=18 io=0.019s 3.2GB/s]
[prefill gpuq busy=0.043s(75%) idle=0.014s(25%) span=0.058s buffers=171]
[prefill gpu attn=0.011s(26%) shared=0.004s(9%) moe=0.024s(54%) tail=0.001s(2%) head=0.003s(8%) total=0.043s]
[prefill host enc.front=0.002s(2%) wait.front=0.032s(35%) drain=0.001s(1%) route=0.000s(0%) meta=0.000s(0%) fetch=0.053s(57%) enc.moe=0.001s(1%) tail=0.000s(0%) head=0.004s(4%) other=0.000s(0%) call=0.093s | tiles=79 ahead=79 experts=447 miss=36 io=0.053s 2.4GB/s]
[prefill gpuq busy=0.043s(47%) idle=0.049s(53%) span=0.093s buffers=170]
[prefill gpu attn=0.012s(27%) shared=0.004s(9%) moe=0.023s(53%) tail=0.001s(2%) head=0.004s(8%) total=0.043s]
[prefill host enc.front=0.002s(2%) wait.front=0.030s(45%) drain=0.001s(1%) route=0.000s(0%) meta=0.000s(0%) fetch=0.029s(43%) enc.moe=0.001s(1%) tail=0.000s(0%) head=0.004s(6%) other=0.000s(1%) call=0.067s | tiles=74 ahead=74 experts=423 miss=16 io=0.029s 1.9GB/s]
[prefill gpuq busy=0.042s(64%) idle=0.024s(36%) span=0.066s buffers=165]
[prefill gpu attn=0.012s(26%) shared=0.004s(9%) moe=0.024s(54%) tail=0.001s(2%) head=0.004s(8%) total=0.044s]
[prefill host enc.front=0.002s(2%) wait.front=0.026s(28%) drain=0.002s(2%) route=0.000s(0%) meta=0.000s(0%) fetch=0.057s(61%) enc.moe=0.001s(1%) tail=0.000s(0%) head=0.004s(4%) other=0.001s(1%) call=0.093s | tiles=83 ahead=83 experts=404 miss=48 io=0.057s 2.9GB/s]
[prefill gpuq busy=0.044s(47%) idle=0.049s(53%) span=0.092s buffers=174]
[prefill gpu attn=0.011s(26%) shared=0.004s(9%) moe=0.025s(56%) tail=0.001s(2%) head=0.003s(8%) total=0.045s]
[prefill host enc.front=0.002s(2%) wait.front=0.030s(27%) drain=0.000s(0%) route=0.000s(0%) meta=0.000s(0%) fetch=0.072s(65%) enc.moe=0.001s(1%) tail=0.000s(0%) head=0.004s(3%) other=0.001s(1%) call=0.110s | tiles=87 ahead=87 experts=474 miss=83 io=0.076s 3.8GB/s]
[prefill gpuq busy=0.045s(41%) idle=0.065s(59%) span=0.110s buffers=178]
[prefill gpu attn=0.011s(26%) shared=0.004s(9%) moe=0.023s(55%) tail=0.001s(2%) head=0.003s(8%) total=0.043s]
[prefill host enc.front=0.002s(3%) wait.front=0.026s(46%) drain=0.001s(2%) route=0.000s(0%) meta=0.000s(0%) fetch=0.024s(41%) enc.moe=0.001s(1%) tail=0.000s(0%) head=0.004s(6%) other=0.000s(1%) call=0.058s | tiles=85 ahead=85 experts=434 miss=24 io=0.024s 3.5GB/s]
[prefill gpuq busy=0.043s(74%) idle=0.015s(26%) span=0.057s buffers=176]
[prefill gpu attn=0.011s(27%) shared=0.004s(9%) moe=0.023s(54%) tail=0.001s(2%) head=0.003s(8%) total=0.042s]
[prefill host enc.front=0.002s(3%) wait.front=0.030s(54%) drain=0.000s(1%) route=0.000s(0%) meta=0.000s(0%) fetch=0.019s(34%) enc.moe=0.001s(1%) tail=0.000s(0%) head=0.004s(6%) other=0.000s(1%) call=0.056s | tiles=74 ahead=74 experts=404 miss=20 io=0.020s 3.5GB/s]
[prefill gpuq busy=0.042s(75%) idle=0.014s(25%) span=0.056s buffers=165]
[prefill gpu attn=0.011s(27%) shared=0.004s(9%) moe=0.023s(54%) tail=0.001s(2%) head=0.003s(8%) total=0.042s]
[prefill host enc.front=0.002s(3%) wait.front=0.031s(61%) drain=0.001s(3%) route=0.000s(0%) meta=0.000s(0%) fetch=0.012s(23%) enc.moe=0.001s(1%) tail=0.000s(0%) head=0.004s(7%) other=0.000s(1%) call=0.051s | tiles=71 ahead=71 experts=423 miss=15 io=0.012s 4.3GB/s]
[prefill gpuq busy=0.042s(83%) idle=0.009s(17%) span=0.051s buffers=162]
[prefill gpu attn=0.011s(27%) shared=0.004s(9%) moe=0.023s(55%) tail=0.001s(2%) head=0.003s(8%) total=0.042s]
[prefill host enc.front=0.002s(3%) wait.front=0.030s(56%) drain=0.000s(1%) route=0.000s(0%) meta=0.000s(0%) fetch=0.016s(31%) enc.moe=0.001s(1%) tail=0.000s(0%) head=0.004s(7%) other=0.000s(1%) call=0.053s | tiles=80 ahead=80 experts=481 miss=20 io=0.016s 4.3GB/s]
[prefill gpuq busy=0.042s(81%) idle=0.010s(19%) span=0.052s buffers=171]
[prefill gpu attn=0.011s(26%) shared=0.004s(9%) moe=0.024s(55%) tail=0.001s(2%) head=0.003s(8%) total=0.043s]
[prefill host enc.front=0.002s(3%) wait.front=0.029s(46%) drain=0.001s(1%) route=0.000s(0%) meta=0.000s(0%) fetch=0.026s(42%) enc.moe=0.001s(1%) tail=0.000s(0%) head=0.004s(6%) other=0.000s(1%) call=0.063s | tiles=76 ahead=76 experts=407 miss=40 io=0.028s 5.0GB/s]
[prefill gpuq busy=0.043s(68%) idle=0.020s(32%) span=0.063s buffers=167]
[prefill gpu attn=0.011s(27%) shared=0.004s(9%) moe=0.023s(54%) tail=0.001s(2%) head=0.003s(8%) total=0.042s]
[prefill host enc.front=0.002s(4%) wait.front=0.032s(70%) drain=0.001s(2%) route=0.000s(0%) meta=0.000s(0%) fetch=0.007s(14%) enc.moe=0.001s(1%) tail=0.000s(0%) head=0.004s(8%) other=0.000s(1%) call=0.046s | tiles=78 ahead=78 experts=478 miss=12 io=0.007s 6.2GB/s]
[prefill gpuq busy=0.042s(91%) idle=0.004s(9%) span=0.046s buffers=169]
[prefill gpu attn=0.011s(27%) shared=0.004s(9%) moe=0.023s(54%) tail=0.001s(2%) head=0.003s(8%) total=0.042s]
[prefill host enc.front=0.002s(3%) wait.front=0.032s(70%) drain=0.001s(2%) route=0.000s(0%) meta=0.000s(0%) fetch=0.006s(14%) enc.moe=0.001s(1%) tail=0.000s(0%) head=0.004s(8%) other=0.000s(1%) call=0.045s | tiles=83 ahead=83 experts=515 miss=8 io=0.006s 4.3GB/s]
[prefill gpuq busy=0.042s(93%) idle=0.003s(7%) span=0.045s buffers=174]
[prefill gpu attn=0.011s(27%) shared=0.004s(9%) moe=0.022s(53%) tail=0.001s(2%) head=0.003s(8%) total=0.042s]
[prefill host enc.front=0.002s(3%) wait.front=0.031s(61%) drain=0.001s(2%) route=0.000s(0%) meta=0.000s(0%) fetch=0.013s(24%) enc.moe=0.001s(1%) tail=0.000s(0%) head=0.004s(7%) other=0.000s(1%) call=0.051s | tiles=77 ahead=77 experts=459 miss=13 io=0.013s 3.6GB/s]
[prefill gpuq busy=0.042s(81%) idle=0.010s(19%) span=0.051s buffers=168]
[prefill gpu attn=0.011s(26%) shared=0.004s(9%) moe=0.024s(56%) tail=0.001s(2%) head=0.003s(8%) total=0.044s]
[prefill host enc.front=0.002s(3%) wait.front=0.027s(43%) drain=0.000s(1%) route=0.000s(0%) meta=0.000s(0%) fetch=0.029s(45%) enc.moe=0.001s(1%) tail=0.000s(0%) head=0.004s(6%) other=0.000s(1%) call=0.064s | tiles=85 ahead=85 experts=473 miss=40 io=0.031s 4.5GB/s]
[prefill gpuq busy=0.044s(69%) idle=0.020s(31%) span=0.064s buffers=176]
[prefill gpu attn=0.011s(27%) shared=0.004s(9%) moe=0.023s(54%) tail=0.001s(2%) head=0.003s(8%) total=0.042s]
[prefill host enc.front=0.002s(3%) wait.front=0.033s(56%) drain=0.001s(2%) route=0.000s(0%) meta=0.000s(0%) fetch=0.018s(31%) enc.moe=0.001s(1%) tail=0.000s(0%) head=0.004s(6%) other=0.000s(1%) call=0.058s | tiles=70 ahead=70 experts=396 miss=28 io=0.018s 5.4GB/s]
[prefill gpuq busy=0.042s(73%) idle=0.015s(27%) span=0.058s buffers=161]
[prefill gpu attn=0.012s(26%) shared=0.004s(9%) moe=0.025s(56%) tail=0.001s(2%) head=0.003s(8%) total=0.044s]
[prefill host enc.front=0.002s(3%) wait.front=0.029s(45%) drain=0.001s(1%) route=0.000s(0%) meta=0.000s(0%) fetch=0.028s(43%) enc.moe=0.001s(1%) tail=0.000s(0%) head=0.004s(6%) other=0.000s(1%) call=0.065s | tiles=81 ahead=81 experts=448 miss=36 io=0.028s 4.4GB/s]
[prefill gpuq busy=0.044s(69%) idle=0.020s(31%) span=0.065s buffers=172]
[prefill gpu attn=0.011s(26%) shared=0.004s(9%) moe=0.024s(55%) tail=0.001s(2%) head=0.003s(8%) total=0.043s]
[prefill host enc.front=0.002s(3%) wait.front=0.028s(52%) drain=0.000s(1%) route=0.000s(0%) meta=0.000s(0%) fetch=0.019s(34%) enc.moe=0.001s(1%) tail=0.000s(0%) head=0.004s(7%) other=0.000s(1%) call=0.054s | tiles=82 ahead=82 experts=438 miss=29 io=0.021s 4.7GB/s]
[prefill gpuq busy=0.043s(80%) idle=0.010s(20%) span=0.054s buffers=173]
[prefill gpu attn=0.011s(27%) shared=0.004s(9%) moe=0.022s(54%) tail=0.001s(2%) head=0.003s(8%) total=0.042s]
[prefill host enc.front=0.002s(3%) wait.front=0.031s(67%) drain=0.000s(1%) route=0.000s(0%) meta=0.000s(0%) fetch=0.009s(18%) enc.moe=0.001s(1%) tail=0.000s(0%) head=0.004s(8%) other=0.000s(1%) call=0.047s | tiles=68 ahead=68 experts=381 miss=14 io=0.009s 5.6GB/s]
[prefill gpuq busy=0.042s(89%) idle=0.005s(11%) span=0.046s buffers=159]
[prefill gpu attn=0.011s(27%) shared=0.004s(9%) moe=0.022s(54%) tail=0.001s(2%) head=0.003s(8%) total=0.041s]
[prefill host enc.front=0.002s(3%) wait.front=0.033s(75%) drain=0.001s(2%) route=0.000s(0%) meta=0.000s(0%) fetch=0.004s(9%) enc.moe=0.000s(1%) tail=0.000s(0%) head=0.004s(8%) other=0.000s(1%) call=0.044s | tiles=67 ahead=67 experts=378 miss=5 io=0.004s 4.1GB/s]
[prefill gpuq busy=0.041s(94%) idle=0.003s(6%) span=0.044s buffers=158]
[prefill gpu attn=0.012s(26%) shared=0.004s(9%) moe=0.024s(55%) tail=0.001s(2%) head=0.003s(8%) total=0.044s]
[prefill host enc.front=0.002s(3%) wait.front=0.031s(52%) drain=0.001s(2%) route=0.000s(0%) meta=0.000s(0%) fetch=0.020s(34%) enc.moe=0.001s(1%) tail=0.000s(0%) head=0.004s(6%) other=0.000s(1%) call=0.059s | tiles=80 ahead=80 experts=438 miss=25 io=0.020s 4.4GB/s]
[prefill gpuq busy=0.044s(76%) idle=0.014s(24%) span=0.059s buffers=171]
[prefill gpu attn=0.012s(27%) shared=0.004s(9%) moe=0.024s(54%) tail=0.001s(2%) head=0.003s(8%) total=0.043s]
[prefill host enc.front=0.002s(3%) wait.front=0.033s(64%) drain=0.001s(2%) route=0.000s(0%) meta=0.000s(0%) fetch=0.011s(22%) enc.moe=0.001s(1%) tail=0.000s(0%) head=0.004s(7%) other=0.000s(1%) call=0.052s | tiles=71 ahead=71 experts=400 miss=15 io=0.011s 4.6GB/s]
[prefill gpuq busy=0.043s(84%) idle=0.008s(16%) span=0.051s buffers=162]
[prefill gpu attn=0.011s(27%) shared=0.004s(9%) moe=0.023s(54%) tail=0.001s(2%) head=0.003s(8%) total=0.042s]
[prefill host enc.front=0.002s(3%) wait.front=0.030s(64%) drain=0.000s(1%) route=0.000s(0%) meta=0.000s(0%) fetch=0.010s(21%) enc.moe=0.001s(1%) tail=0.000s(0%) head=0.004s(8%) other=0.000s(1%) call=0.047s | tiles=74 ahead=74 experts=412 miss=13 io=0.010s 4.4GB/s]
[prefill gpuq busy=0.042s(89%) idle=0.005s(11%) span=0.047s buffers=165]
[prefill gpu attn=0.012s(27%) shared=0.004s(9%) moe=0.023s(53%) tail=0.001s(2%) head=0.003s(8%) total=0.042s]
[prefill host enc.front=0.002s(3%) wait.front=0.033s(65%) drain=0.001s(2%) route=0.000s(0%) meta=0.000s(0%) fetch=0.010s(20%) enc.moe=0.001s(1%) tail=0.000s(0%) head=0.004s(7%) other=0.000s(1%) call=0.050s | tiles=73 ahead=73 experts=418 miss=8 io=0.010s 2.7GB/s]
[prefill gpuq busy=0.042s(84%) idle=0.008s(16%) span=0.050s buffers=164]
[prefill gpu attn=0.012s(28%) shared=0.004s(9%) moe=0.022s(53%) tail=0.001s(2%) head=0.003s(8%) total=0.042s]
[prefill host enc.front=0.002s(3%) wait.front=0.033s(71%) drain=0.001s(2%) route=0.000s(0%) meta=0.000s(0%) fetch=0.006s(13%) enc.moe=0.000s(1%) tail=0.000s(0%) head=0.004s(8%) other=0.000s(1%) call=0.047s | tiles=66 ahead=66 experts=378 miss=7 io=0.006s 3.8GB/s]
[prefill gpuq busy=0.042s(89%) idle=0.005s(11%) span=0.047s buffers=157]
[prefill gpu attn=0.012s(28%) shared=0.004s(9%) moe=0.022s(53%) tail=0.001s(2%) head=0.003s(8%) total=0.042s]
[prefill host enc.front=0.002s(3%) wait.front=0.033s(71%) drain=0.001s(2%) route=0.000s(0%) meta=0.000s(0%) fetch=0.006s(13%) enc.moe=0.001s(1%) tail=0.000s(0%) head=0.004s(8%) other=0.000s(1%) call=0.046s | tiles=73 ahead=73 experts=428 miss=7 io=0.006s 4.0GB/s]
[prefill gpuq busy=0.042s(92%) idle=0.004s(8%) span=0.046s buffers=164]
[prefill gpu attn=0.011s(27%) shared=0.004s(9%) moe=0.022s(53%) tail=0.001s(2%) head=0.004s(8%) total=0.042s]
[prefill host enc.front=0.002s(3%) wait.front=0.034s(73%) drain=0.000s(1%) route=0.000s(0%) meta=0.000s(0%) fetch=0.006s(12%) enc.moe=0.000s(1%) tail=0.000s(0%) head=0.004s(8%) other=0.000s(1%) call=0.047s | tiles=67 ahead=67 experts=407 miss=5 io=0.006s 3.0GB/s]
[prefill gpuq busy=0.042s(90%) idle=0.005s(10%) span=0.047s buffers=158]
[prefill gpu attn=0.011s(27%) shared=0.004s(9%) moe=0.022s(53%) tail=0.001s(2%) head=0.003s(8%) total=0.041s]
[prefill host enc.front=0.002s(4%) wait.front=0.034s(78%) drain=0.001s(2%) route=0.000s(0%) meta=0.000s(0%) fetch=0.002s(6%) enc.moe=0.000s(1%) tail=0.000s(0%) head=0.004s(8%) other=0.000s(1%) call=0.044s | tiles=68 ahead=68 experts=404 miss=4 io=0.002s 5.7GB/s]
[prefill gpuq busy=0.041s(95%) idle=0.002s(5%) span=0.044s buffers=159]
[prefill gpu attn=0.012s(27%) shared=0.004s(9%) moe=0.024s(54%) tail=0.001s(2%) head=0.004s(9%) total=0.044s]
[prefill host enc.front=0.002s(3%) wait.front=0.031s(48%) drain=0.001s(1%) route=0.000s(0%) meta=0.000s(0%) fetch=0.026s(40%) enc.moe=0.001s(1%) tail=0.000s(0%) head=0.004s(6%) other=0.000s(1%) call=0.065s | tiles=81 ahead=81 experts=450 miss=22 io=0.026s 2.9GB/s]
[prefill gpuq busy=0.044s(68%) idle=0.021s(32%) span=0.064s buffers=172]
[prefill gpu attn=0.012s(26%) shared=0.004s(9%) moe=0.024s(55%) tail=0.001s(2%) head=0.004s(8%) total=0.044s]
[prefill host enc.front=0.002s(3%) wait.front=0.032s(54%) drain=0.001s(2%) route=0.000s(0%) meta=0.000s(0%) fetch=0.018s(31%) enc.moe=0.001s(1%) tail=0.000s(0%) head=0.004s(7%) other=0.000s(1%) call=0.059s | tiles=87 ahead=87 experts=489 miss=22 io=0.019s 4.1GB/s]
[prefill gpuq busy=0.044s(75%) idle=0.014s(25%) span=0.059s buffers=178]
[prefill gpu attn=0.011s(27%) shared=0.004s(9%) moe=0.023s(55%) tail=0.001s(2%) head=0.003s(8%) total=0.043s]
[prefill host enc.front=0.002s(3%) wait.front=0.033s(62%) drain=0.001s(2%) route=0.000s(0%) meta=0.000s(0%) fetch=0.013s(24%) enc.moe=0.001s(1%) tail=0.000s(0%) head=0.004s(7%) other=0.000s(1%) call=0.053s | tiles=76 ahead=76 experts=451 miss=22 io=0.013s 5.9GB/s]
[prefill gpuq busy=0.043s(81%) idle=0.010s(19%) span=0.053s buffers=167]
[prefill gpu attn=0.012s(27%) shared=0.004s(9%) moe=0.023s(54%) tail=0.001s(2%) head=0.003s(8%) total=0.043s]
[prefill host enc.front=0.002s(3%) wait.front=0.034s(70%) drain=0.001s(3%) route=0.000s(0%) meta=0.000s(0%) fetch=0.007s(14%) enc.moe=0.001s(1%) tail=0.000s(0%) head=0.004s(7%) other=0.000s(1%) call=0.049s | tiles=74 ahead=74 experts=439 miss=11 io=0.007s 5.4GB/s]
[prefill gpuq busy=0.043s(88%) idle=0.006s(12%) span=0.049s buffers=165]
[prefill gpu attn=0.012s(27%) shared=0.004s(9%) moe=0.024s(55%) tail=0.001s(2%) head=0.003s(8%) total=0.044s]
[prefill host enc.front=0.002s(2%) wait.front=0.032s(40%) drain=0.001s(2%) route=0.000s(0%) meta=0.000s(0%) fetch=0.040s(50%) enc.moe=0.001s(1%) tail=0.000s(0%) head=0.004s(4%) other=0.000s(1%) call=0.081s | tiles=80 ahead=80 experts=471 miss=25 io=0.041s 2.1GB/s]
[prefill gpuq busy=0.044s(54%) idle=0.037s(46%) span=0.080s buffers=171]
[prefill gpu attn=0.012s(27%) shared=0.004s(9%) moe=0.023s(54%) tail=0.001s(2%) head=0.003s(8%) total=0.042s]
[prefill host enc.front=0.002s(3%) wait.front=0.034s(68%) drain=0.001s(2%) route=0.000s(0%) meta=0.000s(0%) fetch=0.009s(17%) enc.moe=0.001s(1%) tail=0.000s(0%) head=0.004s(7%) other=0.000s(1%) call=0.050s | tiles=70 ahead=70 experts=365 miss=13 io=0.009s 5.1GB/s]
[prefill gpuq busy=0.042s(84%) idle=0.008s(16%) span=0.050s buffers=161]
[prefill gpu attn=0.011s(27%) shared=0.004s(9%) moe=0.024s(55%) tail=0.001s(2%) head=0.003s(8%) total=0.043s]
[prefill host enc.front=0.002s(3%) wait.front=0.031s(51%) drain=0.000s(1%) route=0.000s(0%) meta=0.000s(0%) fetch=0.022s(37%) enc.moe=0.001s(1%) tail=0.000s(0%) head=0.004s(6%) other=0.000s(1%) call=0.060s | tiles=76 ahead=76 experts=395 miss=29 io=0.023s 4.4GB/s]
[prefill gpuq busy=0.043s(72%) idle=0.017s(28%) span=0.060s buffers=167]
[prefill gpu attn=0.012s(27%) shared=0.004s(9%) moe=0.023s(54%) tail=0.001s(2%) head=0.004s(8%) total=0.043s]
[prefill host enc.front=0.002s(3%) wait.front=0.031s(56%) drain=0.001s(1%) route=0.000s(0%) meta=0.000s(0%) fetch=0.017s(30%) enc.moe=0.001s(1%) tail=0.000s(0%) head=0.004s(7%) other=0.000s(1%) call=0.056s | tiles=72 ahead=72 experts=387 miss=17 io=0.017s 3.4GB/s]
[prefill gpuq busy=0.043s(77%) idle=0.013s(23%) span=0.056s buffers=163]
[prefill gpu attn=0.012s(28%) shared=0.004s(9%) moe=0.023s(54%) tail=0.001s(2%) head=0.003s(8%) total=0.042s]
[prefill host enc.front=0.002s(3%) wait.front=0.034s(72%) drain=0.001s(2%) route=0.000s(0%) meta=0.000s(0%) fetch=0.006s(12%) enc.moe=0.001s(1%) tail=0.000s(0%) head=0.004s(8%) other=0.000s(1%) call=0.047s | tiles=67 ahead=67 experts=375 miss=13 io=0.006s 8.0GB/s]
[prefill gpuq busy=0.042s(91%) idle=0.004s(9%) span=0.047s buffers=158]
[prefill gpu attn=0.012s(27%) shared=0.004s(9%) moe=0.023s(54%) tail=0.001s(2%) head=0.003s(8%) total=0.043s]
[prefill host enc.front=0.002s(3%) wait.front=0.034s(70%) drain=0.001s(2%) route=0.000s(0%) meta=0.000s(0%) fetch=0.007s(15%) enc.moe=0.001s(1%) tail=0.000s(0%) head=0.004s(8%) other=0.000s(1%) call=0.049s | tiles=72 ahead=72 experts=428 miss=13 io=0.007s 6.3GB/s]
[prefill gpuq busy=0.043s(88%) idle=0.006s(12%) span=0.048s buffers=163]
[prefill gpu attn=0.012s(26%) shared=0.004s(9%) moe=0.024s(55%) tail=0.001s(2%) head=0.003s(8%) total=0.044s]
[prefill host enc.front=0.002s(3%) wait.front=0.032s(58%) drain=0.001s(2%) route=0.000s(0%) meta=0.000s(0%) fetch=0.016s(28%) enc.moe=0.001s(1%) tail=0.000s(0%) head=0.004s(6%) other=0.000s(1%) call=0.056s | tiles=82 ahead=82 experts=482 miss=23 io=0.017s 4.7GB/s]
[prefill gpuq busy=0.044s(80%) idle=0.011s(20%) span=0.055s buffers=173]
[prefill gpu attn=0.012s(27%) shared=0.004s(9%) moe=0.023s(54%) tail=0.001s(2%) head=0.003s(8%) total=0.042s]
[prefill host enc.front=0.002s(3%) wait.front=0.034s(65%) drain=0.001s(2%) route=0.000s(0%) meta=0.000s(0%) fetch=0.011s(21%) enc.moe=0.001s(1%) tail=0.000s(0%) head=0.004s(7%) other=0.000s(1%) call=0.053s | tiles=78 ahead=78 experts=460 miss=10 io=0.011s 3.0GB/s]
[prefill gpuq busy=0.042s(80%) idle=0.011s(20%) span=0.053s buffers=169]
[prefill gpu attn=0.012s(26%) shared=0.004s(9%) moe=0.024s(55%) tail=0.001s(2%) head=0.003s(8%) total=0.044s]
[prefill host enc.front=0.002s(3%) wait.front=0.034s(57%) drain=0.001s(2%) route=0.000s(0%) meta=0.000s(0%) fetch=0.018s(30%) enc.moe=0.001s(1%) tail=0.000s(0%) head=0.004s(6%) other=0.000s(1%) call=0.061s | tiles=78 ahead=78 experts=431 miss=37 io=0.020s 6.5GB/s]
[prefill gpuq busy=0.044s(72%) idle=0.017s(28%) span=0.060s buffers=169]
[prefill gpu attn=0.012s(27%) shared=0.004s(9%) moe=0.023s(54%) tail=0.001s(2%) head=0.003s(8%) total=0.042s]
[prefill host enc.front=0.002s(4%) wait.front=0.033s(74%) drain=0.001s(2%) route=0.000s(1%) meta=0.000s(0%) fetch=0.004s(9%) enc.moe=0.001s(1%) tail=0.000s(0%) head=0.004s(8%) other=0.000s(1%) call=0.045s | tiles=70 ahead=70 experts=415 miss=9 io=0.004s 7.5GB/s]
[prefill gpuq busy=0.042s(95%) idle=0.002s(5%) span=0.044s buffers=161]
[prefill gpu attn=0.012s(27%) shared=0.004s(9%) moe=0.023s(54%) tail=0.001s(2%) head=0.003s(8%) total=0.042s]
[prefill host enc.front=0.002s(4%) wait.front=0.034s(72%) drain=0.000s(1%) route=0.000s(0%) meta=0.000s(0%) fetch=0.006s(13%) enc.moe=0.001s(1%) tail=0.000s(0%) head=0.004s(8%) other=0.000s(1%) call=0.047s | tiles=65 ahead=65 experts=388 miss=11 io=0.006s 6.2GB/s]
[prefill gpuq busy=0.042s(91%) idle=0.004s(9%) span=0.046s buffers=156]
[prefill gpu attn=0.012s(27%) shared=0.004s(9%) moe=0.023s(53%) tail=0.001s(2%) head=0.004s(8%) total=0.043s]
[prefill host enc.front=0.002s(4%) wait.front=0.034s(65%) drain=0.001s(2%) route=0.000s(1%) meta=0.000s(0%) fetch=0.010s(19%) enc.moe=0.001s(1%) tail=0.000s(0%) head=0.004s(7%) other=0.000s(1%) call=0.052s | tiles=71 ahead=71 experts=377 miss=16 io=0.010s 5.6GB/s]
[prefill gpuq busy=0.043s(84%) idle=0.008s(16%) span=0.052s buffers=162]
[prefill gpu attn=0.012s(28%) shared=0.004s(9%) moe=0.023s(54%) tail=0.001s(2%) head=0.003s(8%) total=0.042s]
[prefill host enc.front=0.002s(4%) wait.front=0.035s(79%) drain=0.001s(2%) route=0.000s(0%) meta=0.000s(0%) fetch=0.002s(5%) enc.moe=0.001s(1%) tail=0.000s(0%) head=0.004s(8%) other=0.000s(1%) call=0.044s | tiles=67 ahead=67 experts=412 miss=4 io=0.002s 6.3GB/s]
[prefill gpuq busy=0.042s(95%) idle=0.002s(5%) span=0.044s buffers=158]
[prefill gpu attn=0.012s(27%) shared=0.004s(9%) moe=0.023s(54%) tail=0.001s(2%) head=0.003s(8%) total=0.043s]
[prefill host enc.front=0.002s(3%) wait.front=0.030s(56%) drain=0.001s(2%) route=0.000s(0%) meta=0.000s(0%) fetch=0.016s(30%) enc.moe=0.001s(1%) tail=0.000s(0%) head=0.004s(7%) other=0.000s(1%) call=0.055s | tiles=79 ahead=79 experts=438 miss=21 io=0.017s 4.4GB/s]
[prefill gpuq busy=0.043s(80%) idle=0.011s(20%) span=0.054s buffers=170]
[prefill gpu attn=0.012s(27%) shared=0.004s(9%) moe=0.023s(54%) tail=0.001s(2%) head=0.003s(8%) total=0.042s]
[prefill host enc.front=0.002s(3%) wait.front=0.033s(66%) drain=0.001s(2%) route=0.000s(0%) meta=0.000s(0%) fetch=0.010s(19%) enc.moe=0.001s(1%) tail=0.000s(0%) head=0.004s(7%) other=0.000s(1%) call=0.050s | tiles=70 ahead=70 experts=385 miss=14 io=0.010s 5.0GB/s]
[prefill gpuq busy=0.042s(85%) idle=0.007s(15%) span=0.050s buffers=161]
[prefill gpu attn=0.012s(27%) shared=0.004s(9%) moe=0.023s(54%) tail=0.001s(2%) head=0.003s(8%) total=0.043s]
[prefill host enc.front=0.002s(3%) wait.front=0.035s(69%) drain=0.001s(3%) route=0.000s(0%) meta=0.000s(0%) fetch=0.008s(15%) enc.moe=0.001s(1%) tail=0.000s(0%) head=0.004s(7%) other=0.000s(1%) call=0.050s | tiles=67 ahead=67 experts=376 miss=14 io=0.008s 6.4GB/s]
[prefill gpuq busy=0.043s(86%) idle=0.007s(14%) span=0.050s buffers=158]
[prefill gpu attn=0.011s(26%) shared=0.004s(9%) moe=0.024s(55%) tail=0.001s(2%) head=0.004s(8%) total=0.044s]
[prefill host enc.front=0.002s(3%) wait.front=0.031s(53%) drain=0.001s(1%) route=0.000s(0%) meta=0.000s(0%) fetch=0.020s(34%) enc.moe=0.001s(1%) tail=0.000s(0%) head=0.004s(6%) other=0.000s(1%) call=0.059s | tiles=82 ahead=82 experts=486 miss=22 io=0.020s 3.8GB/s]
[prefill gpuq busy=0.044s(74%) idle=0.015s(26%) span=0.059s buffers=173]
[prefill gpu attn=0.012s(26%) shared=0.004s(8%) moe=0.026s(57%) tail=0.001s(2%) head=0.003s(7%) total=0.045s]
[prefill host enc.front=0.002s(2%) wait.front=0.034s(43%) drain=0.001s(1%) route=0.000s(0%) meta=0.000s(0%) fetch=0.037s(47%) enc.moe=0.001s(1%) tail=0.000s(0%) head=0.004s(5%) other=0.000s(1%) call=0.079s | tiles=86 ahead=86 experts=489 miss=43 io=0.039s 3.8GB/s]
[prefill gpuq busy=0.045s(57%) idle=0.034s(43%) span=0.079s buffers=177]
[prefill gpu attn=0.012s(27%) shared=0.004s(9%) moe=0.023s(54%) tail=0.001s(2%) head=0.003s(8%) total=0.043s]
[prefill host enc.front=0.002s(3%) wait.front=0.038s(69%) drain=0.001s(2%) route=0.000s(0%) meta=0.000s(0%) fetch=0.010s(17%) enc.moe=0.001s(1%) tail=0.000s(0%) head=0.004s(7%) other=0.000s(1%) call=0.056s | tiles=72 ahead=72 experts=402 miss=15 io=0.010s 5.3GB/s]
[prefill gpuq busy=0.043s(78%) idle=0.012s(22%) span=0.056s buffers=163]
[prefill gpu attn=0.012s(28%) shared=0.004s(9%) moe=0.023s(54%) tail=0.001s(2%) head=0.003s(8%) total=0.042s]
[prefill host enc.front=0.002s(3%) wait.front=0.034s(72%) drain=0.001s(2%) route=0.000s(0%) meta=0.000s(0%) fetch=0.006s(13%) enc.moe=0.001s(1%) tail=0.000s(0%) head=0.004s(8%) other=0.000s(1%) call=0.048s | tiles=70 ahead=70 experts=396 miss=7 io=0.006s 3.9GB/s]
[prefill gpuq busy=0.042s(89%) idle=0.005s(11%) span=0.048s buffers=161]
[prefill gpu attn=0.012s(27%) shared=0.004s(9%) moe=0.023s(54%) tail=0.001s(2%) head=0.003s(8%) total=0.042s]
[prefill host enc.front=0.002s(3%) wait.front=0.034s(66%) drain=0.001s(1%) route=0.000s(0%) meta=0.000s(0%) fetch=0.010s(20%) enc.moe=0.001s(1%) tail=0.000s(0%) head=0.004s(7%) other=0.000s(1%) call=0.052s | tiles=71 ahead=71 experts=389 miss=11 io=0.010s 3.7GB/s]
[prefill gpuq busy=0.042s(83%) idle=0.009s(17%) span=0.051s buffers=162]
[prefill gpu attn=0.012s(28%) shared=0.004s(9%) moe=0.022s(54%) tail=0.001s(2%) head=0.003s(8%) total=0.042s]
[prefill host enc.front=0.002s(4%) wait.front=0.033s(71%) drain=0.001s(2%) route=0.000s(0%) meta=0.000s(0%) fetch=0.006s(13%) enc.moe=0.001s(1%) tail=0.000s(0%) head=0.004s(8%) other=0.000s(1%) call=0.046s | tiles=69 ahead=69 experts=390 miss=10 io=0.006s 5.8GB/s]
[prefill gpuq busy=0.042s(91%) idle=0.004s(9%) span=0.046s buffers=160]
[prefill gpu attn=0.012s(28%) shared=0.004s(10%) moe=0.022s(53%) tail=0.001s(2%) head=0.004s(8%) total=0.043s]
[prefill host enc.front=0.002s(4%) wait.front=0.032s(71%) drain=0.001s(2%) route=0.000s(0%) meta=0.000s(0%) fetch=0.006s(12%) enc.moe=0.001s(1%) tail=0.000s(0%) head=0.004s(8%) other=0.000s(1%) call=0.045s | tiles=70 ahead=70 experts=369 miss=11 io=0.006s 6.8GB/s]
[prefill gpuq busy=0.042s(95%) idle=0.002s(5%) span=0.045s buffers=161]
[prefill gpu attn=0.012s(27%) shared=0.004s(9%) moe=0.023s(54%) tail=0.001s(2%) head=0.003s(8%) total=0.043s]
[prefill host enc.front=0.002s(3%) wait.front=0.031s(65%) drain=0.001s(2%) route=0.000s(0%) meta=0.000s(0%) fetch=0.009s(20%) enc.moe=0.001s(1%) tail=0.000s(0%) head=0.004s(7%) other=0.000s(1%) call=0.048s | tiles=74 ahead=74 experts=437 miss=17 io=0.010s 6.1GB/s]
[prefill gpuq busy=0.043s(89%) idle=0.005s(11%) span=0.048s buffers=165]
[prefill gpu attn=0.012s(27%) shared=0.004s(9%) moe=0.024s(55%) tail=0.001s(2%) head=0.003s(8%) total=0.043s]
[prefill host enc.front=0.002s(4%) wait.front=0.036s(76%) drain=0.001s(2%) route=0.000s(0%) meta=0.000s(0%) fetch=0.004s(8%) enc.moe=0.001s(1%) tail=0.000s(0%) head=0.004s(8%) other=0.000s(1%) call=0.047s | tiles=69 ahead=69 experts=428 miss=14 io=0.004s 12.7GB/s]
[prefill gpuq busy=0.043s(92%) idle=0.004s(8%) span=0.047s buffers=160]
[prefill gpu attn=0.012s(28%) shared=0.004s(9%) moe=0.022s(53%) tail=0.001s(2%) head=0.004s(8%) total=0.042s]
[prefill host enc.front=0.002s(3%) wait.front=0.036s(78%) drain=0.001s(3%) route=0.000s(0%) meta=0.000s(0%) fetch=0.002s(5%) enc.moe=0.000s(1%) tail=0.000s(0%) head=0.004s(8%) other=0.000s(1%) call=0.046s | tiles=66 ahead=66 experts=419 miss=4 io=0.003s 5.5GB/s]
[prefill gpuq busy=0.042s(91%) idle=0.004s(9%) span=0.046s buffers=157]
[prefill gpu attn=0.012s(27%) shared=0.004s(9%) moe=0.023s(54%) tail=0.001s(2%) head=0.003s(8%) total=0.043s]
[prefill host enc.front=0.002s(3%) wait.front=0.034s(69%) drain=0.001s(2%) route=0.000s(0%) meta=0.000s(0%) fetch=0.008s(16%) enc.moe=0.001s(1%) tail=0.000s(0%) head=0.004s(7%) other=0.000s(1%) call=0.049s | tiles=67 ahead=67 experts=390 miss=18 io=0.008s 7.8GB/s]
[prefill gpuq busy=0.043s(87%) idle=0.006s(13%) span=0.049s buffers=158]
[prefill gpu attn=0.012s(27%) shared=0.004s(9%) moe=0.023s(54%) tail=0.001s(2%) head=0.004s(8%) total=0.043s]
[prefill host enc.front=0.002s(3%) wait.front=0.033s(67%) drain=0.001s(2%) route=0.000s(0%) meta=0.000s(0%) fetch=0.008s(17%) enc.moe=0.001s(1%) tail=0.000s(0%) head=0.004s(8%) other=0.000s(1%) call=0.049s | tiles=78 ahead=78 experts=464 miss=10 io=0.009s 4.1GB/s]
[prefill gpuq busy=0.043s(89%) idle=0.006s(11%) span=0.049s buffers=169]
[prefill gpu attn=0.012s(26%) shared=0.004s(9%) moe=0.025s(56%) tail=0.001s(2%) head=0.004s(8%) total=0.045s]
[prefill host enc.front=0.002s(3%) wait.front=0.033s(65%) drain=0.001s(2%) route=0.000s(0%) meta=0.000s(0%) fetch=0.010s(19%) enc.moe=0.001s(1%) tail=0.000s(0%) head=0.004s(7%) other=0.000s(1%) call=0.051s | tiles=83 ahead=83 experts=497 miss=22 io=0.010s 7.7GB/s]
[prefill gpuq busy=0.045s(88%) idle=0.006s(12%) span=0.051s buffers=174]
[prefill gpu attn=0.012s(27%) shared=0.004s(9%) moe=0.023s(54%) tail=0.001s(2%) head=0.004s(8%) total=0.043s]
[prefill host enc.front=0.002s(3%) wait.front=0.032s(68%) drain=0.001s(2%) route=0.000s(0%) meta=0.000s(0%) fetch=0.008s(17%) enc.moe=0.001s(1%) tail=0.000s(0%) head=0.004s(8%) other=0.000s(1%) call=0.048s | tiles=75 ahead=75 experts=430 miss=10 io=0.008s 4.2GB/s]
[prefill gpuq busy=0.043s(89%) idle=0.005s(11%) span=0.048s buffers=166]
[prefill gpu attn=0.012s(28%) shared=0.004s(9%) moe=0.022s(53%) tail=0.001s(2%) head=0.003s(8%) total=0.042s]
[prefill host enc.front=0.002s(3%) wait.front=0.036s(79%) drain=0.001s(2%) route=0.000s(0%) meta=0.000s(0%) fetch=0.002s(5%) enc.moe=0.000s(1%) tail=0.000s(0%) head=0.004s(8%) other=0.000s(1%) call=0.046s | tiles=64 ahead=64 experts=372 miss=6 io=0.002s 8.8GB/s]
[prefill gpuq busy=0.042s(92%) idle=0.004s(8%) span=0.046s buffers=155]
[prefill gpu attn=0.012s(27%) shared=0.004s(9%) moe=0.023s(54%) tail=0.001s(2%) head=0.003s(8%) total=0.042s]
[prefill host enc.front=0.002s(3%) wait.front=0.036s(72%) drain=0.001s(2%) route=0.000s(0%) meta=0.000s(0%) fetch=0.007s(13%) enc.moe=0.001s(1%) tail=0.000s(0%) head=0.004s(7%) other=0.000s(1%) call=0.050s | tiles=67 ahead=67 experts=419 miss=15 io=0.007s 7.8GB/s]
[prefill gpuq busy=0.042s(85%) idle=0.007s(15%) span=0.050s buffers=158]
[prefill gpu attn=0.012s(27%) shared=0.004s(9%) moe=0.023s(55%) tail=0.001s(2%) head=0.003s(8%) total=0.043s]
[prefill host enc.front=0.002s(3%) wait.front=0.032s(65%) drain=0.001s(3%) route=0.000s(0%) meta=0.000s(0%) fetch=0.009s(18%) enc.moe=0.001s(1%) tail=0.000s(0%) head=0.004s(7%) other=0.000s(1%) call=0.048s | tiles=81 ahead=81 experts=468 miss=17 io=0.009s 6.6GB/s]
[prefill gpuq busy=0.043s(89%) idle=0.005s(11%) span=0.048s buffers=172]
[prefill gpu attn=0.012s(27%) shared=0.004s(9%) moe=0.023s(54%) tail=0.001s(2%) head=0.003s(8%) total=0.043s]
[prefill host enc.front=0.002s(3%) wait.front=0.032s(66%) drain=0.001s(2%) route=0.000s(0%) meta=0.000s(0%) fetch=0.009s(18%) enc.moe=0.001s(1%) tail=0.000s(0%) head=0.004s(8%) other=0.000s(1%) call=0.048s | tiles=76 ahead=76 experts=425 miss=18 io=0.009s 7.1GB/s]
[prefill gpuq busy=0.043s(90%) idle=0.005s(10%) span=0.048s buffers=167]
[prefill gpu attn=0.012s(27%) shared=0.004s(9%) moe=0.024s(54%) tail=0.001s(2%) head=0.003s(8%) total=0.045s]
[prefill host enc.front=0.002s(3%) wait.front=0.034s(63%) drain=0.000s(1%) route=0.000s(0%) meta=0.000s(0%) fetch=0.013s(24%) enc.moe=0.001s(1%) tail=0.000s(0%) head=0.004s(7%) other=0.000s(1%) call=0.054s | tiles=74 ahead=74 experts=421 miss=21 io=0.013s 5.6GB/s]
[prefill gpuq busy=0.044s(83%) idle=0.009s(17%) span=0.053s buffers=165]
[prefill gpu attn=0.012s(27%) shared=0.004s(9%) moe=0.024s(55%) tail=0.001s(2%) head=0.003s(8%) total=0.043s]
[prefill host enc.front=0.002s(3%) wait.front=0.031s(64%) drain=0.001s(2%) route=0.000s(0%) meta=0.000s(0%) fetch=0.009s(20%) enc.moe=0.001s(1%) tail=0.000s(0%) head=0.004s(7%) other=0.000s(1%) call=0.048s | tiles=79 ahead=79 experts=466 miss=18 io=0.010s 6.5GB/s]
[prefill gpuq busy=0.043s(91%) idle=0.004s(9%) span=0.048s buffers=170]
[prefill gpu attn=0.012s(27%) shared=0.004s(9%) moe=0.024s(54%) tail=0.001s(2%) head=0.004s(8%) total=0.044s]
[prefill host enc.front=0.002s(3%) wait.front=0.034s(56%) drain=0.001s(2%) route=0.000s(0%) meta=0.000s(0%) fetch=0.019s(31%) enc.moe=0.001s(1%) tail=0.000s(0%) head=0.004s(6%) other=0.000s(1%) call=0.061s | tiles=86 ahead=86 experts=490 miss=23 io=0.020s 3.9GB/s]
[prefill gpuq busy=0.044s(72%) idle=0.017s(28%) span=0.061s buffers=177]
[prefill gpu attn=0.012s(27%) shared=0.004s(9%) moe=0.024s(55%) tail=0.001s(2%) head=0.003s(8%) total=0.044s]
[prefill host enc.front=0.002s(3%) wait.front=0.035s(60%) drain=0.001s(2%) route=0.000s(0%) meta=0.000s(0%) fetch=0.015s(26%) enc.moe=0.001s(1%) tail=0.000s(0%) head=0.004s(6%) other=0.000s(1%) call=0.058s | tiles=77 ahead=77 experts=442 miss=21 io=0.015s 4.9GB/s]
[prefill gpuq busy=0.044s(76%) idle=0.014s(24%) span=0.058s buffers=168]
[prefill gpu attn=0.012s(28%) shared=0.004s(9%) moe=0.023s(54%) tail=0.001s(2%) head=0.003s(8%) total=0.043s]
[prefill host enc.front=0.002s(3%) wait.front=0.033s(67%) drain=0.001s(2%) route=0.000s(0%) meta=0.000s(0%) fetch=0.009s(18%) enc.moe=0.001s(1%) tail=0.000s(0%) head=0.004s(7%) other=0.000s(1%) call=0.049s | tiles=81 ahead=81 experts=495 miss=14 io=0.009s 5.5GB/s]
[prefill gpuq busy=0.043s(87%) idle=0.007s(13%) span=0.049s buffers=172]
[prefill gpu attn=0.012s(28%) shared=0.004s(9%) moe=0.023s(54%) tail=0.001s(2%) head=0.003s(8%) total=0.043s]
[prefill host enc.front=0.002s(3%) wait.front=0.033s(70%) drain=0.000s(1%) route=0.000s(0%) meta=0.000s(0%) fetch=0.007s(16%) enc.moe=0.001s(1%) tail=0.000s(0%) head=0.004s(8%) other=0.000s(1%) call=0.047s | tiles=79 ahead=79 experts=471 miss=9 io=0.007s 4.2GB/s]
[prefill gpuq busy=0.043s(91%) idle=0.004s(9%) span=0.047s buffers=170]
[prefill gpu attn=0.012s(26%) shared=0.004s(9%) moe=0.026s(56%) tail=0.001s(2%) head=0.003s(7%) total=0.047s]
[prefill host enc.front=0.002s(2%) wait.front=0.024s(28%) drain=0.001s(1%) route=0.000s(0%) meta=0.000s(0%) fetch=0.052s(62%) enc.moe=0.001s(1%) tail=0.000s(0%) head=0.004s(4%) other=0.001s(1%) call=0.085s | tiles=96 ahead=96 experts=537 miss=71 io=0.053s 4.7GB/s]
[prefill gpuq busy=0.047s(55%) idle=0.038s(45%) span=0.085s buffers=187]

[stop=endOfTurn prefill=365tok new=176tok decode=5.84s tok/s=30.144]
[load=0.748s layerVerify=0.000s/30layers prefill=4.167s ttft=4.168s peak=6.75GB rss=4.06GB]
[expert prefill hit=0.0% 0/2734 io=1.645s | decode hit=94.5% 32236/34105 io=1.679s]
[vision images=1 soft=260 tower=1.752s towerLoad=0.001s]
[decode/tok io=0.00ms cb1=0.00ms cb2=0.00ms head=0.00ms]
[mtp bs=4 rounds=79 accept=1.228/3 tok/round=2.228 draft=0.767s verify=4.841s accepted=28,23,10,18]
