[prefill gpu attn=0.390s(30%) shared=0.114s(9%) moe=0.780s(60%) tail=0.007s(1%) head=0.003s(0%) total=1.296s]
[prefill host enc.front=0.002s(0%) wait.front=0.528s(21%) drain=0.000s(0%) route=0.006s(0%) wait.shared=0.108s(4%) meta=0.000s(0%) fetch=1.680s(68%) enc.moe=0.014s(1%) wait.tile=0.095s(4%) tail=0.014s(1%) head=0.004s(0%) other=0.005s(0%) call=2.456s | tiles=358 ahead=0 experts=0 miss=0 io=0.000s 0.0GB/s]
[prefill gpuq busy=1.296s(56%) idle=1.029s(44%) span=2.325s buffers=449]
[prefill gpu attn=0.035s(39%) shared=0.007s(8%) moe=0.041s(45%) tail=0.001s(1%) head=0.005s(6%) total=0.089s]
[prefill host enc.front=0.003s(1%) wait.front=0.114s(39%) drain=0.001s(0%) route=0.001s(0%) meta=0.000s(0%) fetch=0.167s(57%) enc.moe=0.002s(1%) tail=0.000s(0%) head=0.006s(2%) other=0.001s(0%) call=0.295s | tiles=72 ahead=72 experts=416 miss=190 io=0.207s 3.2GB/s]
[prefill gpuq busy=0.087s(30%) idle=0.207s(70%) span=0.294s buffers=163]
[prefill gpu attn=0.012s(25%) shared=0.004s(8%) moe=0.028s(58%) tail=0.001s(2%) head=0.003s(7%) total=0.048s]
[prefill host enc.front=0.002s(2%) wait.front=0.046s(34%) drain=0.001s(0%) route=0.000s(0%) meta=0.000s(0%) fetch=0.079s(59%) enc.moe=0.001s(1%) tail=0.000s(0%) head=0.004s(3%) other=0.001s(1%) call=0.133s | tiles=86 ahead=86 experts=435 miss=83 io=0.079s 3.6GB/s]
[prefill gpuq busy=0.048s(36%) idle=0.085s(64%) span=0.133s buffers=177]
[prefill gpu attn=0.011s(26%) shared=0.004s(9%) moe=0.024s(55%) tail=0.001s(2%) head=0.003s(8%) total=0.043s]
[prefill host enc.front=0.002s(2%) wait.front=0.029s(36%) drain=0.000s(0%) route=0.000s(0%) meta=0.000s(0%) fetch=0.045s(54%) enc.moe=0.001s(1%) tail=0.000s(0%) head=0.004s(4%) other=0.001s(1%) call=0.082s | tiles=82 ahead=82 experts=405 miss=35 io=0.045s 2.7GB/s]
[prefill gpuq busy=0.043s(53%) idle=0.039s(47%) span=0.082s buffers=173]
[prefill gpu attn=0.011s(26%) shared=0.004s(9%) moe=0.025s(56%) tail=0.001s(2%) head=0.004s(8%) total=0.045s]
[prefill host enc.front=0.002s(2%) wait.front=0.038s(28%) drain=0.000s(0%) route=0.000s(0%) meta=0.000s(0%) fetch=0.088s(65%) enc.moe=0.001s(1%) tail=0.000s(0%) head=0.004s(3%) other=0.001s(1%) call=0.135s | tiles=88 ahead=88 experts=457 miss=76 io=0.096s 2.7GB/s]
[prefill gpuq busy=0.045s(33%) idle=0.090s(67%) span=0.135s buffers=179]
[prefill gpu attn=0.011s(26%) shared=0.004s(9%) moe=0.024s(55%) tail=0.001s(2%) head=0.003s(8%) total=0.044s]
[prefill host enc.front=0.002s(2%) wait.front=0.027s(38%) drain=0.000s(1%) route=0.000s(0%) meta=0.000s(0%) fetch=0.036s(51%) enc.moe=0.001s(1%) tail=0.000s(0%) head=0.004s(5%) other=0.001s(1%) call=0.071s | tiles=86 ahead=86 experts=455 miss=33 io=0.037s 3.1GB/s]
[prefill gpuq busy=0.044s(61%) idle=0.027s(39%) span=0.071s buffers=177]
[prefill gpu attn=0.011s(26%) shared=0.004s(9%) moe=0.025s(56%) tail=0.001s(2%) head=0.003s(8%) total=0.045s]
[prefill host enc.front=0.002s(2%) wait.front=0.027s(23%) drain=0.000s(0%) route=0.000s(0%) meta=0.000s(0%) fetch=0.083s(70%) enc.moe=0.001s(1%) tail=0.000s(0%) head=0.004s(3%) other=0.001s(1%) call=0.119s | tiles=88 ahead=88 experts=450 miss=74 io=0.084s 3.1GB/s]
[prefill gpuq busy=0.045s(38%) idle=0.074s(62%) span=0.119s buffers=179]
[prefill gpu attn=0.011s(26%) shared=0.004s(9%) moe=0.023s(55%) tail=0.001s(2%) head=0.003s(8%) total=0.043s]
[prefill host enc.front=0.002s(3%) wait.front=0.028s(43%) drain=0.001s(1%) route=0.000s(0%) meta=0.000s(0%) fetch=0.030s(45%) enc.moe=0.001s(1%) tail=0.000s(0%) head=0.004s(5%) other=0.000s(1%) call=0.066s | tiles=80 ahead=80 experts=453 miss=30 io=0.030s 3.5GB/s]
[prefill gpuq busy=0.043s(65%) idle=0.023s(35%) span=0.065s buffers=171]
[prefill gpu attn=0.011s(27%) shared=0.004s(9%) moe=0.023s(55%) tail=0.001s(2%) head=0.003s(8%) total=0.042s]
[prefill host enc.front=0.002s(3%) wait.front=0.030s(50%) drain=0.000s(1%) route=0.000s(0%) meta=0.000s(0%) fetch=0.022s(38%) enc.moe=0.001s(1%) tail=0.000s(0%) head=0.004s(6%) other=0.000s(1%) call=0.059s | tiles=78 ahead=78 experts=444 miss=21 io=0.023s 3.2GB/s]
[prefill gpuq busy=0.042s(72%) idle=0.017s(28%) span=0.059s buffers=169]
[prefill gpu attn=0.011s(27%) shared=0.004s(9%) moe=0.023s(55%) tail=0.001s(2%) head=0.003s(8%) total=0.043s]
[prefill host enc.front=0.002s(3%) wait.front=0.029s(44%) drain=0.001s(2%) route=0.000s(0%) meta=0.000s(0%) fetch=0.028s(44%) enc.moe=0.001s(1%) tail=0.000s(0%) head=0.004s(6%) other=0.000s(1%) call=0.065s | tiles=81 ahead=81 experts=443 miss=27 io=0.028s 3.3GB/s]
[prefill gpuq busy=0.043s(66%) idle=0.022s(34%) span=0.064s buffers=172]
[prefill gpu attn=0.011s(27%) shared=0.004s(9%) moe=0.023s(55%) tail=0.001s(2%) head=0.003s(8%) total=0.043s]
[prefill host enc.front=0.002s(3%) wait.front=0.029s(46%) drain=0.001s(1%) route=0.000s(0%) meta=0.000s(0%) fetch=0.027s(43%) enc.moe=0.001s(1%) tail=0.000s(0%) head=0.004s(6%) other=0.000s(1%) call=0.064s | tiles=76 ahead=76 experts=408 miss=29 io=0.032s 3.2GB/s]
[prefill gpuq busy=0.043s(67%) idle=0.021s(33%) span=0.064s buffers=167]
[prefill gpu attn=0.011s(26%) shared=0.004s(9%) moe=0.023s(55%) tail=0.001s(2%) head=0.004s(8%) total=0.043s]
[prefill host enc.front=0.002s(3%) wait.front=0.029s(46%) drain=0.000s(1%) route=0.000s(0%) meta=0.000s(0%) fetch=0.027s(43%) enc.moe=0.001s(1%) tail=0.000s(0%) head=0.004s(6%) other=0.000s(1%) call=0.064s | tiles=74 ahead=74 experts=422 miss=30 io=0.027s 3.8GB/s]
[prefill gpuq busy=0.043s(67%) idle=0.021s(33%) span=0.063s buffers=165]
[prefill gpu attn=0.011s(26%) shared=0.004s(9%) moe=0.024s(55%) tail=0.001s(2%) head=0.003s(8%) total=0.043s]
[prefill host enc.front=0.002s(2%) wait.front=0.029s(42%) drain=0.001s(1%) route=0.000s(0%) meta=0.000s(0%) fetch=0.032s(46%) enc.moe=0.001s(1%) tail=0.000s(0%) head=0.004s(5%) other=0.001s(1%) call=0.069s | tiles=81 ahead=81 experts=419 miss=38 io=0.032s 4.1GB/s]
[prefill gpuq busy=0.043s(63%) idle=0.026s(37%) span=0.069s buffers=172]
[prefill gpu attn=0.011s(26%) shared=0.004s(9%) moe=0.024s(56%) tail=0.001s(2%) head=0.003s(8%) total=0.044s]
[prefill host enc.front=0.002s(2%) wait.front=0.025s(31%) drain=0.000s(0%) route=0.000s(0%) meta=0.000s(0%) fetch=0.047s(60%) enc.moe=0.001s(1%) tail=0.000s(0%) head=0.004s(4%) other=0.001s(1%) call=0.079s | tiles=93 ahead=93 experts=489 miss=48 io=0.050s 3.3GB/s]
[prefill gpuq busy=0.044s(55%) idle=0.036s(45%) span=0.079s buffers=184]
[prefill gpu attn=0.011s(26%) shared=0.004s(9%) moe=0.024s(55%) tail=0.001s(2%) head=0.004s(9%) total=0.043s]
[prefill host enc.front=0.002s(3%) wait.front=0.028s(47%) drain=0.001s(2%) route=0.000s(0%) meta=0.000s(0%) fetch=0.024s(40%) enc.moe=0.001s(1%) tail=0.000s(0%) head=0.004s(7%) other=0.000s(1%) call=0.060s | tiles=78 ahead=78 experts=416 miss=29 io=0.024s 4.2GB/s]
[prefill gpuq busy=0.043s(73%) idle=0.016s(27%) span=0.060s buffers=169]
[prefill gpu attn=0.011s(26%) shared=0.004s(9%) moe=0.024s(55%) tail=0.001s(2%) head=0.004s(8%) total=0.044s]
[prefill host enc.front=0.002s(3%) wait.front=0.025s(43%) drain=0.001s(2%) route=0.000s(0%) meta=0.000s(0%) fetch=0.025s(44%) enc.moe=0.001s(1%) tail=0.000s(0%) head=0.004s(6%) other=0.000s(1%) call=0.058s | tiles=86 ahead=86 experts=477 miss=28 io=0.025s 3.8GB/s]
[prefill gpuq busy=0.043s(76%) idle=0.014s(24%) span=0.057s buffers=177]
[prefill gpu attn=0.011s(27%) shared=0.004s(9%) moe=0.023s(54%) tail=0.001s(2%) head=0.003s(8%) total=0.042s]
[prefill host enc.front=0.002s(3%) wait.front=0.028s(53%) drain=0.001s(2%) route=0.000s(0%) meta=0.000s(0%) fetch=0.018s(33%) enc.moe=0.001s(1%) tail=0.000s(0%) head=0.004s(7%) other=0.000s(1%) call=0.054s | tiles=79 ahead=79 experts=446 miss=17 io=0.018s 3.3GB/s]
[prefill gpuq busy=0.042s(79%) idle=0.011s(21%) span=0.053s buffers=170]
[prefill gpu attn=0.011s(27%) shared=0.004s(9%) moe=0.023s(54%) tail=0.001s(2%) head=0.003s(8%) total=0.042s]
[prefill host enc.front=0.002s(3%) wait.front=0.031s(65%) drain=0.001s(2%) route=0.000s(0%) meta=0.000s(0%) fetch=0.009s(19%) enc.moe=0.001s(1%) tail=0.000s(0%) head=0.004s(8%) other=0.000s(1%) call=0.048s | tiles=76 ahead=76 experts=444 miss=11 io=0.009s 4.0GB/s]
[prefill gpuq busy=0.042s(88%) idle=0.006s(12%) span=0.048s buffers=167]
[prefill gpu attn=0.012s(27%) shared=0.004s(9%) moe=0.024s(55%) tail=0.001s(2%) head=0.003s(8%) total=0.043s]
[prefill host enc.front=0.002s(3%) wait.front=0.032s(57%) drain=0.000s(1%) route=0.000s(0%) meta=0.000s(0%) fetch=0.017s(30%) enc.moe=0.001s(1%) tail=0.000s(0%) head=0.004s(6%) other=0.000s(1%) call=0.056s | tiles=77 ahead=77 experts=467 miss=17 io=0.017s 3.5GB/s]
[prefill gpuq busy=0.043s(78%) idle=0.012s(22%) span=0.056s buffers=168]
[prefill gpu attn=0.011s(27%) shared=0.004s(9%) moe=0.023s(55%) tail=0.001s(2%) head=0.004s(8%) total=0.043s]
[prefill host enc.front=0.002s(3%) wait.front=0.027s(51%) drain=0.001s(2%) route=0.000s(0%) meta=0.000s(0%) fetch=0.018s(34%) enc.moe=0.001s(1%) tail=0.000s(0%) head=0.004s(7%) other=0.000s(1%) call=0.053s | tiles=77 ahead=77 experts=437 miss=22 io=0.018s 4.2GB/s]
[prefill gpuq busy=0.043s(80%) idle=0.010s(20%) span=0.053s buffers=168]
[prefill gpu attn=0.011s(26%) shared=0.004s(9%) moe=0.024s(55%) tail=0.001s(2%) head=0.003s(8%) total=0.043s]
[prefill host enc.front=0.002s(3%) wait.front=0.029s(54%) drain=0.001s(2%) route=0.000s(0%) meta=0.000s(0%) fetch=0.017s(32%) enc.moe=0.001s(1%) tail=0.000s(0%) head=0.004s(7%) other=0.000s(1%) call=0.054s | tiles=85 ahead=85 experts=493 miss=19 io=0.018s 3.7GB/s]
[prefill gpuq busy=0.043s(80%) idle=0.011s(20%) span=0.054s buffers=176]
[prefill gpu attn=0.012s(27%) shared=0.004s(9%) moe=0.023s(54%) tail=0.001s(2%) head=0.004s(9%) total=0.043s]
[prefill host enc.front=0.002s(3%) wait.front=0.032s(54%) drain=0.001s(1%) route=0.000s(0%) meta=0.000s(0%) fetch=0.019s(33%) enc.moe=0.001s(1%) tail=0.000s(0%) head=0.004s(7%) other=0.000s(1%) call=0.059s | tiles=73 ahead=73 experts=422 miss=15 io=0.020s 2.7GB/s]
[prefill gpuq busy=0.043s(73%) idle=0.016s(27%) span=0.059s buffers=164]
[prefill gpu attn=0.012s(27%) shared=0.004s(9%) moe=0.023s(54%) tail=0.001s(2%) head=0.003s(8%) total=0.043s]
[prefill host enc.front=0.002s(3%) wait.front=0.031s(56%) drain=0.001s(2%) route=0.000s(0%) meta=0.000s(0%) fetch=0.017s(30%) enc.moe=0.001s(1%) tail=0.000s(0%) head=0.004s(7%) other=0.000s(1%) call=0.056s | tiles=79 ahead=79 experts=459 miss=11 io=0.017s 2.2GB/s]
[prefill gpuq busy=0.043s(77%) idle=0.013s(23%) span=0.055s buffers=170]
[prefill gpu attn=0.011s(27%) shared=0.004s(9%) moe=0.023s(54%) tail=0.001s(2%) head=0.003s(8%) total=0.042s]
[prefill host enc.front=0.002s(3%) wait.front=0.030s(57%) drain=0.000s(1%) route=0.000s(0%) meta=0.000s(0%) fetch=0.016s(29%) enc.moe=0.001s(1%) tail=0.000s(0%) head=0.004s(7%) other=0.000s(1%) call=0.053s | tiles=73 ahead=73 experts=386 miss=18 io=0.016s 4.0GB/s]
[prefill gpuq busy=0.042s(80%) idle=0.011s(20%) span=0.053s buffers=164]
[prefill gpu attn=0.011s(27%) shared=0.004s(9%) moe=0.023s(54%) tail=0.001s(2%) head=0.003s(8%) total=0.042s]
[prefill host enc.front=0.002s(3%) wait.front=0.031s(64%) drain=0.000s(1%) route=0.000s(0%) meta=0.000s(0%) fetch=0.011s(22%) enc.moe=0.001s(1%) tail=0.000s(0%) head=0.004s(7%) other=0.000s(1%) call=0.049s | tiles=73 ahead=73 experts=400 miss=13 io=0.011s 4.2GB/s]
[prefill gpuq busy=0.042s(87%) idle=0.006s(13%) span=0.049s buffers=164]
[prefill gpu attn=0.011s(27%) shared=0.004s(9%) moe=0.023s(54%) tail=0.001s(2%) head=0.003s(8%) total=0.042s]
[prefill host enc.front=0.002s(3%) wait.front=0.030s(59%) drain=0.001s(2%) route=0.000s(0%) meta=0.000s(0%) fetch=0.014s(27%) enc.moe=0.001s(1%) tail=0.000s(0%) head=0.004s(7%) other=0.000s(1%) call=0.051s | tiles=69 ahead=69 experts=369 miss=17 io=0.014s 4.3GB/s]
[prefill gpuq busy=0.042s(82%) idle=0.009s(18%) span=0.051s buffers=160]
[prefill gpu attn=0.012s(27%) shared=0.004s(9%) moe=0.024s(54%) tail=0.001s(2%) head=0.003s(8%) total=0.043s]
[prefill host enc.front=0.002s(3%) wait.front=0.032s(53%) drain=0.001s(2%) route=0.000s(0%) meta=0.000s(0%) fetch=0.020s(33%) enc.moe=0.001s(1%) tail=0.000s(0%) head=0.004s(6%) other=0.000s(1%) call=0.059s | tiles=75 ahead=75 experts=442 miss=20 io=0.020s 3.5GB/s]
[prefill gpuq busy=0.043s(73%) idle=0.016s(27%) span=0.059s buffers=166]
[prefill gpu attn=0.011s(25%) shared=0.004s(8%) moe=0.025s(57%) tail=0.001s(2%) head=0.003s(8%) total=0.044s]
[prefill host enc.front=0.002s(3%) wait.front=0.029s(50%) drain=0.000s(1%) route=0.000s(0%) meta=0.000s(0%) fetch=0.022s(37%) enc.moe=0.001s(1%) tail=0.000s(0%) head=0.004s(6%) other=0.000s(1%) call=0.058s | tiles=93 ahead=93 experts=519 miss=37 io=0.024s 5.4GB/s]
[prefill gpuq busy=0.044s(76%) idle=0.014s(24%) span=0.058s buffers=184]
[prefill gpu attn=0.011s(27%) shared=0.004s(9%) moe=0.023s(55%) tail=0.001s(2%) head=0.003s(8%) total=0.043s]
[prefill host enc.front=0.002s(3%) wait.front=0.032s(62%) drain=0.001s(2%) route=0.000s(0%) meta=0.000s(0%) fetch=0.012s(24%) enc.moe=0.001s(1%) tail=0.000s(0%) head=0.004s(7%) other=0.000s(1%) call=0.051s | tiles=78 ahead=78 experts=461 miss=15 io=0.012s 4.2GB/s]
[prefill gpuq busy=0.043s(84%) idle=0.008s(16%) span=0.051s buffers=169]
[prefill gpu attn=0.012s(27%) shared=0.004s(9%) moe=0.023s(54%) tail=0.001s(2%) head=0.003s(8%) total=0.042s]
[prefill host enc.front=0.002s(3%) wait.front=0.035s(71%) drain=0.001s(2%) route=0.000s(0%) meta=0.000s(0%) fetch=0.007s(14%) enc.moe=0.001s(1%) tail=0.000s(0%) head=0.004s(7%) other=0.000s(1%) call=0.049s | tiles=76 ahead=76 experts=446 miss=6 io=0.007s 3.0GB/s]
[prefill gpuq busy=0.042s(86%) idle=0.007s(14%) span=0.049s buffers=167]
[prefill gpu attn=0.012s(26%) shared=0.004s(9%) moe=0.024s(55%) tail=0.001s(2%) head=0.003s(8%) total=0.044s]
[prefill host enc.front=0.002s(3%) wait.front=0.043s(66%) drain=0.001s(1%) route=0.000s(0%) meta=0.000s(0%) fetch=0.015s(23%) enc.moe=0.001s(1%) tail=0.000s(0%) head=0.004s(6%) other=0.000s(1%) call=0.065s | tiles=75 ahead=75 experts=445 miss=19 io=0.015s 4.4GB/s]
[prefill gpuq busy=0.044s(68%) idle=0.021s(32%) span=0.065s buffers=166]
[prefill gpu attn=0.012s(26%) shared=0.005s(10%) moe=0.024s(54%) tail=0.001s(2%) head=0.004s(8%) total=0.045s]
[prefill host enc.front=0.002s(3%) wait.front=0.031s(49%) drain=0.000s(1%) route=0.000s(0%) meta=0.000s(0%) fetch=0.024s(39%) enc.moe=0.001s(1%) tail=0.000s(0%) head=0.004s(6%) other=0.000s(1%) call=0.062s | tiles=76 ahead=76 experts=416 miss=27 io=0.026s 3.6GB/s]
[prefill gpuq busy=0.044s(71%) idle=0.018s(29%) span=0.062s buffers=167]
[prefill gpu attn=0.012s(27%) shared=0.004s(9%) moe=0.024s(55%) tail=0.001s(2%) head=0.003s(8%) total=0.043s]
[prefill host enc.front=0.002s(3%) wait.front=0.036s(57%) drain=0.001s(2%) route=0.000s(0%) meta=0.000s(0%) fetch=0.019s(31%) enc.moe=0.001s(1%) tail=0.000s(0%) head=0.004s(6%) other=0.000s(1%) call=0.063s | tiles=74 ahead=74 experts=437 miss=19 io=0.019s 3.4GB/s]
[prefill gpuq busy=0.043s(69%) idle=0.020s(31%) span=0.063s buffers=165]
[prefill gpu attn=0.012s(27%) shared=0.004s(9%) moe=0.024s(54%) tail=0.001s(2%) head=0.004s(8%) total=0.044s]
[prefill host enc.front=0.002s(3%) wait.front=0.033s(64%) drain=0.001s(2%) route=0.000s(0%) meta=0.000s(0%) fetch=0.011s(21%) enc.moe=0.001s(1%) tail=0.000s(0%) head=0.004s(7%) other=0.000s(1%) call=0.051s | tiles=74 ahead=74 experts=450 miss=17 io=0.011s 5.5GB/s]
[prefill gpuq busy=0.043s(85%) idle=0.008s(15%) span=0.051s buffers=165]
[prefill gpu attn=0.012s(27%) shared=0.004s(9%) moe=0.023s(54%) tail=0.001s(2%) head=0.003s(8%) total=0.042s]
[prefill host enc.front=0.002s(3%) wait.front=0.035s(71%) drain=0.001s(3%) route=0.000s(0%) meta=0.000s(0%) fetch=0.006s(13%) enc.moe=0.001s(1%) tail=0.000s(0%) head=0.004s(7%) other=0.000s(1%) call=0.049s | tiles=70 ahead=70 experts=391 miss=15 io=0.008s 6.8GB/s]
[prefill gpuq busy=0.042s(87%) idle=0.006s(13%) span=0.049s buffers=161]
[prefill gpu attn=0.011s(27%) shared=0.004s(9%) moe=0.023s(55%) tail=0.001s(2%) head=0.003s(8%) total=0.043s]
[prefill host enc.front=0.002s(3%) wait.front=0.032s(65%) drain=0.001s(2%) route=0.000s(0%) meta=0.000s(0%) fetch=0.010s(19%) enc.moe=0.001s(1%) tail=0.000s(0%) head=0.004s(7%) other=0.000s(1%) call=0.049s | tiles=77 ahead=77 experts=440 miss=14 io=0.010s 5.0GB/s]
[prefill gpuq busy=0.043s(87%) idle=0.006s(13%) span=0.049s buffers=168]
[prefill gpu attn=0.012s(27%) shared=0.004s(9%) moe=0.023s(55%) tail=0.001s(2%) head=0.003s(8%) total=0.043s]
[prefill host enc.front=0.002s(3%) wait.front=0.031s(51%) drain=0.001s(2%) route=0.000s(0%) meta=0.000s(0%) fetch=0.022s(37%) enc.moe=0.001s(1%) tail=0.000s(0%) head=0.004s(6%) other=0.000s(1%) call=0.061s | tiles=79 ahead=79 experts=443 miss=20 io=0.023s 3.1GB/s]
[prefill gpuq busy=0.043s(70%) idle=0.018s(30%) span=0.061s buffers=170]
[prefill gpu attn=0.012s(27%) shared=0.004s(9%) moe=0.023s(55%) tail=0.001s(2%) head=0.003s(8%) total=0.043s]
[prefill host enc.front=0.002s(3%) wait.front=0.030s(51%) drain=0.001s(2%) route=0.000s(0%) meta=0.000s(0%) fetch=0.020s(35%) enc.moe=0.001s(1%) tail=0.000s(0%) head=0.004s(6%) other=0.000s(1%) call=0.058s | tiles=77 ahead=77 experts=415 miss=20 io=0.021s 3.4GB/s]
[prefill gpuq busy=0.043s(75%) idle=0.014s(25%) span=0.057s buffers=168]
[prefill gpu attn=0.011s(27%) shared=0.004s(9%) moe=0.023s(54%) tail=0.001s(2%) head=0.003s(8%) total=0.042s]
[prefill host enc.front=0.002s(3%) wait.front=0.030s(60%) drain=0.000s(1%) route=0.000s(0%) meta=0.000s(0%) fetch=0.013s(26%) enc.moe=0.001s(1%) tail=0.000s(0%) head=0.004s(8%) other=0.000s(1%) call=0.050s | tiles=76 ahead=76 experts=413 miss=15 io=0.013s 4.0GB/s]
[prefill gpuq busy=0.042s(85%) idle=0.007s(15%) span=0.050s buffers=167]
[prefill gpu attn=0.011s(27%) shared=0.004s(9%) moe=0.022s(54%) tail=0.001s(2%) head=0.003s(8%) total=0.042s]
[prefill host enc.front=0.002s(4%) wait.front=0.033s(75%) drain=0.001s(2%) route=0.000s(0%) meta=0.000s(0%) fetch=0.004s(8%) enc.moe=0.001s(1%) tail=0.000s(0%) head=0.004s(8%) other=0.000s(1%) call=0.044s | tiles=70 ahead=70 experts=413 miss=6 io=0.004s 5.5GB/s]
[prefill gpuq busy=0.042s(94%) idle=0.003s(6%) span=0.044s buffers=161]
[prefill gpu attn=0.012s(28%) shared=0.004s(9%) moe=0.022s(53%) tail=0.001s(2%) head=0.003s(8%) total=0.042s]
[prefill host enc.front=0.002s(3%) wait.front=0.032s(58%) drain=0.001s(2%) route=0.000s(0%) meta=0.000s(0%) fetch=0.016s(28%) enc.moe=0.001s(1%) tail=0.000s(0%) head=0.004s(6%) other=0.000s(1%) call=0.055s | tiles=69 ahead=69 experts=361 miss=14 io=0.016s 3.1GB/s]
[prefill gpuq busy=0.042s(76%) idle=0.013s(24%) span=0.055s buffers=160]
[prefill gpu attn=0.011s(27%) shared=0.004s(9%) moe=0.023s(54%) tail=0.001s(2%) head=0.004s(8%) total=0.043s]
[prefill host enc.front=0.002s(3%) wait.front=0.034s(70%) drain=0.000s(1%) route=0.000s(1%) meta=0.000s(0%) fetch=0.007s(15%) enc.moe=0.001s(1%) tail=0.000s(0%) head=0.004s(8%) other=0.000s(1%) call=0.048s | tiles=70 ahead=70 experts=399 miss=14 io=0.007s 6.6GB/s]
[prefill gpuq busy=0.043s(89%) idle=0.005s(11%) span=0.048s buffers=161]
[prefill gpu attn=0.012s(27%) shared=0.004s(9%) moe=0.024s(55%) tail=0.001s(2%) head=0.003s(8%) total=0.043s]
[prefill host enc.front=0.002s(4%) wait.front=0.034s(71%) drain=0.001s(2%) route=0.000s(1%) meta=0.000s(0%) fetch=0.006s(13%) enc.moe=0.001s(1%) tail=0.000s(0%) head=0.004s(7%) other=0.000s(1%) call=0.048s | tiles=76 ahead=76 experts=459 miss=15 io=0.006s 8.2GB/s]
[prefill gpuq busy=0.043s(90%) idle=0.005s(10%) span=0.048s buffers=167]
[prefill gpu attn=0.011s(27%) shared=0.004s(9%) moe=0.023s(54%) tail=0.001s(2%) head=0.003s(8%) total=0.042s]
[prefill host enc.front=0.002s(3%) wait.front=0.032s(67%) drain=0.001s(2%) route=0.000s(0%) meta=0.000s(0%) fetch=0.008s(17%) enc.moe=0.001s(1%) tail=0.000s(0%) head=0.004s(8%) other=0.000s(1%) call=0.048s | tiles=71 ahead=71 experts=398 miss=17 io=0.008s 7.0GB/s]
[prefill gpuq busy=0.042s(88%) idle=0.006s(12%) span=0.048s buffers=162]
[prefill gpu attn=0.012s(27%) shared=0.004s(9%) moe=0.024s(55%) tail=0.001s(2%) head=0.003s(8%) total=0.044s]
[prefill host enc.front=0.002s(3%) wait.front=0.032s(60%) drain=0.001s(3%) route=0.000s(0%) meta=0.000s(0%) fetch=0.013s(25%) enc.moe=0.001s(1%) tail=0.000s(0%) head=0.004s(7%) other=0.000s(1%) call=0.054s | tiles=77 ahead=77 experts=445 miss=19 io=0.013s 4.9GB/s]
[prefill gpuq busy=0.044s(82%) idle=0.010s(18%) span=0.053s buffers=168]
[prefill gpu attn=0.011s(26%) shared=0.004s(9%) moe=0.025s(56%) tail=0.001s(2%) head=0.003s(8%) total=0.044s]
[prefill host enc.front=0.002s(3%) wait.front=0.034s(64%) drain=0.001s(2%) route=0.000s(0%) meta=0.000s(0%) fetch=0.011s(21%) enc.moe=0.001s(1%) tail=0.000s(0%) head=0.004s(7%) other=0.000s(1%) call=0.053s | tiles=84 ahead=84 experts=492 miss=22 io=0.011s 6.8GB/s]
[prefill gpuq busy=0.044s(83%) idle=0.009s(17%) span=0.053s buffers=175]
[prefill gpu attn=0.011s(27%) shared=0.004s(9%) moe=0.023s(54%) tail=0.001s(2%) head=0.003s(8%) total=0.042s]
[prefill host enc.front=0.002s(3%) wait.front=0.035s(76%) drain=0.001s(2%) route=0.000s(1%) meta=0.000s(0%) fetch=0.004s(8%) enc.moe=0.001s(1%) tail=0.000s(0%) head=0.004s(8%) other=0.000s(1%) call=0.046s | tiles=69 ahead=69 experts=438 miss=9 io=0.004s 8.2GB/s]
[prefill gpuq busy=0.042s(93%) idle=0.003s(7%) span=0.046s buffers=160]
[prefill gpu attn=0.012s(27%) shared=0.004s(9%) moe=0.023s(55%) tail=0.001s(2%) head=0.003s(8%) total=0.043s]
[prefill host enc.front=0.002s(3%) wait.front=0.033s(65%) drain=0.001s(2%) route=0.000s(0%) meta=0.000s(0%) fetch=0.010s(20%) enc.moe=0.001s(1%) tail=0.000s(0%) head=0.004s(7%) other=0.000s(1%) call=0.050s | tiles=80 ahead=80 experts=450 miss=13 io=0.010s 4.3GB/s]
[prefill gpuq busy=0.043s(86%) idle=0.007s(14%) span=0.050s buffers=171]
[prefill gpu attn=0.012s(27%) shared=0.004s(9%) moe=0.023s(55%) tail=0.001s(2%) head=0.003s(8%) total=0.043s]
[prefill host enc.front=0.002s(3%) wait.front=0.032s(61%) drain=0.001s(2%) route=0.000s(0%) meta=0.000s(0%) fetch=0.013s(24%) enc.moe=0.001s(1%) tail=0.000s(0%) head=0.004s(7%) other=0.000s(1%) call=0.053s | tiles=80 ahead=80 experts=452 miss=17 io=0.014s 4.2GB/s]
[prefill gpuq busy=0.043s(81%) idle=0.010s(19%) span=0.053s buffers=171]
[prefill gpu attn=0.012s(27%) shared=0.004s(9%) moe=0.023s(54%) tail=0.001s(2%) head=0.003s(8%) total=0.043s]
[prefill host enc.front=0.002s(3%) wait.front=0.031s(62%) drain=0.001s(2%) route=0.000s(0%) meta=0.000s(0%) fetch=0.012s(24%) enc.moe=0.001s(1%) tail=0.000s(0%) head=0.004s(7%) other=0.000s(1%) call=0.051s | tiles=76 ahead=76 experts=439 miss=14 io=0.012s 4.0GB/s]
[prefill gpuq busy=0.043s(85%) idle=0.008s(15%) span=0.050s buffers=167]
[prefill gpu attn=0.012s(27%) shared=0.004s(9%) moe=0.024s(55%) tail=0.001s(2%) head=0.003s(8%) total=0.043s]
[prefill host enc.front=0.002s(3%) wait.front=0.033s(69%) drain=0.001s(2%) route=0.000s(0%) meta=0.000s(0%) fetch=0.007s(15%) enc.moe=0.001s(1%) tail=0.000s(0%) head=0.004s(8%) other=0.000s(1%) call=0.048s | tiles=78 ahead=78 experts=460 miss=18 io=0.009s 7.0GB/s]
[prefill gpuq busy=0.043s(90%) idle=0.005s(10%) span=0.048s buffers=169]
[prefill gpu attn=0.012s(27%) shared=0.004s(10%) moe=0.023s(53%) tail=0.001s(2%) head=0.003s(8%) total=0.043s]
[prefill host enc.front=0.002s(3%) wait.front=0.033s(67%) drain=0.001s(2%) route=0.000s(0%) meta=0.000s(0%) fetch=0.009s(18%) enc.moe=0.001s(1%) tail=0.000s(0%) head=0.004s(7%) other=0.000s(1%) call=0.049s | tiles=67 ahead=67 experts=393 miss=11 io=0.009s 4.4GB/s]
[prefill gpuq busy=0.043s(87%) idle=0.006s(13%) span=0.049s buffers=158]
[prefill gpu attn=0.012s(27%) shared=0.004s(9%) moe=0.024s(55%) tail=0.001s(2%) head=0.003s(8%) total=0.043s]
[prefill host enc.front=0.002s(3%) wait.front=0.032s(53%) drain=0.001s(2%) route=0.000s(0%) meta=0.000s(0%) fetch=0.021s(35%) enc.moe=0.001s(1%) tail=0.000s(0%) head=0.004s(6%) other=0.000s(1%) call=0.061s | tiles=80 ahead=80 experts=467 miss=15 io=0.021s 2.4GB/s]
[prefill gpuq busy=0.043s(72%) idle=0.017s(28%) span=0.060s buffers=171]
[prefill gpu attn=0.012s(27%) shared=0.004s(9%) moe=0.023s(54%) tail=0.001s(2%) head=0.003s(8%) total=0.042s]
[prefill host enc.front=0.002s(3%) wait.front=0.035s(73%) drain=0.001s(2%) route=0.000s(0%) meta=0.000s(0%) fetch=0.006s(12%) enc.moe=0.001s(1%) tail=0.000s(0%) head=0.004s(8%) other=0.000s(1%) call=0.048s | tiles=69 ahead=69 experts=411 miss=11 io=0.006s 6.6GB/s]
[prefill gpuq busy=0.042s(89%) idle=0.005s(11%) span=0.048s buffers=160]
[prefill gpu attn=0.012s(27%) shared=0.004s(9%) moe=0.023s(54%) tail=0.001s(2%) head=0.003s(8%) total=0.043s]
[prefill host enc.front=0.002s(3%) wait.front=0.030s(54%) drain=0.001s(2%) route=0.000s(0%) meta=0.000s(0%) fetch=0.018s(33%) enc.moe=0.001s(1%) tail=0.000s(0%) head=0.004s(6%) other=0.000s(1%) call=0.056s | tiles=83 ahead=83 experts=484 miss=21 io=0.018s 4.0GB/s]
[prefill gpuq busy=0.043s(76%) idle=0.013s(24%) span=0.056s buffers=174]
[prefill gpu attn=0.012s(27%) shared=0.004s(9%) moe=0.024s(54%) tail=0.001s(2%) head=0.003s(8%) total=0.043s]
[prefill host enc.front=0.002s(3%) wait.front=0.035s(63%) drain=0.001s(2%) route=0.000s(0%) meta=0.000s(0%) fetch=0.013s(23%) enc.moe=0.001s(1%) tail=0.000s(0%) head=0.004s(6%) other=0.000s(1%) call=0.056s | tiles=76 ahead=76 experts=423 miss=20 io=0.013s 5.2GB/s]
[prefill gpuq busy=0.043s(77%) idle=0.013s(23%) span=0.056s buffers=167]
[prefill gpu attn=0.012s(27%) shared=0.004s(9%) moe=0.023s(54%) tail=0.001s(2%) head=0.004s(9%) total=0.043s]
[prefill host enc.front=0.002s(3%) wait.front=0.031s(55%) drain=0.001s(2%) route=0.000s(0%) meta=0.000s(0%) fetch=0.017s(30%) enc.moe=0.001s(1%) tail=0.000s(0%) head=0.004s(7%) other=0.000s(1%) call=0.055s | tiles=72 ahead=72 experts=365 miss=20 io=0.017s 4.1GB/s]
[prefill gpuq busy=0.043s(79%) idle=0.012s(21%) span=0.055s buffers=163]
[prefill gpu attn=0.012s(27%) shared=0.004s(9%) moe=0.023s(54%) tail=0.001s(2%) head=0.003s(8%) total=0.042s]
[prefill host enc.front=0.002s(3%) wait.front=0.035s(73%) drain=0.001s(2%) route=0.000s(0%) meta=0.000s(0%) fetch=0.005s(11%) enc.moe=0.001s(1%) tail=0.000s(0%) head=0.004s(8%) other=0.000s(1%) call=0.048s | tiles=67 ahead=67 experts=392 miss=8 io=0.005s 5.1GB/s]
[prefill gpuq busy=0.042s(88%) idle=0.006s(12%) span=0.047s buffers=158]
[prefill gpu attn=0.012s(28%) shared=0.004s(9%) moe=0.022s(53%) tail=0.001s(2%) head=0.003s(8%) total=0.042s]
[prefill host enc.front=0.002s(4%) wait.front=0.035s(77%) drain=0.001s(2%) route=0.000s(0%) meta=0.000s(0%) fetch=0.003s(6%) enc.moe=0.001s(1%) tail=0.000s(0%) head=0.004s(8%) other=0.000s(1%) call=0.045s | tiles=66 ahead=66 experts=395 miss=5 io=0.003s 5.9GB/s]
[prefill gpuq busy=0.042s(94%) idle=0.003s(6%) span=0.045s buffers=157]
[prefill gpu attn=0.012s(27%) shared=0.004s(9%) moe=0.023s(54%) tail=0.001s(2%) head=0.003s(8%) total=0.043s]
[prefill host enc.front=0.002s(3%) wait.front=0.034s(69%) drain=0.002s(3%) route=0.000s(0%) meta=0.000s(0%) fetch=0.007s(15%) enc.moe=0.001s(1%) tail=0.000s(0%) head=0.004s(7%) other=0.000s(1%) call=0.049s | tiles=71 ahead=71 experts=419 miss=10 io=0.008s 4.6GB/s]
[prefill gpuq busy=0.043s(87%) idle=0.006s(13%) span=0.049s buffers=162]
[prefill gpu attn=0.012s(27%) shared=0.004s(9%) moe=0.023s(54%) tail=0.001s(2%) head=0.003s(8%) total=0.042s]
[prefill host enc.front=0.002s(3%) wait.front=0.035s(70%) drain=0.000s(1%) route=0.000s(0%) meta=0.000s(0%) fetch=0.008s(16%) enc.moe=0.001s(1%) tail=0.000s(0%) head=0.004s(7%) other=0.000s(1%) call=0.049s | tiles=69 ahead=69 experts=385 miss=15 io=0.008s 6.8GB/s]
[prefill gpuq busy=0.042s(87%) idle=0.006s(13%) span=0.049s buffers=160]
[prefill gpu attn=0.012s(27%) shared=0.004s(9%) moe=0.023s(54%) tail=0.001s(2%) head=0.004s(8%) total=0.043s]
[prefill host enc.front=0.002s(3%) wait.front=0.034s(70%) drain=0.001s(2%) route=0.000s(0%) meta=0.000s(0%) fetch=0.007s(15%) enc.moe=0.001s(1%) tail=0.000s(0%) head=0.004s(8%) other=0.000s(1%) call=0.049s | tiles=68 ahead=68 experts=406 miss=12 io=0.007s 5.7GB/s]
[prefill gpuq busy=0.043s(87%) idle=0.006s(13%) span=0.049s buffers=159]
[prefill gpu attn=0.012s(27%) shared=0.004s(9%) moe=0.024s(55%) tail=0.001s(2%) head=0.003s(8%) total=0.044s]
[prefill host enc.front=0.002s(3%) wait.front=0.033s(67%) drain=0.001s(2%) route=0.000s(1%) meta=0.000s(0%) fetch=0.008s(17%) enc.moe=0.001s(1%) tail=0.000s(0%) head=0.004s(8%) other=0.000s(1%) call=0.048s | tiles=73 ahead=73 experts=425 miss=20 io=0.010s 7.1GB/s]
[prefill gpuq busy=0.043s(91%) idle=0.004s(9%) span=0.048s buffers=164]
[prefill gpu attn=0.012s(27%) shared=0.004s(9%) moe=0.023s(54%) tail=0.001s(2%) head=0.004s(8%) total=0.042s]
[prefill host enc.front=0.002s(4%) wait.front=0.031s(67%) drain=0.000s(1%) route=0.000s(0%) meta=0.000s(0%) fetch=0.008s(18%) enc.moe=0.001s(1%) tail=0.000s(0%) head=0.004s(8%) other=0.000s(1%) call=0.046s | tiles=71 ahead=71 experts=365 miss=15 io=0.009s 6.1GB/s]
[prefill gpuq busy=0.042s(92%) idle=0.004s(8%) span=0.046s buffers=162]
[prefill gpu attn=0.012s(28%) shared=0.004s(9%) moe=0.022s(53%) tail=0.001s(2%) head=0.003s(8%) total=0.042s]
[prefill host enc.front=0.002s(3%) wait.front=0.033s(72%) drain=0.000s(1%) route=0.000s(0%) meta=0.000s(0%) fetch=0.006s(13%) enc.moe=0.001s(1%) tail=0.000s(0%) head=0.004s(8%) other=0.000s(1%) call=0.046s | tiles=68 ahead=68 experts=375 miss=9 io=0.006s 5.1GB/s]
[prefill gpuq busy=0.042s(92%) idle=0.004s(8%) span=0.045s buffers=159]
[prefill gpu attn=0.012s(27%) shared=0.004s(9%) moe=0.023s(54%) tail=0.001s(2%) head=0.003s(8%) total=0.043s]
[prefill host enc.front=0.002s(3%) wait.front=0.033s(65%) drain=0.001s(3%) route=0.000s(0%) meta=0.000s(0%) fetch=0.009s(18%) enc.moe=0.001s(1%) tail=0.000s(0%) head=0.004s(7%) other=0.000s(1%) call=0.050s | tiles=77 ahead=77 experts=452 miss=18 io=0.009s 6.7GB/s]
[prefill gpuq busy=0.043s(87%) idle=0.007s(13%) span=0.050s buffers=168]
[prefill gpu attn=0.012s(26%) shared=0.004s(8%) moe=0.025s(56%) tail=0.001s(2%) head=0.004s(8%) total=0.045s]
[prefill host enc.front=0.002s(2%) wait.front=0.028s(38%) drain=0.001s(2%) route=0.000s(0%) meta=0.000s(0%) fetch=0.037s(50%) enc.moe=0.001s(1%) tail=0.000s(0%) head=0.004s(5%) other=0.000s(1%) call=0.074s | tiles=87 ahead=87 experts=484 miss=56 io=0.038s 5.1GB/s]
[prefill gpuq busy=0.045s(61%) idle=0.029s(39%) span=0.074s buffers=178]
[prefill gpu attn=0.012s(27%) shared=0.004s(9%) moe=0.023s(54%) tail=0.001s(2%) head=0.003s(8%) total=0.042s]
[prefill host enc.front=0.002s(4%) wait.front=0.031s(67%) drain=0.001s(2%) route=0.000s(0%) meta=0.000s(0%) fetch=0.007s(16%) enc.moe=0.001s(1%) tail=0.000s(0%) head=0.004s(8%) other=0.000s(1%) call=0.045s | tiles=72 ahead=72 experts=408 miss=20 io=0.007s 9.3GB/s]
[prefill gpuq busy=0.042s(94%) idle=0.003s(6%) span=0.045s buffers=163]
[prefill gpu attn=0.012s(28%) shared=0.004s(9%) moe=0.023s(54%) tail=0.001s(2%) head=0.003s(8%) total=0.042s]
[prefill host enc.front=0.002s(3%) wait.front=0.031s(64%) drain=0.002s(4%) route=0.000s(0%) meta=0.000s(0%) fetch=0.009s(18%) enc.moe=0.001s(1%) tail=0.000s(0%) head=0.004s(8%) other=0.000s(1%) call=0.047s | tiles=77 ahead=77 experts=441 miss=15 io=0.009s 5.9GB/s]
[prefill gpuq busy=0.042s(90%) idle=0.005s(10%) span=0.047s buffers=168]
[prefill gpu attn=0.012s(27%) shared=0.004s(9%) moe=0.023s(54%) tail=0.001s(2%) head=0.003s(8%) total=0.043s]
[prefill host enc.front=0.002s(3%) wait.front=0.033s(66%) drain=0.001s(2%) route=0.000s(0%) meta=0.000s(0%) fetch=0.010s(19%) enc.moe=0.001s(1%) tail=0.000s(0%) head=0.004s(7%) other=0.000s(1%) call=0.051s | tiles=70 ahead=70 experts=403 miss=19 io=0.010s 6.6GB/s]
[prefill gpuq busy=0.043s(85%) idle=0.007s(15%) span=0.050s buffers=161]
[prefill gpu attn=0.012s(28%) shared=0.004s(9%) moe=0.023s(53%) tail=0.001s(2%) head=0.003s(8%) total=0.043s]
[prefill host enc.front=0.002s(3%) wait.front=0.031s(57%) drain=0.001s(2%) route=0.000s(0%) meta=0.000s(0%) fetch=0.016s(29%) enc.moe=0.001s(1%) tail=0.000s(0%) head=0.004s(7%) other=0.000s(1%) call=0.055s | tiles=75 ahead=75 experts=390 miss=19 io=0.016s 4.1GB/s]
[prefill gpuq busy=0.043s(79%) idle=0.012s(21%) span=0.055s buffers=166]
[prefill gpu attn=0.012s(28%) shared=0.004s(9%) moe=0.022s(54%) tail=0.001s(2%) head=0.003s(8%) total=0.042s]
[prefill host enc.front=0.002s(4%) wait.front=0.033s(73%) drain=0.001s(2%) route=0.000s(0%) meta=0.000s(0%) fetch=0.005s(11%) enc.moe=0.001s(1%) tail=0.000s(0%) head=0.004s(8%) other=0.000s(1%) call=0.045s | tiles=69 ahead=69 experts=403 miss=6 io=0.005s 4.3GB/s]
[prefill gpuq busy=0.042s(94%) idle=0.003s(6%) span=0.045s buffers=160]
[prefill gpu attn=0.012s(27%) shared=0.004s(9%) moe=0.023s(54%) tail=0.001s(2%) head=0.003s(8%) total=0.043s]
[prefill host enc.front=0.002s(4%) wait.front=0.031s(67%) drain=0.001s(2%) route=0.000s(0%) meta=0.000s(0%) fetch=0.008s(16%) enc.moe=0.001s(1%) tail=0.000s(0%) head=0.004s(8%) other=0.000s(1%) call=0.047s | tiles=72 ahead=72 experts=414 miss=15 io=0.008s 6.8GB/s]
[prefill gpuq busy=0.043s(92%) idle=0.004s(8%) span=0.046s buffers=163]
[prefill gpu attn=0.012s(26%) shared=0.004s(8%) moe=0.026s(56%) tail=0.001s(2%) head=0.003s(7%) total=0.045s]
[prefill host enc.front=0.002s(2%) wait.front=0.025s(34%) drain=0.002s(2%) route=0.000s(0%) meta=0.000s(0%) fetch=0.039s(54%) enc.moe=0.001s(1%) tail=0.000s(0%) head=0.004s(5%) other=0.001s(1%) call=0.073s | tiles=90 ahead=90 experts=503 miss=53 io=0.040s 4.6GB/s]
[prefill gpuq busy=0.045s(62%) idle=0.027s(38%) span=0.073s buffers=181]
[prefill gpu attn=0.012s(27%) shared=0.004s(9%) moe=0.024s(54%) tail=0.001s(2%) head=0.003s(8%) total=0.044s]
[prefill host enc.front=0.002s(3%) wait.front=0.034s(65%) drain=0.001s(2%) route=0.000s(0%) meta=0.000s(0%) fetch=0.010s(20%) enc.moe=0.001s(1%) tail=0.000s(0%) head=0.004s(7%) other=0.000s(1%) call=0.052s | tiles=80 ahead=80 experts=475 miss=15 io=0.011s 4.9GB/s]
[prefill gpuq busy=0.044s(85%) idle=0.008s(15%) span=0.052s buffers=171]
[prefill gpu attn=0.012s(26%) shared=0.004s(8%) moe=0.027s(57%) tail=0.001s(2%) head=0.003s(7%) total=0.047s]
[prefill host enc.front=0.002s(2%) wait.front=0.026s(24%) drain=0.001s(1%) route=0.000s(0%) meta=0.000s(0%) fetch=0.075s(68%) enc.moe=0.001s(1%) tail=0.000s(0%) head=0.004s(3%) other=0.001s(1%) call=0.109s | tiles=95 ahead=95 experts=535 miss=74 io=0.075s 3.4GB/s]
[prefill gpuq busy=0.047s(43%) idle=0.062s(57%) span=0.109s buffers=186]

[stop=endOfTurn prefill=365tok new=168tok decode=5.60s tok/s=29.983]
[load=0.751s layerVerify=0.000s/30layers prefill=4.213s ttft=4.214s peak=6.75GB rss=3.76GB]
[expert prefill hit=0.0% 0/2734 io=1.676s | decode hit=94.3% 30594/32449 io=1.664s]
[vision images=1 soft=260 tower=1.755s towerLoad=0.001s]
[decode/tok io=0.00ms cb1=0.00ms cb2=0.00ms head=0.00ms]
[mtp bs=4 rounds=75 accept=1.240/3 tok/round=2.240 draft=0.735s verify=4.647s accepted=25,20,17,13]
