=== routed MoE rows kernels (D=2816 F=704 group 32, 16 experts/tile, 50 iterations) ===
us per dispatch of one 16-expert tile; per-expert divides by 16.
`ms/blk` scales one expert to the 558 a bs=4 verify
block touches at 48 slots, for comparison with 27 §6's `moe` column.

  cap = r (shipped)
    stage           r=1     r=2     r=3     r=4     r=5     r=6     r=7     r=8   | us/row
    gate/up    423.9    290.8    405.9    527.8    662.4    817.0    961.1   1125.1   |   6.26
    down    168.9    216.1    601.0    796.9   1035.6   1277.4   1560.8   1857.0   |  15.07
    both          592.8    506.9   1006.9   1324.7   1697.9   2094.5   2521.9   2982.0   |  21.33
    r=4 scaled to 558 experts: 46.2 ms/blk

  cap = 8 (unspecialized)
    stage           r=1     r=2     r=3     r=4     r=5     r=6     r=7     r=8   | us/row
    gate/up    294.2    372.1    487.2    613.3    735.1    866.6    993.4   1124.7   |   7.42
    down    346.7    549.7    762.3    982.3   1196.5   1418.1   1638.9   1857.2   |  13.49
    both          640.9    921.9   1249.6   1595.6   1931.6   2284.7   2632.3   2981.9   |  20.90
    r=4 scaled to 558 experts: 55.6 ms/blk

  cost of a cap-r mismatch (us per dispatch, r rows on all 16 experts)

    gate/up
      cap \ r      r=1     r=2     r=3     r=4     r=5     r=6     r=7     r=8
      cap=1       291.4        .        .        .        .        .        .        .
      cap=2       288.7    289.9        .        .        .        .        .        .
      cap=3       289.0    309.0    409.3        .        .        .        .        .
      cap=4       291.5    317.4    417.7    528.3        .        .        .        .
      cap=5       289.4    330.1    435.7    547.0    662.6        .        .        .
      cap=6       294.5    346.2    454.8    571.7    692.7    817.5        .        .
      cap=7       293.8    356.9    467.3    587.1    710.3    830.4    961.2        .
      cap=8       294.5    372.6    487.0    608.3    738.8    863.0    996.0   1122.0

    down
      cap \ r      r=1     r=2     r=3     r=4     r=5     r=6     r=7     r=8
      cap=1       168.2        .        .        .        .        .        .        .
      cap=2       188.2    219.9        .        .        .        .        .        .
      cap=3       286.3    438.0    601.6        .        .        .        .        .
      cap=4       294.2    452.7    626.4    793.4        .        .        .        .
      cap=5       309.7    480.7    663.8    847.5   1036.8        .        .        .
      cap=6       323.8    500.2    690.7    888.4   1085.1   1280.2        .        .
      cap=7       335.4    526.3    729.4    937.5   1144.1   1349.9   1560.7        .
      cap=8       349.2    549.6    764.7    981.5   1200.7   1414.4   1637.6   1857.5

  production row mixture, by tile width (us per tile)
    `split` cuts `down` at the §4 cliff (<=2 / >=3); width 5.7 is what production runs.
      width  mixture                 current (one dispatch) `down` split at 2 fully bucketed
      4      1123                            189.5 ( 47.4/e)         165.3 ( 41.3/e)         179.0 ( 44.7/e)
      6      111123                          260.7 ( 43.5/e)         224.6 ( 37.4/e)         240.6 ( 40.1/e)
      8      11112234                        392.8 ( 49.1/e)         345.0 ( 43.1/e)         375.1 ( 46.9/e)
      16      1111111111222334               709.0 ( 44.3/e)         606.4 ( 37.9/e)         644.7 ( 40.3/e)
