=== routed MoE rows kernels, reduced dimension swept (group 32, 16 experts/tile, r=8, 50 iterations) ===
Blocks of 8 groups run 32 lanes wide; leftover groups run one at a
time on 16 lanes. `trips` = blocks + tail = inner-loop iterations.
If the kernel is paid per byte, `us/group` is flat and `us/trip` is
not. If it is paid per trip, the reverse -- and the sweep is a saw.
GB/s is weight traffic against the 135 GB/s floor 20-M4.8 §3 measured
on the dense k-row kernels (461 MB in 3.41 ms).

  gate/up  (reduces over D; output rows stay F = 704)
    D     groups  blocks+tail  trips   B/row        us   us/group   us/trip    GB/s
    2560       80     10+0        10    1600    1026.4     12.830   102.639    35.1
    2624       82     10+2        12    1640    1186.4     14.468    98.867    31.1
    2688       84     10+4        14    1680    1343.8     15.997    95.982    28.2
    2752       86     10+6        16    1720    1506.4     17.516    94.150    25.7
    2816       88     11+0        11    1760    1126.0     12.795   102.361    35.2
    2880       90     11+2        13    1800    1285.2     14.280    98.863    31.6

  down  (reduces over F; output rows stay D = 2816)
    F     groups  blocks+tail  trips   B/row        us   us/group   us/trip    GB/s
    512        16      2+0         2     320     660.3     41.266   330.129    21.8
    576        18      2+2         4     360    1069.6     59.424   267.409    15.2
    640        20      2+4         6     400    1485.1     74.255   247.518    12.1
    704        22      2+6         8     440    1902.4     86.475   237.805    10.4
    768        24      3+0         3     480     907.3     37.805   302.441    23.8
    832        26      3+2         5     520    1315.9     50.613   263.186    17.8

Production against its tail-free neighbour, at this group size:
  F=704: 2+6 = 8 trips, 440 B/row   vs   F=768: 3+0 = 3 trips, 480 B/row
  D=2816: 11+0 = 11 trips, 1760 B/row   vs   D=2752: 10+6 = 16 trips, 1720 B/row
