=== routed MoE rows kernels, reduced dimension swept (group 32, 16 experts/tile, r=2, 50 iterations) ===
Blocks of 8 groups run 32 lanes wide; leftover groups run one at a
time on 16 lanes. `trips` = blocks + tail = inner-loop iterations.
If the kernel is paid per byte, `us/group` is flat and `us/trip` is
not. If it is paid per trip, the reverse -- and the sweep is a saw.
GB/s is weight traffic against the 135 GB/s floor 20-M4.8 §3 measured
on the dense k-row kernels (461 MB in 3.41 ms).

  gate/up  (reduces over D; output rows stay F = 704)
    D     groups  blocks+tail  trips   B/row        us   us/group   us/trip    GB/s
    2560       80     10+0        10    1600     264.0      3.300    26.398   136.5
    2624       82     10+2        12    1640     274.8      3.351    22.896   134.5
    2688       84     10+4        14    1680     281.4      3.350    20.101   134.5
    2752       86     10+6        16    1720     290.6      3.379    18.161   133.3
    2816       88     11+0        11    1760     297.8      3.384    27.075   133.1
    2880       90     11+2        13    1800     296.9      3.299    22.838   136.6

  down  (reduces over F; output rows stay D = 2816)
    F     groups  blocks+tail  trips   B/row        us   us/group   us/trip    GB/s
    512        16      2+0         2     320     115.1      7.197    57.574   125.2
    576        18      2+2         4     360     148.1      8.226    37.017   109.5
    640        20      2+4         6     400     185.4      9.271    30.902    97.2
    704        22      2+6         8     440     222.4     10.107    27.794    89.2
    768        24      3+0         3     480     165.5      6.896    55.170   130.7
    832        26      3+2         5     520     204.5      7.866    40.902   114.6

Production against its tail-free neighbour, at this group size:
  F=704: 2+6 = 8 trips, 440 B/row   vs   F=768: 3+0 = 3 trips, 480 B/row
  D=2816: 11+0 = 11 trips, 1760 B/row   vs   D=2752: 10+6 = 16 trips, 1720 B/row
