=== routed MoE rows kernels, reduced dimension swept (group 64, 16 experts/tile, r=2, 50 iterations) ===
Blocks of 8 groups run 32 lanes wide; leftover groups run one at a
time on 16 lanes. `trips` = blocks + tail = inner-loop iterations.
If the kernel is paid per byte, `us/group` is flat and `us/trip` is
not. If it is paid per trip, the reverse -- and the sweep is a saw.

  gate/up  (reduces over D; output rows stay F = 704)
    D     groups  blocks+tail  trips   B/row        us   us/group   us/trip
    2560       40      5+0         5    1440     391.0      9.776    78.207
    2624       41      5+1         6    1476     245.3      5.982    40.878
    2688       42      5+2         7    1512     249.0      5.929    35.577
    2752       43      5+3         8    1548     254.4      5.915    31.795
    2816       44      5+4         9    1584     256.9      5.840    28.549
    2880       45      5+5        10    1620     264.3      5.873    26.427

  down  (reduces over F; output rows stay D = 2816)
    F     groups  blocks+tail  trips   B/row        us   us/group   us/trip
    512         8      1+0         1     288     112.1     14.011   112.092
    576         9      1+1         2     324     128.8     14.307    64.383
    640        10      1+2         3     360     147.1     14.712    49.041
    704        11      1+3         4     396     164.8     14.981    41.197
    768        12      1+4         5     432     150.1     12.507    30.017
    832        13      1+5         6     468     175.2     13.476    29.198

Read the production rows against their tail-free neighbours:
  down    F=704 (2+6 = 8 trips) vs F=768 (3+0 = 3 trips, MORE bytes)
  gate/up D=2816 (11+0 = 11 trips) vs D=2752 (10+6 = 16 trips, FEWER bytes)
