=== P-1: does Metal wire a `bytesNoCopy` buffer, or the mapping it came from? ===
47 §6/§7. Kernels, shape and group size are 43/44's; the bytes are the
shipped checkpoint's. Inference path untouched.

  model               scratch/gemma4-qat-sym.moepack
  layer file          layer_00.bin 429916160 B = 26240 pages
  hw.pagesize         16384
  expertStride        3358720 B = 205 pages, remainder 0
  experts / layer     128
  step footprint      8 experts = 26.87 MB
  PASS threshold      wired delta at commit ~= 27 MB, FAIL ~= 430 MB
  experts used        ranks 0,16,32,48,64,80,96,112

  system wired noise over 1 s of idle: 0 pages (0.0 MB)

--- MAP_PRIVATE/r -----------------------------------------------
  per-expert (128 buffers)
    buffers           created 128, named by the command buffer 8
    COLD pass         faulted 1640 / 1640 / 1640 pg of 26240   (8 experts = 1640 pg, whole layer = 26240 pg)
                      = 26.9 MB / 26.9 MB / 26.9 MB   from a baseline of 0/0/0 pg resident
                      wall 19.4 ms / 16.0 ms / 15.9 ms
    in-flight wired   peak over base, 3 trials: +111 / +0 / +0 pg   (max      1.8 MB)
    in-flight region  resident +0 / +0 / +0 pg   user_wired 0 / 0 / 0   samples 327/319/354
    materialised      anonymous 1640 / 1640 / 1640 pg   dirty 1640 / 1640 / 1640 pg   of 26240
                      = 26.9 MB / 26.9 MB / 26.9 MB turned anonymous (private, not droppable)
    regions/share     1/1/1, share_mode [1]
    per-pass wall     0.254 ms / 0.248 ms / 0.243 ms   (110.6 GB/s over 8 experts)
  per-layer (1 buffer)
    buffers           created 1, named by the command buffer 1
    COLD pass         faulted 26240 / 26240 / 26240 pg of 26240   (8 experts = 1640 pg, whole layer = 26240 pg)
                      = 429.9 MB / 429.9 MB / 429.9 MB   from a baseline of 0/0/0 pg resident
                      wall 212.7 ms / 211.6 ms / 218.1 ms
    in-flight wired   peak over base, 3 trials: +0 / +0 / +0 pg   (max      0.0 MB)
    in-flight region  resident +0 / +0 / +0 pg   user_wired 0 / 0 / 0   samples 1040/1050/1041
    materialised      anonymous 26240 / 26240 / 26240 pg   dirty 26240 / 26240 / 26240 pg   of 26240
                      = 429.9 MB / 429.9 MB / 429.9 MB turned anonymous (private, not droppable)
    regions/share     1/1/1, share_mode [5]
    per-pass wall     0.250 ms / 0.254 ms / 0.251 ms   (107.4 GB/s over 8 experts)

--- MAP_PRIVATE/rw ----------------------------------------------
  per-expert (128 buffers)
    buffers           created 128, named by the command buffer 8
    COLD pass         faulted 1640 / 1640 / 1640 pg of 26240   (8 experts = 1640 pg, whole layer = 26240 pg)
                      = 26.9 MB / 26.9 MB / 26.9 MB   from a baseline of 0/0/0 pg resident
                      wall 18.6 ms / 16.1 ms / 15.5 ms
    in-flight wired   peak over base, 3 trials: +0 / +0 / +0 pg   (max      0.0 MB)
    in-flight region  resident +0 / +0 / +0 pg   user_wired 0 / 0 / 0   samples 348/354/370
    materialised      anonymous 1640 / 1640 / 1640 pg   dirty 1640 / 1640 / 1640 pg   of 26240
                      = 26.9 MB / 26.9 MB / 26.9 MB turned anonymous (private, not droppable)
    regions/share     1/1/1, share_mode [1]
    per-pass wall     0.244 ms / 0.244 ms / 0.243 ms   (110.8 GB/s over 8 experts)
  per-layer (1 buffer)
    buffers           created 1, named by the command buffer 1
    COLD pass         faulted 26240 / 26240 / 26240 pg of 26240   (8 experts = 1640 pg, whole layer = 26240 pg)
                      = 429.9 MB / 429.9 MB / 429.9 MB   from a baseline of 0/0/0 pg resident
                      wall 211.6 ms / 214.5 ms / 211.6 ms
    in-flight wired   peak over base, 3 trials: +0 / +0 / +0 pg   (max      0.0 MB)
    in-flight region  resident +0 / +0 / +0 pg   user_wired 0 / 0 / 0   samples 1062/983/1004
    materialised      anonymous 26240 / 26240 / 26240 pg   dirty 26240 / 26240 / 26240 pg   of 26240
                      = 429.9 MB / 429.9 MB / 429.9 MB turned anonymous (private, not droppable)
    regions/share     1/1/1, share_mode [5]
    per-pass wall     0.250 ms / 0.253 ms / 0.251 ms   (107.3 GB/s over 8 experts)

--- MAP_SHARED/r ------------------------------------------------
  per-expert (128 buffers)
    buffers           created 128, named by the command buffer 8
    COLD pass         faulted 1640 / 0 / 0 pg of 26240   (8 experts = 1640 pg, whole layer = 26240 pg)
                      = 26.9 MB / 0.0 MB / 0.0 MB   from a baseline of 0/1640/1640 pg resident
                      wall 14.3 ms / 1.1 ms / 1.1 ms
    in-flight wired   peak over base, 3 trials: +0 / +0 / +0 pg   (max      0.0 MB)
    in-flight region  resident +0 / +0 / +0 pg   user_wired 0 / 0 / 0   samples 1519/1520/1536
    materialised      anonymous 0 / 0 / 0 pg   dirty 0 / 0 / 0 pg   of 26240
                      = 0.0 MB / 0.0 MB / 0.0 MB turned anonymous (private, not droppable)
    regions/share     1/1/1, share_mode [5]
    per-pass wall     0.242 ms / 0.242 ms / 0.241 ms   (111.5 GB/s over 8 experts)
  per-layer (1 buffer)
    buffers           created 1, named by the command buffer 1
    COLD pass         faulted 24600 / 0 / 0 pg of 26240   (8 experts = 1640 pg, whole layer = 26240 pg)
                      = 403.0 MB / 0.0 MB / 0.0 MB   from a baseline of 1640/26240/26240 pg resident
                      wall 169.4 ms / 3.4 ms / 3.4 ms
    in-flight wired   peak over base, 3 trials: +0 / +0 / +0 pg   (max      0.0 MB)
    in-flight region  resident +0 / +0 / +0 pg   user_wired 0 / 0 / 0   samples 923/926/923
    materialised      anonymous 0 / 0 / 0 pg   dirty 0 / 0 / 0 pg   of 26240
                      = 0.0 MB / 0.0 MB / 0.0 MB turned anonymous (private, not droppable)
    regions/share     1/1/1, share_mode [5]
    per-pass wall     0.251 ms / 0.250 ms / 0.251 ms   (107.4 GB/s over 8 experts)

