=== P-1: does Metal wire a `bytesNoCopy` buffer, or the mapping it came from? ===
47 §6/§7. Kernels, shape and group size are 43/44's; the bytes are the
shipped checkpoint's. Inference path untouched.

  model               scratch/gemma4-qat-sym.gturbo
  layer file          layer_00.bin 429916160 B = 26240 pages
  hw.pagesize         16384
  expertStride        3358720 B = 205 pages, remainder 0
  experts / layer     128
  step footprint      8 experts = 26.87 MB
  PASS threshold      wired delta at commit ~= 27 MB, FAIL ~= 430 MB
  experts used        ranks 0,16,32,48,64,80,96,112

  system wired noise over 1 s of idle: 7554 pages (123.8 MB)

--- MAP_PRIVATE/r -----------------------------------------------
  per-expert (128 buffers)
    buffers           created 128, named by the command buffer 8
    COLD pass         faulted 1640 / 1640 / 1640 / 1640 / 1640 pg of 26240   (8 experts = 1640 pg, whole layer = 26240 pg)
                      = 26.9 MB / 26.9 MB / 26.9 MB / 26.9 MB / 26.9 MB   from a baseline of 0/0/0/0/0 pg resident
                      wall 18.5 ms / 16.4 ms / 16.0 ms / 15.8 ms / 16.3 ms
    in-flight wired   peak over base, 5 trials: +111 / +0 / +0 / +0 / +0 pg   (max      1.8 MB)
    in-flight region  resident +0 / +0 / +0 / +0 / +0 pg   user_wired 0 / 0 / 0 / 0 / 0   samples 349/349/358/311/349
    materialised      anonymous 1640 / 1640 / 1640 / 1640 / 1640 pg   dirty 1640 / 1640 / 1640 / 1640 / 1640 pg   of 26240
                      = 26.9 MB / 26.9 MB / 26.9 MB / 26.9 MB / 26.9 MB turned anonymous (private, not droppable)
    regions/share     1/1/1/1/1, share_mode [1]
    per-pass wall     0.251 ms / 0.246 ms / 0.243 ms / 0.248 ms / 0.243 ms   (110.6 GB/s over 8 experts)
  per-layer (1 buffer)
    buffers           created 1, named by the command buffer 1
    COLD pass         faulted 26240 / 26240 / 26240 / 26240 / 26240 pg of 26240   (8 experts = 1640 pg, whole layer = 26240 pg)
                      = 429.9 MB / 429.9 MB / 429.9 MB / 429.9 MB / 429.9 MB   from a baseline of 0/0/0/0/0 pg resident
                      wall 218.6 ms / 211.5 ms / 212.7 ms / 210.4 ms / 211.5 ms
    in-flight wired   peak over base, 5 trials: +54 / +0 / +0 / +0 / +0 pg   (max      0.9 MB)
    in-flight region  resident +0 / +0 / +0 / +0 / +0 pg   user_wired 0 / 0 / 0 / 0 / 0   samples 952/969/983/976/989
    materialised      anonymous 26240 / 26240 / 26240 / 26240 / 26240 pg   dirty 26240 / 26240 / 26240 / 26240 / 26240 pg   of 26240
                      = 429.9 MB / 429.9 MB / 429.9 MB / 429.9 MB / 429.9 MB turned anonymous (private, not droppable)
    regions/share     1/1/1/1/1, share_mode [5]
    per-pass wall     0.250 ms / 0.250 ms / 0.250 ms / 0.250 ms / 0.250 ms   (107.6 GB/s over 8 experts)

--- MAP_PRIVATE/rw ----------------------------------------------
  per-expert (128 buffers)
    buffers           created 128, named by the command buffer 8
    COLD pass         faulted 1640 / 1640 / 1640 / 1640 / 1640 pg of 26240   (8 experts = 1640 pg, whole layer = 26240 pg)
                      = 26.9 MB / 26.9 MB / 26.9 MB / 26.9 MB / 26.9 MB   from a baseline of 0/0/0/0/0 pg resident
                      wall 20.0 ms / 15.6 ms / 16.4 ms / 15.3 ms / 16.3 ms
    in-flight wired   peak over base, 5 trials: +0 / +0 / +0 / +0 / +0 pg   (max      0.0 MB)
    in-flight region  resident +0 / +0 / +0 / +0 / +0 pg   user_wired 0 / 0 / 0 / 0 / 0   samples 330/359/353/347/341
    materialised      anonymous 1640 / 1640 / 1640 / 1640 / 1640 pg   dirty 1640 / 1640 / 1640 / 1640 / 1640 pg   of 26240
                      = 26.9 MB / 26.9 MB / 26.9 MB / 26.9 MB / 26.9 MB turned anonymous (private, not droppable)
    regions/share     1/1/1/1/1, share_mode [1]
    per-pass wall     0.251 ms / 0.242 ms / 0.243 ms / 0.243 ms / 0.247 ms   (110.9 GB/s over 8 experts)
  per-layer (1 buffer)
    buffers           created 1, named by the command buffer 1
    COLD pass         faulted 26240 / 26240 / 26240 / 26240 / 26240 pg of 26240   (8 experts = 1640 pg, whole layer = 26240 pg)
                      = 429.9 MB / 429.9 MB / 429.9 MB / 429.9 MB / 429.9 MB   from a baseline of 0/0/0/0/0 pg resident
                      wall 214.6 ms / 213.8 ms / 212.7 ms / 211.5 ms / 213.2 ms
    in-flight wired   peak over base, 5 trials: +0 / +27625 / +0 / +1759 / +0 pg   (max    452.6 MB)
    in-flight region  resident +0 / +0 / +0 / +0 / +0 pg   user_wired 0 / 0 / 0 / 0 / 0   samples 971/989/992/994/935
    materialised      anonymous 26240 / 26240 / 26240 / 26240 / 26240 pg   dirty 26240 / 26240 / 26240 / 26240 / 26240 pg   of 26240
                      = 429.9 MB / 429.9 MB / 429.9 MB / 429.9 MB / 429.9 MB turned anonymous (private, not droppable)
    regions/share     1/1/1/1/1, share_mode [5]
    per-pass wall     0.251 ms / 0.251 ms / 0.254 ms / 0.256 ms / 0.252 ms   (106.9 GB/s over 8 experts)

--- MAP_SHARED/r ------------------------------------------------
  per-expert (128 buffers)
    buffers           created 128, named by the command buffer 8
    COLD pass         faulted 1640 / 1640 / 1640 / 1640 / 1640 pg of 26240   (8 experts = 1640 pg, whole layer = 26240 pg)
                      = 26.9 MB / 26.9 MB / 26.9 MB / 26.9 MB / 26.9 MB   from a baseline of 0/0/0/0/0 pg resident
                      wall 14.1 ms / 13.6 ms / 12.7 ms / 12.8 ms / 12.6 ms
    in-flight wired   peak over base, 5 trials: +0 / +0 / +5518 / +0 / +0 pg   (max     90.4 MB)
    in-flight region  resident +0 / +0 / +0 / +0 / +0 pg   user_wired 0 / 0 / 0 / 0 / 0   samples 1559/1565/1564/1564/1568
    materialised      anonymous 0 / 0 / 0 / 0 / 0 pg   dirty 0 / 0 / 0 / 0 / 0 pg   of 26240
                      = 0.0 MB / 0.0 MB / 0.0 MB / 0.0 MB / 0.0 MB turned anonymous (private, not droppable)
    regions/share     1/1/1/1/1, share_mode [5]
    per-pass wall     0.242 ms / 0.241 ms / 0.243 ms / 0.243 ms / 0.242 ms   (111.3 GB/s over 8 experts)
  per-layer (1 buffer)
    buffers           created 1, named by the command buffer 1
    COLD pass         faulted 26240 / 26240 / 26240 / 26240 / 26240 pg of 26240   (8 experts = 1640 pg, whole layer = 26240 pg)
                      = 429.9 MB / 429.9 MB / 429.9 MB / 429.9 MB / 429.9 MB   from a baseline of 0/0/0/0/0 pg resident
                      wall 163.0 ms / 163.6 ms / 162.6 ms / 163.9 ms / 163.2 ms
    in-flight wired   peak over base, 5 trials: +0 / +0 / +0 / +0 / +16317 pg   (max    267.3 MB)
    in-flight region  resident +0 / +0 / +0 / +0 / +0 pg   user_wired 0 / 0 / 0 / 0 / 0   samples 911/904/920/971/963
    materialised      anonymous 0 / 0 / 0 / 0 / 0 pg   dirty 0 / 0 / 0 / 0 / 0 pg   of 26240
                      = 0.0 MB / 0.0 MB / 0.0 MB / 0.0 MB / 0.0 MB turned anonymous (private, not droppable)
    regions/share     1/1/1/1/1, share_mode [5]
    per-pass wall     0.251 ms / 0.250 ms / 0.252 ms / 0.264 ms / 0.259 ms   (107.3 GB/s over 8 experts)

--- pread into private slots (today's path) ------------------
    COLD fetch        5.5 ms / 4.9 ms / 5.1 ms / 4.9 ms / 4.9 ms   = 4.85 GB/s / 5.46 GB/s / 5.25 GB/s / 5.47 GB/s / 5.53 GB/s
    WARM fetch        0.92 ms / 1.04 ms / 0.99 ms / 1.00 ms / 0.84 ms   = 29.33 GB/s / 25.79 GB/s / 27.28 GB/s / 27.00 GB/s / 32.10 GB/s
    per expert        cold 0.608 ms, warm 0.105 ms
    private bytes     26.9 MB of slots, held for the whole run

--- P-4: F_RDADVISE ahead of the mmap path (MAP_SHARED, per-expert) 
  issue+run
    total             5.2 ms / 6.6 ms / 6.9 ms / 7.4 ms / 6.8 ms   = 5.19 GB/s / 4.07 GB/s / 3.88 GB/s / 3.62 GB/s / 3.96 GB/s
    of which run      4.7 ms / 5.9 ms / 6.1 ms / 6.4 ms / 6.0 ms
    resident after    1640 / 1640 / 1640 / 1640 / 1640 pg (asked for 1640)
  advise, wait for residency, then run
    total             7.2 ms / 6.6 ms / 6.9 ms / 6.8 ms / 7.2 ms   = 3.73 GB/s / 4.07 GB/s / 3.88 GB/s / 3.92 GB/s / 3.72 GB/s
    of which wait     3.0 ms / 1.5 ms / 3.0 ms / 2.7 ms / 3.1 ms
    of which run      4.2 ms / 5.1 ms / 4.0 ms / 4.2 ms / 4.1 ms
    resident after    1640 / 1640 / 1640 / 1640 / 1640 pg (asked for 1640)

--- the gate: cold cost of 8 experts, ABBA interleaved ------
    pread, parallel, into private slots  n=10  median 5.43 ms (4.95 GB/s)  min 4.92  max 5.65
        5.53 5.42 4.92 5.59 5.44 5.65 5.06 4.92 4.98 5.57
    mmap + F_RDADVISE, bytesNoCopy       n=10  median 6.27 ms (4.28 GB/s)  min 5.75  max 7.30
        6.08 6.77 5.75 7.30 5.98 7.18 6.12 6.43 6.05 6.95
    ratio mmap/pread = 1.16x   (47 §7 P-3/P-4 gate: within 1.20x)  => PASS

