=== P-1: does Metal wire a `bytesNoCopy` buffer, or the mapping it came from? ===
47 §6/§7. Kernels, shape and group size are 43/44's; the bytes are the
shipped checkpoint's. Inference path untouched.

  model               scratch/gemma4-qat-sym.gturbo
  layer file          layer_00.bin 429916160 B = 26240 pages
  hw.pagesize         16384
  expertStride        3358720 B = 205 pages, remainder 0
  experts / layer     128
  step footprint      8 experts = 26.87 MB
  PASS threshold      wired delta at commit ~= 27 MB, FAIL ~= 430 MB
  experts used        ranks 0,16,32,48,64,80,96,112

  system wired noise over 1 s of idle: 13233 pages (216.8 MB)

--- MAP_PRIVATE/r -----------------------------------------------
  per-expert (128 buffers)
    output            gate/up reference for the other arms
    buffers           created 128, named by the command buffer 8
    COLD pass         faulted 1640 / 1640 / 1640 / 1640 / 1640 pg of 26240   (8 experts = 1640 pg, whole layer = 26240 pg)
                      = 26.9 MB / 26.9 MB / 26.9 MB / 26.9 MB / 26.9 MB   from a baseline of 0/0/0/0/0 pg resident
                      wall 18.1 ms / 15.8 ms / 15.3 ms / 15.8 ms / 16.1 ms
    in-flight wired   peak over base, 5 trials: +111 / +0 / +434 / +0 / +0 pg   (max      7.1 MB)
    in-flight region  resident +0 / +0 / +0 / +0 / +0 pg   user_wired 0 / 0 / 0 / 0 / 0   samples 351/374/353/338/308
    materialised      anonymous 1640 / 1640 / 1640 / 1640 / 1640 pg   dirty 1640 / 1640 / 1640 / 1640 / 1640 pg   of 26240
                      = 26.9 MB / 26.9 MB / 26.9 MB / 26.9 MB / 26.9 MB turned anonymous (private, not droppable)
    regions/share     1/1/1/1/1, share_mode [1]
    per-pass wall     0.264 ms / 0.250 ms / 0.245 ms / 0.247 ms / 0.252 ms   (109.5 GB/s over 8 experts)
  per-layer (1 buffer)
    output            gate/up bit-identical to the reference arm
    buffers           created 1, named by the command buffer 1
    COLD pass         faulted 26240 / 26240 / 26240 / 26240 / 26240 pg of 26240   (8 experts = 1640 pg, whole layer = 26240 pg)
                      = 429.9 MB / 429.9 MB / 429.9 MB / 429.9 MB / 429.9 MB   from a baseline of 0/0/0/0/0 pg resident
                      wall 209.6 ms / 213.1 ms / 215.7 ms / 213.8 ms / 214.4 ms
    in-flight wired   peak over base, 5 trials: +0 / +0 / +0 / +0 / +0 pg   (max      0.0 MB)
    in-flight region  resident +0 / +0 / +0 / +0 / +0 pg   user_wired 0 / 0 / 0 / 0 / 0   samples 1017/1022/1014/1005/997
    materialised      anonymous 26240 / 26240 / 26240 / 26240 / 26240 pg   dirty 26240 / 26240 / 26240 / 26240 / 26240 pg   of 26240
                      = 429.9 MB / 429.9 MB / 429.9 MB / 429.9 MB / 429.9 MB turned anonymous (private, not droppable)
    regions/share     1/1/1/1/1, share_mode [5]
    per-pass wall     0.255 ms / 0.258 ms / 0.260 ms / 0.259 ms / 0.257 ms   (105.4 GB/s over 8 experts)

--- MAP_PRIVATE/rw ----------------------------------------------
  per-expert (128 buffers)
    output            gate/up bit-identical to the reference arm
    buffers           created 128, named by the command buffer 8
    COLD pass         faulted 1640 / 1640 / 1640 / 1640 / 1640 pg of 26240   (8 experts = 1640 pg, whole layer = 26240 pg)
                      = 26.9 MB / 26.9 MB / 26.9 MB / 26.9 MB / 26.9 MB   from a baseline of 0/0/0/0/0 pg resident
                      wall 15.6 ms / 15.3 ms / 15.9 ms / 15.8 ms / 15.8 ms
    in-flight wired   peak over base, 5 trials: +0 / +0 / +0 / +0 / +0 pg   (max      0.0 MB)
    in-flight region  resident +0 / +0 / +0 / +0 / +0 pg   user_wired 0 / 0 / 0 / 0 / 0   samples 331/368/356/366/374
    materialised      anonymous 1640 / 1640 / 1640 / 1640 / 1640 pg   dirty 1640 / 1640 / 1640 / 1640 / 1640 pg   of 26240
                      = 26.9 MB / 26.9 MB / 26.9 MB / 26.9 MB / 26.9 MB turned anonymous (private, not droppable)
    regions/share     1/1/1/1/1, share_mode [1]
    per-pass wall     0.252 ms / 0.253 ms / 0.252 ms / 0.247 ms / 0.250 ms   (108.7 GB/s over 8 experts)
  per-layer (1 buffer)
    output            gate/up bit-identical to the reference arm
    buffers           created 1, named by the command buffer 1
    COLD pass         faulted 26240 / 26240 / 26240 / 26240 / 26240 pg of 26240   (8 experts = 1640 pg, whole layer = 26240 pg)
                      = 429.9 MB / 429.9 MB / 429.9 MB / 429.9 MB / 429.9 MB   from a baseline of 0/0/0/0/0 pg resident
                      wall 210.7 ms / 214.5 ms / 214.4 ms / 215.9 ms / 215.8 ms
    in-flight wired   peak over base, 5 trials: +0 / +24635 / +0 / +0 / +0 pg   (max    403.6 MB)
    in-flight region  resident +0 / +0 / +0 / +0 / +0 pg   user_wired 0 / 0 / 0 / 0 / 0   samples 1038/1019/1023/1015/1016
    materialised      anonymous 26240 / 26240 / 26240 / 26240 / 26240 pg   dirty 26240 / 26240 / 26240 / 26240 / 26240 pg   of 26240
                      = 429.9 MB / 429.9 MB / 429.9 MB / 429.9 MB / 429.9 MB turned anonymous (private, not droppable)
    regions/share     1/1/1/1/1, share_mode [5]
    per-pass wall     0.260 ms / 0.260 ms / 0.259 ms / 0.257 ms / 0.261 ms   (104.6 GB/s over 8 experts)

--- MAP_SHARED/r ------------------------------------------------
  per-expert (128 buffers)
    output            gate/up bit-identical to the reference arm
    buffers           created 128, named by the command buffer 8
    COLD pass         faulted 1640 / 1640 / 1640 / 1640 / 1640 pg of 26240   (8 experts = 1640 pg, whole layer = 26240 pg)
                      = 26.9 MB / 26.9 MB / 26.9 MB / 26.9 MB / 26.9 MB   from a baseline of 0/0/0/0/0 pg resident
                      wall 14.6 ms / 11.7 ms / 12.6 ms / 13.2 ms / 12.4 ms
    in-flight wired   peak over base, 5 trials: +0 / +0 / +0 / +0 / +0 pg   (max      0.0 MB)
    in-flight region  resident +0 / +0 / +0 / +0 / +0 pg   user_wired 0 / 0 / 0 / 0 / 0   samples 1634/1515/1584/1580/1618
    materialised      anonymous 0 / 0 / 0 / 0 / 0 pg   dirty 0 / 0 / 0 / 0 / 0 pg   of 26240
                      = 0.0 MB / 0.0 MB / 0.0 MB / 0.0 MB / 0.0 MB turned anonymous (private, not droppable)
    regions/share     1/1/1/1/1, share_mode [5]
    per-pass wall     0.251 ms / 0.248 ms / 0.242 ms / 0.242 ms / 0.246 ms   (111.2 GB/s over 8 experts)
  per-layer (1 buffer)
    output            gate/up bit-identical to the reference arm
    buffers           created 1, named by the command buffer 1
    COLD pass         faulted 26240 / 26240 / 26240 / 26240 / 26240 pg of 26240   (8 experts = 1640 pg, whole layer = 26240 pg)
                      = 429.9 MB / 429.9 MB / 429.9 MB / 429.9 MB / 429.9 MB   from a baseline of 0/0/0/0/0 pg resident
                      wall 163.8 ms / 164.2 ms / 164.4 ms / 164.4 ms / 164.4 ms
    in-flight wired   peak over base, 5 trials: +0 / +0 / +0 / +0 / +0 pg   (max      0.0 MB)
    in-flight region  resident +0 / +0 / +0 / +0 / +0 pg   user_wired 0 / 0 / 0 / 0 / 0   samples 951/981/994/963/968
    materialised      anonymous 0 / 0 / 0 / 0 / 0 pg   dirty 0 / 0 / 0 / 0 / 0 pg   of 26240
                      = 0.0 MB / 0.0 MB / 0.0 MB / 0.0 MB / 0.0 MB turned anonymous (private, not droppable)
    regions/share     1/1/1/1/1, share_mode [5]
    per-pass wall     0.259 ms / 0.265 ms / 0.269 ms / 0.263 ms / 0.262 ms   (103.7 GB/s over 8 experts)

--- pread into private slots (today's path) ------------------
    COLD fetch        5.5 ms / 4.8 ms / 4.9 ms / 4.8 ms / 4.9 ms   = 4.88 GB/s / 5.56 GB/s / 5.51 GB/s / 5.61 GB/s / 5.47 GB/s
    WARM fetch        0.98 ms / 0.90 ms / 1.01 ms / 0.96 ms / 0.96 ms   = 27.42 GB/s / 29.72 GB/s / 26.50 GB/s / 27.90 GB/s / 28.11 GB/s
    per expert        cold 0.599 ms, warm 0.113 ms
    private bytes     26.9 MB of slots, held for the whole run

--- P-4: F_RDADVISE ahead of the mmap path (MAP_SHARED, per-expert) 
  issue+run
    total             5.2 ms / 5.9 ms / 6.4 ms / 6.7 ms / 6.8 ms   = 5.19 GB/s / 4.58 GB/s / 4.18 GB/s / 3.98 GB/s / 3.95 GB/s
    of which run      4.7 ms / 5.3 ms / 5.8 ms / 6.1 ms / 5.9 ms
    resident after    1640 / 1640 / 1640 / 1640 / 1640 pg (asked for 1640)
  advise, wait for residency, then run
    total             7.1 ms / 6.9 ms / 7.6 ms / 7.4 ms / 7.1 ms   = 3.77 GB/s / 3.90 GB/s / 3.53 GB/s / 3.63 GB/s / 3.79 GB/s
    of which wait     3.6 ms / 4.9 ms / 3.8 ms / 3.1 ms / 2.9 ms
    of which run      3.5 ms / 2.0 ms / 3.8 ms / 4.3 ms / 4.1 ms
    resident after    1640 / 1640 / 1640 / 1640 / 1640 pg (asked for 1640)

--- the gate: cold cost of 8 experts, ABBA interleaved ------
    pread, parallel, into private slots  n=10  median 5.13 ms (5.23 GB/s)  min 4.89  max 5.68
        5.17 5.62 5.05 5.06 5.05 5.49 4.89 5.68 5.09 5.68
    mmap + F_RDADVISE, bytesNoCopy       n=10  median 6.73 ms (3.99 GB/s)  min 5.89  max 7.18
        7.18 6.59 5.89 6.92 6.60 6.87 6.38 7.04 6.05 7.07
    ratio mmap/pread   pooled medians 1.311x   paired per round 1.270x (n=5, 1.22..1.28)
                       with the 0.25 ms kernel deducted from the mmap side: 1.262x
    47 §7 gate is 1.20x. FAIL.

