[08:02:36] === 40 N2b start 2026年 8月20日 木曜日 08時02分36秒 JST ===
[08:02:36] image = /Users/mh/Pictures/sample_imgs/NO_FUSION_0401_001.png ; slots = 48
MD5 (/Users/mh/Pictures/sample_imgs/NO_FUSION_0401_001.png) = 1c624f33c638665a1cb54749cae4fbad
[08:02:36] sysctl 14336 MB wired limit
[08:02:36] commit 7732643
[08:02:36] start warm (reg=ja_prose bs=2 seed=9999 slots=48)
[08:02:49] done  warm rc=0  tok/s=31.341
[08:03:09] start ja_prose_bs2_r1 (reg=ja_prose bs=2 seed=1234 slots=48)
[08:03:21] done  ja_prose_bs2_r1 rc=0  tok/s=32.565
[08:03:41] start en_bullets_bs2_r1 (reg=en_bullets bs=2 seed=1234 slots=48)
[08:03:55] done  en_bullets_bs2_r1 rc=0  tok/s=27.689
[08:04:15] start en_bullets_bs3_r1 (reg=en_bullets bs=3 seed=1234 slots=48)
[08:04:29] done  en_bullets_bs3_r1 rc=0  tok/s=28.937
[08:04:49] start ja_prose_bs3_r1 (reg=ja_prose bs=3 seed=1234 slots=48)
[08:05:01] done  ja_prose_bs3_r1 rc=0  tok/s=30.976
[08:05:21] start ja_prose_bs3_r2 (reg=ja_prose bs=3 seed=1235 slots=48)
[08:05:34] done  ja_prose_bs3_r2 rc=0  tok/s=32.075
[08:05:54] start en_bullets_bs3_r2 (reg=en_bullets bs=3 seed=1235 slots=48)
[08:06:07] done  en_bullets_bs3_r2 rc=0  tok/s=29.543
[08:06:27] start en_bullets_bs2_r2 (reg=en_bullets bs=2 seed=1235 slots=48)
[08:06:41] done  en_bullets_bs2_r2 rc=0  tok/s=28.497
[08:07:01] start ja_prose_bs2_r2 (reg=ja_prose bs=2 seed=1235 slots=48)
[08:07:13] done  ja_prose_bs2_r2 rc=0  tok/s=31.640
[08:07:33] start ja_prose_bs2_r3 (reg=ja_prose bs=2 seed=1236 slots=48)
[08:07:45] done  ja_prose_bs2_r3 rc=0  tok/s=33.643
[08:08:05] start en_bullets_bs2_r3 (reg=en_bullets bs=2 seed=1236 slots=48)
[08:08:19] done  en_bullets_bs2_r3 rc=0  tok/s=27.732
[08:08:39] start en_bullets_bs3_r3 (reg=en_bullets bs=3 seed=1236 slots=48)
[08:08:53] done  en_bullets_bs3_r3 rc=0  tok/s=29.295
[08:09:13] start ja_prose_bs3_r3 (reg=ja_prose bs=3 seed=1236 slots=48)
[08:09:25] done  ja_prose_bs3_r3 rc=0  tok/s=33.579
[08:09:45] start ja_prose_bs2_drift (reg=ja_prose bs=2 seed=1234 slots=48)
[08:09:58] done  ja_prose_bs2_drift rc=0  tok/s=31.659
[08:10:18] === 40 N2b ALL DONE 2026年 8月20日 木曜日 08時10分18秒 JST ===
