[prefill gpu attn=0.388s(29%) shared=0.114s(9%) moe=0.813s(61%) tail=0.007s(1%) head=0.003s(0%) total=1.326s]
[prefill host enc.front=0.002s(0%) wait.front=0.523s(20%) drain=0.000s(0%) route=0.005s(0%) wait.shared=0.109s(4%) meta=0.000s(0%) fetch=1.864s(71%) enc.moe=0.015s(1%) wait.tile=0.088s(3%) tail=0.013s(0%) head=0.004s(0%) other=0.006s(0%) call=2.631s | tiles=390 ahead=0 experts=0 miss=0 io=0.000s 0.0GB/s]
[prefill gpuq busy=1.326s(53%) idle=1.175s(47%) span=2.501s buffers=481]
[prefill gpu attn=0.034s(38%) shared=0.007s(8%) moe=0.037s(42%) tail=0.001s(2%) head=0.009s(10%) total=0.088s]
[prefill host enc.front=0.003s(1%) wait.front=0.112s(32%) drain=0.001s(0%) route=0.001s(0%) meta=0.000s(0%) fetch=0.215s(62%) enc.moe=0.002s(1%) tail=0.000s(0%) head=0.009s(3%) other=0.001s(0%) call=0.345s | tiles=84 ahead=84 experts=482 miss=259 io=0.323s 2.8GB/s]
[prefill gpuq busy=0.086s(25%) idle=0.258s(75%) span=0.344s buffers=175]
[prefill gpu attn=0.011s(27%) shared=0.004s(9%) moe=0.022s(54%) tail=0.001s(2%) head=0.003s(8%) total=0.041s]
[prefill host enc.front=0.002s(2%) wait.front=0.027s(22%) drain=0.000s(0%) route=0.000s(0%) meta=0.000s(0%) fetch=0.085s(71%) enc.moe=0.001s(1%) tail=0.000s(0%) head=0.004s(3%) other=0.001s(1%) call=0.121s | tiles=91 ahead=91 experts=480 miss=92 io=0.086s 3.7GB/s]
[prefill gpuq busy=0.041s(34%) idle=0.080s(66%) span=0.120s buffers=182]
[prefill gpu attn=0.011s(28%) shared=0.004s(9%) moe=0.020s(52%) tail=0.001s(2%) head=0.003s(9%) total=0.039s]
[prefill host enc.front=0.002s(2%) wait.front=0.025s(29%) drain=0.000s(0%) route=0.000s(0%) meta=0.000s(0%) fetch=0.054s(62%) enc.moe=0.001s(1%) tail=0.000s(0%) head=0.004s(4%) other=0.001s(1%) call=0.086s | tiles=86 ahead=86 experts=465 miss=70 io=0.054s 4.5GB/s]
[prefill gpuq busy=0.039s(46%) idle=0.047s(54%) span=0.086s buffers=177]
[prefill gpu attn=0.012s(26%) shared=0.004s(9%) moe=0.023s(52%) tail=0.001s(2%) head=0.005s(11%) total=0.044s]
[prefill host enc.front=0.002s(1%) wait.front=0.038s(21%) drain=0.000s(0%) route=0.000s(0%) meta=0.000s(0%) fetch=0.131s(73%) enc.moe=0.001s(1%) tail=0.000s(0%) head=0.005s(3%) other=0.001s(0%) call=0.180s | tiles=90 ahead=90 experts=513 miss=135 io=0.137s 3.4GB/s]
[prefill gpuq busy=0.044s(25%) idle=0.135s(75%) span=0.180s buffers=181]
[prefill gpu attn=0.017s(27%) shared=0.007s(11%) moe=0.033s(52%) tail=0.001s(2%) head=0.005s(8%) total=0.064s]
[prefill host enc.front=0.002s(1%) wait.front=0.042s(22%) drain=0.001s(1%) route=0.000s(0%) meta=0.000s(0%) fetch=0.135s(72%) enc.moe=0.001s(1%) tail=0.000s(0%) head=0.005s(3%) other=0.001s(0%) call=0.188s | tiles=87 ahead=87 experts=510 miss=138 io=0.135s 3.5GB/s]
[prefill gpuq busy=0.061s(33%) idle=0.126s(67%) span=0.187s buffers=178]
[prefill gpu attn=0.011s(27%) shared=0.004s(9%) moe=0.022s(53%) tail=0.001s(2%) head=0.004s(9%) total=0.041s]
[prefill host enc.front=0.002s(1%) wait.front=0.030s(22%) drain=0.000s(0%) route=0.000s(0%) meta=0.000s(0%) fetch=0.101s(72%) enc.moe=0.001s(1%) tail=0.000s(0%) head=0.004s(3%) other=0.001s(0%) call=0.140s | tiles=85 ahead=85 experts=426 miss=131 io=0.109s 4.2GB/s]
[prefill gpuq busy=0.041s(29%) idle=0.099s(71%) span=0.140s buffers=176]
[prefill gpu attn=0.011s(27%) shared=0.004s(9%) moe=0.022s(54%) tail=0.001s(2%) head=0.003s(9%) total=0.040s]
[prefill host enc.front=0.002s(2%) wait.front=0.025s(27%) drain=0.001s(1%) route=0.000s(0%) meta=0.000s(0%) fetch=0.060s(64%) enc.moe=0.001s(1%) tail=0.000s(0%) head=0.004s(4%) other=0.001s(1%) call=0.093s | tiles=102 ahead=102 experts=571 miss=72 io=0.060s 4.2GB/s]
[prefill gpuq busy=0.040s(43%) idle=0.052s(57%) span=0.093s buffers=193]
[prefill gpu attn=0.011s(28%) shared=0.004s(9%) moe=0.020s(52%) tail=0.001s(2%) head=0.003s(9%) total=0.038s]
[prefill host enc.front=0.002s(2%) wait.front=0.024s(28%) drain=0.001s(1%) route=0.000s(0%) meta=0.000s(0%) fetch=0.055s(63%) enc.moe=0.001s(1%) tail=0.000s(0%) head=0.004s(4%) other=0.001s(1%) call=0.087s | tiles=89 ahead=89 experts=475 miss=70 io=0.055s 4.4GB/s]
[prefill gpuq busy=0.038s(44%) idle=0.048s(56%) span=0.087s buffers=180]
[prefill gpu attn=0.011s(28%) shared=0.004s(10%) moe=0.019s(51%) tail=0.001s(2%) head=0.004s(9%) total=0.038s]
[prefill host enc.front=0.002s(3%) wait.front=0.023s(36%) drain=0.001s(1%) route=0.000s(0%) meta=0.000s(0%) fetch=0.034s(52%) enc.moe=0.001s(1%) tail=0.000s(0%) head=0.004s(6%) other=0.000s(1%) call=0.065s | tiles=84 ahead=84 experts=452 miss=44 io=0.034s 4.5GB/s]
[prefill gpuq busy=0.038s(59%) idle=0.026s(41%) span=0.064s buffers=175]
[prefill gpu attn=0.011s(29%) shared=0.004s(9%) moe=0.019s(51%) tail=0.001s(2%) head=0.003s(9%) total=0.038s]
[prefill host enc.front=0.002s(2%) wait.front=0.025s(25%) drain=0.001s(1%) route=0.000s(0%) meta=0.000s(0%) fetch=0.065s(67%) enc.moe=0.001s(1%) tail=0.000s(0%) head=0.004s(4%) other=0.001s(1%) call=0.098s | tiles=89 ahead=89 experts=421 miss=84 io=0.069s 4.2GB/s]
[prefill gpuq busy=0.038s(39%) idle=0.060s(61%) span=0.098s buffers=180]
[prefill gpu attn=0.011s(27%) shared=0.004s(9%) moe=0.022s(54%) tail=0.001s(2%) head=0.003s(9%) total=0.040s]
[prefill host enc.front=0.002s(2%) wait.front=0.023s(25%) drain=0.001s(1%) route=0.000s(0%) meta=0.000s(0%) fetch=0.061s(66%) enc.moe=0.001s(1%) tail=0.000s(0%) head=0.004s(4%) other=0.001s(1%) call=0.092s | tiles=98 ahead=98 experts=549 miss=82 io=0.061s 4.7GB/s]
[prefill gpuq busy=0.040s(44%) idle=0.052s(56%) span=0.092s buffers=189]
[prefill gpu attn=0.011s(27%) shared=0.004s(9%) moe=0.022s(53%) tail=0.001s(2%) head=0.004s(9%) total=0.041s]
[prefill host enc.front=0.002s(2%) wait.front=0.023s(28%) drain=0.000s(0%) route=0.000s(0%) meta=0.000s(0%) fetch=0.051s(62%) enc.moe=0.001s(1%) tail=0.000s(0%) head=0.004s(5%) other=0.001s(1%) call=0.082s | tiles=93 ahead=93 experts=519 miss=61 io=0.052s 4.1GB/s]
[prefill gpuq busy=0.041s(50%) idle=0.041s(50%) span=0.082s buffers=184]
[prefill gpu attn=0.011s(29%) shared=0.004s(10%) moe=0.019s(50%) tail=0.001s(2%) head=0.003s(9%) total=0.038s]
[prefill host enc.front=0.002s(3%) wait.front=0.024s(38%) drain=0.000s(1%) route=0.000s(0%) meta=0.000s(0%) fetch=0.032s(50%) enc.moe=0.001s(1%) tail=0.000s(0%) head=0.004s(6%) other=0.000s(1%) call=0.064s | tiles=80 ahead=80 experts=395 miss=49 io=0.032s 5.2GB/s]
[prefill gpuq busy=0.038s(60%) idle=0.025s(40%) span=0.064s buffers=171]
[prefill gpu attn=0.011s(27%) shared=0.004s(9%) moe=0.021s(52%) tail=0.001s(2%) head=0.004s(9%) total=0.040s]
[prefill host enc.front=0.002s(2%) wait.front=0.027s(28%) drain=0.001s(1%) route=0.000s(0%) meta=0.000s(0%) fetch=0.063s(64%) enc.moe=0.001s(1%) tail=0.000s(0%) head=0.004s(4%) other=0.001s(1%) call=0.099s | tiles=86 ahead=86 experts=445 miss=95 io=0.067s 4.9GB/s]
[prefill gpuq busy=0.040s(40%) idle=0.059s(60%) span=0.099s buffers=177]
[prefill gpu attn=0.011s(29%) shared=0.004s(10%) moe=0.019s(50%) tail=0.001s(2%) head=0.003s(9%) total=0.038s]
[prefill host enc.front=0.002s(3%) wait.front=0.023s(40%) drain=0.001s(1%) route=0.000s(0%) meta=0.000s(0%) fetch=0.026s(46%) enc.moe=0.001s(1%) tail=0.000s(0%) head=0.004s(6%) other=0.000s(1%) call=0.056s | tiles=81 ahead=81 experts=444 miss=37 io=0.026s 4.9GB/s]
[prefill gpuq busy=0.038s(67%) idle=0.018s(33%) span=0.056s buffers=172]
[prefill gpu attn=0.011s(28%) shared=0.004s(9%) moe=0.019s(51%) tail=0.001s(2%) head=0.003s(9%) total=0.038s]
[prefill host enc.front=0.002s(3%) wait.front=0.022s(33%) drain=0.001s(1%) route=0.000s(0%) meta=0.000s(0%) fetch=0.036s(55%) enc.moe=0.001s(1%) tail=0.000s(0%) head=0.004s(5%) other=0.000s(1%) call=0.065s | tiles=86 ahead=86 experts=469 miss=51 io=0.036s 4.9GB/s]
[prefill gpuq busy=0.038s(58%) idle=0.027s(42%) span=0.065s buffers=177]
[prefill gpu attn=0.011s(28%) shared=0.004s(9%) moe=0.021s(53%) tail=0.001s(2%) head=0.003s(9%) total=0.039s]
[prefill host enc.front=0.002s(3%) wait.front=0.025s(37%) drain=0.001s(1%) route=0.000s(0%) meta=0.000s(0%) fetch=0.035s(51%) enc.moe=0.001s(1%) tail=0.000s(0%) head=0.004s(5%) other=0.001s(1%) call=0.067s | tiles=85 ahead=85 experts=454 miss=67 io=0.035s 6.7GB/s]
[prefill gpuq busy=0.039s(58%) idle=0.028s(42%) span=0.067s buffers=176]
[prefill gpu attn=0.011s(28%) shared=0.004s(9%) moe=0.020s(52%) tail=0.001s(2%) head=0.003s(9%) total=0.039s]
[prefill host enc.front=0.002s(2%) wait.front=0.031s(33%) drain=0.001s(1%) route=0.000s(0%) meta=0.000s(0%) fetch=0.054s(58%) enc.moe=0.001s(1%) tail=0.000s(0%) head=0.004s(4%) other=0.001s(1%) call=0.093s | tiles=86 ahead=86 experts=503 miss=74 io=0.054s 4.7GB/s]
[prefill gpuq busy=0.039s(41%) idle=0.054s(59%) span=0.093s buffers=177]
[prefill gpu attn=0.011s(27%) shared=0.004s(9%) moe=0.021s(53%) tail=0.001s(2%) head=0.003s(9%) total=0.040s]
[prefill host enc.front=0.002s(3%) wait.front=0.021s(28%) drain=0.000s(0%) route=0.000s(0%) meta=0.000s(0%) fetch=0.048s(62%) enc.moe=0.001s(1%) tail=0.000s(0%) head=0.004s(5%) other=0.001s(1%) call=0.077s | tiles=92 ahead=92 experts=518 miss=76 io=0.048s 5.4GB/s]
[prefill gpuq busy=0.040s(52%) idle=0.037s(48%) span=0.077s buffers=183]
[prefill gpu attn=0.011s(28%) shared=0.004s(9%) moe=0.021s(53%) tail=0.001s(2%) head=0.003s(9%) total=0.039s]
[prefill host enc.front=0.002s(3%) wait.front=0.022s(43%) drain=0.000s(1%) route=0.000s(0%) meta=0.000s(0%) fetch=0.022s(43%) enc.moe=0.001s(2%) tail=0.000s(0%) head=0.004s(7%) other=0.000s(1%) call=0.051s | tiles=96 ahead=96 experts=532 miss=38 io=0.022s 5.9GB/s]
[prefill gpuq busy=0.039s(77%) idle=0.012s(23%) span=0.051s buffers=187]
[prefill gpu attn=0.011s(27%) shared=0.004s(9%) moe=0.022s(54%) tail=0.001s(2%) head=0.003s(8%) total=0.040s]
[prefill host enc.front=0.002s(3%) wait.front=0.022s(31%) drain=0.001s(1%) route=0.000s(0%) meta=0.000s(0%) fetch=0.041s(58%) enc.moe=0.001s(1%) tail=0.000s(0%) head=0.004s(5%) other=0.001s(1%) call=0.071s | tiles=101 ahead=101 experts=566 miss=68 io=0.046s 5.1GB/s]
[prefill gpuq busy=0.040s(57%) idle=0.030s(43%) span=0.070s buffers=192]
[prefill gpu attn=0.011s(28%) shared=0.004s(9%) moe=0.020s(52%) tail=0.001s(2%) head=0.003s(9%) total=0.039s]
[prefill host enc.front=0.002s(2%) wait.front=0.024s(31%) drain=0.001s(1%) route=0.000s(0%) meta=0.000s(0%) fetch=0.044s(58%) enc.moe=0.001s(1%) tail=0.000s(0%) head=0.004s(5%) other=0.000s(1%) call=0.075s | tiles=85 ahead=85 experts=485 miss=77 io=0.051s 5.3GB/s]
[prefill gpuq busy=0.039s(52%) idle=0.036s(48%) span=0.075s buffers=176]
[prefill gpu attn=0.011s(28%) shared=0.004s(9%) moe=0.021s(53%) tail=0.001s(2%) head=0.003s(9%) total=0.039s]
[prefill host enc.front=0.002s(4%) wait.front=0.025s(57%) drain=0.000s(1%) route=0.000s(0%) meta=0.000s(0%) fetch=0.012s(27%) enc.moe=0.001s(2%) tail=0.000s(0%) head=0.004s(8%) other=0.000s(1%) call=0.044s | tiles=90 ahead=90 experts=529 miss=31 io=0.012s 9.0GB/s]
[prefill gpuq busy=0.039s(90%) idle=0.004s(10%) span=0.044s buffers=181]
[prefill gpu attn=0.011s(28%) shared=0.004s(9%) moe=0.020s(52%) tail=0.001s(2%) head=0.003s(9%) total=0.039s]
[prefill host enc.front=0.002s(3%) wait.front=0.022s(33%) drain=0.001s(1%) route=0.000s(0%) meta=0.000s(0%) fetch=0.037s(55%) enc.moe=0.001s(1%) tail=0.000s(0%) head=0.004s(5%) other=0.000s(1%) call=0.068s | tiles=87 ahead=87 experts=463 miss=66 io=0.038s 6.1GB/s]
[prefill gpuq busy=0.039s(58%) idle=0.028s(42%) span=0.067s buffers=178]
[prefill gpu attn=0.011s(27%) shared=0.004s(9%) moe=0.021s(53%) tail=0.001s(2%) head=0.003s(9%) total=0.039s]
[prefill host enc.front=0.002s(4%) wait.front=0.020s(41%) drain=0.000s(1%) route=0.000s(0%) meta=0.000s(0%) fetch=0.022s(44%) enc.moe=0.001s(2%) tail=0.000s(0%) head=0.004s(7%) other=0.000s(1%) call=0.050s | tiles=86 ahead=86 experts=478 miss=53 io=0.022s 8.2GB/s]
[prefill gpuq busy=0.039s(79%) idle=0.010s(21%) span=0.050s buffers=177]
[prefill gpu attn=0.011s(27%) shared=0.004s(9%) moe=0.022s(54%) tail=0.001s(2%) head=0.003s(8%) total=0.041s]
[prefill host enc.front=0.002s(3%) wait.front=0.023s(38%) drain=0.001s(1%) route=0.000s(0%) meta=0.000s(0%) fetch=0.029s(48%) enc.moe=0.001s(1%) tail=0.000s(0%) head=0.004s(6%) other=0.000s(1%) call=0.059s | tiles=96 ahead=96 experts=552 miss=60 io=0.032s 6.5GB/s]
[prefill gpuq busy=0.041s(70%) idle=0.018s(30%) span=0.059s buffers=187]
[prefill gpu attn=0.011s(26%) shared=0.004s(9%) moe=0.022s(54%) tail=0.001s(2%) head=0.004s(9%) total=0.041s]
[prefill host enc.front=0.002s(3%) wait.front=0.021s(32%) drain=0.000s(1%) route=0.000s(0%) meta=0.000s(0%) fetch=0.035s(55%) enc.moe=0.001s(1%) tail=0.000s(0%) head=0.004s(6%) other=0.001s(1%) call=0.064s | tiles=97 ahead=97 experts=543 miss=76 io=0.035s 7.4GB/s]
[prefill gpuq busy=0.041s(64%) idle=0.023s(36%) span=0.064s buffers=188]
[prefill gpu attn=0.011s(27%) shared=0.004s(9%) moe=0.021s(53%) tail=0.001s(2%) head=0.003s(9%) total=0.040s]
[prefill host enc.front=0.002s(4%) wait.front=0.021s(44%) drain=0.000s(1%) route=0.000s(1%) meta=0.000s(0%) fetch=0.020s(40%) enc.moe=0.001s(2%) tail=0.000s(0%) head=0.004s(7%) other=0.000s(1%) call=0.049s | tiles=89 ahead=89 experts=477 miss=50 io=0.020s 8.7GB/s]
[prefill gpuq busy=0.040s(82%) idle=0.009s(18%) span=0.048s buffers=180]
[prefill gpu attn=0.011s(27%) shared=0.004s(9%) moe=0.022s(54%) tail=0.001s(2%) head=0.004s(9%) total=0.040s]
[prefill host enc.front=0.002s(3%) wait.front=0.022s(42%) drain=0.000s(1%) route=0.000s(0%) meta=0.000s(0%) fetch=0.022s(43%) enc.moe=0.001s(2%) tail=0.000s(0%) head=0.004s(7%) other=0.000s(1%) call=0.052s | tiles=90 ahead=90 experts=512 miss=51 io=0.023s 7.8GB/s]
[prefill gpuq busy=0.040s(77%) idle=0.012s(23%) span=0.052s buffers=181]
[prefill gpu attn=0.011s(27%) shared=0.004s(9%) moe=0.022s(54%) tail=0.001s(2%) head=0.003s(8%) total=0.040s]
[prefill host enc.front=0.002s(3%) wait.front=0.021s(34%) drain=0.001s(1%) route=0.000s(0%) meta=0.000s(0%) fetch=0.032s(53%) enc.moe=0.001s(1%) tail=0.000s(0%) head=0.004s(6%) other=0.000s(1%) call=0.061s | tiles=86 ahead=86 experts=470 miss=75 io=0.033s 8.0GB/s]
[prefill gpuq busy=0.040s(66%) idle=0.020s(34%) span=0.061s buffers=177]
[prefill gpu attn=0.011s(28%) shared=0.004s(10%) moe=0.020s(51%) tail=0.001s(2%) head=0.003s(9%) total=0.038s]
[prefill host enc.front=0.002s(3%) wait.front=0.021s(43%) drain=0.000s(1%) route=0.000s(0%) meta=0.000s(0%) fetch=0.021s(43%) enc.moe=0.001s(2%) tail=0.000s(0%) head=0.004s(7%) other=0.000s(1%) call=0.049s | tiles=83 ahead=83 experts=453 miss=41 io=0.021s 6.7GB/s]
[prefill gpuq busy=0.038s(79%) idle=0.010s(21%) span=0.049s buffers=174]
[prefill gpu attn=0.011s(28%) shared=0.004s(9%) moe=0.020s(52%) tail=0.001s(2%) head=0.003s(9%) total=0.038s]
[prefill host enc.front=0.002s(4%) wait.front=0.021s(46%) drain=0.000s(1%) route=0.000s(0%) meta=0.000s(0%) fetch=0.017s(38%) enc.moe=0.001s(2%) tail=0.000s(0%) head=0.004s(8%) other=0.000s(1%) call=0.045s | tiles=87 ahead=87 experts=459 miss=42 io=0.017s 8.5GB/s]
[prefill gpuq busy=0.038s(86%) idle=0.006s(14%) span=0.044s buffers=178]
[prefill gpu attn=0.011s(28%) shared=0.004s(9%) moe=0.020s(51%) tail=0.001s(2%) head=0.003s(9%) total=0.038s]
[prefill host enc.front=0.002s(3%) wait.front=0.021s(38%) drain=0.000s(1%) route=0.000s(0%) meta=0.000s(0%) fetch=0.027s(49%) enc.moe=0.001s(1%) tail=0.000s(0%) head=0.004s(6%) other=0.000s(1%) call=0.056s | tiles=83 ahead=83 experts=425 miss=56 io=0.028s 7.0GB/s]
[prefill gpuq busy=0.038s(69%) idle=0.017s(31%) span=0.055s buffers=174]
[prefill gpu attn=0.011s(29%) shared=0.004s(9%) moe=0.019s(51%) tail=0.001s(2%) head=0.003s(9%) total=0.037s]
[prefill host enc.front=0.002s(4%) wait.front=0.025s(54%) drain=0.001s(2%) route=0.000s(0%) meta=0.000s(0%) fetch=0.013s(29%) enc.moe=0.001s(1%) tail=0.000s(0%) head=0.004s(8%) other=0.000s(1%) call=0.045s | tiles=76 ahead=76 experts=467 miss=28 io=0.013s 7.3GB/s]
[prefill gpuq busy=0.037s(84%) idle=0.007s(16%) span=0.045s buffers=167]
[prefill gpu attn=0.011s(27%) shared=0.004s(9%) moe=0.022s(54%) tail=0.001s(2%) head=0.003s(8%) total=0.041s]
[prefill host enc.front=0.002s(3%) wait.front=0.022s(41%) drain=0.000s(1%) route=0.000s(0%) meta=0.000s(0%) fetch=0.025s(46%) enc.moe=0.001s(2%) tail=0.000s(0%) head=0.004s(6%) other=0.000s(1%) call=0.055s | tiles=98 ahead=98 experts=551 miss=54 io=0.025s 7.4GB/s]
[prefill gpuq busy=0.041s(74%) idle=0.014s(26%) span=0.055s buffers=189]
[prefill gpu attn=0.011s(26%) shared=0.004s(9%) moe=0.023s(55%) tail=0.001s(2%) head=0.003s(8%) total=0.042s]
[prefill host enc.front=0.002s(3%) wait.front=0.021s(30%) drain=0.001s(1%) route=0.000s(0%) meta=0.000s(0%) fetch=0.041s(59%) enc.moe=0.001s(1%) tail=0.000s(0%) head=0.004s(5%) other=0.001s(1%) call=0.070s | tiles=100 ahead=100 experts=557 miss=94 io=0.044s 7.5GB/s]
[prefill gpuq busy=0.042s(60%) idle=0.028s(40%) span=0.070s buffers=191]
[prefill gpu attn=0.011s(27%) shared=0.004s(9%) moe=0.022s(53%) tail=0.001s(2%) head=0.004s(9%) total=0.041s]
[prefill host enc.front=0.002s(3%) wait.front=0.021s(43%) drain=0.001s(1%) route=0.000s(0%) meta=0.000s(0%) fetch=0.021s(42%) enc.moe=0.001s(2%) tail=0.000s(0%) head=0.004s(7%) other=0.000s(1%) call=0.050s | tiles=86 ahead=86 experts=501 miss=62 io=0.023s 9.1GB/s]
[prefill gpuq busy=0.041s(82%) idle=0.009s(18%) span=0.050s buffers=177]
[prefill gpu attn=0.011s(28%) shared=0.004s(9%) moe=0.020s(52%) tail=0.001s(2%) head=0.003s(9%) total=0.039s]
[prefill host enc.front=0.002s(4%) wait.front=0.025s(53%) drain=0.000s(1%) route=0.000s(0%) meta=0.000s(0%) fetch=0.015s(32%) enc.moe=0.001s(2%) tail=0.000s(0%) head=0.004s(8%) other=0.000s(1%) call=0.047s | tiles=84 ahead=84 experts=490 miss=38 io=0.016s 8.1GB/s]
[prefill gpuq busy=0.039s(83%) idle=0.008s(17%) span=0.047s buffers=175]
[prefill gpu attn=0.011s(28%) shared=0.004s(9%) moe=0.021s(53%) tail=0.001s(2%) head=0.003s(9%) total=0.039s]
[prefill host enc.front=0.002s(3%) wait.front=0.022s(45%) drain=0.000s(1%) route=0.000s(0%) meta=0.000s(0%) fetch=0.020s(40%) enc.moe=0.001s(2%) tail=0.000s(0%) head=0.004s(7%) other=0.000s(1%) call=0.049s | tiles=92 ahead=92 experts=510 miss=46 io=0.020s 8.0GB/s]
[prefill gpuq busy=0.039s(80%) idle=0.010s(20%) span=0.049s buffers=183]
[prefill gpu attn=0.011s(29%) shared=0.004s(9%) moe=0.019s(50%) tail=0.001s(2%) head=0.003s(9%) total=0.038s]
[prefill host enc.front=0.002s(4%) wait.front=0.026s(61%) drain=0.001s(2%) route=0.000s(1%) meta=0.000s(0%) fetch=0.009s(21%) enc.moe=0.001s(2%) tail=0.000s(0%) head=0.004s(9%) other=0.000s(1%) call=0.042s | tiles=79 ahead=79 experts=455 miss=23 io=0.009s 8.9GB/s]
[prefill gpuq busy=0.038s(91%) idle=0.004s(9%) span=0.042s buffers=170]
[prefill gpu attn=0.011s(28%) shared=0.004s(9%) moe=0.021s(52%) tail=0.001s(2%) head=0.004s(9%) total=0.040s]
[prefill host enc.front=0.002s(3%) wait.front=0.020s(37%) drain=0.000s(1%) route=0.000s(0%) meta=0.000s(0%) fetch=0.026s(49%) enc.moe=0.001s(1%) tail=0.000s(0%) head=0.004s(7%) other=0.000s(1%) call=0.053s | tiles=92 ahead=92 experts=478 miss=43 io=0.026s 5.7GB/s]
[prefill gpuq busy=0.040s(75%) idle=0.013s(25%) span=0.053s buffers=183]
[prefill gpu attn=0.011s(29%) shared=0.004s(9%) moe=0.020s(51%) tail=0.001s(2%) head=0.003s(9%) total=0.039s]
[prefill host enc.front=0.002s(3%) wait.front=0.020s(35%) drain=0.000s(1%) route=0.000s(0%) meta=0.000s(0%) fetch=0.029s(51%) enc.moe=0.001s(1%) tail=0.000s(0%) head=0.004s(7%) other=0.000s(1%) call=0.056s | tiles=84 ahead=84 experts=409 miss=54 io=0.029s 6.5GB/s]
[prefill gpuq busy=0.039s(70%) idle=0.017s(30%) span=0.055s buffers=175]
[prefill gpu attn=0.011s(27%) shared=0.004s(9%) moe=0.021s(53%) tail=0.001s(2%) head=0.003s(9%) total=0.040s]
[prefill host enc.front=0.002s(4%) wait.front=0.022s(44%) drain=0.000s(1%) route=0.000s(0%) meta=0.000s(0%) fetch=0.020s(41%) enc.moe=0.001s(2%) tail=0.000s(0%) head=0.004s(7%) other=0.000s(1%) call=0.050s | tiles=87 ahead=87 experts=490 miss=49 io=0.021s 8.2GB/s]
[prefill gpuq busy=0.040s(81%) idle=0.009s(19%) span=0.050s buffers=178]
[prefill gpu attn=0.011s(28%) shared=0.004s(10%) moe=0.019s(51%) tail=0.001s(2%) head=0.003s(9%) total=0.038s]
[prefill host enc.front=0.002s(4%) wait.front=0.022s(47%) drain=0.000s(1%) route=0.000s(1%) meta=0.000s(0%) fetch=0.018s(38%) enc.moe=0.001s(2%) tail=0.000s(0%) head=0.004s(8%) other=0.000s(1%) call=0.047s | tiles=84 ahead=84 experts=462 miss=31 io=0.018s 6.0GB/s]
[prefill gpuq busy=0.038s(82%) idle=0.009s(18%) span=0.047s buffers=175]
[prefill gpu attn=0.011s(27%) shared=0.004s(9%) moe=0.022s(53%) tail=0.001s(2%) head=0.003s(8%) total=0.041s]
[prefill host enc.front=0.002s(3%) wait.front=0.025s(38%) drain=0.001s(1%) route=0.000s(0%) meta=0.000s(0%) fetch=0.032s(49%) enc.moe=0.001s(1%) tail=0.000s(0%) head=0.004s(6%) other=0.001s(1%) call=0.065s | tiles=100 ahead=100 experts=552 miss=53 io=0.032s 5.7GB/s]
[prefill gpuq busy=0.041s(63%) idle=0.024s(37%) span=0.065s buffers=191]
[prefill gpu attn=0.011s(27%) shared=0.004s(9%) moe=0.021s(54%) tail=0.001s(2%) head=0.003s(8%) total=0.040s]
[prefill host enc.front=0.002s(2%) wait.front=0.023s(29%) drain=0.001s(1%) route=0.000s(0%) meta=0.000s(0%) fetch=0.049s(61%) enc.moe=0.001s(1%) tail=0.000s(0%) head=0.004s(5%) other=0.001s(1%) call=0.080s | tiles=93 ahead=93 experts=498 miss=92 io=0.054s 5.9GB/s]
[prefill gpuq busy=0.040s(50%) idle=0.039s(50%) span=0.079s buffers=184]
[prefill gpu attn=0.011s(28%) shared=0.004s(9%) moe=0.021s(53%) tail=0.001s(2%) head=0.003s(9%) total=0.039s]
[prefill host enc.front=0.002s(3%) wait.front=0.020s(29%) drain=0.001s(1%) route=0.000s(0%) meta=0.000s(0%) fetch=0.040s(59%) enc.moe=0.001s(1%) tail=0.000s(0%) head=0.004s(5%) other=0.001s(1%) call=0.068s | tiles=87 ahead=87 experts=437 miss=79 io=0.040s 6.8GB/s]
[prefill gpuq busy=0.039s(58%) idle=0.028s(42%) span=0.067s buffers=178]
[prefill gpu attn=0.011s(28%) shared=0.004s(9%) moe=0.020s(52%) tail=0.001s(2%) head=0.003s(9%) total=0.038s]
[prefill host enc.front=0.002s(3%) wait.front=0.022s(44%) drain=0.000s(1%) route=0.000s(0%) meta=0.000s(0%) fetch=0.021s(42%) enc.moe=0.001s(1%) tail=0.000s(0%) head=0.004s(7%) other=0.000s(1%) call=0.051s | tiles=87 ahead=87 experts=478 miss=40 io=0.022s 6.4GB/s]
[prefill gpuq busy=0.038s(76%) idle=0.012s(24%) span=0.051s buffers=178]
[prefill gpu attn=0.011s(27%) shared=0.004s(9%) moe=0.022s(53%) tail=0.001s(2%) head=0.003s(8%) total=0.041s]
[prefill host enc.front=0.002s(2%) wait.front=0.022s(29%) drain=0.001s(1%) route=0.000s(0%) meta=0.000s(0%) fetch=0.045s(60%) enc.moe=0.001s(1%) tail=0.000s(0%) head=0.004s(5%) other=0.001s(1%) call=0.075s | tiles=90 ahead=90 experts=498 miss=90 io=0.050s 6.3GB/s]
[prefill gpuq busy=0.041s(54%) idle=0.035s(46%) span=0.075s buffers=181]
[prefill gpu attn=0.011s(28%) shared=0.004s(9%) moe=0.021s(52%) tail=0.001s(2%) head=0.003s(9%) total=0.039s]
[prefill host enc.front=0.002s(4%) wait.front=0.022s(46%) drain=0.000s(1%) route=0.000s(0%) meta=0.000s(0%) fetch=0.019s(39%) enc.moe=0.001s(2%) tail=0.000s(0%) head=0.004s(7%) other=0.001s(1%) call=0.049s | tiles=90 ahead=90 experts=510 miss=41 io=0.019s 7.4GB/s]
[prefill gpuq busy=0.039s(81%) idle=0.009s(19%) span=0.048s buffers=181]
[prefill gpu attn=0.011s(28%) shared=0.004s(9%) moe=0.020s(52%) tail=0.001s(2%) head=0.003s(9%) total=0.039s]
[prefill host enc.front=0.002s(3%) wait.front=0.022s(44%) drain=0.000s(1%) route=0.000s(0%) meta=0.000s(0%) fetch=0.021s(42%) enc.moe=0.001s(1%) tail=0.000s(0%) head=0.004s(7%) other=0.000s(1%) call=0.051s | tiles=84 ahead=84 experts=461 miss=44 io=0.022s 7.0GB/s]
[prefill gpuq busy=0.039s(77%) idle=0.012s(23%) span=0.051s buffers=175]
[prefill gpu attn=0.011s(27%) shared=0.004s(9%) moe=0.022s(54%) tail=0.001s(2%) head=0.003s(8%) total=0.041s]
[prefill host enc.front=0.002s(3%) wait.front=0.022s(41%) drain=0.000s(1%) route=0.000s(0%) meta=0.000s(0%) fetch=0.025s(46%) enc.moe=0.001s(2%) tail=0.000s(0%) head=0.004s(6%) other=0.000s(1%) call=0.055s | tiles=92 ahead=92 experts=520 miss=53 io=0.025s 7.3GB/s]
[prefill gpuq busy=0.041s(74%) idle=0.014s(26%) span=0.055s buffers=183]
[prefill gpu attn=0.011s(29%) shared=0.004s(9%) moe=0.020s(52%) tail=0.001s(2%) head=0.003s(9%) total=0.039s]
[prefill host enc.front=0.002s(4%) wait.front=0.021s(44%) drain=0.000s(1%) route=0.000s(0%) meta=0.000s(0%) fetch=0.020s(42%) enc.moe=0.001s(2%) tail=0.000s(0%) head=0.004s(7%) other=0.000s(1%) call=0.049s | tiles=85 ahead=85 experts=469 miss=49 io=0.021s 8.2GB/s]
[prefill gpuq busy=0.039s(79%) idle=0.010s(21%) span=0.049s buffers=176]
[prefill gpu attn=0.011s(29%) shared=0.004s(9%) moe=0.019s(51%) tail=0.001s(2%) head=0.003s(9%) total=0.038s]
[prefill host enc.front=0.002s(4%) wait.front=0.024s(51%) drain=0.001s(2%) route=0.000s(0%) meta=0.000s(0%) fetch=0.015s(33%) enc.moe=0.001s(1%) tail=0.000s(0%) head=0.004s(8%) other=0.000s(1%) call=0.047s | tiles=82 ahead=82 experts=465 miss=27 io=0.016s 6.0GB/s]
[prefill gpuq busy=0.038s(81%) idle=0.009s(19%) span=0.046s buffers=173]
[prefill gpu attn=0.011s(28%) shared=0.004s(9%) moe=0.021s(53%) tail=0.001s(2%) head=0.004s(9%) total=0.040s]
[prefill host enc.front=0.002s(4%) wait.front=0.023s(48%) drain=0.000s(1%) route=0.000s(0%) meta=0.000s(0%) fetch=0.018s(37%) enc.moe=0.001s(2%) tail=0.000s(0%) head=0.004s(8%) other=0.000s(1%) call=0.048s | tiles=92 ahead=92 experts=523 miss=39 io=0.018s 7.5GB/s]
[prefill gpuq busy=0.040s(83%) idle=0.008s(17%) span=0.048s buffers=183]
[prefill gpu attn=0.011s(28%) shared=0.004s(10%) moe=0.020s(51%) tail=0.001s(2%) head=0.003s(9%) total=0.039s]
[prefill host enc.front=0.002s(4%) wait.front=0.021s(43%) drain=0.000s(1%) route=0.000s(0%) meta=0.000s(0%) fetch=0.021s(43%) enc.moe=0.001s(2%) tail=0.000s(0%) head=0.004s(7%) other=0.000s(1%) call=0.050s | tiles=85 ahead=85 experts=478 miss=48 io=0.021s 7.8GB/s]
[prefill gpuq busy=0.038s(78%) idle=0.011s(22%) span=0.049s buffers=176]
[prefill gpu attn=0.011s(27%) shared=0.004s(9%) moe=0.022s(54%) tail=0.001s(2%) head=0.003s(8%) total=0.042s]
[prefill host enc.front=0.002s(3%) wait.front=0.022s(41%) drain=0.000s(1%) route=0.000s(0%) meta=0.000s(0%) fetch=0.023s(44%) enc.moe=0.001s(2%) tail=0.000s(0%) head=0.004s(7%) other=0.000s(1%) call=0.052s | tiles=90 ahead=90 experts=507 miss=74 io=0.027s 9.6GB/s]
[prefill gpuq busy=0.041s(79%) idle=0.011s(21%) span=0.052s buffers=181]
[prefill gpu attn=0.011s(30%) shared=0.004s(10%) moe=0.018s(48%) tail=0.001s(2%) head=0.003s(9%) total=0.037s]
[prefill host enc.front=0.002s(4%) wait.front=0.022s(52%) drain=0.000s(1%) route=0.000s(0%) meta=0.000s(0%) fetch=0.013s(31%) enc.moe=0.001s(2%) tail=0.000s(0%) head=0.004s(9%) other=0.000s(1%) call=0.042s | tiles=78 ahead=78 experts=407 miss=26 io=0.013s 6.8GB/s]
[prefill gpuq busy=0.037s(88%) idle=0.005s(12%) span=0.042s buffers=169]
[prefill gpu attn=0.011s(29%) shared=0.004s(10%) moe=0.020s(50%) tail=0.001s(2%) head=0.003s(9%) total=0.039s]
[prefill host enc.front=0.002s(4%) wait.front=0.023s(53%) drain=0.000s(1%) route=0.000s(0%) meta=0.000s(0%) fetch=0.014s(31%) enc.moe=0.001s(2%) tail=0.000s(0%) head=0.004s(8%) other=0.000s(1%) call=0.044s | tiles=78 ahead=78 experts=420 miss=30 io=0.014s 7.4GB/s]
[prefill gpuq busy=0.039s(88%) idle=0.005s(12%) span=0.044s buffers=169]
[prefill gpu attn=0.011s(28%) shared=0.004s(9%) moe=0.020s(52%) tail=0.001s(2%) head=0.003s(9%) total=0.039s]
[prefill host enc.front=0.002s(4%) wait.front=0.022s(48%) drain=0.000s(1%) route=0.000s(1%) meta=0.000s(0%) fetch=0.017s(37%) enc.moe=0.001s(2%) tail=0.000s(0%) head=0.004s(8%) other=0.000s(1%) call=0.047s | tiles=81 ahead=81 experts=451 miss=49 io=0.019s 8.9GB/s]
[prefill gpuq busy=0.039s(84%) idle=0.008s(16%) span=0.047s buffers=172]
[prefill gpu attn=0.011s(30%) shared=0.004s(10%) moe=0.018s(50%) tail=0.001s(2%) head=0.003s(9%) total=0.037s]
[prefill host enc.front=0.002s(4%) wait.front=0.028s(66%) drain=0.001s(2%) route=0.000s(0%) meta=0.000s(0%) fetch=0.007s(17%) enc.moe=0.001s(1%) tail=0.000s(0%) head=0.004s(8%) other=0.000s(1%) call=0.042s | tiles=77 ahead=77 experts=452 miss=10 io=0.007s 4.7GB/s]
[prefill gpuq busy=0.037s(89%) idle=0.004s(11%) span=0.042s buffers=168]
[prefill gpu attn=0.011s(29%) shared=0.004s(10%) moe=0.019s(49%) tail=0.001s(2%) head=0.003s(9%) total=0.038s]
[prefill host enc.front=0.002s(3%) wait.front=0.025s(48%) drain=0.000s(1%) route=0.000s(0%) meta=0.000s(0%) fetch=0.020s(38%) enc.moe=0.001s(1%) tail=0.000s(0%) head=0.004s(7%) other=0.000s(1%) call=0.052s | tiles=76 ahead=76 experts=415 miss=35 io=0.020s 6.1GB/s]
[prefill gpuq busy=0.038s(73%) idle=0.014s(27%) span=0.052s buffers=167]
[prefill gpu attn=0.011s(30%) shared=0.004s(10%) moe=0.018s(49%) tail=0.001s(2%) head=0.003s(9%) total=0.037s]
[prefill host enc.front=0.002s(4%) wait.front=0.027s(67%) drain=0.001s(2%) route=0.000s(1%) meta=0.000s(0%) fetch=0.006s(14%) enc.moe=0.001s(1%) tail=0.000s(0%) head=0.004s(9%) other=0.000s(1%) call=0.040s | tiles=74 ahead=74 experts=437 miss=15 io=0.006s 9.0GB/s]
[prefill gpuq busy=0.037s(94%) idle=0.003s(6%) span=0.039s buffers=165]
[prefill gpu attn=0.011s(29%) shared=0.004s(9%) moe=0.020s(51%) tail=0.001s(2%) head=0.003s(9%) total=0.039s]
[prefill host enc.front=0.002s(4%) wait.front=0.024s(55%) drain=0.001s(2%) route=0.000s(0%) meta=0.000s(0%) fetch=0.013s(28%) enc.moe=0.001s(2%) tail=0.000s(0%) head=0.004s(8%) other=0.000s(1%) call=0.044s | tiles=84 ahead=84 experts=497 miss=28 io=0.013s 7.7GB/s]
[prefill gpuq busy=0.039s(87%) idle=0.006s(13%) span=0.044s buffers=175]
[prefill gpu attn=0.011s(28%) shared=0.004s(9%) moe=0.021s(52%) tail=0.001s(2%) head=0.003s(9%) total=0.039s]
[prefill host enc.front=0.002s(4%) wait.front=0.028s(60%) drain=0.000s(1%) route=0.000s(0%) meta=0.000s(0%) fetch=0.012s(25%) enc.moe=0.001s(2%) tail=0.000s(0%) head=0.004s(8%) other=0.000s(1%) call=0.046s | tiles=88 ahead=88 experts=526 miss=25 io=0.012s 7.4GB/s]
[prefill gpuq busy=0.039s(86%) idle=0.007s(14%) span=0.046s buffers=179]
[prefill gpu attn=0.011s(29%) shared=0.004s(10%) moe=0.019s(51%) tail=0.001s(2%) head=0.003s(9%) total=0.038s]
[prefill host enc.front=0.002s(4%) wait.front=0.024s(55%) drain=0.001s(2%) route=0.000s(0%) meta=0.000s(0%) fetch=0.013s(28%) enc.moe=0.001s(2%) tail=0.000s(0%) head=0.004s(8%) other=0.000s(1%) call=0.044s | tiles=84 ahead=84 experts=473 miss=23 io=0.013s 6.2GB/s]
[prefill gpuq busy=0.038s(87%) idle=0.006s(13%) span=0.044s buffers=175]
[prefill gpu attn=0.011s(28%) shared=0.004s(10%) moe=0.020s(51%) tail=0.001s(2%) head=0.003s(9%) total=0.039s]
[prefill host enc.front=0.002s(4%) wait.front=0.025s(58%) drain=0.000s(1%) route=0.000s(0%) meta=0.000s(0%) fetch=0.011s(25%) enc.moe=0.001s(2%) tail=0.000s(0%) head=0.004s(9%) other=0.000s(1%) call=0.043s | tiles=80 ahead=80 experts=474 miss=30 io=0.011s 9.6GB/s]
[prefill gpuq busy=0.039s(91%) idle=0.004s(9%) span=0.043s buffers=171]
[prefill gpu attn=0.011s(28%) shared=0.004s(9%) moe=0.021s(53%) tail=0.001s(2%) head=0.003s(8%) total=0.041s]
[prefill host enc.front=0.002s(3%) wait.front=0.025s(44%) drain=0.000s(1%) route=0.000s(0%) meta=0.000s(0%) fetch=0.023s(42%) enc.moe=0.001s(2%) tail=0.000s(0%) head=0.004s(7%) other=0.001s(1%) call=0.056s | tiles=85 ahead=85 experts=487 miss=51 io=0.024s 7.5GB/s]
[prefill gpuq busy=0.041s(73%) idle=0.015s(27%) span=0.056s buffers=176]
[prefill gpu attn=0.011s(29%) shared=0.004s(9%) moe=0.020s(51%) tail=0.001s(2%) head=0.004s(9%) total=0.039s]
[prefill host enc.front=0.002s(3%) wait.front=0.028s(57%) drain=0.000s(1%) route=0.000s(0%) meta=0.000s(0%) fetch=0.014s(28%) enc.moe=0.001s(1%) tail=0.000s(0%) head=0.004s(8%) other=0.000s(1%) call=0.049s | tiles=84 ahead=84 experts=494 miss=32 io=0.014s 7.9GB/s]
[prefill gpuq busy=0.039s(81%) idle=0.009s(19%) span=0.049s buffers=175]
[prefill gpu attn=0.011s(29%) shared=0.004s(10%) moe=0.019s(50%) tail=0.001s(2%) head=0.003s(9%) total=0.038s]
[prefill host enc.front=0.002s(4%) wait.front=0.028s(58%) drain=0.000s(1%) route=0.000s(0%) meta=0.000s(0%) fetch=0.013s(27%) enc.moe=0.001s(1%) tail=0.000s(0%) head=0.004s(7%) other=0.000s(1%) call=0.048s | tiles=76 ahead=76 experts=425 miss=27 io=0.013s 7.1GB/s]
[prefill gpuq busy=0.038s(80%) idle=0.009s(20%) span=0.048s buffers=167]
[prefill gpu attn=0.011s(29%) shared=0.004s(9%) moe=0.020s(51%) tail=0.001s(2%) head=0.004s(9%) total=0.039s]
[prefill host enc.front=0.002s(3%) wait.front=0.027s(47%) drain=0.001s(1%) route=0.000s(0%) meta=0.000s(0%) fetch=0.023s(40%) enc.moe=0.001s(1%) tail=0.000s(0%) head=0.004s(7%) other=0.000s(1%) call=0.058s | tiles=79 ahead=79 experts=432 miss=45 io=0.023s 6.7GB/s]
[prefill gpuq busy=0.039s(68%) idle=0.019s(32%) span=0.058s buffers=170]
[prefill gpu attn=0.011s(29%) shared=0.004s(10%) moe=0.019s(50%) tail=0.001s(2%) head=0.003s(9%) total=0.038s]
[prefill host enc.front=0.002s(4%) wait.front=0.026s(58%) drain=0.000s(1%) route=0.000s(1%) meta=0.000s(0%) fetch=0.011s(25%) enc.moe=0.001s(2%) tail=0.000s(0%) head=0.004s(8%) other=0.000s(1%) call=0.044s | tiles=80 ahead=80 experts=446 miss=25 io=0.011s 7.7GB/s]
[prefill gpuq busy=0.038s(88%) idle=0.005s(12%) span=0.044s buffers=171]
[prefill gpu attn=0.011s(29%) shared=0.004s(9%) moe=0.020s(52%) tail=0.001s(2%) head=0.003s(9%) total=0.039s]
[prefill host enc.front=0.002s(4%) wait.front=0.025s(54%) drain=0.001s(2%) route=0.000s(0%) meta=0.000s(0%) fetch=0.014s(30%) enc.moe=0.001s(1%) tail=0.000s(0%) head=0.004s(8%) other=0.000s(1%) call=0.047s | tiles=81 ahead=81 experts=467 miss=31 io=0.014s 7.4GB/s]
[prefill gpuq busy=0.039s(84%) idle=0.008s(16%) span=0.047s buffers=172]
[prefill gpu attn=0.011s(28%) shared=0.004s(9%) moe=0.021s(52%) tail=0.001s(2%) head=0.004s(9%) total=0.040s]
[prefill host enc.front=0.002s(3%) wait.front=0.023s(33%) drain=0.001s(1%) route=0.000s(0%) meta=0.000s(0%) fetch=0.039s(56%) enc.moe=0.001s(1%) tail=0.000s(0%) head=0.004s(6%) other=0.001s(1%) call=0.070s | tiles=87 ahead=87 experts=463 miss=69 io=0.039s 6.1GB/s]
[prefill gpuq busy=0.040s(57%) idle=0.030s(43%) span=0.070s buffers=178]
[prefill gpu attn=0.011s(28%) shared=0.004s(9%) moe=0.020s(52%) tail=0.001s(2%) head=0.003s(9%) total=0.039s]
[prefill host enc.front=0.002s(4%) wait.front=0.024s(52%) drain=0.000s(1%) route=0.000s(0%) meta=0.000s(0%) fetch=0.015s(33%) enc.moe=0.001s(2%) tail=0.000s(0%) head=0.004s(8%) other=0.000s(1%) call=0.046s | tiles=81 ahead=81 experts=481 miss=37 io=0.015s 8.4GB/s]
[prefill gpuq busy=0.039s(84%) idle=0.007s(16%) span=0.046s buffers=172]
[prefill gpu attn=0.011s(29%) shared=0.004s(10%) moe=0.019s(50%) tail=0.001s(2%) head=0.003s(9%) total=0.038s]
[prefill host enc.front=0.002s(4%) wait.front=0.027s(63%) drain=0.001s(2%) route=0.000s(1%) meta=0.000s(0%) fetch=0.008s(19%) enc.moe=0.001s(2%) tail=0.000s(0%) head=0.004s(9%) other=0.000s(1%) call=0.042s | tiles=79 ahead=79 experts=476 miss=16 io=0.008s 6.7GB/s]
[prefill gpuq busy=0.038s(91%) idle=0.004s(9%) span=0.042s buffers=170]
[prefill gpu attn=0.011s(27%) shared=0.004s(9%) moe=0.022s(53%) tail=0.001s(2%) head=0.004s(9%) total=0.041s]
[prefill host enc.front=0.002s(2%) wait.front=0.029s(34%) drain=0.000s(1%) route=0.000s(0%) meta=0.000s(0%) fetch=0.049s(57%) enc.moe=0.001s(1%) tail=0.000s(0%) head=0.004s(4%) other=0.001s(1%) call=0.086s | tiles=90 ahead=90 experts=496 miss=84 io=0.056s 5.2GB/s]
[prefill gpuq busy=0.041s(48%) idle=0.045s(52%) span=0.085s buffers=181]
[prefill gpu attn=0.011s(27%) shared=0.004s(9%) moe=0.023s(55%) tail=0.001s(2%) head=0.003s(8%) total=0.042s]
[prefill host enc.front=0.002s(2%) wait.front=0.029s(36%) drain=0.001s(1%) route=0.000s(0%) meta=0.000s(0%) fetch=0.043s(53%) enc.moe=0.001s(1%) tail=0.000s(0%) head=0.004s(4%) other=0.001s(1%) call=0.080s | tiles=91 ahead=91 experts=497 miss=94 io=0.046s 7.1GB/s]
[prefill gpuq busy=0.042s(52%) idle=0.038s(48%) span=0.080s buffers=182]
[prefill gpu attn=0.011s(28%) shared=0.004s(9%) moe=0.020s(52%) tail=0.001s(2%) head=0.004s(9%) total=0.039s]
[prefill host enc.front=0.002s(3%) wait.front=0.023s(40%) drain=0.000s(1%) route=0.000s(0%) meta=0.000s(0%) fetch=0.028s(47%) enc.moe=0.001s(1%) tail=0.000s(0%) head=0.004s(6%) other=0.001s(1%) call=0.059s | tiles=85 ahead=85 experts=438 miss=59 io=0.028s 7.3GB/s]
[prefill gpuq busy=0.039s(67%) idle=0.019s(33%) span=0.058s buffers=176]
[prefill gpu attn=0.011s(28%) shared=0.004s(9%) moe=0.021s(52%) tail=0.001s(2%) head=0.003s(9%) total=0.039s]
[prefill host enc.front=0.002s(3%) wait.front=0.023s(41%) drain=0.001s(1%) route=0.000s(0%) meta=0.000s(0%) fetch=0.024s(45%) enc.moe=0.001s(2%) tail=0.000s(0%) head=0.004s(6%) other=0.000s(1%) call=0.055s | tiles=89 ahead=89 experts=495 miss=52 io=0.025s 7.3GB/s]
[prefill gpuq busy=0.039s(72%) idle=0.015s(28%) span=0.054s buffers=180]
[prefill gpu attn=0.011s(30%) shared=0.004s(10%) moe=0.018s(49%) tail=0.001s(2%) head=0.003s(9%) total=0.037s]
[prefill host enc.front=0.002s(4%) wait.front=0.025s(59%) drain=0.000s(1%) route=0.000s(0%) meta=0.000s(0%) fetch=0.010s(24%) enc.moe=0.001s(1%) tail=0.000s(0%) head=0.004s(8%) other=0.000s(1%) call=0.042s | tiles=74 ahead=74 experts=418 miss=21 io=0.010s 7.0GB/s]
[prefill gpuq busy=0.037s(89%) idle=0.005s(11%) span=0.042s buffers=165]
[prefill gpu attn=0.011s(30%) shared=0.004s(10%) moe=0.019s(49%) tail=0.001s(2%) head=0.004s(9%) total=0.038s]
[prefill host enc.front=0.002s(3%) wait.front=0.025s(53%) drain=0.000s(1%) route=0.000s(0%) meta=0.000s(0%) fetch=0.016s(33%) enc.moe=0.001s(1%) tail=0.000s(0%) head=0.004s(8%) other=0.000s(1%) call=0.048s | tiles=76 ahead=76 experts=453 miss=26 io=0.016s 5.7GB/s]
[prefill gpuq busy=0.038s(79%) idle=0.010s(21%) span=0.048s buffers=167]
[prefill gpu attn=0.011s(28%) shared=0.004s(9%) moe=0.020s(52%) tail=0.001s(2%) head=0.003s(9%) total=0.039s]
[prefill host enc.front=0.002s(3%) wait.front=0.024s(48%) drain=0.000s(1%) route=0.000s(0%) meta=0.000s(0%) fetch=0.018s(37%) enc.moe=0.001s(2%) tail=0.000s(0%) head=0.004s(7%) other=0.000s(1%) call=0.049s | tiles=87 ahead=87 experts=494 miss=42 io=0.018s 8.0GB/s]
[prefill gpuq busy=0.039s(80%) idle=0.010s(20%) span=0.049s buffers=178]
[prefill gpu attn=0.011s(29%) shared=0.004s(9%) moe=0.019s(50%) tail=0.001s(2%) head=0.003s(9%) total=0.038s]
[prefill host enc.front=0.002s(4%) wait.front=0.025s(61%) drain=0.000s(1%) route=0.000s(1%) meta=0.000s(0%) fetch=0.009s(22%) enc.moe=0.001s(2%) tail=0.000s(0%) head=0.004s(9%) other=0.000s(1%) call=0.042s | tiles=80 ahead=80 experts=483 miss=23 io=0.009s 8.6GB/s]
[prefill gpuq busy=0.038s(91%) idle=0.004s(9%) span=0.042s buffers=171]
[prefill gpu attn=0.011s(28%) shared=0.004s(9%) moe=0.021s(53%) tail=0.001s(2%) head=0.003s(8%) total=0.040s]
[prefill host enc.front=0.002s(4%) wait.front=0.025s(51%) drain=0.000s(1%) route=0.000s(0%) meta=0.000s(0%) fetch=0.017s(34%) enc.moe=0.001s(2%) tail=0.000s(0%) head=0.004s(7%) other=0.000s(1%) call=0.049s | tiles=84 ahead=84 experts=503 miss=46 io=0.017s 9.5GB/s]
[prefill gpuq busy=0.040s(82%) idle=0.009s(18%) span=0.048s buffers=175]
[prefill gpu attn=0.011s(29%) shared=0.004s(9%) moe=0.020s(51%) tail=0.001s(2%) head=0.003s(9%) total=0.038s]
[prefill host enc.front=0.002s(4%) wait.front=0.025s(53%) drain=0.000s(1%) route=0.000s(0%) meta=0.000s(0%) fetch=0.015s(32%) enc.moe=0.001s(1%) tail=0.000s(0%) head=0.004s(8%) other=0.000s(1%) call=0.047s | tiles=83 ahead=83 experts=492 miss=31 io=0.015s 7.1GB/s]
[prefill gpuq busy=0.038s(82%) idle=0.008s(18%) span=0.047s buffers=174]
[prefill gpu attn=0.011s(28%) shared=0.004s(9%) moe=0.021s(53%) tail=0.001s(2%) head=0.003s(8%) total=0.040s]
[prefill host enc.front=0.002s(3%) wait.front=0.023s(43%) drain=0.000s(1%) route=0.000s(0%) meta=0.000s(0%) fetch=0.023s(43%) enc.moe=0.001s(2%) tail=0.000s(0%) head=0.004s(7%) other=0.001s(1%) call=0.054s | tiles=96 ahead=96 experts=553 miss=52 io=0.023s 7.8GB/s]
[prefill gpuq busy=0.040s(75%) idle=0.013s(25%) span=0.053s buffers=187]
[prefill gpu attn=0.011s(27%) shared=0.004s(9%) moe=0.022s(53%) tail=0.001s(2%) head=0.003s(8%) total=0.040s]
[prefill host enc.front=0.002s(3%) wait.front=0.021s(35%) drain=0.001s(1%) route=0.000s(0%) meta=0.000s(0%) fetch=0.032s(52%) enc.moe=0.001s(2%) tail=0.000s(0%) head=0.004s(6%) other=0.001s(1%) call=0.061s | tiles=88 ahead=88 experts=482 miss=84 io=0.032s 9.1GB/s]
[prefill gpuq busy=0.040s(67%) idle=0.020s(33%) span=0.061s buffers=179]

[stop=maxTokens prefill=349tok new=192tok decode=6.64s tok/s=28.937]
[load=0.743s layerVerify=0.000s/30layers prefill=4.395s ttft=4.396s peak=6.77GB rss=4.39GB]
[expert prefill hit=0.0% 0/3020 io=1.861s | decode hit=88.3% 37388/42328 io=3.068s]
[vision images=1 soft=260 tower=1.762s towerLoad=0.001s]
[decode/tok io=0.00ms cb1=0.00ms cb2=0.00ms head=0.00ms]
[mtp bs=3 rounds=88 accept=1.170/2 tok/round=2.182 draft=0.595s verify=5.790s accepted=26,21,41]
