[prefill gpu attn=0.387s(29%) shared=0.114s(9%) moe=0.813s(61%) tail=0.007s(1%) head=0.004s(0%) total=1.324s]
[prefill host enc.front=0.002s(0%) wait.front=0.520s(20%) drain=0.000s(0%) route=0.005s(0%) wait.shared=0.108s(4%) meta=0.000s(0%) fetch=1.831s(70%) enc.moe=0.015s(1%) wait.tile=0.092s(4%) tail=0.013s(1%) head=0.005s(0%) other=0.006s(0%) call=2.598s | tiles=390 ahead=0 experts=0 miss=0 io=0.000s 0.0GB/s]
[prefill gpuq busy=1.324s(54%) idle=1.146s(46%) span=2.470s buffers=481]
[prefill gpu attn=0.032s(40%) shared=0.007s(9%) moe=0.036s(45%) tail=0.001s(2%) head=0.003s(4%) total=0.080s]
[prefill host enc.front=0.003s(1%) wait.front=0.108s(32%) drain=0.001s(0%) route=0.001s(0%) meta=0.000s(0%) fetch=0.217s(64%) enc.moe=0.003s(1%) tail=0.000s(0%) head=0.004s(1%) other=0.001s(0%) call=0.337s | tiles=82 ahead=82 experts=481 miss=259 io=0.320s 2.8GB/s]
[prefill gpuq busy=0.078s(23%) idle=0.258s(77%) span=0.336s buffers=173]
[prefill gpu attn=0.018s(26%) shared=0.009s(13%) moe=0.038s(55%) tail=0.001s(2%) head=0.003s(5%) total=0.070s]
[prefill host enc.front=0.002s(2%) wait.front=0.041s(29%) drain=0.000s(0%) route=0.000s(0%) meta=0.000s(0%) fetch=0.090s(65%) enc.moe=0.001s(1%) tail=0.000s(0%) head=0.004s(3%) other=0.001s(0%) call=0.140s | tiles=90 ahead=90 experts=479 miss=90 io=0.102s 3.1GB/s]
[prefill gpuq busy=0.066s(48%) idle=0.073s(52%) span=0.139s buffers=181]
[prefill gpu attn=0.011s(28%) shared=0.004s(9%) moe=0.020s(52%) tail=0.001s(2%) head=0.003s(9%) total=0.039s]
[prefill host enc.front=0.002s(2%) wait.front=0.024s(34%) drain=0.000s(1%) route=0.000s(0%) meta=0.000s(0%) fetch=0.040s(56%) enc.moe=0.001s(1%) tail=0.000s(0%) head=0.004s(5%) other=0.001s(1%) call=0.071s | tiles=87 ahead=87 experts=479 miss=48 io=0.040s 4.2GB/s]
[prefill gpuq busy=0.039s(54%) idle=0.032s(46%) span=0.071s buffers=178]
[prefill gpu attn=0.018s(27%) shared=0.007s(10%) moe=0.035s(53%) tail=0.001s(2%) head=0.006s(9%) total=0.066s]
[prefill host enc.front=0.002s(1%) wait.front=0.055s(26%) drain=0.001s(0%) route=0.000s(0%) meta=0.000s(0%) fetch=0.142s(68%) enc.moe=0.001s(1%) tail=0.000s(0%) head=0.006s(3%) other=0.001s(0%) call=0.209s | tiles=88 ahead=88 experts=493 miss=156 io=0.159s 3.4GB/s]
[prefill gpuq busy=0.065s(31%) idle=0.144s(69%) span=0.209s buffers=179]
[prefill gpu attn=0.014s(24%) shared=0.006s(10%) moe=0.030s(53%) tail=0.001s(2%) head=0.007s(11%) total=0.058s]
[prefill host enc.front=0.002s(1%) wait.front=0.040s(22%) drain=0.001s(1%) route=0.000s(0%) meta=0.000s(0%) fetch=0.127s(71%) enc.moe=0.001s(1%) tail=0.000s(0%) head=0.007s(4%) other=0.001s(0%) call=0.179s | tiles=84 ahead=84 experts=444 miss=160 io=0.137s 4.0GB/s]
[prefill gpuq busy=0.056s(32%) idle=0.123s(68%) span=0.179s buffers=175]
[prefill gpu attn=0.011s(28%) shared=0.004s(10%) moe=0.019s(51%) tail=0.001s(2%) head=0.004s(10%) total=0.038s]
[prefill host enc.front=0.002s(2%) wait.front=0.025s(27%) drain=0.000s(0%) route=0.000s(0%) meta=0.000s(0%) fetch=0.060s(65%) enc.moe=0.001s(1%) tail=0.000s(0%) head=0.004s(4%) other=0.001s(1%) call=0.093s | tiles=88 ahead=88 experts=437 miss=75 io=0.067s 3.9GB/s]
[prefill gpuq busy=0.038s(41%) idle=0.055s(59%) span=0.093s buffers=179]
[prefill gpu attn=0.012s(26%) shared=0.004s(9%) moe=0.024s(54%) tail=0.001s(2%) head=0.004s(9%) total=0.045s]
[prefill host enc.front=0.002s(2%) wait.front=0.026s(26%) drain=0.001s(1%) route=0.000s(0%) meta=0.000s(0%) fetch=0.067s(66%) enc.moe=0.001s(1%) tail=0.000s(0%) head=0.004s(4%) other=0.001s(1%) call=0.103s | tiles=98 ahead=98 experts=548 miss=82 io=0.073s 3.9GB/s]
[prefill gpuq busy=0.045s(44%) idle=0.057s(56%) span=0.102s buffers=189]
[prefill gpu attn=0.011s(28%) shared=0.004s(9%) moe=0.021s(52%) tail=0.001s(2%) head=0.004s(9%) total=0.041s]
[prefill host enc.front=0.002s(2%) wait.front=0.026s(28%) drain=0.000s(0%) route=0.000s(0%) meta=0.000s(0%) fetch=0.060s(64%) enc.moe=0.001s(1%) tail=0.000s(0%) head=0.004s(4%) other=0.001s(1%) call=0.094s | tiles=91 ahead=91 experts=503 miss=73 io=0.060s 4.2GB/s]
[prefill gpuq busy=0.041s(44%) idle=0.053s(56%) span=0.094s buffers=182]
[prefill gpu attn=0.011s(28%) shared=0.004s(9%) moe=0.020s(52%) tail=0.001s(2%) head=0.003s(9%) total=0.039s]
[prefill host enc.front=0.002s(3%) wait.front=0.023s(35%) drain=0.001s(1%) route=0.000s(0%) meta=0.000s(0%) fetch=0.035s(53%) enc.moe=0.001s(1%) tail=0.000s(0%) head=0.004s(5%) other=0.000s(1%) call=0.066s | tiles=90 ahead=90 experts=504 miss=49 io=0.035s 4.8GB/s]
[prefill gpuq busy=0.039s(59%) idle=0.027s(41%) span=0.066s buffers=181]
[prefill gpu attn=0.011s(28%) shared=0.004s(10%) moe=0.019s(51%) tail=0.001s(2%) head=0.003s(9%) total=0.038s]
[prefill host enc.front=0.002s(3%) wait.front=0.023s(41%) drain=0.000s(1%) route=0.000s(0%) meta=0.000s(0%) fetch=0.025s(46%) enc.moe=0.001s(1%) tail=0.000s(0%) head=0.004s(6%) other=0.000s(1%) call=0.055s | tiles=85 ahead=85 experts=453 miss=31 io=0.026s 4.2GB/s]
[prefill gpuq busy=0.038s(69%) idle=0.017s(31%) span=0.055s buffers=176]
[prefill gpu attn=0.011s(28%) shared=0.004s(9%) moe=0.020s(52%) tail=0.001s(2%) head=0.003s(9%) total=0.038s]
[prefill host enc.front=0.002s(2%) wait.front=0.023s(33%) drain=0.000s(0%) route=0.000s(0%) meta=0.000s(0%) fetch=0.039s(56%) enc.moe=0.001s(1%) tail=0.000s(0%) head=0.004s(5%) other=0.000s(1%) call=0.069s | tiles=95 ahead=95 experts=523 miss=48 io=0.039s 4.2GB/s]
[prefill gpuq busy=0.038s(55%) idle=0.031s(45%) span=0.069s buffers=186]
[prefill gpu attn=0.011s(28%) shared=0.004s(9%) moe=0.020s(52%) tail=0.001s(2%) head=0.003s(9%) total=0.038s]
[prefill host enc.front=0.002s(2%) wait.front=0.023s(31%) drain=0.000s(1%) route=0.000s(0%) meta=0.000s(0%) fetch=0.042s(59%) enc.moe=0.001s(1%) tail=0.000s(0%) head=0.004s(5%) other=0.000s(1%) call=0.072s | tiles=86 ahead=86 experts=469 miss=55 io=0.042s 4.5GB/s]
[prefill gpuq busy=0.038s(53%) idle=0.034s(47%) span=0.072s buffers=177]
[prefill gpu attn=0.011s(27%) shared=0.004s(9%) moe=0.022s(53%) tail=0.001s(2%) head=0.004s(9%) total=0.041s]
[prefill host enc.front=0.002s(2%) wait.front=0.027s(32%) drain=0.001s(1%) route=0.000s(0%) meta=0.000s(0%) fetch=0.047s(58%) enc.moe=0.001s(1%) tail=0.000s(0%) head=0.004s(5%) other=0.001s(1%) call=0.082s | tiles=99 ahead=99 experts=557 miss=63 io=0.050s 4.4GB/s]
[prefill gpuq busy=0.041s(50%) idle=0.041s(50%) span=0.082s buffers=190]
[prefill gpu attn=0.011s(27%) shared=0.004s(10%) moe=0.021s(52%) tail=0.001s(2%) head=0.004s(9%) total=0.041s]
[prefill host enc.front=0.002s(2%) wait.front=0.023s(26%) drain=0.000s(0%) route=0.000s(0%) meta=0.000s(0%) fetch=0.058s(65%) enc.moe=0.001s(1%) tail=0.000s(0%) head=0.004s(4%) other=0.001s(1%) call=0.089s | tiles=94 ahead=94 experts=492 miss=64 io=0.058s 3.8GB/s]
[prefill gpuq busy=0.041s(46%) idle=0.048s(54%) span=0.089s buffers=185]
[prefill gpu attn=0.011s(29%) shared=0.004s(10%) moe=0.018s(50%) tail=0.001s(2%) head=0.003s(9%) total=0.037s]
[prefill host enc.front=0.002s(4%) wait.front=0.024s(55%) drain=0.001s(2%) route=0.000s(0%) meta=0.000s(0%) fetch=0.012s(28%) enc.moe=0.001s(1%) tail=0.000s(0%) head=0.004s(8%) other=0.000s(1%) call=0.044s | tiles=74 ahead=74 experts=413 miss=19 io=0.013s 5.3GB/s]
[prefill gpuq busy=0.037s(85%) idle=0.007s(15%) span=0.043s buffers=165]
[prefill gpu attn=0.011s(28%) shared=0.004s(10%) moe=0.020s(51%) tail=0.001s(2%) head=0.003s(9%) total=0.039s]
[prefill host enc.front=0.002s(3%) wait.front=0.024s(45%) drain=0.000s(1%) route=0.000s(0%) meta=0.000s(0%) fetch=0.022s(41%) enc.moe=0.001s(1%) tail=0.000s(0%) head=0.004s(7%) other=0.000s(1%) call=0.054s | tiles=77 ahead=77 experts=442 miss=45 io=0.022s 6.9GB/s]
[prefill gpuq busy=0.038s(72%) idle=0.015s(28%) span=0.054s buffers=168]
[prefill gpu attn=0.011s(28%) shared=0.004s(9%) moe=0.020s(52%) tail=0.001s(2%) head=0.003s(9%) total=0.039s]
[prefill host enc.front=0.002s(3%) wait.front=0.024s(44%) drain=0.000s(1%) route=0.000s(0%) meta=0.000s(0%) fetch=0.024s(43%) enc.moe=0.001s(1%) tail=0.000s(0%) head=0.004s(6%) other=0.000s(1%) call=0.055s | tiles=92 ahead=92 experts=539 miss=38 io=0.024s 5.5GB/s]
[prefill gpuq busy=0.039s(70%) idle=0.016s(30%) span=0.055s buffers=183]
[prefill gpu attn=0.011s(27%) shared=0.004s(9%) moe=0.021s(53%) tail=0.001s(2%) head=0.003s(9%) total=0.040s]
[prefill host enc.front=0.002s(1%) wait.front=0.030s(21%) drain=0.001s(0%) route=0.000s(0%) meta=0.000s(0%) fetch=0.107s(73%) enc.moe=0.001s(1%) tail=0.000s(0%) head=0.004s(2%) other=0.001s(0%) call=0.146s | tiles=79 ahead=79 experts=429 miss=169 io=0.119s 4.9GB/s]
[prefill gpuq busy=0.040s(27%) idle=0.106s(73%) span=0.146s buffers=170]
[prefill gpu attn=0.011s(28%) shared=0.004s(9%) moe=0.020s(51%) tail=0.001s(2%) head=0.004s(9%) total=0.038s]
[prefill host enc.front=0.002s(3%) wait.front=0.022s(37%) drain=0.000s(1%) route=0.000s(0%) meta=0.000s(0%) fetch=0.030s(51%) enc.moe=0.001s(1%) tail=0.000s(0%) head=0.004s(6%) other=0.000s(1%) call=0.060s | tiles=88 ahead=88 experts=471 miss=47 io=0.031s 5.3GB/s]
[prefill gpuq busy=0.038s(64%) idle=0.021s(36%) span=0.059s buffers=179]
[prefill gpu attn=0.011s(27%) shared=0.004s(10%) moe=0.022s(54%) tail=0.001s(2%) head=0.003s(8%) total=0.040s]
[prefill host enc.front=0.002s(4%) wait.front=0.021s(40%) drain=0.001s(2%) route=0.000s(1%) meta=0.000s(0%) fetch=0.023s(44%) enc.moe=0.001s(2%) tail=0.000s(0%) head=0.004s(7%) other=0.001s(1%) call=0.052s | tiles=98 ahead=98 experts=547 miss=47 io=0.023s 6.9GB/s]
[prefill gpuq busy=0.040s(77%) idle=0.012s(23%) span=0.052s buffers=189]
[prefill gpu attn=0.011s(28%) shared=0.004s(9%) moe=0.020s(52%) tail=0.001s(2%) head=0.003s(9%) total=0.038s]
[prefill host enc.front=0.002s(3%) wait.front=0.020s(36%) drain=0.000s(1%) route=0.000s(0%) meta=0.000s(0%) fetch=0.028s(51%) enc.moe=0.001s(1%) tail=0.000s(0%) head=0.004s(6%) other=0.000s(1%) call=0.056s | tiles=88 ahead=88 experts=497 miss=50 io=0.029s 6.0GB/s]
[prefill gpuq busy=0.038s(69%) idle=0.018s(31%) span=0.056s buffers=179]
[prefill gpu attn=0.011s(29%) shared=0.004s(10%) moe=0.018s(50%) tail=0.001s(2%) head=0.003s(9%) total=0.037s]
[prefill host enc.front=0.002s(3%) wait.front=0.025s(47%) drain=0.000s(1%) route=0.000s(0%) meta=0.000s(0%) fetch=0.020s(39%) enc.moe=0.001s(1%) tail=0.000s(0%) head=0.004s(7%) other=0.000s(1%) call=0.052s | tiles=79 ahead=79 experts=440 miss=35 io=0.020s 5.9GB/s]
[prefill gpuq busy=0.037s(71%) idle=0.015s(29%) span=0.051s buffers=170]
[prefill gpu attn=0.011s(28%) shared=0.004s(10%) moe=0.020s(51%) tail=0.001s(2%) head=0.003s(9%) total=0.039s]
[prefill host enc.front=0.002s(3%) wait.front=0.022s(39%) drain=0.000s(1%) route=0.000s(0%) meta=0.000s(0%) fetch=0.028s(49%) enc.moe=0.001s(1%) tail=0.000s(0%) head=0.004s(6%) other=0.000s(1%) call=0.057s | tiles=89 ahead=89 experts=474 miss=32 io=0.028s 4.0GB/s]
[prefill gpuq busy=0.039s(68%) idle=0.018s(32%) span=0.057s buffers=180]
[prefill gpu attn=0.011s(28%) shared=0.004s(9%) moe=0.021s(53%) tail=0.001s(2%) head=0.003s(9%) total=0.039s]
[prefill host enc.front=0.002s(3%) wait.front=0.021s(40%) drain=0.000s(1%) route=0.000s(0%) meta=0.000s(0%) fetch=0.024s(46%) enc.moe=0.001s(2%) tail=0.000s(0%) head=0.004s(7%) other=0.000s(1%) call=0.053s | tiles=83 ahead=83 experts=430 miss=66 io=0.024s 9.3GB/s]
[prefill gpuq busy=0.039s(74%) idle=0.014s(26%) span=0.053s buffers=174]
[prefill gpu attn=0.011s(29%) shared=0.004s(10%) moe=0.019s(50%) tail=0.001s(2%) head=0.003s(9%) total=0.037s]
[prefill host enc.front=0.002s(4%) wait.front=0.025s(55%) drain=0.001s(2%) route=0.000s(0%) meta=0.000s(0%) fetch=0.013s(29%) enc.moe=0.001s(1%) tail=0.000s(0%) head=0.004s(8%) other=0.000s(1%) call=0.045s | tiles=75 ahead=75 experts=440 miss=21 io=0.013s 5.6GB/s]
[prefill gpuq busy=0.037s(83%) idle=0.007s(17%) span=0.044s buffers=166]
[prefill gpu attn=0.011s(28%) shared=0.004s(9%) moe=0.020s(52%) tail=0.001s(2%) head=0.003s(9%) total=0.038s]
[prefill host enc.front=0.002s(4%) wait.front=0.024s(56%) drain=0.001s(2%) route=0.000s(0%) meta=0.000s(0%) fetch=0.011s(26%) enc.moe=0.001s(2%) tail=0.000s(0%) head=0.004s(8%) other=0.000s(1%) call=0.043s | tiles=93 ahead=93 experts=535 miss=23 io=0.012s 6.9GB/s]
[prefill gpuq busy=0.038s(89%) idle=0.005s(11%) span=0.043s buffers=184]
[prefill gpu attn=0.011s(26%) shared=0.004s(9%) moe=0.022s(54%) tail=0.001s(2%) head=0.003s(8%) total=0.041s]
[prefill host enc.front=0.002s(2%) wait.front=0.026s(24%) drain=0.001s(1%) route=0.000s(0%) meta=0.000s(0%) fetch=0.075s(68%) enc.moe=0.001s(1%) tail=0.000s(0%) head=0.004s(3%) other=0.001s(1%) call=0.110s | tiles=97 ahead=97 experts=541 miss=104 io=0.084s 4.3GB/s]
[prefill gpuq busy=0.041s(37%) idle=0.069s(63%) span=0.110s buffers=188]
[prefill gpu attn=0.011s(29%) shared=0.004s(10%) moe=0.019s(50%) tail=0.001s(2%) head=0.004s(9%) total=0.038s]
[prefill host enc.front=0.002s(3%) wait.front=0.024s(47%) drain=0.000s(1%) route=0.000s(0%) meta=0.000s(0%) fetch=0.020s(39%) enc.moe=0.001s(1%) tail=0.000s(0%) head=0.004s(7%) other=0.000s(1%) call=0.052s | tiles=77 ahead=77 experts=444 miss=32 io=0.020s 5.5GB/s]
[prefill gpuq busy=0.038s(73%) idle=0.014s(27%) span=0.051s buffers=168]
[prefill gpu attn=0.011s(28%) shared=0.004s(9%) moe=0.021s(53%) tail=0.001s(2%) head=0.003s(9%) total=0.039s]
[prefill host enc.front=0.002s(3%) wait.front=0.021s(34%) drain=0.001s(1%) route=0.000s(0%) meta=0.000s(0%) fetch=0.033s(53%) enc.moe=0.001s(1%) tail=0.000s(0%) head=0.004s(6%) other=0.000s(1%) call=0.062s | tiles=89 ahead=89 experts=497 miss=56 io=0.033s 5.9GB/s]
[prefill gpuq busy=0.039s(63%) idle=0.023s(37%) span=0.062s buffers=180]
[prefill gpu attn=0.011s(29%) shared=0.004s(9%) moe=0.019s(51%) tail=0.001s(2%) head=0.003s(9%) total=0.038s]
[prefill host enc.front=0.002s(3%) wait.front=0.031s(59%) drain=0.000s(1%) route=0.000s(0%) meta=0.000s(0%) fetch=0.015s(28%) enc.moe=0.001s(1%) tail=0.000s(0%) head=0.004s(7%) other=0.000s(1%) call=0.053s | tiles=85 ahead=85 experts=484 miss=26 io=0.015s 6.1GB/s]
[prefill gpuq busy=0.038s(72%) idle=0.015s(28%) span=0.053s buffers=176]
[prefill gpu attn=0.011s(28%) shared=0.004s(9%) moe=0.020s(52%) tail=0.001s(2%) head=0.003s(9%) total=0.039s]
[prefill host enc.front=0.002s(3%) wait.front=0.022s(42%) drain=0.001s(1%) route=0.000s(0%) meta=0.000s(0%) fetch=0.023s(43%) enc.moe=0.001s(1%) tail=0.000s(0%) head=0.004s(7%) other=0.000s(1%) call=0.053s | tiles=93 ahead=93 experts=531 miss=40 io=0.023s 6.0GB/s]
[prefill gpuq busy=0.039s(73%) idle=0.014s(27%) span=0.053s buffers=184]
[prefill gpu attn=0.011s(28%) shared=0.004s(9%) moe=0.019s(51%) tail=0.001s(2%) head=0.003s(9%) total=0.038s]
[prefill host enc.front=0.002s(3%) wait.front=0.026s(50%) drain=0.000s(0%) route=0.000s(0%) meta=0.000s(0%) fetch=0.020s(37%) enc.moe=0.001s(1%) tail=0.000s(0%) head=0.004s(7%) other=0.000s(1%) call=0.053s | tiles=80 ahead=80 experts=442 miss=38 io=0.020s 6.6GB/s]
[prefill gpuq busy=0.038s(72%) idle=0.015s(28%) span=0.053s buffers=171]
[prefill gpu attn=0.011s(28%) shared=0.004s(10%) moe=0.020s(51%) tail=0.001s(2%) head=0.004s(9%) total=0.039s]
[prefill host enc.front=0.002s(4%) wait.front=0.022s(48%) drain=0.000s(1%) route=0.000s(0%) meta=0.000s(0%) fetch=0.016s(36%) enc.moe=0.001s(2%) tail=0.000s(0%) head=0.004s(8%) other=0.000s(1%) call=0.045s | tiles=94 ahead=94 experts=521 miss=29 io=0.017s 6.0GB/s]
[prefill gpuq busy=0.039s(86%) idle=0.006s(14%) span=0.045s buffers=185]
[prefill gpu attn=0.011s(26%) shared=0.004s(9%) moe=0.022s(54%) tail=0.001s(2%) head=0.003s(8%) total=0.041s]
[prefill host enc.front=0.002s(3%) wait.front=0.020s(31%) drain=0.001s(1%) route=0.000s(0%) meta=0.000s(0%) fetch=0.035s(56%) enc.moe=0.001s(1%) tail=0.000s(0%) head=0.004s(6%) other=0.001s(1%) call=0.063s | tiles=91 ahead=91 experts=512 miss=68 io=0.035s 6.6GB/s]
[prefill gpuq busy=0.041s(65%) idle=0.022s(35%) span=0.062s buffers=182]
[prefill gpu attn=0.011s(28%) shared=0.004s(10%) moe=0.019s(51%) tail=0.001s(2%) head=0.003s(9%) total=0.038s]
[prefill host enc.front=0.002s(3%) wait.front=0.021s(43%) drain=0.000s(1%) route=0.000s(0%) meta=0.000s(0%) fetch=0.021s(42%) enc.moe=0.001s(2%) tail=0.000s(0%) head=0.004s(7%) other=0.000s(1%) call=0.049s | tiles=88 ahead=88 experts=465 miss=37 io=0.021s 6.0GB/s]
[prefill gpuq busy=0.038s(77%) idle=0.011s(23%) span=0.049s buffers=179]
[prefill gpu attn=0.011s(28%) shared=0.004s(9%) moe=0.021s(53%) tail=0.001s(2%) head=0.003s(8%) total=0.040s]
[prefill host enc.front=0.002s(3%) wait.front=0.021s(31%) drain=0.000s(1%) route=0.000s(0%) meta=0.000s(0%) fetch=0.040s(58%) enc.moe=0.001s(1%) tail=0.000s(0%) head=0.004s(5%) other=0.001s(1%) call=0.069s | tiles=91 ahead=91 experts=472 miss=82 io=0.042s 6.8GB/s]
[prefill gpuq busy=0.040s(58%) idle=0.029s(42%) span=0.069s buffers=182]
[prefill gpu attn=0.011s(29%) shared=0.004s(9%) moe=0.019s(50%) tail=0.001s(2%) head=0.003s(9%) total=0.037s]
[prefill host enc.front=0.002s(4%) wait.front=0.024s(55%) drain=0.000s(1%) route=0.000s(0%) meta=0.000s(0%) fetch=0.013s(30%) enc.moe=0.001s(1%) tail=0.000s(0%) head=0.004s(8%) other=0.000s(1%) call=0.044s | tiles=79 ahead=79 experts=465 miss=25 io=0.013s 6.6GB/s]
[prefill gpuq busy=0.037s(85%) idle=0.006s(15%) span=0.044s buffers=170]
[prefill gpu attn=0.011s(28%) shared=0.003s(9%) moe=0.020s(52%) tail=0.001s(2%) head=0.003s(9%) total=0.038s]
[prefill host enc.front=0.002s(4%) wait.front=0.025s(58%) drain=0.000s(1%) route=0.000s(0%) meta=0.000s(0%) fetch=0.011s(25%) enc.moe=0.001s(2%) tail=0.000s(0%) head=0.004s(8%) other=0.000s(1%) call=0.043s | tiles=92 ahead=92 experts=528 miss=21 io=0.011s 6.7GB/s]
[prefill gpuq busy=0.038s(90%) idle=0.004s(10%) span=0.042s buffers=183]
[prefill gpu attn=0.011s(28%) shared=0.004s(9%) moe=0.021s(52%) tail=0.001s(2%) head=0.004s(9%) total=0.039s]
[prefill host enc.front=0.002s(4%) wait.front=0.022s(47%) drain=0.001s(1%) route=0.000s(0%) meta=0.000s(0%) fetch=0.017s(37%) enc.moe=0.001s(2%) tail=0.000s(0%) head=0.004s(8%) other=0.000s(1%) call=0.047s | tiles=88 ahead=88 experts=508 miss=41 io=0.018s 8.0GB/s]
[prefill gpuq busy=0.039s(84%) idle=0.007s(16%) span=0.047s buffers=179]
[prefill gpu attn=0.011s(28%) shared=0.004s(9%) moe=0.021s(53%) tail=0.001s(2%) head=0.003s(9%) total=0.039s]
[prefill host enc.front=0.002s(3%) wait.front=0.021s(42%) drain=0.000s(1%) route=0.000s(0%) meta=0.000s(0%) fetch=0.022s(43%) enc.moe=0.001s(2%) tail=0.000s(0%) head=0.004s(7%) other=0.000s(1%) call=0.051s | tiles=88 ahead=88 experts=486 miss=49 io=0.022s 7.6GB/s]
[prefill gpuq busy=0.039s(77%) idle=0.011s(23%) span=0.051s buffers=179]
[prefill gpu attn=0.011s(28%) shared=0.004s(9%) moe=0.020s(52%) tail=0.001s(2%) head=0.003s(9%) total=0.039s]
[prefill host enc.front=0.002s(3%) wait.front=0.019s(38%) drain=0.000s(1%) route=0.000s(0%) meta=0.000s(0%) fetch=0.024s(48%) enc.moe=0.001s(2%) tail=0.000s(0%) head=0.004s(7%) other=0.000s(1%) call=0.051s | tiles=87 ahead=87 experts=451 miss=53 io=0.025s 7.4GB/s]
[prefill gpuq busy=0.039s(76%) idle=0.012s(24%) span=0.051s buffers=178]
[prefill gpu attn=0.011s(26%) shared=0.004s(9%) moe=0.022s(54%) tail=0.001s(2%) head=0.003s(8%) total=0.041s]
[prefill host enc.front=0.002s(2%) wait.front=0.021s(26%) drain=0.000s(1%) route=0.000s(0%) meta=0.000s(0%) fetch=0.051s(64%) enc.moe=0.001s(1%) tail=0.000s(0%) head=0.004s(5%) other=0.001s(1%) call=0.080s | tiles=91 ahead=91 experts=516 miss=100 io=0.055s 6.3GB/s]
[prefill gpuq busy=0.041s(51%) idle=0.039s(49%) span=0.080s buffers=182]
[prefill gpu attn=0.011s(27%) shared=0.004s(9%) moe=0.021s(53%) tail=0.001s(2%) head=0.003s(9%) total=0.040s]
[prefill host enc.front=0.002s(3%) wait.front=0.021s(41%) drain=0.000s(1%) route=0.000s(0%) meta=0.000s(0%) fetch=0.023s(44%) enc.moe=0.001s(2%) tail=0.000s(0%) head=0.004s(7%) other=0.000s(1%) call=0.052s | tiles=93 ahead=93 experts=534 miss=51 io=0.023s 7.6GB/s]
[prefill gpuq busy=0.040s(77%) idle=0.012s(23%) span=0.051s buffers=184]
[prefill gpu attn=0.011s(29%) shared=0.004s(10%) moe=0.019s(51%) tail=0.001s(2%) head=0.003s(9%) total=0.038s]
[prefill host enc.front=0.002s(4%) wait.front=0.023s(51%) drain=0.001s(2%) route=0.000s(0%) meta=0.000s(0%) fetch=0.014s(32%) enc.moe=0.001s(2%) tail=0.000s(0%) head=0.004s(8%) other=0.000s(1%) call=0.044s | tiles=84 ahead=84 experts=480 miss=28 io=0.014s 6.8GB/s]
[prefill gpuq busy=0.038s(86%) idle=0.006s(14%) span=0.044s buffers=175]
[prefill gpu attn=0.011s(29%) shared=0.004s(10%) moe=0.019s(51%) tail=0.001s(2%) head=0.003s(9%) total=0.038s]
[prefill host enc.front=0.002s(4%) wait.front=0.023s(48%) drain=0.000s(1%) route=0.000s(0%) meta=0.000s(0%) fetch=0.017s(37%) enc.moe=0.001s(2%) tail=0.000s(0%) head=0.004s(8%) other=0.000s(1%) call=0.047s | tiles=85 ahead=85 experts=455 miss=31 io=0.017s 6.2GB/s]
[prefill gpuq busy=0.038s(82%) idle=0.008s(18%) span=0.047s buffers=176]
[prefill gpu attn=0.011s(30%) shared=0.004s(10%) moe=0.018s(49%) tail=0.001s(2%) head=0.003s(9%) total=0.036s]
[prefill host enc.front=0.002s(4%) wait.front=0.026s(62%) drain=0.001s(2%) route=0.000s(0%) meta=0.000s(0%) fetch=0.009s(21%) enc.moe=0.001s(1%) tail=0.000s(0%) head=0.004s(9%) other=0.000s(1%) call=0.042s | tiles=69 ahead=69 experts=392 miss=16 io=0.009s 6.3GB/s]
[prefill gpuq busy=0.036s(87%) idle=0.005s(13%) span=0.041s buffers=160]
[prefill gpu attn=0.011s(28%) shared=0.004s(9%) moe=0.020s(51%) tail=0.001s(2%) head=0.004s(9%) total=0.039s]
[prefill host enc.front=0.002s(3%) wait.front=0.022s(41%) drain=0.000s(1%) route=0.000s(0%) meta=0.000s(0%) fetch=0.024s(45%) enc.moe=0.001s(1%) tail=0.000s(0%) head=0.004s(7%) other=0.000s(1%) call=0.053s | tiles=85 ahead=85 experts=466 miss=38 io=0.024s 5.4GB/s]
[prefill gpuq busy=0.039s(74%) idle=0.014s(26%) span=0.053s buffers=176]
[prefill gpu attn=0.011s(27%) shared=0.004s(9%) moe=0.022s(54%) tail=0.001s(2%) head=0.003s(8%) total=0.041s]
[prefill host enc.front=0.002s(3%) wait.front=0.023s(34%) drain=0.000s(1%) route=0.000s(0%) meta=0.000s(0%) fetch=0.037s(55%) enc.moe=0.001s(1%) tail=0.000s(0%) head=0.004s(5%) other=0.001s(1%) call=0.068s | tiles=90 ahead=90 experts=500 miss=64 io=0.037s 5.9GB/s]
[prefill gpuq busy=0.041s(61%) idle=0.026s(39%) span=0.067s buffers=181]
[prefill gpu attn=0.011s(29%) shared=0.004s(9%) moe=0.020s(51%) tail=0.001s(2%) head=0.003s(9%) total=0.039s]
[prefill host enc.front=0.002s(3%) wait.front=0.023s(37%) drain=0.000s(1%) route=0.000s(0%) meta=0.000s(0%) fetch=0.033s(52%) enc.moe=0.001s(1%) tail=0.000s(0%) head=0.004s(6%) other=0.000s(1%) call=0.063s | tiles=84 ahead=84 experts=450 miss=56 io=0.033s 5.9GB/s]
[prefill gpuq busy=0.039s(61%) idle=0.024s(39%) span=0.063s buffers=175]
[prefill gpu attn=0.011s(28%) shared=0.004s(9%) moe=0.020s(51%) tail=0.001s(2%) head=0.003s(9%) total=0.038s]
[prefill host enc.front=0.002s(4%) wait.front=0.029s(61%) drain=0.000s(1%) route=0.000s(0%) meta=0.000s(0%) fetch=0.011s(24%) enc.moe=0.001s(1%) tail=0.000s(0%) head=0.004s(8%) other=0.000s(1%) call=0.047s | tiles=83 ahead=83 experts=500 miss=27 io=0.011s 8.2GB/s]
[prefill gpuq busy=0.038s(82%) idle=0.008s(18%) span=0.047s buffers=174]
[prefill gpu attn=0.011s(28%) shared=0.004s(9%) moe=0.021s(52%) tail=0.001s(2%) head=0.004s(9%) total=0.040s]
[prefill host enc.front=0.002s(3%) wait.front=0.023s(41%) drain=0.000s(1%) route=0.000s(0%) meta=0.000s(0%) fetch=0.026s(46%) enc.moe=0.001s(1%) tail=0.000s(0%) head=0.004s(7%) other=0.000s(1%) call=0.056s | tiles=85 ahead=85 experts=499 miss=52 io=0.026s 6.9GB/s]
[prefill gpuq busy=0.040s(71%) idle=0.016s(29%) span=0.056s buffers=176]
[prefill gpu attn=0.011s(29%) shared=0.004s(10%) moe=0.020s(51%) tail=0.001s(2%) head=0.003s(9%) total=0.039s]
[prefill host enc.front=0.002s(4%) wait.front=0.024s(56%) drain=0.000s(1%) route=0.000s(1%) meta=0.000s(0%) fetch=0.012s(27%) enc.moe=0.001s(2%) tail=0.000s(0%) head=0.004s(8%) other=0.000s(1%) call=0.043s | tiles=80 ahead=80 experts=442 miss=34 io=0.012s 10.1GB/s]
[prefill gpuq busy=0.038s(90%) idle=0.004s(10%) span=0.043s buffers=171]
[prefill gpu attn=0.011s(26%) shared=0.004s(9%) moe=0.023s(55%) tail=0.001s(2%) head=0.003s(8%) total=0.042s]
[prefill host enc.front=0.002s(3%) wait.front=0.021s(34%) drain=0.001s(1%) route=0.000s(0%) meta=0.000s(0%) fetch=0.033s(53%) enc.moe=0.001s(2%) tail=0.000s(0%) head=0.004s(6%) other=0.001s(1%) call=0.062s | tiles=90 ahead=90 experts=504 miss=84 io=0.034s 8.5GB/s]
[prefill gpuq busy=0.042s(68%) idle=0.020s(32%) span=0.062s buffers=181]
[prefill gpu attn=0.011s(30%) shared=0.004s(10%) moe=0.018s(49%) tail=0.001s(2%) head=0.003s(9%) total=0.037s]
[prefill host enc.front=0.002s(4%) wait.front=0.022s(50%) drain=0.000s(1%) route=0.000s(0%) meta=0.000s(0%) fetch=0.015s(34%) enc.moe=0.001s(1%) tail=0.000s(0%) head=0.004s(8%) other=0.000s(1%) call=0.044s | tiles=76 ahead=76 experts=392 miss=26 io=0.015s 5.9GB/s]
[prefill gpuq busy=0.036s(83%) idle=0.008s(17%) span=0.044s buffers=167]
[prefill gpu attn=0.011s(27%) shared=0.004s(9%) moe=0.023s(54%) tail=0.001s(2%) head=0.003s(8%) total=0.041s]
[prefill host enc.front=0.002s(3%) wait.front=0.021s(32%) drain=0.000s(0%) route=0.000s(0%) meta=0.000s(0%) fetch=0.036s(56%) enc.moe=0.001s(2%) tail=0.000s(0%) head=0.004s(6%) other=0.001s(1%) call=0.064s | tiles=107 ahead=107 experts=563 miss=58 io=0.036s 5.6GB/s]
[prefill gpuq busy=0.041s(65%) idle=0.022s(35%) span=0.064s buffers=198]
[prefill gpu attn=0.011s(28%) shared=0.004s(9%) moe=0.021s(53%) tail=0.001s(2%) head=0.003s(9%) total=0.040s]
[prefill host enc.front=0.002s(3%) wait.front=0.023s(35%) drain=0.001s(1%) route=0.000s(0%) meta=0.000s(0%) fetch=0.036s(54%) enc.moe=0.001s(1%) tail=0.000s(0%) head=0.004s(6%) other=0.001s(1%) call=0.067s | tiles=95 ahead=95 experts=506 miss=66 io=0.036s 6.3GB/s]
[prefill gpuq busy=0.040s(59%) idle=0.027s(41%) span=0.067s buffers=186]
[prefill gpu attn=0.011s(28%) shared=0.004s(9%) moe=0.021s(53%) tail=0.001s(2%) head=0.003s(9%) total=0.039s]
[prefill host enc.front=0.002s(3%) wait.front=0.026s(43%) drain=0.001s(2%) route=0.000s(0%) meta=0.000s(0%) fetch=0.027s(44%) enc.moe=0.001s(1%) tail=0.000s(0%) head=0.004s(6%) other=0.000s(1%) call=0.061s | tiles=85 ahead=85 experts=495 miss=59 io=0.030s 6.8GB/s]
[prefill gpuq busy=0.039s(65%) idle=0.021s(35%) span=0.061s buffers=176]
[prefill gpu attn=0.011s(28%) shared=0.004s(9%) moe=0.020s(52%) tail=0.001s(2%) head=0.003s(9%) total=0.039s]
[prefill host enc.front=0.002s(3%) wait.front=0.023s(45%) drain=0.000s(0%) route=0.000s(0%) meta=0.000s(0%) fetch=0.022s(42%) enc.moe=0.001s(1%) tail=0.000s(0%) head=0.004s(7%) other=0.000s(1%) call=0.052s | tiles=83 ahead=83 experts=483 miss=42 io=0.022s 6.6GB/s]
[prefill gpuq busy=0.039s(75%) idle=0.013s(25%) span=0.052s buffers=174]
[prefill gpu attn=0.011s(28%) shared=0.004s(9%) moe=0.020s(52%) tail=0.001s(2%) head=0.003s(9%) total=0.038s]
[prefill host enc.front=0.002s(3%) wait.front=0.022s(44%) drain=0.000s(1%) route=0.000s(0%) meta=0.000s(0%) fetch=0.021s(42%) enc.moe=0.001s(2%) tail=0.000s(0%) head=0.004s(7%) other=0.000s(1%) call=0.050s | tiles=89 ahead=89 experts=508 miss=38 io=0.021s 6.2GB/s]
[prefill gpuq busy=0.038s(77%) idle=0.011s(23%) span=0.050s buffers=180]
[prefill gpu attn=0.011s(28%) shared=0.004s(9%) moe=0.020s(52%) tail=0.001s(2%) head=0.004s(9%) total=0.039s]
[prefill host enc.front=0.002s(3%) wait.front=0.021s(41%) drain=0.000s(1%) route=0.000s(0%) meta=0.000s(0%) fetch=0.023s(45%) enc.moe=0.001s(1%) tail=0.000s(0%) head=0.004s(7%) other=0.000s(1%) call=0.052s | tiles=85 ahead=85 experts=460 miss=55 io=0.023s 8.2GB/s]
[prefill gpuq busy=0.039s(76%) idle=0.012s(24%) span=0.051s buffers=176]
[prefill gpu attn=0.011s(28%) shared=0.004s(9%) moe=0.022s(53%) tail=0.001s(2%) head=0.003s(8%) total=0.041s]
[prefill host enc.front=0.002s(4%) wait.front=0.023s(48%) drain=0.000s(1%) route=0.000s(0%) meta=0.000s(0%) fetch=0.018s(37%) enc.moe=0.001s(2%) tail=0.000s(0%) head=0.004s(7%) other=0.000s(1%) call=0.048s | tiles=96 ahead=96 experts=531 miss=40 io=0.019s 7.2GB/s]
[prefill gpuq busy=0.041s(84%) idle=0.007s(16%) span=0.048s buffers=187]
[prefill gpu attn=0.011s(27%) shared=0.004s(9%) moe=0.022s(54%) tail=0.001s(2%) head=0.003s(9%) total=0.041s]
[prefill host enc.front=0.002s(3%) wait.front=0.023s(41%) drain=0.000s(1%) route=0.000s(0%) meta=0.000s(0%) fetch=0.025s(45%) enc.moe=0.001s(2%) tail=0.000s(0%) head=0.004s(7%) other=0.000s(1%) call=0.055s | tiles=103 ahead=103 experts=575 miss=48 io=0.025s 6.5GB/s]
[prefill gpuq busy=0.041s(74%) idle=0.014s(26%) span=0.055s buffers=194]
[prefill gpu attn=0.011s(28%) shared=0.004s(9%) moe=0.020s(52%) tail=0.001s(2%) head=0.003s(9%) total=0.039s]
[prefill host enc.front=0.002s(4%) wait.front=0.023s(56%) drain=0.000s(1%) route=0.000s(1%) meta=0.000s(0%) fetch=0.011s(26%) enc.moe=0.001s(2%) tail=0.000s(0%) head=0.004s(9%) other=0.000s(1%) call=0.042s | tiles=82 ahead=82 experts=470 miss=35 io=0.011s 11.0GB/s]
[prefill gpuq busy=0.039s(94%) idle=0.003s(6%) span=0.041s buffers=173]
[prefill gpu attn=0.011s(28%) shared=0.004s(9%) moe=0.021s(52%) tail=0.001s(2%) head=0.003s(8%) total=0.040s]
[prefill host enc.front=0.002s(3%) wait.front=0.019s(32%) drain=0.000s(0%) route=0.000s(0%) meta=0.000s(0%) fetch=0.034s(56%) enc.moe=0.001s(1%) tail=0.000s(0%) head=0.004s(6%) other=0.001s(1%) call=0.060s | tiles=99 ahead=99 experts=514 miss=54 io=0.034s 5.5GB/s]
[prefill gpuq busy=0.040s(66%) idle=0.020s(34%) span=0.060s buffers=190]
[prefill gpu attn=0.011s(29%) shared=0.004s(9%) moe=0.020s(51%) tail=0.001s(2%) head=0.003s(9%) total=0.039s]
[prefill host enc.front=0.002s(4%) wait.front=0.023s(49%) drain=0.000s(1%) route=0.000s(0%) meta=0.000s(0%) fetch=0.017s(36%) enc.moe=0.001s(1%) tail=0.000s(0%) head=0.004s(8%) other=0.000s(1%) call=0.047s | tiles=85 ahead=85 experts=473 miss=36 io=0.017s 7.3GB/s]
[prefill gpuq busy=0.039s(82%) idle=0.009s(18%) span=0.047s buffers=176]
[prefill gpu attn=0.011s(28%) shared=0.004s(9%) moe=0.021s(53%) tail=0.001s(2%) head=0.003s(9%) total=0.040s]
[prefill host enc.front=0.002s(3%) wait.front=0.022s(41%) drain=0.000s(1%) route=0.000s(0%) meta=0.000s(0%) fetch=0.023s(45%) enc.moe=0.001s(2%) tail=0.000s(0%) head=0.004s(7%) other=0.000s(1%) call=0.052s | tiles=92 ahead=92 experts=501 miss=45 io=0.024s 6.6GB/s]
[prefill gpuq busy=0.040s(76%) idle=0.012s(24%) span=0.052s buffers=183]
[prefill gpu attn=0.011s(29%) shared=0.004s(9%) moe=0.020s(51%) tail=0.001s(2%) head=0.003s(9%) total=0.038s]
[prefill host enc.front=0.002s(4%) wait.front=0.022s(47%) drain=0.001s(2%) route=0.000s(0%) meta=0.000s(0%) fetch=0.017s(37%) enc.moe=0.001s(2%) tail=0.000s(0%) head=0.004s(8%) other=0.000s(1%) call=0.046s | tiles=86 ahead=86 experts=456 miss=37 io=0.017s 7.5GB/s]
[prefill gpuq busy=0.038s(84%) idle=0.007s(16%) span=0.046s buffers=177]
[prefill gpu attn=0.011s(30%) shared=0.004s(10%) moe=0.018s(49%) tail=0.001s(2%) head=0.004s(10%) total=0.038s]
[prefill host enc.front=0.002s(4%) wait.front=0.027s(61%) drain=0.000s(1%) route=0.000s(1%) meta=0.000s(0%) fetch=0.010s(23%) enc.moe=0.001s(1%) tail=0.000s(0%) head=0.004s(9%) other=0.000s(1%) call=0.044s | tiles=71 ahead=71 experts=406 miss=15 io=0.010s 5.1GB/s]
[prefill gpuq busy=0.038s(86%) idle=0.006s(14%) span=0.044s buffers=162]
[prefill gpu attn=0.011s(29%) shared=0.004s(10%) moe=0.019s(51%) tail=0.001s(2%) head=0.003s(9%) total=0.038s]
[prefill host enc.front=0.002s(4%) wait.front=0.024s(55%) drain=0.000s(1%) route=0.000s(0%) meta=0.000s(0%) fetch=0.012s(28%) enc.moe=0.001s(2%) tail=0.000s(0%) head=0.004s(8%) other=0.000s(1%) call=0.043s | tiles=80 ahead=80 experts=457 miss=30 io=0.012s 8.4GB/s]
[prefill gpuq busy=0.038s(89%) idle=0.005s(11%) span=0.043s buffers=171]
[prefill gpu attn=0.011s(26%) shared=0.004s(9%) moe=0.022s(55%) tail=0.001s(2%) head=0.003s(8%) total=0.041s]
[prefill host enc.front=0.002s(3%) wait.front=0.024s(45%) drain=0.001s(1%) route=0.000s(0%) meta=0.000s(0%) fetch=0.022s(41%) enc.moe=0.001s(2%) tail=0.000s(0%) head=0.004s(7%) other=0.001s(1%) call=0.054s | tiles=92 ahead=92 experts=518 miss=66 io=0.023s 9.7GB/s]
[prefill gpuq busy=0.041s(76%) idle=0.013s(24%) span=0.054s buffers=183]
[prefill gpu attn=0.011s(27%) shared=0.004s(10%) moe=0.021s(52%) tail=0.001s(2%) head=0.004s(9%) total=0.040s]
[prefill host enc.front=0.002s(4%) wait.front=0.021s(46%) drain=0.000s(1%) route=0.000s(1%) meta=0.000s(0%) fetch=0.017s(37%) enc.moe=0.001s(2%) tail=0.000s(0%) head=0.004s(8%) other=0.001s(1%) call=0.046s | tiles=84 ahead=84 experts=503 miss=54 io=0.017s 11.0GB/s]
[prefill gpuq busy=0.039s(86%) idle=0.006s(14%) span=0.046s buffers=175]
[prefill gpu attn=0.011s(29%) shared=0.004s(11%) moe=0.019s(50%) tail=0.001s(2%) head=0.003s(9%) total=0.038s]
[prefill host enc.front=0.002s(4%) wait.front=0.025s(55%) drain=0.000s(1%) route=0.000s(1%) meta=0.000s(0%) fetch=0.013s(29%) enc.moe=0.001s(2%) tail=0.000s(0%) head=0.004s(8%) other=0.000s(1%) call=0.044s | tiles=74 ahead=74 experts=403 miss=28 io=0.013s 7.6GB/s]
[prefill gpuq busy=0.037s(85%) idle=0.007s(15%) span=0.044s buffers=165]
[prefill gpu attn=0.011s(28%) shared=0.004s(11%) moe=0.019s(50%) tail=0.001s(2%) head=0.004s(9%) total=0.039s]
[prefill host enc.front=0.002s(4%) wait.front=0.023s(51%) drain=0.000s(1%) route=0.000s(1%) meta=0.000s(0%) fetch=0.015s(33%) enc.moe=0.001s(2%) tail=0.000s(0%) head=0.004s(8%) other=0.000s(1%) call=0.045s | tiles=79 ahead=79 experts=404 miss=33 io=0.015s 7.7GB/s]
[prefill gpuq busy=0.038s(86%) idle=0.006s(14%) span=0.044s buffers=170]
[prefill gpu attn=0.011s(28%) shared=0.004s(9%) moe=0.020s(52%) tail=0.001s(2%) head=0.004s(9%) total=0.039s]
[prefill host enc.front=0.002s(4%) wait.front=0.025s(55%) drain=0.000s(1%) route=0.000s(1%) meta=0.000s(0%) fetch=0.013s(28%) enc.moe=0.001s(2%) tail=0.000s(0%) head=0.004s(8%) other=0.001s(1%) call=0.046s | tiles=87 ahead=87 experts=494 miss=31 io=0.013s 8.2GB/s]
[prefill gpuq busy=0.039s(86%) idle=0.006s(14%) span=0.045s buffers=178]
[prefill gpu attn=0.011s(29%) shared=0.004s(9%) moe=0.020s(51%) tail=0.001s(2%) head=0.003s(9%) total=0.039s]
[prefill host enc.front=0.002s(4%) wait.front=0.025s(55%) drain=0.000s(1%) route=0.000s(1%) meta=0.000s(0%) fetch=0.013s(29%) enc.moe=0.001s(2%) tail=0.000s(0%) head=0.004s(8%) other=0.000s(1%) call=0.046s | tiles=84 ahead=84 experts=484 miss=34 io=0.013s 8.9GB/s]
[prefill gpuq busy=0.039s(86%) idle=0.006s(14%) span=0.045s buffers=175]
[prefill gpu attn=0.011s(29%) shared=0.004s(9%) moe=0.020s(51%) tail=0.001s(2%) head=0.003s(9%) total=0.038s]
[prefill host enc.front=0.002s(4%) wait.front=0.026s(62%) drain=0.000s(1%) route=0.000s(0%) meta=0.000s(0%) fetch=0.009s(21%) enc.moe=0.001s(2%) tail=0.000s(0%) head=0.004s(9%) other=0.000s(1%) call=0.042s | tiles=83 ahead=83 experts=479 miss=24 io=0.009s 9.3GB/s]
[prefill gpuq busy=0.038s(92%) idle=0.004s(8%) span=0.042s buffers=174]
[prefill gpu attn=0.011s(29%) shared=0.004s(9%) moe=0.019s(50%) tail=0.001s(2%) head=0.004s(9%) total=0.038s]
[prefill host enc.front=0.002s(4%) wait.front=0.027s(63%) drain=0.000s(1%) route=0.000s(0%) meta=0.000s(0%) fetch=0.009s(21%) enc.moe=0.001s(2%) tail=0.000s(0%) head=0.004s(9%) other=0.000s(1%) call=0.043s | tiles=85 ahead=85 experts=497 miss=17 io=0.009s 6.4GB/s]
[prefill gpuq busy=0.038s(89%) idle=0.005s(11%) span=0.043s buffers=176]
[prefill gpu attn=0.011s(29%) shared=0.004s(9%) moe=0.020s(51%) tail=0.001s(2%) head=0.004s(9%) total=0.039s]
[prefill host enc.front=0.002s(3%) wait.front=0.030s(44%) drain=0.000s(0%) route=0.000s(0%) meta=0.000s(0%) fetch=0.030s(44%) enc.moe=0.001s(1%) tail=0.000s(0%) head=0.004s(6%) other=0.000s(1%) call=0.067s | tiles=77 ahead=77 experts=448 miss=37 io=0.030s 4.3GB/s]
[prefill gpuq busy=0.039s(59%) idle=0.028s(41%) span=0.067s buffers=168]
[prefill gpu attn=0.011s(29%) shared=0.004s(10%) moe=0.020s(51%) tail=0.001s(2%) head=0.003s(9%) total=0.038s]
[prefill host enc.front=0.002s(4%) wait.front=0.028s(67%) drain=0.000s(1%) route=0.000s(1%) meta=0.000s(0%) fetch=0.006s(16%) enc.moe=0.001s(2%) tail=0.000s(0%) head=0.004s(9%) other=0.000s(1%) call=0.042s | tiles=85 ahead=85 experts=513 miss=21 io=0.007s 11.1GB/s]
[prefill gpuq busy=0.038s(93%) idle=0.003s(7%) span=0.041s buffers=176]
[prefill gpu attn=0.011s(28%) shared=0.004s(9%) moe=0.020s(51%) tail=0.001s(2%) head=0.004s(9%) total=0.039s]
[prefill host enc.front=0.002s(4%) wait.front=0.024s(51%) drain=0.000s(1%) route=0.000s(1%) meta=0.000s(0%) fetch=0.016s(33%) enc.moe=0.001s(2%) tail=0.000s(0%) head=0.004s(8%) other=0.000s(1%) call=0.047s | tiles=85 ahead=85 experts=466 miss=35 io=0.016s 7.7GB/s]
[prefill gpuq busy=0.039s(84%) idle=0.008s(16%) span=0.047s buffers=176]
[prefill gpu attn=0.011s(29%) shared=0.004s(9%) moe=0.019s(50%) tail=0.001s(2%) head=0.003s(9%) total=0.038s]
[prefill host enc.front=0.002s(3%) wait.front=0.025s(52%) drain=0.000s(1%) route=0.000s(0%) meta=0.000s(0%) fetch=0.016s(34%) enc.moe=0.001s(1%) tail=0.000s(0%) head=0.004s(7%) other=0.000s(1%) call=0.048s | tiles=79 ahead=79 experts=430 miss=30 io=0.017s 6.3GB/s]
[prefill gpuq busy=0.038s(79%) idle=0.010s(21%) span=0.048s buffers=170]
[prefill gpu attn=0.011s(29%) shared=0.004s(9%) moe=0.019s(50%) tail=0.001s(2%) head=0.004s(10%) total=0.038s]
[prefill host enc.front=0.002s(3%) wait.front=0.028s(57%) drain=0.001s(2%) route=0.000s(0%) meta=0.000s(0%) fetch=0.014s(28%) enc.moe=0.001s(1%) tail=0.000s(0%) head=0.004s(8%) other=0.000s(1%) call=0.050s | tiles=79 ahead=79 experts=446 miss=26 io=0.014s 6.5GB/s]
[prefill gpuq busy=0.038s(77%) idle=0.011s(23%) span=0.050s buffers=170]
[prefill gpu attn=0.011s(29%) shared=0.004s(9%) moe=0.020s(52%) tail=0.001s(2%) head=0.003s(9%) total=0.039s]
[prefill host enc.front=0.002s(3%) wait.front=0.029s(53%) drain=0.000s(1%) route=0.000s(0%) meta=0.000s(0%) fetch=0.018s(34%) enc.moe=0.001s(1%) tail=0.000s(0%) head=0.004s(7%) other=0.000s(1%) call=0.055s | tiles=90 ahead=90 experts=511 miss=40 io=0.019s 7.4GB/s]
[prefill gpuq busy=0.039s(72%) idle=0.015s(28%) span=0.054s buffers=181]
[prefill gpu attn=0.011s(29%) shared=0.004s(9%) moe=0.020s(51%) tail=0.001s(2%) head=0.003s(9%) total=0.038s]
[prefill host enc.front=0.002s(4%) wait.front=0.025s(56%) drain=0.000s(1%) route=0.000s(0%) meta=0.000s(0%) fetch=0.012s(28%) enc.moe=0.001s(2%) tail=0.000s(0%) head=0.004s(8%) other=0.000s(1%) call=0.044s | tiles=81 ahead=81 experts=481 miss=29 io=0.012s 8.1GB/s]
[prefill gpuq busy=0.038s(88%) idle=0.005s(12%) span=0.044s buffers=172]
[prefill gpu attn=0.011s(28%) shared=0.004s(9%) moe=0.020s(52%) tail=0.001s(2%) head=0.003s(9%) total=0.039s]
[prefill host enc.front=0.002s(3%) wait.front=0.022s(43%) drain=0.001s(1%) route=0.000s(0%) meta=0.000s(0%) fetch=0.022s(43%) enc.moe=0.001s(1%) tail=0.000s(0%) head=0.004s(7%) other=0.000s(1%) call=0.052s | tiles=82 ahead=82 experts=411 miss=51 io=0.023s 7.8GB/s]
[prefill gpuq busy=0.039s(74%) idle=0.013s(26%) span=0.052s buffers=173]
[prefill gpu attn=0.011s(26%) shared=0.004s(9%) moe=0.023s(55%) tail=0.001s(2%) head=0.003s(8%) total=0.043s]
[prefill host enc.front=0.002s(3%) wait.front=0.026s(39%) drain=0.000s(1%) route=0.000s(0%) meta=0.000s(0%) fetch=0.033s(49%) enc.moe=0.001s(2%) tail=0.000s(0%) head=0.004s(5%) other=0.001s(1%) call=0.067s | tiles=108 ahead=108 experts=593 miss=63 io=0.033s 6.6GB/s]
[prefill gpuq busy=0.043s(64%) idle=0.024s(36%) span=0.067s buffers=199]
[prefill gpu attn=0.011s(28%) shared=0.004s(9%) moe=0.020s(52%) tail=0.001s(2%) head=0.003s(9%) total=0.039s]
[prefill host enc.front=0.002s(3%) wait.front=0.021s(35%) drain=0.000s(1%) route=0.000s(0%) meta=0.000s(0%) fetch=0.031s(52%) enc.moe=0.001s(1%) tail=0.000s(0%) head=0.004s(6%) other=0.001s(1%) call=0.059s | tiles=93 ahead=93 experts=485 miss=56 io=0.031s 6.2GB/s]
[prefill gpuq busy=0.039s(66%) idle=0.020s(34%) span=0.059s buffers=184]
[prefill gpu attn=0.013s(45%) shared=0.003s(12%) moe=0.008s(28%) tail=0.001s(3%) head=0.003s(12%) total=0.028s]
[prefill host enc.front=0.002s(4%) wait.front=0.022s(53%) drain=0.000s(1%) route=0.000s(0%) meta=0.000s(0%) fetch=0.013s(31%) enc.moe=0.000s(1%) tail=0.000s(0%) head=0.004s(9%) other=0.000s(1%) call=0.041s | tiles=43 ahead=43 experts=240 miss=16 io=0.013s 4.4GB/s]
[prefill gpuq busy=0.028s(69%) idle=0.012s(31%) span=0.041s buffers=134]

[stop=maxTokens prefill=349tok new=192tok decode=6.50s tok/s=29.543]
[load=0.769s layerVerify=0.000s/30layers prefill=4.354s ttft=4.355s peak=6.81GB rss=4.41GB]
[expert prefill hit=0.0% 0/3020 io=1.827s | decode hit=89.3% 37698/42200 io=2.944s]
[vision images=1 soft=260 tower=1.754s towerLoad=0.001s]
[decode/tok io=0.00ms cb1=0.00ms cb2=0.00ms head=0.00ms]
[mtp bs=3 rounds=88 accept=1.170/2 tok/round=2.182 draft=0.592s verify=5.666s accepted=27,19,42]
