[prefill gpu attn=0.388s(29%) shared=0.114s(9%) moe=0.812s(61%) tail=0.007s(1%) head=0.003s(0%) total=1.323s]
[prefill host enc.front=0.002s(0%) wait.front=0.521s(20%) drain=0.000s(0%) route=0.005s(0%) wait.shared=0.108s(4%) meta=0.000s(0%) fetch=1.847s(71%) enc.moe=0.016s(1%) wait.tile=0.071s(3%) tail=0.014s(1%) head=0.004s(0%) other=0.006s(0%) call=2.594s | tiles=390 ahead=0 experts=0 miss=0 io=0.000s 0.0GB/s]
[prefill gpuq busy=1.323s(54%) idle=1.144s(46%) span=2.467s buffers=481]
[prefill gpu attn=0.029s(38%) shared=0.006s(8%) moe=0.031s(42%) tail=0.001s(2%) head=0.008s(10%) total=0.074s]
[prefill host enc.front=0.003s(1%) wait.front=0.095s(29%) drain=0.002s(1%) route=0.001s(0%) meta=0.000s(0%) fetch=0.212s(66%) enc.moe=0.002s(1%) tail=0.000s(0%) head=0.008s(2%) other=0.001s(0%) call=0.324s | tiles=84 ahead=84 experts=482 miss=259 io=0.303s 3.0GB/s]
[prefill gpuq busy=0.073s(23%) idle=0.250s(77%) span=0.323s buffers=175]
[prefill gpu attn=0.012s(27%) shared=0.004s(9%) moe=0.023s(54%) tail=0.001s(2%) head=0.003s(8%) total=0.043s]
[prefill host enc.front=0.002s(2%) wait.front=0.028s(26%) drain=0.001s(0%) route=0.000s(0%) meta=0.000s(0%) fetch=0.072s(66%) enc.moe=0.001s(1%) tail=0.000s(0%) head=0.004s(3%) other=0.001s(1%) call=0.108s | tiles=91 ahead=91 experts=480 miss=92 io=0.072s 4.4GB/s]
[prefill gpuq busy=0.043s(40%) idle=0.065s(60%) span=0.108s buffers=182]
[prefill gpu attn=0.011s(28%) shared=0.004s(9%) moe=0.022s(53%) tail=0.001s(2%) head=0.003s(8%) total=0.041s]
[prefill host enc.front=0.002s(2%) wait.front=0.028s(28%) drain=0.000s(0%) route=0.000s(0%) meta=0.000s(0%) fetch=0.062s(63%) enc.moe=0.001s(1%) tail=0.000s(0%) head=0.004s(4%) other=0.001s(1%) call=0.098s | tiles=86 ahead=86 experts=465 miss=70 io=0.062s 3.9GB/s]
[prefill gpuq busy=0.041s(42%) idle=0.057s(58%) span=0.098s buffers=177]
[prefill gpu attn=0.012s(27%) shared=0.004s(9%) moe=0.023s(53%) tail=0.001s(2%) head=0.004s(9%) total=0.044s]
[prefill host enc.front=0.002s(1%) wait.front=0.034s(21%) drain=0.001s(0%) route=0.000s(0%) meta=0.000s(0%) fetch=0.116s(73%) enc.moe=0.001s(1%) tail=0.000s(0%) head=0.004s(3%) other=0.001s(0%) call=0.160s | tiles=90 ahead=90 experts=513 miss=135 io=0.121s 3.9GB/s]
[prefill gpuq busy=0.044s(28%) idle=0.116s(72%) span=0.159s buffers=181]
[prefill gpu attn=0.018s(25%) shared=0.008s(11%) moe=0.038s(52%) tail=0.002s(2%) head=0.007s(10%) total=0.073s]
[prefill host enc.front=0.002s(1%) wait.front=0.044s(26%) drain=0.001s(1%) route=0.000s(0%) meta=0.000s(0%) fetch=0.112s(66%) enc.moe=0.001s(1%) tail=0.000s(0%) head=0.008s(4%) other=0.001s(0%) call=0.169s | tiles=87 ahead=87 experts=510 miss=138 io=0.112s 4.3GB/s]
[prefill gpuq busy=0.071s(42%) idle=0.098s(58%) span=0.169s buffers=178]
[prefill gpu attn=0.014s(27%) shared=0.004s(9%) moe=0.028s(53%) tail=0.001s(2%) head=0.005s(9%) total=0.052s]
[prefill host enc.front=0.002s(1%) wait.front=0.036s(22%) drain=0.001s(0%) route=0.000s(0%) meta=0.000s(0%) fetch=0.121s(72%) enc.moe=0.001s(1%) tail=0.000s(0%) head=0.005s(3%) other=0.001s(0%) call=0.168s | tiles=86 ahead=86 experts=429 miss=138 io=0.141s 3.4GB/s]
[prefill gpuq busy=0.052s(31%) idle=0.115s(69%) span=0.167s buffers=177]
[prefill gpu attn=0.011s(29%) shared=0.004s(10%) moe=0.018s(50%) tail=0.001s(2%) head=0.003s(9%) total=0.037s]
[prefill host enc.front=0.002s(3%) wait.front=0.023s(33%) drain=0.001s(1%) route=0.000s(0%) meta=0.000s(0%) fetch=0.039s(56%) enc.moe=0.001s(1%) tail=0.000s(0%) head=0.004s(5%) other=0.000s(1%) call=0.069s | tiles=87 ahead=87 experts=443 miss=44 io=0.039s 3.9GB/s]
[prefill gpuq busy=0.037s(53%) idle=0.032s(47%) span=0.069s buffers=178]
[prefill gpu attn=0.011s(29%) shared=0.004s(9%) moe=0.019s(51%) tail=0.001s(2%) head=0.003s(9%) total=0.038s]
[prefill host enc.front=0.002s(2%) wait.front=0.025s(33%) drain=0.001s(1%) route=0.000s(0%) meta=0.000s(0%) fetch=0.042s(57%) enc.moe=0.001s(1%) tail=0.000s(0%) head=0.004s(5%) other=0.000s(1%) call=0.075s | tiles=84 ahead=84 experts=451 miss=51 io=0.043s 4.1GB/s]
[prefill gpuq busy=0.038s(51%) idle=0.037s(49%) span=0.075s buffers=175]
[prefill gpu attn=0.011s(27%) shared=0.004s(9%) moe=0.021s(53%) tail=0.001s(2%) head=0.003s(9%) total=0.039s]
[prefill host enc.front=0.002s(2%) wait.front=0.024s(31%) drain=0.001s(1%) route=0.000s(0%) meta=0.000s(0%) fetch=0.045s(59%) enc.moe=0.001s(1%) tail=0.000s(0%) head=0.004s(5%) other=0.001s(1%) call=0.077s | tiles=95 ahead=95 experts=529 miss=54 io=0.046s 4.1GB/s]
[prefill gpuq busy=0.039s(51%) idle=0.037s(49%) span=0.077s buffers=186]
[prefill gpu attn=0.011s(27%) shared=0.004s(9%) moe=0.022s(54%) tail=0.001s(2%) head=0.003s(8%) total=0.041s]
[prefill host enc.front=0.002s(2%) wait.front=0.026s(27%) drain=0.001s(1%) route=0.000s(0%) meta=0.000s(0%) fetch=0.063s(65%) enc.moe=0.001s(1%) tail=0.000s(0%) head=0.004s(4%) other=0.001s(1%) call=0.097s | tiles=96 ahead=96 experts=527 miss=83 io=0.063s 4.5GB/s]
[prefill gpuq busy=0.041s(42%) idle=0.056s(58%) span=0.097s buffers=187]
[prefill gpu attn=0.011s(30%) shared=0.004s(10%) moe=0.018s(50%) tail=0.001s(2%) head=0.003s(9%) total=0.037s]
[prefill host enc.front=0.002s(3%) wait.front=0.022s(39%) drain=0.000s(1%) route=0.000s(0%) meta=0.000s(0%) fetch=0.028s(49%) enc.moe=0.001s(1%) tail=0.000s(0%) head=0.004s(6%) other=0.000s(1%) call=0.057s | tiles=81 ahead=81 experts=432 miss=34 io=0.028s 4.2GB/s]
[prefill gpuq busy=0.037s(64%) idle=0.020s(36%) span=0.057s buffers=172]
[prefill gpu attn=0.011s(27%) shared=0.004s(9%) moe=0.023s(54%) tail=0.001s(2%) head=0.004s(9%) total=0.042s]
[prefill host enc.front=0.002s(1%) wait.front=0.031s(19%) drain=0.001s(1%) route=0.000s(0%) meta=0.000s(0%) fetch=0.123s(75%) enc.moe=0.001s(1%) tail=0.000s(0%) head=0.004s(2%) other=0.001s(0%) call=0.163s | tiles=79 ahead=79 experts=442 miss=166 io=0.132s 4.4GB/s]
[prefill gpuq busy=0.042s(26%) idle=0.120s(74%) span=0.163s buffers=170]
[prefill gpu attn=0.011s(28%) shared=0.004s(9%) moe=0.019s(51%) tail=0.001s(2%) head=0.003s(9%) total=0.038s]
[prefill host enc.front=0.002s(3%) wait.front=0.021s(32%) drain=0.000s(1%) route=0.000s(0%) meta=0.000s(0%) fetch=0.037s(56%) enc.moe=0.001s(1%) tail=0.000s(0%) head=0.004s(5%) other=0.000s(1%) call=0.067s | tiles=86 ahead=86 experts=455 miss=58 io=0.038s 5.3GB/s]
[prefill gpuq busy=0.038s(57%) idle=0.028s(43%) span=0.066s buffers=177]
[prefill gpu attn=0.011s(29%) shared=0.004s(9%) moe=0.020s(51%) tail=0.001s(2%) head=0.003s(9%) total=0.039s]
[prefill host enc.front=0.002s(3%) wait.front=0.025s(36%) drain=0.000s(0%) route=0.000s(0%) meta=0.000s(0%) fetch=0.036s(53%) enc.moe=0.001s(1%) tail=0.000s(0%) head=0.004s(5%) other=0.000s(1%) call=0.068s | tiles=81 ahead=81 experts=403 miss=63 io=0.037s 5.9GB/s]
[prefill gpuq busy=0.039s(58%) idle=0.028s(42%) span=0.067s buffers=172]
[prefill gpu attn=0.011s(29%) shared=0.004s(9%) moe=0.019s(51%) tail=0.001s(2%) head=0.003s(9%) total=0.038s]
[prefill host enc.front=0.002s(3%) wait.front=0.023s(38%) drain=0.000s(1%) route=0.000s(0%) meta=0.000s(0%) fetch=0.030s(50%) enc.moe=0.001s(1%) tail=0.000s(0%) head=0.004s(6%) other=0.000s(1%) call=0.060s | tiles=82 ahead=82 experts=457 miss=48 io=0.030s 5.5GB/s]
[prefill gpuq busy=0.038s(63%) idle=0.022s(37%) span=0.060s buffers=173]
[prefill gpu attn=0.011s(29%) shared=0.004s(9%) moe=0.019s(51%) tail=0.001s(2%) head=0.003s(9%) total=0.038s]
[prefill host enc.front=0.002s(4%) wait.front=0.026s(57%) drain=0.000s(1%) route=0.000s(0%) meta=0.000s(0%) fetch=0.013s(28%) enc.moe=0.001s(1%) tail=0.000s(0%) head=0.004s(8%) other=0.000s(1%) call=0.046s | tiles=82 ahead=82 experts=507 miss=22 io=0.013s 6.0GB/s]
[prefill gpuq busy=0.038s(82%) idle=0.008s(18%) span=0.046s buffers=173]
[prefill gpu attn=0.011s(28%) shared=0.004s(9%) moe=0.020s(52%) tail=0.001s(2%) head=0.003s(9%) total=0.038s]
[prefill host enc.front=0.002s(2%) wait.front=0.023s(27%) drain=0.001s(1%) route=0.000s(0%) meta=0.000s(0%) fetch=0.055s(64%) enc.moe=0.001s(1%) tail=0.000s(0%) head=0.004s(4%) other=0.000s(1%) call=0.085s | tiles=90 ahead=90 experts=479 miss=80 io=0.061s 4.5GB/s]
[prefill gpuq busy=0.038s(45%) idle=0.046s(55%) span=0.085s buffers=181]
[prefill gpu attn=0.011s(27%) shared=0.004s(9%) moe=0.021s(53%) tail=0.001s(2%) head=0.003s(8%) total=0.040s]
[prefill host enc.front=0.002s(2%) wait.front=0.024s(29%) drain=0.000s(1%) route=0.000s(0%) meta=0.000s(0%) fetch=0.050s(61%) enc.moe=0.001s(1%) tail=0.000s(0%) head=0.004s(4%) other=0.001s(1%) call=0.082s | tiles=92 ahead=92 experts=520 miss=76 io=0.051s 5.2GB/s]
[prefill gpuq busy=0.040s(49%) idle=0.042s(51%) span=0.082s buffers=183]
[prefill gpu attn=0.011s(27%) shared=0.004s(9%) moe=0.022s(54%) tail=0.001s(2%) head=0.003s(8%) total=0.040s]
[prefill host enc.front=0.002s(3%) wait.front=0.021s(31%) drain=0.001s(1%) route=0.000s(0%) meta=0.000s(0%) fetch=0.039s(57%) enc.moe=0.001s(1%) tail=0.000s(0%) head=0.004s(5%) other=0.000s(1%) call=0.069s | tiles=98 ahead=98 experts=556 miss=69 io=0.040s 6.0GB/s]
[prefill gpuq busy=0.040s(59%) idle=0.028s(41%) span=0.068s buffers=189]
[prefill gpu attn=0.011s(27%) shared=0.004s(9%) moe=0.022s(54%) tail=0.001s(2%) head=0.003s(9%) total=0.041s]
[prefill host enc.front=0.002s(2%) wait.front=0.020s(29%) drain=0.001s(1%) route=0.000s(0%) meta=0.000s(0%) fetch=0.042s(59%) enc.moe=0.001s(1%) tail=0.000s(0%) head=0.004s(5%) other=0.001s(1%) call=0.071s | tiles=103 ahead=103 experts=570 miss=74 io=0.046s 5.5GB/s]
[prefill gpuq busy=0.041s(57%) idle=0.030s(43%) span=0.071s buffers=194]
[prefill gpu attn=0.011s(27%) shared=0.004s(9%) moe=0.021s(53%) tail=0.001s(2%) head=0.003s(9%) total=0.039s]
[prefill host enc.front=0.002s(2%) wait.front=0.024s(32%) drain=0.001s(1%) route=0.000s(0%) meta=0.000s(0%) fetch=0.042s(57%) enc.moe=0.001s(1%) tail=0.000s(0%) head=0.004s(5%) other=0.000s(1%) call=0.073s | tiles=85 ahead=85 experts=491 miss=76 io=0.047s 5.6GB/s]
[prefill gpuq busy=0.039s(54%) idle=0.034s(46%) span=0.073s buffers=176]
[prefill gpu attn=0.011s(27%) shared=0.004s(9%) moe=0.021s(54%) tail=0.001s(2%) head=0.003s(8%) total=0.040s]
[prefill host enc.front=0.002s(4%) wait.front=0.023s(49%) drain=0.000s(1%) route=0.000s(0%) meta=0.000s(0%) fetch=0.017s(36%) enc.moe=0.001s(2%) tail=0.000s(0%) head=0.004s(7%) other=0.000s(1%) call=0.047s | tiles=94 ahead=94 experts=533 miss=35 io=0.017s 7.1GB/s]
[prefill gpuq busy=0.040s(85%) idle=0.007s(15%) span=0.047s buffers=185]
[prefill gpu attn=0.011s(28%) shared=0.004s(9%) moe=0.020s(52%) tail=0.001s(2%) head=0.003s(9%) total=0.039s]
[prefill host enc.front=0.002s(3%) wait.front=0.024s(39%) drain=0.000s(1%) route=0.000s(0%) meta=0.000s(0%) fetch=0.030s(49%) enc.moe=0.001s(1%) tail=0.000s(0%) head=0.004s(6%) other=0.000s(1%) call=0.062s | tiles=87 ahead=87 experts=464 miss=58 io=0.030s 6.6GB/s]
[prefill gpuq busy=0.039s(63%) idle=0.022s(37%) span=0.061s buffers=178]
[prefill gpu attn=0.011s(29%) shared=0.004s(9%) moe=0.019s(51%) tail=0.001s(2%) head=0.003s(9%) total=0.038s]
[prefill host enc.front=0.002s(4%) wait.front=0.024s(50%) drain=0.000s(1%) route=0.000s(0%) meta=0.000s(0%) fetch=0.017s(36%) enc.moe=0.001s(1%) tail=0.000s(0%) head=0.004s(7%) other=0.000s(1%) call=0.048s | tiles=85 ahead=85 experts=482 miss=26 io=0.017s 5.2GB/s]
[prefill gpuq busy=0.038s(79%) idle=0.010s(21%) span=0.047s buffers=176]
[prefill gpu attn=0.011s(28%) shared=0.004s(9%) moe=0.020s(53%) tail=0.001s(2%) head=0.003s(9%) total=0.039s]
[prefill host enc.front=0.002s(3%) wait.front=0.022s(34%) drain=0.000s(1%) route=0.000s(0%) meta=0.000s(0%) fetch=0.034s(54%) enc.moe=0.001s(1%) tail=0.000s(0%) head=0.004s(6%) other=0.000s(1%) call=0.064s | tiles=90 ahead=90 experts=489 miss=63 io=0.034s 6.4GB/s]
[prefill gpuq busy=0.039s(62%) idle=0.024s(38%) span=0.063s buffers=181]
[prefill gpu attn=0.011s(27%) shared=0.004s(9%) moe=0.021s(53%) tail=0.001s(2%) head=0.003s(9%) total=0.040s]
[prefill host enc.front=0.002s(4%) wait.front=0.026s(53%) drain=0.000s(1%) route=0.000s(1%) meta=0.000s(0%) fetch=0.015s(32%) enc.moe=0.001s(2%) tail=0.000s(0%) head=0.004s(7%) other=0.000s(1%) call=0.049s | tiles=94 ahead=94 experts=567 miss=32 io=0.016s 7.1GB/s]
[prefill gpuq busy=0.040s(82%) idle=0.009s(18%) span=0.048s buffers=185]
[prefill gpu attn=0.011s(28%) shared=0.004s(9%) moe=0.020s(52%) tail=0.001s(2%) head=0.003s(9%) total=0.038s]
[prefill host enc.front=0.002s(4%) wait.front=0.023s(49%) drain=0.000s(1%) route=0.000s(0%) meta=0.000s(0%) fetch=0.017s(36%) enc.moe=0.001s(2%) tail=0.000s(0%) head=0.004s(8%) other=0.000s(1%) call=0.047s | tiles=87 ahead=87 experts=497 miss=39 io=0.017s 8.0GB/s]
[prefill gpuq busy=0.038s(82%) idle=0.008s(18%) span=0.047s buffers=178]
[prefill gpu attn=0.011s(27%) shared=0.004s(9%) moe=0.021s(53%) tail=0.001s(2%) head=0.003s(8%) total=0.040s]
[prefill host enc.front=0.002s(3%) wait.front=0.022s(40%) drain=0.000s(1%) route=0.000s(0%) meta=0.000s(0%) fetch=0.025s(46%) enc.moe=0.001s(2%) tail=0.000s(0%) head=0.004s(7%) other=0.000s(1%) call=0.054s | tiles=92 ahead=92 experts=501 miss=60 io=0.026s 7.9GB/s]
[prefill gpuq busy=0.040s(74%) idle=0.014s(26%) span=0.054s buffers=183]
[prefill gpu attn=0.011s(28%) shared=0.004s(9%) moe=0.021s(53%) tail=0.001s(2%) head=0.004s(9%) total=0.040s]
[prefill host enc.front=0.002s(3%) wait.front=0.022s(41%) drain=0.000s(1%) route=0.000s(0%) meta=0.000s(0%) fetch=0.025s(46%) enc.moe=0.001s(2%) tail=0.000s(0%) head=0.004s(7%) other=0.000s(1%) call=0.055s | tiles=93 ahead=93 experts=511 miss=54 io=0.025s 7.3GB/s]
[prefill gpuq busy=0.040s(72%) idle=0.015s(28%) span=0.055s buffers=184]
[prefill gpu attn=0.011s(28%) shared=0.004s(9%) moe=0.020s(52%) tail=0.001s(2%) head=0.003s(9%) total=0.039s]
[prefill host enc.front=0.002s(2%) wait.front=0.022s(27%) drain=0.001s(1%) route=0.000s(0%) meta=0.000s(0%) fetch=0.053s(64%) enc.moe=0.001s(1%) tail=0.000s(0%) head=0.004s(4%) other=0.000s(1%) call=0.083s | tiles=91 ahead=91 experts=469 miss=84 io=0.053s 5.5GB/s]
[prefill gpuq busy=0.039s(47%) idle=0.044s(53%) span=0.083s buffers=182]
[prefill gpu attn=0.011s(29%) shared=0.004s(9%) moe=0.020s(51%) tail=0.001s(2%) head=0.003s(9%) total=0.038s]
[prefill host enc.front=0.002s(2%) wait.front=0.020s(28%) drain=0.000s(0%) route=0.000s(0%) meta=0.000s(0%) fetch=0.044s(61%) enc.moe=0.001s(1%) tail=0.000s(0%) head=0.004s(5%) other=0.000s(1%) call=0.072s | tiles=89 ahead=89 experts=415 miss=70 io=0.047s 5.1GB/s]
[prefill gpuq busy=0.038s(53%) idle=0.034s(47%) span=0.072s buffers=180]
[prefill gpu attn=0.011s(28%) shared=0.004s(9%) moe=0.020s(52%) tail=0.001s(2%) head=0.003s(9%) total=0.039s]
[prefill host enc.front=0.002s(3%) wait.front=0.021s(31%) drain=0.000s(1%) route=0.000s(0%) meta=0.000s(0%) fetch=0.039s(58%) enc.moe=0.001s(1%) tail=0.000s(0%) head=0.004s(5%) other=0.000s(1%) call=0.067s | tiles=90 ahead=90 experts=468 miss=63 io=0.039s 5.6GB/s]
[prefill gpuq busy=0.039s(59%) idle=0.028s(41%) span=0.067s buffers=181]
[prefill gpu attn=0.011s(28%) shared=0.003s(9%) moe=0.020s(52%) tail=0.001s(2%) head=0.003s(9%) total=0.039s]
[prefill host enc.front=0.002s(3%) wait.front=0.023s(39%) drain=0.000s(1%) route=0.000s(0%) meta=0.000s(0%) fetch=0.029s(49%) enc.moe=0.001s(1%) tail=0.000s(0%) head=0.004s(6%) other=0.000s(1%) call=0.060s | tiles=84 ahead=84 experts=491 miss=60 io=0.030s 7.0GB/s]
[prefill gpuq busy=0.039s(65%) idle=0.021s(35%) span=0.060s buffers=175]
[prefill gpu attn=0.011s(27%) shared=0.004s(9%) moe=0.021s(53%) tail=0.001s(2%) head=0.003s(9%) total=0.039s]
[prefill host enc.front=0.002s(3%) wait.front=0.021s(41%) drain=0.000s(1%) route=0.000s(0%) meta=0.000s(0%) fetch=0.023s(44%) enc.moe=0.001s(2%) tail=0.000s(0%) head=0.004s(7%) other=0.000s(1%) call=0.051s | tiles=87 ahead=87 experts=489 miss=49 io=0.023s 7.4GB/s]
[prefill gpuq busy=0.039s(78%) idle=0.011s(22%) span=0.051s buffers=178]
[prefill gpu attn=0.011s(26%) shared=0.004s(9%) moe=0.022s(55%) tail=0.001s(2%) head=0.003s(8%) total=0.041s]
[prefill host enc.front=0.002s(3%) wait.front=0.020s(36%) drain=0.001s(1%) route=0.000s(0%) meta=0.000s(0%) fetch=0.027s(50%) enc.moe=0.001s(2%) tail=0.000s(0%) head=0.004s(6%) other=0.001s(1%) call=0.055s | tiles=87 ahead=87 experts=475 miss=73 io=0.029s 8.8GB/s]
[prefill gpuq busy=0.041s(74%) idle=0.014s(26%) span=0.055s buffers=178]
[prefill gpu attn=0.011s(28%) shared=0.004s(9%) moe=0.021s(53%) tail=0.001s(2%) head=0.003s(9%) total=0.039s]
[prefill host enc.front=0.002s(3%) wait.front=0.024s(38%) drain=0.000s(1%) route=0.000s(0%) meta=0.000s(0%) fetch=0.031s(50%) enc.moe=0.001s(1%) tail=0.000s(0%) head=0.004s(6%) other=0.000s(1%) call=0.062s | tiles=92 ahead=92 experts=531 miss=46 io=0.031s 5.1GB/s]
[prefill gpuq busy=0.039s(63%) idle=0.023s(37%) span=0.062s buffers=183]
[prefill gpu attn=0.011s(28%) shared=0.004s(9%) moe=0.021s(53%) tail=0.001s(2%) head=0.003s(9%) total=0.040s]
[prefill host enc.front=0.002s(3%) wait.front=0.021s(37%) drain=0.000s(1%) route=0.000s(0%) meta=0.000s(0%) fetch=0.028s(49%) enc.moe=0.001s(2%) tail=0.000s(0%) head=0.004s(6%) other=0.000s(1%) call=0.056s | tiles=89 ahead=89 experts=458 miss=62 io=0.028s 7.7GB/s]
[prefill gpuq busy=0.040s(71%) idle=0.016s(29%) span=0.056s buffers=180]
[prefill gpu attn=0.011s(28%) shared=0.004s(9%) moe=0.021s(53%) tail=0.001s(2%) head=0.003s(9%) total=0.040s]
[prefill host enc.front=0.002s(4%) wait.front=0.025s(55%) drain=0.000s(1%) route=0.000s(0%) meta=0.000s(0%) fetch=0.013s(29%) enc.moe=0.001s(2%) tail=0.000s(0%) head=0.004s(8%) other=0.000s(1%) call=0.046s | tiles=100 ahead=100 experts=544 miss=35 io=0.013s 9.0GB/s]
[prefill gpuq busy=0.040s(87%) idle=0.006s(13%) span=0.046s buffers=191]
[prefill gpu attn=0.011s(27%) shared=0.004s(9%) moe=0.022s(54%) tail=0.001s(2%) head=0.003s(8%) total=0.041s]
[prefill host enc.front=0.002s(3%) wait.front=0.022s(40%) drain=0.000s(1%) route=0.000s(0%) meta=0.000s(0%) fetch=0.026s(46%) enc.moe=0.001s(2%) tail=0.000s(0%) head=0.004s(6%) other=0.000s(1%) call=0.055s | tiles=102 ahead=102 experts=568 miss=50 io=0.026s 6.7GB/s]
[prefill gpuq busy=0.041s(74%) idle=0.014s(26%) span=0.055s buffers=193]
[prefill gpu attn=0.011s(29%) shared=0.004s(9%) moe=0.019s(51%) tail=0.001s(2%) head=0.003s(9%) total=0.038s]
[prefill host enc.front=0.002s(4%) wait.front=0.022s(47%) drain=0.000s(1%) route=0.000s(0%) meta=0.000s(0%) fetch=0.018s(38%) enc.moe=0.001s(1%) tail=0.000s(0%) head=0.004s(8%) other=0.000s(1%) call=0.047s | tiles=84 ahead=84 experts=492 miss=32 io=0.018s 6.1GB/s]
[prefill gpuq busy=0.038s(80%) idle=0.009s(20%) span=0.047s buffers=175]
[prefill gpu attn=0.011s(28%) shared=0.004s(9%) moe=0.021s(52%) tail=0.001s(2%) head=0.003s(9%) total=0.039s]
[prefill host enc.front=0.002s(4%) wait.front=0.022s(44%) drain=0.000s(1%) route=0.000s(0%) meta=0.000s(0%) fetch=0.020s(41%) enc.moe=0.001s(2%) tail=0.000s(0%) head=0.004s(7%) other=0.000s(1%) call=0.050s | tiles=88 ahead=88 experts=493 miss=48 io=0.021s 8.1GB/s]
[prefill gpuq busy=0.039s(79%) idle=0.011s(21%) span=0.050s buffers=179]
[prefill gpu attn=0.011s(28%) shared=0.004s(9%) moe=0.020s(52%) tail=0.001s(2%) head=0.003s(9%) total=0.039s]
[prefill host enc.front=0.002s(4%) wait.front=0.022s(47%) drain=0.000s(1%) route=0.000s(0%) meta=0.000s(0%) fetch=0.017s(38%) enc.moe=0.001s(2%) tail=0.000s(0%) head=0.004s(8%) other=0.000s(1%) call=0.047s | tiles=95 ahead=95 experts=512 miss=36 io=0.018s 7.0GB/s]
[prefill gpuq busy=0.039s(84%) idle=0.007s(16%) span=0.046s buffers=186]
[prefill gpu attn=0.011s(27%) shared=0.004s(9%) moe=0.022s(54%) tail=0.001s(2%) head=0.003s(8%) total=0.040s]
[prefill host enc.front=0.002s(3%) wait.front=0.022s(32%) drain=0.000s(0%) route=0.000s(0%) meta=0.000s(0%) fetch=0.038s(57%) enc.moe=0.001s(1%) tail=0.000s(0%) head=0.004s(5%) other=0.001s(1%) call=0.067s | tiles=92 ahead=92 experts=500 miss=75 io=0.039s 6.7GB/s]
[prefill gpuq busy=0.040s(60%) idle=0.027s(40%) span=0.067s buffers=183]
[prefill gpu attn=0.011s(28%) shared=0.004s(9%) moe=0.021s(53%) tail=0.001s(2%) head=0.003s(9%) total=0.040s]
[prefill host enc.front=0.002s(3%) wait.front=0.020s(32%) drain=0.001s(2%) route=0.000s(0%) meta=0.000s(0%) fetch=0.035s(55%) enc.moe=0.001s(1%) tail=0.000s(0%) head=0.004s(6%) other=0.000s(1%) call=0.062s | tiles=94 ahead=94 experts=501 miss=63 io=0.035s 6.3GB/s]
[prefill gpuq busy=0.040s(64%) idle=0.022s(36%) span=0.062s buffers=185]
[prefill gpu attn=0.011s(27%) shared=0.003s(9%) moe=0.022s(54%) tail=0.001s(2%) head=0.003s(8%) total=0.040s]
[prefill host enc.front=0.002s(4%) wait.front=0.023s(47%) drain=0.000s(1%) route=0.000s(0%) meta=0.000s(0%) fetch=0.018s(38%) enc.moe=0.001s(2%) tail=0.000s(0%) head=0.004s(7%) other=0.000s(1%) call=0.049s | tiles=95 ahead=95 experts=526 miss=48 io=0.019s 8.9GB/s]
[prefill gpuq busy=0.040s(82%) idle=0.009s(18%) span=0.049s buffers=186]
[prefill gpu attn=0.011s(29%) shared=0.004s(9%) moe=0.020s(51%) tail=0.001s(2%) head=0.003s(9%) total=0.038s]
[prefill host enc.front=0.002s(4%) wait.front=0.022s(49%) drain=0.000s(1%) route=0.000s(0%) meta=0.000s(0%) fetch=0.016s(35%) enc.moe=0.001s(2%) tail=0.000s(0%) head=0.004s(8%) other=0.000s(1%) call=0.045s | tiles=84 ahead=84 experts=462 miss=39 io=0.016s 8.4GB/s]
[prefill gpuq busy=0.038s(85%) idle=0.007s(15%) span=0.045s buffers=175]
[prefill gpu attn=0.011s(28%) shared=0.004s(9%) moe=0.021s(53%) tail=0.001s(2%) head=0.003s(9%) total=0.039s]
[prefill host enc.front=0.002s(3%) wait.front=0.020s(33%) drain=0.000s(0%) route=0.000s(0%) meta=0.000s(0%) fetch=0.034s(55%) enc.moe=0.001s(1%) tail=0.000s(0%) head=0.004s(6%) other=0.000s(1%) call=0.061s | tiles=89 ahead=89 experts=448 miss=72 io=0.034s 7.4GB/s]
[prefill gpuq busy=0.039s(65%) idle=0.021s(35%) span=0.061s buffers=180]
[prefill gpu attn=0.011s(28%) shared=0.004s(9%) moe=0.021s(53%) tail=0.001s(2%) head=0.003s(9%) total=0.040s]
[prefill host enc.front=0.002s(4%) wait.front=0.024s(48%) drain=0.000s(1%) route=0.000s(1%) meta=0.000s(0%) fetch=0.019s(38%) enc.moe=0.001s(2%) tail=0.000s(0%) head=0.004s(7%) other=0.000s(1%) call=0.050s | tiles=94 ahead=94 experts=528 miss=45 io=0.019s 8.3GB/s]
[prefill gpuq busy=0.040s(80%) idle=0.010s(20%) span=0.049s buffers=185]
[prefill gpu attn=0.011s(29%) shared=0.004s(9%) moe=0.020s(51%) tail=0.001s(2%) head=0.003s(9%) total=0.038s]
[prefill host enc.front=0.002s(2%) wait.front=0.021s(28%) drain=0.001s(1%) route=0.000s(0%) meta=0.000s(0%) fetch=0.046s(61%) enc.moe=0.001s(1%) tail=0.000s(0%) head=0.004s(5%) other=0.000s(1%) call=0.075s | tiles=88 ahead=88 experts=461 miss=83 io=0.049s 5.9GB/s]
[prefill gpuq busy=0.038s(51%) idle=0.036s(49%) span=0.075s buffers=179]
[prefill gpu attn=0.011s(28%) shared=0.004s(9%) moe=0.021s(53%) tail=0.001s(2%) head=0.003s(8%) total=0.040s]
[prefill host enc.front=0.002s(3%) wait.front=0.021s(30%) drain=0.001s(1%) route=0.000s(0%) meta=0.000s(0%) fetch=0.039s(57%) enc.moe=0.001s(1%) tail=0.000s(0%) head=0.004s(5%) other=0.001s(1%) call=0.068s | tiles=88 ahead=88 experts=487 miss=79 io=0.039s 7.0GB/s]
[prefill gpuq busy=0.040s(59%) idle=0.028s(41%) span=0.068s buffers=179]
[prefill gpu attn=0.011s(29%) shared=0.004s(10%) moe=0.020s(51%) tail=0.001s(2%) head=0.003s(9%) total=0.039s]
[prefill host enc.front=0.002s(3%) wait.front=0.023s(44%) drain=0.000s(1%) route=0.000s(0%) meta=0.000s(0%) fetch=0.022s(42%) enc.moe=0.001s(2%) tail=0.000s(0%) head=0.004s(7%) other=0.000s(1%) call=0.052s | tiles=87 ahead=87 experts=488 miss=43 io=0.022s 6.8GB/s]
[prefill gpuq busy=0.038s(74%) idle=0.013s(26%) span=0.052s buffers=178]
[prefill gpu attn=0.011s(29%) shared=0.004s(9%) moe=0.020s(51%) tail=0.001s(2%) head=0.003s(9%) total=0.038s]
[prefill host enc.front=0.002s(3%) wait.front=0.025s(47%) drain=0.000s(1%) route=0.000s(0%) meta=0.000s(0%) fetch=0.022s(40%) enc.moe=0.001s(1%) tail=0.000s(0%) head=0.004s(7%) other=0.000s(1%) call=0.054s | tiles=80 ahead=80 experts=475 miss=45 io=0.022s 7.1GB/s]
[prefill gpuq busy=0.038s(71%) idle=0.016s(29%) span=0.054s buffers=171]
[prefill gpu attn=0.011s(28%) shared=0.004s(9%) moe=0.021s(53%) tail=0.001s(2%) head=0.003s(9%) total=0.040s]
[prefill host enc.front=0.002s(3%) wait.front=0.020s(36%) drain=0.000s(1%) route=0.000s(0%) meta=0.000s(0%) fetch=0.029s(51%) enc.moe=0.001s(2%) tail=0.000s(0%) head=0.004s(6%) other=0.000s(1%) call=0.057s | tiles=91 ahead=91 experts=488 miss=55 io=0.029s 6.6GB/s]
[prefill gpuq busy=0.040s(70%) idle=0.017s(30%) span=0.056s buffers=182]
[prefill gpu attn=0.011s(30%) shared=0.004s(9%) moe=0.019s(50%) tail=0.001s(2%) head=0.003s(9%) total=0.037s]
[prefill host enc.front=0.002s(3%) wait.front=0.022s(45%) drain=0.000s(1%) route=0.000s(0%) meta=0.000s(0%) fetch=0.019s(40%) enc.moe=0.001s(1%) tail=0.000s(0%) head=0.004s(7%) other=0.000s(1%) call=0.048s | tiles=80 ahead=80 experts=425 miss=33 io=0.020s 5.8GB/s]
[prefill gpuq busy=0.037s(78%) idle=0.011s(22%) span=0.048s buffers=171]
[prefill gpu attn=0.011s(29%) shared=0.004s(10%) moe=0.019s(50%) tail=0.001s(2%) head=0.003s(9%) total=0.038s]
[prefill host enc.front=0.002s(3%) wait.front=0.025s(51%) drain=0.001s(1%) route=0.000s(0%) meta=0.000s(0%) fetch=0.016s(34%) enc.moe=0.001s(1%) tail=0.000s(0%) head=0.004s(8%) other=0.000s(1%) call=0.049s | tiles=77 ahead=77 experts=448 miss=28 io=0.016s 5.9GB/s]
[prefill gpuq busy=0.038s(78%) idle=0.010s(22%) span=0.048s buffers=168]
[prefill gpu attn=0.011s(28%) shared=0.004s(9%) moe=0.021s(53%) tail=0.001s(2%) head=0.003s(9%) total=0.040s]
[prefill host enc.front=0.002s(4%) wait.front=0.023s(48%) drain=0.000s(1%) route=0.000s(0%) meta=0.000s(0%) fetch=0.018s(37%) enc.moe=0.001s(2%) tail=0.000s(0%) head=0.004s(8%) other=0.000s(1%) call=0.048s | tiles=89 ahead=89 experts=506 miss=47 io=0.018s 9.2GB/s]
[prefill gpuq busy=0.040s(84%) idle=0.008s(16%) span=0.047s buffers=180]
[prefill gpu attn=0.011s(28%) shared=0.004s(9%) moe=0.020s(52%) tail=0.001s(2%) head=0.003s(9%) total=0.039s]
[prefill host enc.front=0.002s(3%) wait.front=0.020s(38%) drain=0.000s(1%) route=0.000s(0%) meta=0.000s(0%) fetch=0.025s(48%) enc.moe=0.001s(1%) tail=0.000s(0%) head=0.004s(7%) other=0.000s(1%) call=0.053s | tiles=89 ahead=89 experts=479 miss=48 io=0.025s 6.6GB/s]
[prefill gpuq busy=0.039s(74%) idle=0.014s(26%) span=0.052s buffers=180]
[prefill gpu attn=0.011s(27%) shared=0.004s(9%) moe=0.022s(54%) tail=0.001s(2%) head=0.003s(8%) total=0.041s]
[prefill host enc.front=0.002s(3%) wait.front=0.021s(39%) drain=0.000s(1%) route=0.000s(0%) meta=0.000s(0%) fetch=0.025s(47%) enc.moe=0.001s(2%) tail=0.000s(0%) head=0.004s(7%) other=0.000s(1%) call=0.054s | tiles=93 ahead=93 experts=534 miss=57 io=0.026s 7.7GB/s]
[prefill gpuq busy=0.041s(76%) idle=0.013s(24%) span=0.054s buffers=184]
[prefill gpu attn=0.011s(28%) shared=0.004s(9%) moe=0.020s(52%) tail=0.001s(2%) head=0.003s(9%) total=0.039s]
[prefill host enc.front=0.002s(4%) wait.front=0.025s(50%) drain=0.001s(1%) route=0.000s(0%) meta=0.000s(0%) fetch=0.017s(34%) enc.moe=0.001s(2%) tail=0.000s(0%) head=0.004s(7%) other=0.000s(1%) call=0.049s | tiles=81 ahead=81 experts=486 miss=46 io=0.017s 9.4GB/s]
[prefill gpuq busy=0.039s(80%) idle=0.010s(20%) span=0.049s buffers=172]
[prefill gpu attn=0.011s(29%) shared=0.004s(9%) moe=0.020s(51%) tail=0.001s(2%) head=0.003s(9%) total=0.038s]
[prefill host enc.front=0.002s(4%) wait.front=0.021s(46%) drain=0.001s(2%) route=0.000s(1%) meta=0.000s(0%) fetch=0.018s(38%) enc.moe=0.001s(2%) tail=0.000s(0%) head=0.004s(8%) other=0.000s(1%) call=0.046s | tiles=83 ahead=83 experts=464 miss=40 io=0.018s 7.8GB/s]
[prefill gpuq busy=0.038s(83%) idle=0.008s(17%) span=0.046s buffers=174]
[prefill gpu attn=0.011s(28%) shared=0.004s(9%) moe=0.021s(53%) tail=0.001s(2%) head=0.003s(9%) total=0.039s]
[prefill host enc.front=0.002s(4%) wait.front=0.022s(49%) drain=0.000s(1%) route=0.000s(0%) meta=0.000s(0%) fetch=0.016s(35%) enc.moe=0.001s(2%) tail=0.000s(0%) head=0.004s(8%) other=0.000s(1%) call=0.045s | tiles=87 ahead=87 experts=486 miss=43 io=0.016s 9.2GB/s]
[prefill gpuq busy=0.039s(87%) idle=0.006s(13%) span=0.045s buffers=178]
[prefill gpu attn=0.011s(28%) shared=0.003s(9%) moe=0.021s(52%) tail=0.001s(2%) head=0.003s(9%) total=0.039s]
[prefill host enc.front=0.002s(3%) wait.front=0.023s(38%) drain=0.001s(1%) route=0.000s(0%) meta=0.000s(0%) fetch=0.030s(49%) enc.moe=0.001s(1%) tail=0.000s(0%) head=0.004s(6%) other=0.000s(1%) call=0.061s | tiles=86 ahead=86 experts=455 miss=73 io=0.034s 7.5GB/s]
[prefill gpuq busy=0.039s(65%) idle=0.022s(35%) span=0.061s buffers=177]
[prefill gpu attn=0.011s(27%) shared=0.004s(8%) moe=0.023s(55%) tail=0.001s(2%) head=0.003s(8%) total=0.041s]
[prefill host enc.front=0.002s(3%) wait.front=0.019s(32%) drain=0.001s(1%) route=0.000s(0%) meta=0.000s(0%) fetch=0.033s(55%) enc.moe=0.001s(2%) tail=0.000s(0%) head=0.004s(6%) other=0.001s(1%) call=0.061s | tiles=99 ahead=99 experts=552 miss=79 io=0.034s 8.2GB/s]
[prefill gpuq busy=0.041s(69%) idle=0.019s(31%) span=0.060s buffers=190]
[prefill gpu attn=0.011s(28%) shared=0.004s(9%) moe=0.020s(52%) tail=0.001s(2%) head=0.003s(9%) total=0.039s]
[prefill host enc.front=0.002s(4%) wait.front=0.025s(56%) drain=0.000s(1%) route=0.000s(1%) meta=0.000s(0%) fetch=0.013s(28%) enc.moe=0.001s(2%) tail=0.000s(0%) head=0.004s(8%) other=0.000s(1%) call=0.045s | tiles=84 ahead=84 experts=499 miss=35 io=0.013s 9.5GB/s]
[prefill gpuq busy=0.039s(87%) idle=0.006s(13%) span=0.044s buffers=175]
[prefill gpu attn=0.011s(30%) shared=0.003s(9%) moe=0.019s(50%) tail=0.001s(2%) head=0.003s(9%) total=0.038s]
[prefill host enc.front=0.002s(4%) wait.front=0.024s(57%) drain=0.000s(1%) route=0.000s(1%) meta=0.000s(0%) fetch=0.011s(26%) enc.moe=0.001s(2%) tail=0.000s(0%) head=0.004s(8%) other=0.000s(1%) call=0.042s | tiles=78 ahead=78 experts=425 miss=31 io=0.011s 9.4GB/s]
[prefill gpuq busy=0.038s(89%) idle=0.004s(11%) span=0.042s buffers=169]
[prefill gpu attn=0.011s(29%) shared=0.004s(9%) moe=0.019s(51%) tail=0.001s(2%) head=0.003s(9%) total=0.038s]
[prefill host enc.front=0.002s(3%) wait.front=0.022s(43%) drain=0.000s(1%) route=0.000s(0%) meta=0.000s(0%) fetch=0.022s(43%) enc.moe=0.001s(1%) tail=0.000s(0%) head=0.004s(7%) other=0.000s(1%) call=0.051s | tiles=80 ahead=80 experts=416 miss=49 io=0.022s 7.7GB/s]
[prefill gpuq busy=0.038s(75%) idle=0.013s(25%) span=0.051s buffers=171]
[prefill gpu attn=0.011s(30%) shared=0.004s(10%) moe=0.019s(50%) tail=0.001s(2%) head=0.003s(9%) total=0.038s]
[prefill host enc.front=0.002s(4%) wait.front=0.025s(58%) drain=0.000s(1%) route=0.000s(0%) meta=0.000s(0%) fetch=0.011s(26%) enc.moe=0.001s(2%) tail=0.000s(0%) head=0.004s(8%) other=0.000s(1%) call=0.043s | tiles=79 ahead=79 experts=448 miss=23 io=0.011s 7.0GB/s]
[prefill gpuq busy=0.038s(87%) idle=0.005s(13%) span=0.043s buffers=170]
[prefill gpu attn=0.011s(28%) shared=0.004s(9%) moe=0.021s(52%) tail=0.001s(2%) head=0.003s(9%) total=0.040s]
[prefill host enc.front=0.002s(3%) wait.front=0.022s(42%) drain=0.001s(1%) route=0.000s(0%) meta=0.000s(0%) fetch=0.023s(44%) enc.moe=0.001s(2%) tail=0.000s(0%) head=0.004s(7%) other=0.000s(1%) call=0.053s | tiles=86 ahead=86 experts=467 miss=48 io=0.023s 7.2GB/s]
[prefill gpuq busy=0.040s(75%) idle=0.013s(25%) span=0.052s buffers=177]
[prefill gpu attn=0.011s(28%) shared=0.004s(9%) moe=0.021s(53%) tail=0.001s(2%) head=0.003s(9%) total=0.040s]
[prefill host enc.front=0.002s(3%) wait.front=0.022s(38%) drain=0.001s(1%) route=0.000s(0%) meta=0.000s(0%) fetch=0.028s(49%) enc.moe=0.001s(2%) tail=0.000s(0%) head=0.004s(6%) other=0.000s(1%) call=0.057s | tiles=87 ahead=87 experts=462 miss=70 io=0.029s 8.3GB/s]
[prefill gpuq busy=0.040s(70%) idle=0.017s(30%) span=0.057s buffers=178]
[prefill gpu attn=0.011s(28%) shared=0.004s(9%) moe=0.021s(53%) tail=0.001s(2%) head=0.003s(8%) total=0.040s]
[prefill host enc.front=0.002s(4%) wait.front=0.024s(52%) drain=0.000s(1%) route=0.000s(0%) meta=0.000s(0%) fetch=0.014s(32%) enc.moe=0.001s(2%) tail=0.000s(0%) head=0.004s(8%) other=0.000s(1%) call=0.045s | tiles=89 ahead=89 experts=513 miss=37 io=0.015s 8.8GB/s]
[prefill gpuq busy=0.040s(88%) idle=0.005s(12%) span=0.045s buffers=180]
[prefill gpu attn=0.011s(28%) shared=0.003s(9%) moe=0.020s(52%) tail=0.001s(2%) head=0.003s(9%) total=0.039s]
[prefill host enc.front=0.002s(4%) wait.front=0.022s(48%) drain=0.000s(1%) route=0.000s(0%) meta=0.000s(0%) fetch=0.016s(36%) enc.moe=0.001s(2%) tail=0.000s(0%) head=0.004s(8%) other=0.000s(1%) call=0.046s | tiles=102 ahead=102 experts=551 miss=37 io=0.017s 7.7GB/s]
[prefill gpuq busy=0.039s(86%) idle=0.006s(14%) span=0.045s buffers=193]
[prefill gpu attn=0.011s(28%) shared=0.004s(9%) moe=0.020s(52%) tail=0.001s(2%) head=0.003s(9%) total=0.039s]
[prefill host enc.front=0.002s(3%) wait.front=0.023s(44%) drain=0.000s(1%) route=0.000s(0%) meta=0.000s(0%) fetch=0.022s(42%) enc.moe=0.001s(1%) tail=0.000s(0%) head=0.004s(7%) other=0.000s(1%) call=0.053s | tiles=80 ahead=80 experts=461 miss=49 io=0.023s 7.5GB/s]
[prefill gpuq busy=0.039s(74%) idle=0.014s(26%) span=0.053s buffers=171]
[prefill gpu attn=0.011s(28%) shared=0.003s(9%) moe=0.021s(52%) tail=0.001s(2%) head=0.003s(9%) total=0.039s]
[prefill host enc.front=0.002s(4%) wait.front=0.024s(54%) drain=0.000s(1%) route=0.000s(1%) meta=0.000s(0%) fetch=0.013s(29%) enc.moe=0.001s(2%) tail=0.000s(0%) head=0.004s(8%) other=0.000s(1%) call=0.044s | tiles=102 ahead=102 experts=560 miss=34 io=0.013s 9.1GB/s]
[prefill gpuq busy=0.039s(90%) idle=0.004s(10%) span=0.044s buffers=193]
[prefill gpu attn=0.011s(27%) shared=0.004s(9%) moe=0.022s(54%) tail=0.001s(2%) head=0.003s(8%) total=0.041s]
[prefill host enc.front=0.002s(3%) wait.front=0.025s(43%) drain=0.001s(1%) route=0.000s(0%) meta=0.000s(0%) fetch=0.025s(43%) enc.moe=0.001s(1%) tail=0.000s(0%) head=0.004s(6%) other=0.000s(1%) call=0.058s | tiles=82 ahead=82 experts=487 miss=76 io=0.029s 9.2GB/s]
[prefill gpuq busy=0.041s(71%) idle=0.017s(29%) span=0.057s buffers=173]
[prefill gpu attn=0.011s(29%) shared=0.004s(9%) moe=0.020s(52%) tail=0.001s(2%) head=0.003s(9%) total=0.039s]
[prefill host enc.front=0.002s(4%) wait.front=0.026s(61%) drain=0.001s(1%) route=0.000s(1%) meta=0.000s(0%) fetch=0.009s(21%) enc.moe=0.001s(2%) tail=0.000s(0%) head=0.004s(8%) other=0.000s(1%) call=0.043s | tiles=96 ahead=96 experts=557 miss=31 io=0.009s 11.5GB/s]
[prefill gpuq busy=0.039s(91%) idle=0.004s(9%) span=0.043s buffers=187]
[prefill gpu attn=0.011s(27%) shared=0.004s(9%) moe=0.022s(54%) tail=0.001s(2%) head=0.003s(8%) total=0.041s]
[prefill host enc.front=0.002s(3%) wait.front=0.022s(40%) drain=0.001s(1%) route=0.000s(0%) meta=0.000s(0%) fetch=0.026s(46%) enc.moe=0.001s(2%) tail=0.000s(0%) head=0.004s(7%) other=0.001s(1%) call=0.056s | tiles=92 ahead=92 experts=514 miss=70 io=0.026s 9.3GB/s]
[prefill gpuq busy=0.041s(73%) idle=0.015s(27%) span=0.056s buffers=183]
[prefill gpu attn=0.011s(29%) shared=0.003s(9%) moe=0.020s(52%) tail=0.001s(2%) head=0.003s(9%) total=0.039s]
[prefill host enc.front=0.002s(4%) wait.front=0.025s(56%) drain=0.000s(1%) route=0.000s(1%) meta=0.000s(0%) fetch=0.013s(28%) enc.moe=0.001s(2%) tail=0.000s(0%) head=0.004s(8%) other=0.000s(1%) call=0.045s | tiles=83 ahead=83 experts=488 miss=35 io=0.013s 9.4GB/s]
[prefill gpuq busy=0.039s(86%) idle=0.006s(14%) span=0.045s buffers=174]
[prefill gpu attn=0.011s(29%) shared=0.004s(9%) moe=0.019s(50%) tail=0.001s(2%) head=0.003s(9%) total=0.038s]
[prefill host enc.front=0.002s(4%) wait.front=0.023s(53%) drain=0.000s(1%) route=0.000s(0%) meta=0.000s(0%) fetch=0.013s(30%) enc.moe=0.001s(2%) tail=0.000s(0%) head=0.004s(8%) other=0.000s(1%) call=0.044s | tiles=80 ahead=80 experts=425 miss=32 io=0.013s 8.3GB/s]
[prefill gpuq busy=0.038s(87%) idle=0.005s(13%) span=0.043s buffers=171]
[prefill gpu attn=0.011s(30%) shared=0.004s(10%) moe=0.018s(49%) tail=0.001s(2%) head=0.004s(10%) total=0.037s]
[prefill host enc.front=0.002s(4%) wait.front=0.023s(56%) drain=0.001s(2%) route=0.000s(0%) meta=0.000s(0%) fetch=0.011s(26%) enc.moe=0.001s(2%) tail=0.000s(0%) head=0.004s(9%) other=0.000s(1%) call=0.041s | tiles=78 ahead=78 experts=417 miss=21 io=0.011s 6.8GB/s]
[prefill gpuq busy=0.037s(90%) idle=0.004s(10%) span=0.041s buffers=169]
[prefill gpu attn=0.011s(31%) shared=0.004s(10%) moe=0.018s(48%) tail=0.001s(2%) head=0.003s(9%) total=0.037s]
[prefill host enc.front=0.002s(4%) wait.front=0.027s(67%) drain=0.001s(2%) route=0.000s(0%) meta=0.000s(0%) fetch=0.006s(15%) enc.moe=0.001s(1%) tail=0.000s(0%) head=0.004s(9%) other=0.000s(1%) call=0.040s | tiles=71 ahead=71 experts=416 miss=14 io=0.006s 8.2GB/s]
[prefill gpuq busy=0.037s(93%) idle=0.003s(7%) span=0.040s buffers=162]
[prefill gpu attn=0.011s(27%) shared=0.004s(9%) moe=0.021s(53%) tail=0.001s(2%) head=0.003s(9%) total=0.040s]
[prefill host enc.front=0.002s(3%) wait.front=0.023s(45%) drain=0.000s(1%) route=0.000s(0%) meta=0.000s(0%) fetch=0.020s(40%) enc.moe=0.001s(2%) tail=0.000s(0%) head=0.004s(7%) other=0.000s(1%) call=0.051s | tiles=97 ahead=97 experts=554 miss=54 io=0.020s 9.2GB/s]
[prefill gpuq busy=0.040s(80%) idle=0.010s(20%) span=0.051s buffers=188]
[prefill gpu attn=0.011s(28%) shared=0.004s(9%) moe=0.022s(53%) tail=0.001s(2%) head=0.003s(8%) total=0.041s]
[prefill host enc.front=0.002s(2%) wait.front=0.026s(32%) drain=0.001s(1%) route=0.000s(0%) meta=0.000s(0%) fetch=0.047s(58%) enc.moe=0.001s(1%) tail=0.000s(0%) head=0.004s(4%) other=0.001s(1%) call=0.081s | tiles=92 ahead=92 experts=521 miss=92 io=0.049s 6.5GB/s]
[prefill gpuq busy=0.041s(51%) idle=0.040s(49%) span=0.081s buffers=183]
[prefill gpu attn=0.011s(27%) shared=0.004s(9%) moe=0.022s(53%) tail=0.001s(2%) head=0.003s(9%) total=0.041s]
[prefill host enc.front=0.002s(3%) wait.front=0.021s(32%) drain=0.001s(1%) route=0.000s(0%) meta=0.000s(0%) fetch=0.037s(56%) enc.moe=0.001s(1%) tail=0.000s(0%) head=0.004s(5%) other=0.001s(1%) call=0.066s | tiles=92 ahead=92 experts=517 miss=79 io=0.038s 7.2GB/s]
[prefill gpuq busy=0.041s(61%) idle=0.026s(39%) span=0.066s buffers=183]
[prefill gpu attn=0.011s(27%) shared=0.004s(9%) moe=0.022s(54%) tail=0.001s(2%) head=0.003s(8%) total=0.041s]
[prefill host enc.front=0.002s(4%) wait.front=0.024s(48%) drain=0.001s(1%) route=0.000s(1%) meta=0.000s(0%) fetch=0.018s(37%) enc.moe=0.001s(2%) tail=0.000s(0%) head=0.004s(7%) other=0.000s(1%) call=0.050s | tiles=96 ahead=96 experts=573 miss=46 io=0.019s 8.5GB/s]
[prefill gpuq busy=0.041s(82%) idle=0.009s(18%) span=0.050s buffers=187]
[prefill gpu attn=0.011s(30%) shared=0.004s(10%) moe=0.018s(49%) tail=0.001s(2%) head=0.003s(9%) total=0.037s]
[prefill host enc.front=0.002s(4%) wait.front=0.024s(54%) drain=0.000s(1%) route=0.000s(0%) meta=0.000s(0%) fetch=0.013s(30%) enc.moe=0.001s(2%) tail=0.000s(0%) head=0.004s(8%) other=0.000s(1%) call=0.045s | tiles=75 ahead=75 experts=420 miss=32 io=0.014s 8.1GB/s]
[prefill gpuq busy=0.037s(83%) idle=0.008s(17%) span=0.045s buffers=166]
[prefill gpu attn=0.011s(34%) shared=0.003s(11%) moe=0.013s(42%) tail=0.001s(2%) head=0.003s(11%) total=0.032s]
[prefill host enc.front=0.002s(4%) wait.front=0.022s(53%) drain=0.000s(1%) route=0.000s(0%) meta=0.000s(0%) fetch=0.012s(30%) enc.moe=0.001s(1%) tail=0.000s(0%) head=0.004s(9%) other=0.000s(1%) call=0.041s | tiles=73 ahead=73 experts=388 miss=24 io=0.012s 6.7GB/s]
[prefill gpuq busy=0.032s(78%) idle=0.009s(22%) span=0.041s buffers=164]
[prefill gpu attn=0.013s(47%) shared=0.003s(12%) moe=0.007s(26%) tail=0.001s(3%) head=0.003s(12%) total=0.027s]
[prefill host enc.front=0.002s(5%) wait.front=0.022s(66%) drain=0.000s(1%) route=0.000s(0%) meta=0.000s(0%) fetch=0.005s(15%) enc.moe=0.000s(1%) tail=0.000s(0%) head=0.004s(11%) other=0.000s(1%) call=0.034s | tiles=35 ahead=35 experts=240 miss=5 io=0.005s 3.5GB/s]
[prefill gpuq busy=0.027s(82%) idle=0.006s(18%) span=0.033s buffers=126]

[stop=maxTokens prefill=349tok new=192tok decode=6.55s tok/s=29.295]
[load=0.759s layerVerify=0.000s/30layers prefill=4.356s ttft=4.357s peak=6.77GB rss=4.51GB]
[expert prefill hit=0.0% 0/3020 io=1.843s | decode hit=88.0% 37038/42108 io=3.069s]
[vision images=1 soft=260 tower=1.760s towerLoad=0.001s]
[decode/tok io=0.00ms cb1=0.00ms cb2=0.00ms head=0.00ms]
[mtp bs=3 rounds=87 accept=1.195/2 tok/round=2.207 draft=0.587s verify=5.713s accepted=26,18,43]
