[prefill gpu attn=0.385s(29%) shared=0.115s(9%) moe=0.812s(61%) tail=0.007s(1%) head=0.003s(0%) total=1.323s]
[prefill host enc.front=0.002s(0%) wait.front=0.521s(20%) drain=0.000s(0%) route=0.005s(0%) wait.shared=0.109s(4%) meta=0.000s(0%) fetch=1.855s(71%) enc.moe=0.015s(1%) wait.tile=0.080s(3%) tail=0.014s(1%) head=0.004s(0%) other=0.006s(0%) call=2.611s | tiles=390 ahead=0 experts=0 miss=0 io=0.000s 0.0GB/s]
[prefill gpuq busy=1.323s(53%) idle=1.159s(47%) span=2.482s buffers=481]
[prefill gpu attn=0.032s(45%) shared=0.006s(9%) moe=0.024s(33%) tail=0.001s(2%) head=0.008s(11%) total=0.071s]
[prefill host enc.front=0.003s(1%) wait.front=0.103s(35%) drain=0.002s(1%) route=0.001s(0%) meta=0.000s(0%) fetch=0.178s(60%) enc.moe=0.002s(1%) tail=0.000s(0%) head=0.008s(3%) other=0.001s(0%) call=0.298s | tiles=74 ahead=74 experts=402 miss=214 io=0.237s 3.1GB/s]
[prefill gpuq busy=0.069s(23%) idle=0.228s(77%) span=0.297s buffers=165]
[prefill gpu attn=0.013s(34%) shared=0.004s(11%) moe=0.016s(43%) tail=0.001s(3%) head=0.004s(9%) total=0.038s]
[prefill host enc.front=0.002s(2%) wait.front=0.026s(25%) drain=0.000s(0%) route=0.000s(0%) meta=0.000s(0%) fetch=0.071s(67%) enc.moe=0.001s(1%) tail=0.000s(0%) head=0.004s(4%) other=0.001s(1%) call=0.105s | tiles=77 ahead=77 experts=338 miss=80 io=0.071s 3.9GB/s]
[prefill gpuq busy=0.038s(36%) idle=0.067s(64%) span=0.105s buffers=168]
[prefill gpu attn=0.012s(34%) shared=0.004s(12%) moe=0.015s(43%) tail=0.001s(3%) head=0.003s(9%) total=0.035s]
[prefill host enc.front=0.002s(2%) wait.front=0.029s(27%) drain=0.001s(1%) route=0.000s(0%) meta=0.000s(0%) fetch=0.071s(65%) enc.moe=0.001s(1%) tail=0.000s(0%) head=0.004s(3%) other=0.001s(1%) call=0.109s | tiles=70 ahead=70 experts=323 miss=71 io=0.071s 3.4GB/s]
[prefill gpuq busy=0.035s(33%) idle=0.073s(67%) span=0.109s buffers=161]
[prefill gpu attn=0.011s(32%) shared=0.004s(11%) moe=0.015s(45%) tail=0.001s(2%) head=0.003s(10%) total=0.034s]
[prefill host enc.front=0.002s(2%) wait.front=0.026s(30%) drain=0.000s(0%) route=0.000s(0%) meta=0.000s(0%) fetch=0.052s(61%) enc.moe=0.001s(1%) tail=0.000s(0%) head=0.004s(4%) other=0.000s(1%) call=0.086s | tiles=82 ahead=82 experts=401 miss=49 io=0.052s 3.2GB/s]
[prefill gpuq busy=0.034s(39%) idle=0.052s(61%) span=0.085s buffers=173]
[prefill gpu attn=0.012s(32%) shared=0.004s(10%) moe=0.017s(45%) tail=0.001s(3%) head=0.004s(10%) total=0.038s]
[prefill host enc.front=0.002s(2%) wait.front=0.027s(24%) drain=0.000s(0%) route=0.000s(0%) meta=0.000s(0%) fetch=0.078s(69%) enc.moe=0.001s(1%) tail=0.000s(0%) head=0.004s(4%) other=0.001s(0%) call=0.114s | tiles=87 ahead=87 experts=396 miss=85 io=0.078s 3.8GB/s]
[prefill gpuq busy=0.038s(33%) idle=0.076s(67%) span=0.113s buffers=178]
[prefill gpu attn=0.012s(32%) shared=0.004s(10%) moe=0.017s(45%) tail=0.001s(3%) head=0.004s(11%) total=0.039s]
[prefill host enc.front=0.002s(2%) wait.front=0.028s(26%) drain=0.000s(0%) route=0.000s(0%) meta=0.000s(0%) fetch=0.074s(67%) enc.moe=0.001s(1%) tail=0.000s(0%) head=0.004s(4%) other=0.001s(0%) call=0.111s | tiles=83 ahead=83 experts=396 miss=78 io=0.074s 3.6GB/s]
[prefill gpuq busy=0.039s(35%) idle=0.072s(65%) span=0.111s buffers=174]
[prefill gpu attn=0.013s(33%) shared=0.004s(11%) moe=0.016s(42%) tail=0.001s(3%) head=0.004s(11%) total=0.038s]
[prefill host enc.front=0.002s(1%) wait.front=0.031s(23%) drain=0.001s(1%) route=0.000s(0%) meta=0.000s(0%) fetch=0.093s(70%) enc.moe=0.001s(1%) tail=0.000s(0%) head=0.004s(3%) other=0.001s(0%) call=0.134s | tiles=65 ahead=65 experts=334 miss=121 io=0.093s 4.5GB/s]
[prefill gpuq busy=0.038s(28%) idle=0.096s(72%) span=0.134s buffers=156]
[prefill gpu attn=0.012s(34%) shared=0.004s(11%) moe=0.015s(42%) tail=0.001s(3%) head=0.003s(10%) total=0.035s]
[prefill host enc.front=0.002s(2%) wait.front=0.026s(26%) drain=0.001s(1%) route=0.000s(0%) meta=0.000s(0%) fetch=0.066s(66%) enc.moe=0.001s(1%) tail=0.000s(0%) head=0.004s(4%) other=0.001s(1%) call=0.100s | tiles=70 ahead=70 experts=328 miss=77 io=0.066s 4.0GB/s]
[prefill gpuq busy=0.035s(35%) idle=0.065s(65%) span=0.100s buffers=161]
[prefill gpu attn=0.011s(31%) shared=0.004s(10%) moe=0.016s(46%) tail=0.001s(2%) head=0.003s(10%) total=0.035s]
[prefill host enc.front=0.002s(2%) wait.front=0.024s(25%) drain=0.001s(1%) route=0.000s(0%) meta=0.000s(0%) fetch=0.065s(67%) enc.moe=0.001s(1%) tail=0.000s(0%) head=0.004s(4%) other=0.000s(0%) call=0.096s | tiles=88 ahead=88 experts=433 miss=76 io=0.065s 4.1GB/s]
[prefill gpuq busy=0.035s(36%) idle=0.061s(64%) span=0.096s buffers=179]
[prefill gpu attn=0.011s(33%) shared=0.003s(11%) moe=0.014s(43%) tail=0.001s(2%) head=0.003s(10%) total=0.032s]
[prefill host enc.front=0.002s(2%) wait.front=0.024s(29%) drain=0.000s(1%) route=0.000s(0%) meta=0.000s(0%) fetch=0.051s(61%) enc.moe=0.001s(1%) tail=0.000s(0%) head=0.004s(4%) other=0.000s(1%) call=0.082s | tiles=79 ahead=79 experts=378 miss=62 io=0.051s 4.2GB/s]
[prefill gpuq busy=0.032s(39%) idle=0.050s(61%) span=0.082s buffers=170]
[prefill gpu attn=0.011s(35%) shared=0.003s(11%) moe=0.012s(40%) tail=0.001s(3%) head=0.003s(11%) total=0.030s]
[prefill host enc.front=0.002s(3%) wait.front=0.022s(39%) drain=0.000s(1%) route=0.000s(0%) meta=0.000s(0%) fetch=0.028s(49%) enc.moe=0.001s(1%) tail=0.000s(0%) head=0.004s(6%) other=0.000s(1%) call=0.057s | tiles=76 ahead=76 experts=350 miss=31 io=0.028s 3.8GB/s]
[prefill gpuq busy=0.030s(53%) idle=0.027s(47%) span=0.057s buffers=167]
[prefill gpu attn=0.011s(32%) shared=0.004s(11%) moe=0.015s(45%) tail=0.001s(2%) head=0.003s(10%) total=0.033s]
[prefill host enc.front=0.002s(2%) wait.front=0.021s(26%) drain=0.000s(0%) route=0.000s(0%) meta=0.000s(0%) fetch=0.053s(65%) enc.moe=0.001s(1%) tail=0.000s(0%) head=0.004s(4%) other=0.000s(1%) call=0.082s | tiles=87 ahead=87 experts=399 miss=60 io=0.054s 3.9GB/s]
[prefill gpuq busy=0.033s(40%) idle=0.049s(60%) span=0.082s buffers=178]
[prefill gpu attn=0.011s(34%) shared=0.004s(11%) moe=0.014s(42%) tail=0.001s(3%) head=0.003s(10%) total=0.032s]
[prefill host enc.front=0.002s(2%) wait.front=0.025s(24%) drain=0.001s(1%) route=0.000s(0%) meta=0.000s(0%) fetch=0.072s(69%) enc.moe=0.001s(1%) tail=0.000s(0%) head=0.004s(3%) other=0.000s(0%) call=0.104s | tiles=76 ahead=76 experts=348 miss=67 io=0.072s 3.2GB/s]
[prefill gpuq busy=0.032s(31%) idle=0.071s(69%) span=0.104s buffers=167]
[prefill gpu attn=0.010s(34%) shared=0.003s(11%) moe=0.013s(42%) tail=0.001s(3%) head=0.003s(11%) total=0.031s]
[prefill host enc.front=0.002s(3%) wait.front=0.022s(37%) drain=0.001s(1%) route=0.000s(0%) meta=0.000s(0%) fetch=0.030s(51%) enc.moe=0.001s(1%) tail=0.000s(0%) head=0.004s(6%) other=0.000s(1%) call=0.059s | tiles=78 ahead=78 experts=364 miss=36 io=0.030s 4.1GB/s]
[prefill gpuq busy=0.031s(52%) idle=0.028s(48%) span=0.059s buffers=169]
[prefill gpu attn=0.010s(32%) shared=0.003s(11%) moe=0.014s(44%) tail=0.001s(2%) head=0.003s(11%) total=0.032s]
[prefill host enc.front=0.002s(2%) wait.front=0.023s(29%) drain=0.000s(0%) route=0.000s(0%) meta=0.000s(0%) fetch=0.048s(61%) enc.moe=0.001s(1%) tail=0.000s(0%) head=0.004s(5%) other=0.000s(1%) call=0.078s | tiles=84 ahead=84 experts=391 miss=60 io=0.048s 4.3GB/s]
[prefill gpuq busy=0.032s(42%) idle=0.045s(58%) span=0.078s buffers=175]
[prefill gpu attn=0.011s(32%) shared=0.004s(11%) moe=0.015s(45%) tail=0.001s(2%) head=0.003s(10%) total=0.033s]
[prefill host enc.front=0.002s(2%) wait.front=0.025s(32%) drain=0.000s(0%) route=0.000s(0%) meta=0.000s(0%) fetch=0.044s(58%) enc.moe=0.001s(1%) tail=0.000s(0%) head=0.004s(5%) other=0.000s(1%) call=0.076s | tiles=81 ahead=81 experts=406 miss=50 io=0.044s 3.9GB/s]
[prefill gpuq busy=0.033s(44%) idle=0.043s(56%) span=0.076s buffers=172]
[prefill gpu attn=0.011s(36%) shared=0.004s(12%) moe=0.012s(39%) tail=0.001s(3%) head=0.003s(11%) total=0.030s]
[prefill host enc.front=0.002s(3%) wait.front=0.021s(38%) drain=0.000s(1%) route=0.000s(0%) meta=0.000s(0%) fetch=0.027s(49%) enc.moe=0.001s(1%) tail=0.000s(0%) head=0.004s(7%) other=0.000s(1%) call=0.055s | tiles=69 ahead=69 experts=308 miss=34 io=0.027s 4.3GB/s]
[prefill gpuq busy=0.030s(55%) idle=0.025s(45%) span=0.055s buffers=160]
[prefill gpu attn=0.011s(34%) shared=0.003s(11%) moe=0.013s(41%) tail=0.001s(2%) head=0.003s(11%) total=0.031s]
[prefill host enc.front=0.002s(3%) wait.front=0.020s(33%) drain=0.001s(1%) route=0.000s(0%) meta=0.000s(0%) fetch=0.032s(54%) enc.moe=0.001s(1%) tail=0.000s(0%) head=0.004s(6%) other=0.000s(1%) call=0.059s | tiles=78 ahead=78 experts=343 miss=45 io=0.032s 4.9GB/s]
[prefill gpuq busy=0.031s(53%) idle=0.028s(47%) span=0.059s buffers=169]
[prefill gpu attn=0.011s(34%) shared=0.003s(11%) moe=0.013s(41%) tail=0.001s(2%) head=0.003s(11%) total=0.031s]
[prefill host enc.front=0.002s(3%) wait.front=0.020s(33%) drain=0.000s(1%) route=0.000s(0%) meta=0.000s(0%) fetch=0.034s(56%) enc.moe=0.001s(1%) tail=0.000s(0%) head=0.004s(6%) other=0.000s(1%) call=0.061s | tiles=80 ahead=80 experts=350 miss=46 io=0.034s 4.6GB/s]
[prefill gpuq busy=0.031s(50%) idle=0.030s(50%) span=0.061s buffers=171]
[prefill gpu attn=0.011s(34%) shared=0.004s(12%) moe=0.013s(41%) tail=0.001s(2%) head=0.003s(11%) total=0.032s]
[prefill host enc.front=0.002s(2%) wait.front=0.021s(30%) drain=0.000s(1%) route=0.000s(0%) meta=0.000s(0%) fetch=0.041s(60%) enc.moe=0.001s(1%) tail=0.000s(0%) head=0.004s(5%) other=0.000s(1%) call=0.068s | tiles=80 ahead=80 experts=342 miss=47 io=0.041s 4.0GB/s]
[prefill gpuq busy=0.032s(47%) idle=0.036s(53%) span=0.068s buffers=171]
[prefill gpu attn=0.011s(34%) shared=0.004s(11%) moe=0.013s(42%) tail=0.001s(2%) head=0.003s(11%) total=0.031s]
[prefill host enc.front=0.002s(3%) wait.front=0.020s(32%) drain=0.001s(1%) route=0.000s(0%) meta=0.000s(0%) fetch=0.034s(56%) enc.moe=0.001s(1%) tail=0.000s(0%) head=0.004s(6%) other=0.000s(1%) call=0.061s | tiles=77 ahead=77 experts=361 miss=48 io=0.034s 4.9GB/s]
[prefill gpuq busy=0.031s(51%) idle=0.030s(49%) span=0.061s buffers=168]
[prefill gpu attn=0.011s(34%) shared=0.003s(11%) moe=0.013s(42%) tail=0.001s(2%) head=0.003s(11%) total=0.031s]
[prefill host enc.front=0.002s(3%) wait.front=0.020s(38%) drain=0.000s(1%) route=0.000s(0%) meta=0.000s(0%) fetch=0.026s(49%) enc.moe=0.001s(1%) tail=0.000s(0%) head=0.004s(7%) other=0.000s(1%) call=0.052s | tiles=80 ahead=80 experts=354 miss=43 io=0.026s 5.8GB/s]
[prefill gpuq busy=0.031s(60%) idle=0.021s(40%) span=0.052s buffers=171]
[prefill gpu attn=0.011s(33%) shared=0.003s(11%) moe=0.014s(43%) tail=0.001s(2%) head=0.003s(11%) total=0.032s]
[prefill host enc.front=0.002s(2%) wait.front=0.029s(37%) drain=0.001s(1%) route=0.000s(0%) meta=0.000s(0%) fetch=0.040s(52%) enc.moe=0.001s(1%) tail=0.000s(0%) head=0.004s(5%) other=0.000s(1%) call=0.076s | tiles=76 ahead=76 experts=357 miss=55 io=0.040s 4.8GB/s]
[prefill gpuq busy=0.032s(42%) idle=0.044s(58%) span=0.076s buffers=167]
[prefill gpu attn=0.011s(31%) shared=0.003s(10%) moe=0.015s(46%) tail=0.001s(2%) head=0.003s(10%) total=0.033s]
[prefill host enc.front=0.002s(2%) wait.front=0.023s(30%) drain=0.000s(0%) route=0.000s(0%) meta=0.000s(0%) fetch=0.047s(61%) enc.moe=0.001s(1%) tail=0.000s(0%) head=0.004s(5%) other=0.000s(1%) call=0.077s | tiles=85 ahead=85 experts=409 miss=68 io=0.047s 5.0GB/s]
[prefill gpuq busy=0.033s(43%) idle=0.043s(57%) span=0.077s buffers=176]
[prefill gpu attn=0.010s(32%) shared=0.003s(11%) moe=0.014s(43%) tail=0.001s(2%) head=0.004s(12%) total=0.032s]
[prefill host enc.front=0.002s(3%) wait.front=0.019s(34%) drain=0.000s(1%) route=0.000s(0%) meta=0.000s(0%) fetch=0.030s(53%) enc.moe=0.001s(1%) tail=0.000s(0%) head=0.004s(7%) other=0.000s(1%) call=0.056s | tiles=85 ahead=85 experts=370 miss=47 io=0.030s 5.4GB/s]
[prefill gpuq busy=0.032s(57%) idle=0.024s(43%) span=0.056s buffers=176]
[prefill gpu attn=0.010s(32%) shared=0.003s(11%) moe=0.015s(45%) tail=0.001s(2%) head=0.003s(10%) total=0.033s]
[prefill host enc.front=0.002s(4%) wait.front=0.022s(50%) drain=0.001s(1%) route=0.000s(0%) meta=0.000s(0%) fetch=0.015s(34%) enc.moe=0.001s(1%) tail=0.000s(0%) head=0.004s(8%) other=0.000s(1%) call=0.044s | tiles=74 ahead=74 experts=420 miss=27 io=0.015s 6.3GB/s]
[prefill gpuq busy=0.033s(75%) idle=0.011s(25%) span=0.044s buffers=165]
[prefill gpu attn=0.011s(31%) shared=0.003s(10%) moe=0.015s(46%) tail=0.001s(2%) head=0.003s(10%) total=0.034s]
[prefill host enc.front=0.002s(3%) wait.front=0.020s(33%) drain=0.001s(1%) route=0.000s(0%) meta=0.000s(0%) fetch=0.034s(55%) enc.moe=0.001s(1%) tail=0.000s(0%) head=0.004s(6%) other=0.000s(1%) call=0.062s | tiles=84 ahead=84 experts=433 miss=50 io=0.034s 5.0GB/s]
[prefill gpuq busy=0.034s(54%) idle=0.028s(46%) span=0.062s buffers=175]
[prefill gpu attn=0.011s(34%) shared=0.003s(11%) moe=0.013s(42%) tail=0.001s(2%) head=0.003s(11%) total=0.031s]
[prefill host enc.front=0.002s(2%) wait.front=0.023s(35%) drain=0.001s(1%) route=0.000s(0%) meta=0.000s(0%) fetch=0.037s(54%) enc.moe=0.001s(1%) tail=0.000s(0%) head=0.004s(5%) other=0.000s(1%) call=0.068s | tiles=73 ahead=73 experts=353 miss=63 io=0.043s 5.1GB/s]
[prefill gpuq busy=0.031s(46%) idle=0.036s(54%) span=0.067s buffers=164]
[prefill gpu attn=0.010s(33%) shared=0.003s(11%) moe=0.014s(43%) tail=0.001s(2%) head=0.004s(11%) total=0.032s]
[prefill host enc.front=0.002s(4%) wait.front=0.021s(53%) drain=0.000s(1%) route=0.000s(0%) meta=0.000s(0%) fetch=0.012s(30%) enc.moe=0.001s(1%) tail=0.000s(0%) head=0.004s(9%) other=0.000s(1%) call=0.040s | tiles=74 ahead=74 experts=407 miss=24 io=0.012s 7.0GB/s]
[prefill gpuq busy=0.032s(81%) idle=0.008s(19%) span=0.040s buffers=165]
[prefill gpu attn=0.010s(33%) shared=0.003s(11%) moe=0.013s(42%) tail=0.001s(2%) head=0.003s(11%) total=0.031s]
[prefill host enc.front=0.002s(4%) wait.front=0.021s(48%) drain=0.001s(2%) route=0.000s(0%) meta=0.000s(0%) fetch=0.016s(36%) enc.moe=0.001s(1%) tail=0.000s(0%) head=0.004s(8%) other=0.000s(1%) call=0.045s | tiles=73 ahead=73 experts=387 miss=29 io=0.016s 6.3GB/s]
[prefill gpuq busy=0.031s(70%) idle=0.013s(30%) span=0.044s buffers=164]
[prefill gpu attn=0.010s(32%) shared=0.003s(11%) moe=0.014s(44%) tail=0.001s(2%) head=0.003s(11%) total=0.032s]
[prefill host enc.front=0.002s(3%) wait.front=0.024s(49%) drain=0.000s(1%) route=0.000s(0%) meta=0.000s(0%) fetch=0.018s(37%) enc.moe=0.001s(1%) tail=0.000s(0%) head=0.004s(7%) other=0.000s(1%) call=0.050s | tiles=79 ahead=79 experts=383 miss=39 io=0.018s 7.3GB/s]
[prefill gpuq busy=0.032s(65%) idle=0.017s(35%) span=0.049s buffers=170]
[prefill gpu attn=0.011s(34%) shared=0.003s(11%) moe=0.013s(41%) tail=0.001s(2%) head=0.004s(11%) total=0.031s]
[prefill host enc.front=0.002s(4%) wait.front=0.021s(51%) drain=0.000s(1%) route=0.000s(1%) meta=0.000s(0%) fetch=0.013s(31%) enc.moe=0.001s(1%) tail=0.000s(0%) head=0.004s(9%) other=0.000s(1%) call=0.040s | tiles=75 ahead=75 experts=365 miss=22 io=0.013s 6.0GB/s]
[prefill gpuq busy=0.031s(78%) idle=0.009s(22%) span=0.040s buffers=166]
[prefill gpu attn=0.010s(32%) shared=0.003s(11%) moe=0.014s(44%) tail=0.001s(2%) head=0.004s(11%) total=0.033s]
[prefill host enc.front=0.002s(4%) wait.front=0.020s(43%) drain=0.000s(1%) route=0.000s(1%) meta=0.000s(0%) fetch=0.019s(41%) enc.moe=0.001s(2%) tail=0.000s(0%) head=0.004s(8%) other=0.000s(1%) call=0.046s | tiles=79 ahead=79 experts=369 miss=49 io=0.019s 8.9GB/s]
[prefill gpuq busy=0.033s(71%) idle=0.013s(29%) span=0.046s buffers=170]
[prefill gpu attn=0.011s(34%) shared=0.003s(11%) moe=0.013s(42%) tail=0.001s(2%) head=0.003s(11%) total=0.032s]
[prefill host enc.front=0.002s(4%) wait.front=0.023s(49%) drain=0.000s(1%) route=0.000s(0%) meta=0.000s(0%) fetch=0.016s(36%) enc.moe=0.001s(1%) tail=0.000s(0%) head=0.004s(8%) other=0.000s(1%) call=0.046s | tiles=72 ahead=72 experts=376 miss=26 io=0.016s 5.5GB/s]
[prefill gpuq busy=0.032s(70%) idle=0.014s(30%) span=0.045s buffers=163]
[prefill gpu attn=0.010s(32%) shared=0.003s(10%) moe=0.015s(45%) tail=0.001s(2%) head=0.003s(10%) total=0.033s]
[prefill host enc.front=0.002s(3%) wait.front=0.020s(40%) drain=0.001s(2%) route=0.000s(0%) meta=0.000s(0%) fetch=0.022s(45%) enc.moe=0.001s(1%) tail=0.000s(0%) head=0.004s(7%) other=0.000s(1%) call=0.049s | tiles=81 ahead=81 experts=393 miss=53 io=0.022s 8.2GB/s]
[prefill gpuq busy=0.033s(66%) idle=0.017s(34%) span=0.049s buffers=172]
[prefill gpu attn=0.010s(31%) shared=0.003s(10%) moe=0.016s(47%) tail=0.001s(2%) head=0.003s(10%) total=0.034s]
[prefill host enc.front=0.002s(3%) wait.front=0.020s(36%) drain=0.000s(0%) route=0.000s(0%) meta=0.000s(0%) fetch=0.030s(52%) enc.moe=0.001s(1%) tail=0.000s(0%) head=0.004s(6%) other=0.000s(1%) call=0.057s | tiles=83 ahead=83 experts=444 miss=54 io=0.030s 6.3GB/s]
[prefill gpuq busy=0.034s(60%) idle=0.023s(40%) span=0.057s buffers=174]
[prefill gpu attn=0.010s(33%) shared=0.003s(11%) moe=0.014s(44%) tail=0.001s(2%) head=0.003s(11%) total=0.032s]
[prefill host enc.front=0.002s(4%) wait.front=0.019s(45%) drain=0.000s(1%) route=0.000s(0%) meta=0.000s(0%) fetch=0.016s(38%) enc.moe=0.001s(1%) tail=0.000s(0%) head=0.004s(8%) other=0.000s(1%) call=0.043s | tiles=78 ahead=78 experts=387 miss=35 io=0.017s 7.3GB/s]
[prefill gpuq busy=0.032s(75%) idle=0.011s(25%) span=0.043s buffers=169]
[prefill gpu attn=0.010s(33%) shared=0.003s(11%) moe=0.014s(43%) tail=0.001s(2%) head=0.004s(11%) total=0.032s]
[prefill host enc.front=0.002s(4%) wait.front=0.020s(44%) drain=0.000s(1%) route=0.000s(1%) meta=0.000s(0%) fetch=0.018s(40%) enc.moe=0.001s(1%) tail=0.000s(0%) head=0.004s(8%) other=0.000s(1%) call=0.044s | tiles=77 ahead=77 experts=391 miss=32 io=0.018s 6.2GB/s]
[prefill gpuq busy=0.032s(72%) idle=0.012s(28%) span=0.044s buffers=168]
[prefill gpu attn=0.010s(33%) shared=0.003s(11%) moe=0.014s(43%) tail=0.001s(2%) head=0.003s(11%) total=0.032s]
[prefill host enc.front=0.002s(3%) wait.front=0.021s(43%) drain=0.000s(1%) route=0.000s(0%) meta=0.000s(0%) fetch=0.021s(43%) enc.moe=0.001s(1%) tail=0.000s(0%) head=0.004s(7%) other=0.000s(1%) call=0.049s | tiles=75 ahead=75 experts=383 miss=41 io=0.021s 6.8GB/s]
[prefill gpuq busy=0.032s(65%) idle=0.017s(35%) span=0.048s buffers=166]
[prefill gpu attn=0.010s(33%) shared=0.003s(11%) moe=0.014s(43%) tail=0.001s(2%) head=0.003s(11%) total=0.032s]
[prefill host enc.front=0.002s(3%) wait.front=0.021s(43%) drain=0.000s(1%) route=0.000s(0%) meta=0.000s(0%) fetch=0.021s(43%) enc.moe=0.001s(1%) tail=0.000s(0%) head=0.004s(7%) other=0.000s(1%) call=0.049s | tiles=78 ahead=78 experts=378 miss=38 io=0.021s 6.2GB/s]
[prefill gpuq busy=0.032s(65%) idle=0.017s(35%) span=0.049s buffers=169]
[prefill gpu attn=0.011s(33%) shared=0.003s(11%) moe=0.014s(43%) tail=0.001s(2%) head=0.004s(11%) total=0.032s]
[prefill host enc.front=0.002s(3%) wait.front=0.021s(31%) drain=0.000s(1%) route=0.000s(0%) meta=0.000s(0%) fetch=0.038s(58%) enc.moe=0.001s(1%) tail=0.000s(0%) head=0.004s(6%) other=0.000s(1%) call=0.066s | tiles=82 ahead=82 experts=365 miss=60 io=0.039s 5.4GB/s]
[prefill gpuq busy=0.032s(49%) idle=0.034s(51%) span=0.066s buffers=173]
[prefill gpu attn=0.011s(34%) shared=0.004s(11%) moe=0.013s(41%) tail=0.001s(2%) head=0.004s(11%) total=0.031s]
[prefill host enc.front=0.002s(3%) wait.front=0.019s(37%) drain=0.000s(1%) route=0.000s(0%) meta=0.000s(0%) fetch=0.025s(48%) enc.moe=0.001s(1%) tail=0.000s(0%) head=0.004s(7%) other=0.000s(1%) call=0.051s | tiles=74 ahead=74 experts=332 miss=43 io=0.025s 6.0GB/s]
[prefill gpuq busy=0.031s(61%) idle=0.020s(39%) span=0.051s buffers=165]
[prefill gpu attn=0.011s(34%) shared=0.003s(11%) moe=0.013s(41%) tail=0.001s(2%) head=0.003s(11%) total=0.031s]
[prefill host enc.front=0.002s(4%) wait.front=0.020s(52%) drain=0.000s(1%) route=0.000s(0%) meta=0.000s(0%) fetch=0.012s(31%) enc.moe=0.001s(1%) tail=0.000s(0%) head=0.004s(9%) other=0.000s(1%) call=0.039s | tiles=73 ahead=73 experts=367 miss=22 io=0.012s 6.1GB/s]
[prefill gpuq busy=0.031s(79%) idle=0.008s(21%) span=0.039s buffers=164]
[prefill gpu attn=0.011s(32%) shared=0.003s(10%) moe=0.015s(45%) tail=0.001s(2%) head=0.003s(10%) total=0.033s]
[prefill host enc.front=0.002s(4%) wait.front=0.020s(46%) drain=0.000s(1%) route=0.000s(1%) meta=0.000s(0%) fetch=0.016s(37%) enc.moe=0.001s(2%) tail=0.000s(0%) head=0.004s(8%) other=0.000s(1%) call=0.044s | tiles=79 ahead=79 experts=396 miss=54 io=0.017s 11.3GB/s]
[prefill gpuq busy=0.033s(76%) idle=0.010s(24%) span=0.044s buffers=170]
[prefill gpu attn=0.011s(34%) shared=0.004s(11%) moe=0.013s(41%) tail=0.001s(2%) head=0.003s(11%) total=0.031s]
[prefill host enc.front=0.002s(3%) wait.front=0.023s(50%) drain=0.001s(2%) route=0.000s(0%) meta=0.000s(0%) fetch=0.016s(35%) enc.moe=0.001s(1%) tail=0.000s(0%) head=0.004s(8%) other=0.000s(1%) call=0.047s | tiles=74 ahead=74 experts=366 miss=23 io=0.017s 4.8GB/s]
[prefill gpuq busy=0.031s(66%) idle=0.016s(34%) span=0.047s buffers=165]
[prefill gpu attn=0.011s(31%) shared=0.004s(10%) moe=0.016s(46%) tail=0.001s(2%) head=0.004s(10%) total=0.034s]
[prefill host enc.front=0.002s(3%) wait.front=0.023s(39%) drain=0.000s(1%) route=0.000s(0%) meta=0.000s(0%) fetch=0.027s(48%) enc.moe=0.001s(1%) tail=0.000s(0%) head=0.004s(7%) other=0.000s(1%) call=0.057s | tiles=82 ahead=82 experts=409 miss=51 io=0.027s 6.4GB/s]
[prefill gpuq busy=0.034s(60%) idle=0.023s(40%) span=0.057s buffers=173]
[prefill gpu attn=0.011s(31%) shared=0.004s(10%) moe=0.016s(47%) tail=0.001s(2%) head=0.003s(10%) total=0.034s]
[prefill host enc.front=0.002s(3%) wait.front=0.021s(40%) drain=0.000s(1%) route=0.000s(0%) meta=0.000s(0%) fetch=0.023s(45%) enc.moe=0.001s(1%) tail=0.000s(0%) head=0.004s(7%) other=0.000s(1%) call=0.052s | tiles=77 ahead=77 experts=435 miss=53 io=0.024s 7.8GB/s]
[prefill gpuq busy=0.034s(67%) idle=0.017s(33%) span=0.051s buffers=168]
[prefill gpu attn=0.011s(31%) shared=0.004s(11%) moe=0.015s(44%) tail=0.001s(2%) head=0.004s(12%) total=0.035s]
[prefill host enc.front=0.002s(4%) wait.front=0.019s(43%) drain=0.001s(1%) route=0.000s(0%) meta=0.000s(0%) fetch=0.017s(39%) enc.moe=0.001s(1%) tail=0.000s(0%) head=0.004s(10%) other=0.000s(1%) call=0.045s | tiles=78 ahead=78 experts=405 miss=41 io=0.018s 8.1GB/s]
[prefill gpuq busy=0.035s(78%) idle=0.010s(22%) span=0.045s buffers=169]
[prefill gpu attn=0.011s(33%) shared=0.004s(11%) moe=0.014s(43%) tail=0.001s(2%) head=0.004s(11%) total=0.033s]
[prefill host enc.front=0.002s(5%) wait.front=0.022s(54%) drain=0.000s(1%) route=0.000s(1%) meta=0.000s(0%) fetch=0.011s(27%) enc.moe=0.001s(2%) tail=0.000s(0%) head=0.004s(9%) other=0.000s(1%) call=0.041s | tiles=71 ahead=71 experts=381 miss=27 io=0.011s 8.4GB/s]
[prefill gpuq busy=0.033s(81%) idle=0.008s(19%) span=0.040s buffers=162]
[prefill gpu attn=0.011s(34%) shared=0.003s(11%) moe=0.013s(42%) tail=0.001s(2%) head=0.003s(11%) total=0.031s]
[prefill host enc.front=0.002s(4%) wait.front=0.019s(44%) drain=0.000s(1%) route=0.000s(1%) meta=0.000s(0%) fetch=0.017s(40%) enc.moe=0.001s(1%) tail=0.000s(0%) head=0.004s(8%) other=0.000s(1%) call=0.044s | tiles=77 ahead=77 experts=359 miss=31 io=0.018s 6.1GB/s]
[prefill gpuq busy=0.031s(72%) idle=0.012s(28%) span=0.044s buffers=168]
[prefill gpu attn=0.011s(34%) shared=0.004s(11%) moe=0.013s(41%) tail=0.001s(2%) head=0.003s(11%) total=0.031s]
[prefill host enc.front=0.002s(4%) wait.front=0.021s(50%) drain=0.000s(1%) route=0.000s(1%) meta=0.000s(0%) fetch=0.014s(33%) enc.moe=0.001s(2%) tail=0.000s(0%) head=0.004s(9%) other=0.000s(1%) call=0.041s | tiles=77 ahead=77 experts=346 miss=35 io=0.014s 8.7GB/s]
[prefill gpuq busy=0.031s(76%) idle=0.010s(24%) span=0.041s buffers=168]
[prefill gpu attn=0.011s(33%) shared=0.003s(11%) moe=0.014s(43%) tail=0.001s(2%) head=0.003s(11%) total=0.032s]
[prefill host enc.front=0.002s(4%) wait.front=0.019s(42%) drain=0.000s(1%) route=0.000s(0%) meta=0.000s(0%) fetch=0.020s(43%) enc.moe=0.001s(1%) tail=0.000s(0%) head=0.004s(8%) other=0.000s(1%) call=0.046s | tiles=82 ahead=82 experts=374 miss=38 io=0.020s 6.6GB/s]
[prefill gpuq busy=0.032s(70%) idle=0.014s(30%) span=0.046s buffers=173]
[prefill gpu attn=0.011s(34%) shared=0.003s(11%) moe=0.013s(41%) tail=0.001s(2%) head=0.003s(11%) total=0.031s]
[prefill host enc.front=0.002s(3%) wait.front=0.019s(35%) drain=0.000s(1%) route=0.000s(0%) meta=0.000s(0%) fetch=0.028s(52%) enc.moe=0.001s(1%) tail=0.000s(0%) head=0.004s(7%) other=0.000s(1%) call=0.054s | tiles=76 ahead=76 experts=328 miss=50 io=0.028s 6.2GB/s]
[prefill gpuq busy=0.031s(57%) idle=0.023s(43%) span=0.054s buffers=167]
[prefill gpu attn=0.011s(33%) shared=0.003s(11%) moe=0.014s(43%) tail=0.001s(2%) head=0.003s(11%) total=0.032s]
[prefill host enc.front=0.002s(4%) wait.front=0.024s(53%) drain=0.000s(1%) route=0.000s(0%) meta=0.000s(0%) fetch=0.014s(31%) enc.moe=0.001s(1%) tail=0.000s(0%) head=0.004s(8%) other=0.000s(1%) call=0.044s | tiles=72 ahead=72 experts=388 miss=32 io=0.014s 8.1GB/s]
[prefill gpuq busy=0.032s(73%) idle=0.012s(27%) span=0.044s buffers=163]
[prefill gpu attn=0.010s(34%) shared=0.003s(11%) moe=0.013s(42%) tail=0.001s(2%) head=0.003s(11%) total=0.031s]
[prefill host enc.front=0.002s(4%) wait.front=0.020s(46%) drain=0.000s(1%) route=0.000s(0%) meta=0.000s(0%) fetch=0.016s(37%) enc.moe=0.001s(1%) tail=0.000s(0%) head=0.004s(9%) other=0.000s(1%) call=0.043s | tiles=78 ahead=78 experts=353 miss=33 io=0.016s 7.1GB/s]
[prefill gpuq busy=0.031s(73%) idle=0.011s(27%) span=0.042s buffers=169]
[prefill gpu attn=0.011s(34%) shared=0.004s(11%) moe=0.013s(42%) tail=0.001s(2%) head=0.003s(11%) total=0.031s]
[prefill host enc.front=0.002s(4%) wait.front=0.021s(48%) drain=0.000s(1%) route=0.000s(0%) meta=0.000s(0%) fetch=0.016s(37%) enc.moe=0.001s(1%) tail=0.000s(0%) head=0.004s(8%) other=0.000s(1%) call=0.045s | tiles=73 ahead=73 experts=362 miss=27 io=0.016s 5.7GB/s]
[prefill gpuq busy=0.031s(71%) idle=0.013s(29%) span=0.044s buffers=164]
[prefill gpu attn=0.011s(32%) shared=0.003s(10%) moe=0.015s(45%) tail=0.001s(2%) head=0.004s(11%) total=0.033s]
[prefill host enc.front=0.002s(4%) wait.front=0.022s(47%) drain=0.001s(1%) route=0.000s(1%) meta=0.000s(0%) fetch=0.017s(36%) enc.moe=0.001s(1%) tail=0.000s(0%) head=0.004s(8%) other=0.000s(1%) call=0.046s | tiles=76 ahead=76 experts=427 miss=32 io=0.017s 6.6GB/s]
[prefill gpuq busy=0.033s(72%) idle=0.013s(28%) span=0.046s buffers=167]
[prefill gpu attn=0.010s(32%) shared=0.003s(11%) moe=0.014s(44%) tail=0.001s(2%) head=0.003s(11%) total=0.032s]
[prefill host enc.front=0.002s(3%) wait.front=0.026s(37%) drain=0.000s(1%) route=0.000s(0%) meta=0.000s(0%) fetch=0.037s(52%) enc.moe=0.001s(1%) tail=0.000s(0%) head=0.004s(5%) other=0.000s(1%) call=0.070s | tiles=78 ahead=78 experts=359 miss=62 io=0.038s 5.7GB/s]
[prefill gpuq busy=0.032s(46%) idle=0.038s(54%) span=0.070s buffers=169]
[prefill gpu attn=0.011s(32%) shared=0.003s(11%) moe=0.015s(45%) tail=0.001s(2%) head=0.003s(10%) total=0.033s]
[prefill host enc.front=0.002s(3%) wait.front=0.020s(38%) drain=0.000s(1%) route=0.000s(0%) meta=0.000s(0%) fetch=0.024s(47%) enc.moe=0.001s(1%) tail=0.000s(0%) head=0.004s(7%) other=0.000s(1%) call=0.051s | tiles=82 ahead=82 experts=394 miss=48 io=0.024s 6.8GB/s]
[prefill gpuq busy=0.033s(65%) idle=0.018s(35%) span=0.051s buffers=173]
[prefill gpu attn=0.011s(33%) shared=0.003s(11%) moe=0.014s(43%) tail=0.001s(2%) head=0.003s(11%) total=0.032s]
[prefill host enc.front=0.002s(3%) wait.front=0.019s(34%) drain=0.000s(1%) route=0.000s(0%) meta=0.000s(0%) fetch=0.030s(53%) enc.moe=0.001s(1%) tail=0.000s(0%) head=0.004s(7%) other=0.001s(1%) call=0.056s | tiles=79 ahead=79 experts=349 miss=59 io=0.030s 6.8GB/s]
[prefill gpuq busy=0.032s(57%) idle=0.024s(43%) span=0.056s buffers=170]
[prefill gpu attn=0.010s(31%) shared=0.004s(11%) moe=0.015s(45%) tail=0.001s(2%) head=0.003s(10%) total=0.033s]
[prefill host enc.front=0.002s(3%) wait.front=0.023s(43%) drain=0.000s(1%) route=0.000s(0%) meta=0.000s(0%) fetch=0.023s(43%) enc.moe=0.001s(1%) tail=0.000s(0%) head=0.004s(7%) other=0.000s(1%) call=0.053s | tiles=78 ahead=78 experts=429 miss=41 io=0.023s 6.2GB/s]
[prefill gpuq busy=0.033s(63%) idle=0.019s(37%) span=0.052s buffers=169]
[prefill gpu attn=0.011s(34%) shared=0.003s(11%) moe=0.013s(42%) tail=0.001s(2%) head=0.003s(11%) total=0.031s]
[prefill host enc.front=0.002s(4%) wait.front=0.022s(57%) drain=0.000s(1%) route=0.000s(0%) meta=0.000s(0%) fetch=0.010s(25%) enc.moe=0.001s(1%) tail=0.000s(0%) head=0.004s(9%) other=0.000s(1%) call=0.038s | tiles=73 ahead=73 experts=379 miss=19 io=0.010s 6.7GB/s]
[prefill gpuq busy=0.031s(82%) idle=0.007s(18%) span=0.038s buffers=164]
[prefill gpu attn=0.011s(34%) shared=0.003s(11%) moe=0.013s(42%) tail=0.001s(2%) head=0.003s(11%) total=0.031s]
[prefill host enc.front=0.002s(3%) wait.front=0.021s(34%) drain=0.001s(1%) route=0.000s(0%) meta=0.000s(0%) fetch=0.033s(54%) enc.moe=0.001s(1%) tail=0.000s(0%) head=0.004s(6%) other=0.000s(1%) call=0.061s | tiles=75 ahead=75 experts=348 miss=62 io=0.033s 6.6GB/s]
[prefill gpuq busy=0.031s(52%) idle=0.029s(48%) span=0.060s buffers=166]
[prefill gpu attn=0.011s(33%) shared=0.003s(11%) moe=0.014s(43%) tail=0.001s(2%) head=0.003s(10%) total=0.032s]
[prefill host enc.front=0.002s(4%) wait.front=0.021s(47%) drain=0.000s(1%) route=0.000s(0%) meta=0.000s(0%) fetch=0.017s(38%) enc.moe=0.001s(1%) tail=0.000s(0%) head=0.004s(8%) other=0.000s(1%) call=0.045s | tiles=76 ahead=76 experts=391 miss=32 io=0.017s 6.4GB/s]
[prefill gpuq busy=0.032s(71%) idle=0.013s(29%) span=0.045s buffers=167]
[prefill gpu attn=0.011s(34%) shared=0.003s(11%) moe=0.013s(41%) tail=0.001s(2%) head=0.003s(11%) total=0.031s]
[prefill host enc.front=0.002s(4%) wait.front=0.020s(46%) drain=0.000s(1%) route=0.000s(0%) meta=0.000s(0%) fetch=0.016s(38%) enc.moe=0.001s(1%) tail=0.000s(0%) head=0.004s(9%) other=0.000s(1%) call=0.043s | tiles=77 ahead=77 experts=350 miss=34 io=0.017s 7.1GB/s]
[prefill gpuq busy=0.031s(73%) idle=0.012s(27%) span=0.043s buffers=168]
[prefill gpu attn=0.011s(33%) shared=0.003s(11%) moe=0.014s(44%) tail=0.001s(2%) head=0.003s(10%) total=0.032s]
[prefill host enc.front=0.002s(3%) wait.front=0.019s(36%) drain=0.000s(1%) route=0.000s(0%) meta=0.000s(0%) fetch=0.027s(51%) enc.moe=0.001s(1%) tail=0.000s(0%) head=0.004s(7%) other=0.000s(1%) call=0.054s | tiles=81 ahead=81 experts=385 miss=48 io=0.027s 6.1GB/s]
[prefill gpuq busy=0.032s(60%) idle=0.021s(40%) span=0.053s buffers=172]
[prefill gpu attn=0.011s(32%) shared=0.003s(10%) moe=0.015s(45%) tail=0.001s(2%) head=0.003s(10%) total=0.033s]
[prefill host enc.front=0.002s(4%) wait.front=0.020s(43%) drain=0.000s(1%) route=0.000s(0%) meta=0.000s(0%) fetch=0.019s(42%) enc.moe=0.001s(1%) tail=0.000s(0%) head=0.004s(8%) other=0.000s(1%) call=0.046s | tiles=79 ahead=79 experts=393 miss=40 io=0.020s 7.1GB/s]
[prefill gpuq busy=0.033s(71%) idle=0.014s(29%) span=0.046s buffers=170]
[prefill gpu attn=0.011s(35%) shared=0.003s(11%) moe=0.012s(40%) tail=0.001s(2%) head=0.003s(11%) total=0.030s]
[prefill host enc.front=0.002s(4%) wait.front=0.022s(53%) drain=0.000s(1%) route=0.000s(0%) meta=0.000s(0%) fetch=0.013s(31%) enc.moe=0.001s(1%) tail=0.000s(0%) head=0.004s(9%) other=0.000s(1%) call=0.041s | tiles=71 ahead=71 experts=341 miss=29 io=0.013s 7.8GB/s]
[prefill gpuq busy=0.030s(74%) idle=0.011s(26%) span=0.041s buffers=162]
[prefill gpu attn=0.011s(33%) shared=0.003s(10%) moe=0.014s(44%) tail=0.001s(2%) head=0.003s(11%) total=0.033s]
[prefill host enc.front=0.002s(4%) wait.front=0.021s(51%) drain=0.000s(1%) route=0.000s(0%) meta=0.000s(0%) fetch=0.013s(32%) enc.moe=0.001s(1%) tail=0.000s(0%) head=0.004s(9%) other=0.000s(1%) call=0.041s | tiles=76 ahead=76 experts=412 miss=28 io=0.013s 7.3GB/s]
[prefill gpuq busy=0.033s(80%) idle=0.008s(20%) span=0.041s buffers=167]
[prefill gpu attn=0.011s(34%) shared=0.004s(12%) moe=0.013s(41%) tail=0.001s(2%) head=0.003s(11%) total=0.032s]
[prefill host enc.front=0.002s(3%) wait.front=0.018s(37%) drain=0.000s(1%) route=0.000s(0%) meta=0.000s(0%) fetch=0.024s(48%) enc.moe=0.001s(1%) tail=0.000s(0%) head=0.004s(7%) other=0.000s(1%) call=0.049s | tiles=82 ahead=82 experts=347 miss=46 io=0.024s 6.6GB/s]
[prefill gpuq busy=0.032s(65%) idle=0.017s(35%) span=0.049s buffers=173]
[prefill gpu attn=0.011s(35%) shared=0.004s(12%) moe=0.013s(40%) tail=0.001s(2%) head=0.003s(11%) total=0.031s]
[prefill host enc.front=0.002s(4%) wait.front=0.021s(56%) drain=0.000s(1%) route=0.000s(1%) meta=0.000s(0%) fetch=0.010s(26%) enc.moe=0.001s(1%) tail=0.000s(0%) head=0.004s(10%) other=0.000s(1%) call=0.037s | tiles=71 ahead=71 experts=348 miss=20 io=0.010s 7.1GB/s]
[prefill gpuq busy=0.031s(84%) idle=0.006s(16%) span=0.037s buffers=162]
[prefill gpu attn=0.011s(33%) shared=0.003s(11%) moe=0.014s(43%) tail=0.001s(2%) head=0.003s(10%) total=0.033s]
[prefill host enc.front=0.002s(4%) wait.front=0.022s(44%) drain=0.001s(1%) route=0.000s(1%) meta=0.000s(0%) fetch=0.020s(40%) enc.moe=0.001s(1%) tail=0.000s(0%) head=0.004s(7%) other=0.000s(1%) call=0.048s | tiles=72 ahead=72 experts=367 miss=59 io=0.020s 10.4GB/s]
[prefill gpuq busy=0.033s(68%) idle=0.016s(32%) span=0.048s buffers=163]
[prefill gpu attn=0.011s(34%) shared=0.003s(11%) moe=0.013s(42%) tail=0.001s(2%) head=0.003s(11%) total=0.031s]
[prefill host enc.front=0.002s(4%) wait.front=0.020s(47%) drain=0.000s(1%) route=0.000s(0%) meta=0.000s(0%) fetch=0.015s(36%) enc.moe=0.001s(1%) tail=0.000s(0%) head=0.004s(9%) other=0.000s(1%) call=0.041s | tiles=77 ahead=77 experts=363 miss=33 io=0.015s 7.6GB/s]
[prefill gpuq busy=0.031s(76%) idle=0.010s(24%) span=0.041s buffers=168]
[prefill gpu attn=0.011s(36%) shared=0.003s(12%) moe=0.011s(38%) tail=0.001s(2%) head=0.003s(12%) total=0.029s]
[prefill host enc.front=0.002s(4%) wait.front=0.020s(56%) drain=0.001s(2%) route=0.000s(1%) meta=0.000s(0%) fetch=0.009s(25%) enc.moe=0.001s(1%) tail=0.000s(0%) head=0.004s(10%) other=0.000s(1%) call=0.036s | tiles=71 ahead=71 experts=332 miss=12 io=0.009s 4.5GB/s]
[prefill gpuq busy=0.029s(82%) idle=0.006s(18%) span=0.036s buffers=162]
[prefill gpu attn=0.011s(35%) shared=0.003s(11%) moe=0.012s(41%) tail=0.001s(2%) head=0.003s(11%) total=0.031s]
[prefill host enc.front=0.002s(4%) wait.front=0.020s(50%) drain=0.000s(1%) route=0.000s(0%) meta=0.000s(0%) fetch=0.013s(33%) enc.moe=0.001s(1%) tail=0.000s(0%) head=0.004s(9%) other=0.000s(1%) call=0.040s | tiles=75 ahead=75 experts=349 miss=22 io=0.013s 5.8GB/s]
[prefill gpuq busy=0.031s(78%) idle=0.009s(22%) span=0.039s buffers=166]
[prefill gpu attn=0.011s(34%) shared=0.003s(11%) moe=0.013s(43%) tail=0.001s(2%) head=0.003s(11%) total=0.032s]
[prefill host enc.front=0.002s(4%) wait.front=0.021s(53%) drain=0.000s(1%) route=0.000s(0%) meta=0.000s(0%) fetch=0.012s(30%) enc.moe=0.001s(1%) tail=0.000s(0%) head=0.004s(9%) other=0.000s(1%) call=0.040s | tiles=75 ahead=75 experts=379 miss=26 io=0.012s 7.5GB/s]
[prefill gpuq busy=0.032s(80%) idle=0.008s(20%) span=0.040s buffers=166]
[prefill gpu attn=0.011s(34%) shared=0.004s(11%) moe=0.013s(42%) tail=0.001s(2%) head=0.003s(11%) total=0.032s]
[prefill host enc.front=0.002s(4%) wait.front=0.023s(60%) drain=0.000s(1%) route=0.000s(1%) meta=0.000s(0%) fetch=0.008s(22%) enc.moe=0.001s(1%) tail=0.000s(0%) head=0.004s(9%) other=0.000s(1%) call=0.038s | tiles=71 ahead=71 experts=365 miss=19 io=0.008s 7.8GB/s]
[prefill gpuq busy=0.032s(84%) idle=0.006s(16%) span=0.038s buffers=162]
[prefill gpu attn=0.011s(33%) shared=0.003s(10%) moe=0.014s(44%) tail=0.001s(2%) head=0.003s(11%) total=0.033s]
[prefill host enc.front=0.002s(4%) wait.front=0.020s(42%) drain=0.000s(1%) route=0.000s(0%) meta=0.000s(0%) fetch=0.020s(43%) enc.moe=0.001s(1%) tail=0.000s(0%) head=0.004s(8%) other=0.000s(1%) call=0.047s | tiles=80 ahead=80 experts=388 miss=42 io=0.020s 7.2GB/s]
[prefill gpuq busy=0.033s(70%) idle=0.014s(30%) span=0.046s buffers=171]
[prefill gpu attn=0.011s(34%) shared=0.003s(11%) moe=0.013s(41%) tail=0.001s(2%) head=0.003s(11%) total=0.031s]
[prefill host enc.front=0.002s(4%) wait.front=0.023s(65%) drain=0.000s(1%) route=0.000s(0%) meta=0.000s(0%) fetch=0.006s(16%) enc.moe=0.000s(1%) tail=0.000s(0%) head=0.004s(10%) other=0.000s(1%) call=0.035s | tiles=68 ahead=68 experts=377 miss=9 io=0.006s 5.5GB/s]
[prefill gpuq busy=0.031s(88%) idle=0.004s(12%) span=0.035s buffers=159]
[prefill gpu attn=0.011s(34%) shared=0.003s(11%) moe=0.013s(42%) tail=0.001s(2%) head=0.003s(11%) total=0.032s]
[prefill host enc.front=0.002s(4%) wait.front=0.021s(53%) drain=0.001s(2%) route=0.000s(1%) meta=0.000s(0%) fetch=0.011s(29%) enc.moe=0.001s(1%) tail=0.000s(0%) head=0.004s(9%) other=0.000s(1%) call=0.039s | tiles=74 ahead=74 experts=368 miss=21 io=0.011s 6.4GB/s]
[prefill gpuq busy=0.032s(81%) idle=0.007s(19%) span=0.039s buffers=165]
[prefill gpu attn=0.011s(34%) shared=0.003s(11%) moe=0.014s(43%) tail=0.001s(2%) head=0.003s(11%) total=0.033s]
[prefill host enc.front=0.002s(4%) wait.front=0.023s(55%) drain=0.001s(2%) route=0.000s(0%) meta=0.000s(0%) fetch=0.012s(28%) enc.moe=0.001s(1%) tail=0.000s(0%) head=0.004s(9%) other=0.000s(1%) call=0.042s | tiles=72 ahead=72 experts=407 miss=23 io=0.012s 6.8GB/s]
[prefill gpuq busy=0.033s(79%) idle=0.009s(21%) span=0.041s buffers=163]
[prefill gpu attn=0.011s(34%) shared=0.004s(11%) moe=0.013s(41%) tail=0.001s(2%) head=0.003s(11%) total=0.032s]
[prefill host enc.front=0.002s(4%) wait.front=0.022s(56%) drain=0.000s(1%) route=0.000s(0%) meta=0.000s(0%) fetch=0.010s(26%) enc.moe=0.001s(1%) tail=0.000s(0%) head=0.004s(9%) other=0.000s(1%) call=0.039s | tiles=71 ahead=71 experts=374 miss=18 io=0.010s 6.1GB/s]
[prefill gpuq busy=0.032s(83%) idle=0.007s(17%) span=0.038s buffers=162]
[prefill gpu attn=0.011s(35%) shared=0.003s(11%) moe=0.013s(41%) tail=0.001s(2%) head=0.003s(11%) total=0.031s]
[prefill host enc.front=0.002s(4%) wait.front=0.023s(63%) drain=0.001s(2%) route=0.000s(0%) meta=0.000s(0%) fetch=0.007s(18%) enc.moe=0.001s(1%) tail=0.000s(0%) head=0.004s(10%) other=0.000s(1%) call=0.037s | tiles=69 ahead=69 experts=371 miss=18 io=0.007s 9.2GB/s]
[prefill gpuq busy=0.031s(86%) idle=0.005s(14%) span=0.036s buffers=160]
[prefill gpu attn=0.011s(33%) shared=0.003s(11%) moe=0.013s(42%) tail=0.001s(2%) head=0.004s(11%) total=0.032s]
[prefill host enc.front=0.002s(4%) wait.front=0.023s(57%) drain=0.000s(1%) route=0.000s(1%) meta=0.000s(0%) fetch=0.010s(25%) enc.moe=0.001s(1%) tail=0.000s(0%) head=0.004s(10%) other=0.000s(1%) call=0.039s | tiles=72 ahead=72 experts=378 miss=23 io=0.010s 8.1GB/s]
[prefill gpuq busy=0.032s(82%) idle=0.007s(18%) span=0.039s buffers=163]
[prefill gpu attn=0.011s(33%) shared=0.003s(11%) moe=0.014s(43%) tail=0.001s(2%) head=0.003s(10%) total=0.032s]
[prefill host enc.front=0.002s(3%) wait.front=0.023s(50%) drain=0.000s(1%) route=0.000s(0%) meta=0.000s(0%) fetch=0.016s(35%) enc.moe=0.001s(1%) tail=0.000s(0%) head=0.004s(8%) other=0.000s(1%) call=0.046s | tiles=78 ahead=78 experts=381 miss=29 io=0.016s 6.2GB/s]
[prefill gpuq busy=0.032s(70%) idle=0.014s(30%) span=0.046s buffers=169]
[prefill gpu attn=0.011s(31%) shared=0.004s(11%) moe=0.016s(45%) tail=0.001s(2%) head=0.004s(10%) total=0.035s]
[prefill host enc.front=0.002s(3%) wait.front=0.026s(50%) drain=0.000s(1%) route=0.000s(0%) meta=0.000s(0%) fetch=0.018s(35%) enc.moe=0.001s(1%) tail=0.000s(0%) head=0.004s(7%) other=0.000s(1%) call=0.051s | tiles=76 ahead=76 experts=416 miss=36 io=0.018s 6.8GB/s]
[prefill gpuq busy=0.034s(67%) idle=0.017s(33%) span=0.051s buffers=167]
[prefill gpu attn=0.010s(33%) shared=0.004s(11%) moe=0.013s(42%) tail=0.001s(2%) head=0.004s(12%) total=0.032s]
[prefill host enc.front=0.002s(4%) wait.front=0.024s(62%) drain=0.000s(1%) route=0.000s(1%) meta=0.000s(0%) fetch=0.008s(20%) enc.moe=0.001s(2%) tail=0.000s(0%) head=0.004s(10%) other=0.000s(1%) call=0.039s | tiles=69 ahead=69 experts=385 miss=16 io=0.008s 7.2GB/s]
[prefill gpuq busy=0.032s(82%) idle=0.007s(18%) span=0.038s buffers=160]
[prefill gpu attn=0.011s(33%) shared=0.004s(11%) moe=0.013s(42%) tail=0.001s(2%) head=0.004s(12%) total=0.032s]
[prefill host enc.front=0.002s(4%) wait.front=0.021s(48%) drain=0.000s(1%) route=0.000s(1%) meta=0.000s(0%) fetch=0.016s(36%) enc.moe=0.001s(2%) tail=0.000s(0%) head=0.004s(9%) other=0.000s(1%) call=0.044s | tiles=74 ahead=74 experts=369 miss=23 io=0.016s 5.0GB/s]
[prefill gpuq busy=0.032s(73%) idle=0.012s(27%) span=0.044s buffers=165]
[prefill gpu attn=0.011s(33%) shared=0.003s(11%) moe=0.014s(43%) tail=0.001s(2%) head=0.004s(11%) total=0.032s]
[prefill host enc.front=0.002s(4%) wait.front=0.023s(48%) drain=0.001s(1%) route=0.000s(0%) meta=0.000s(0%) fetch=0.018s(37%) enc.moe=0.001s(1%) tail=0.000s(0%) head=0.004s(8%) other=0.000s(1%) call=0.049s | tiles=74 ahead=74 experts=362 miss=39 io=0.018s 7.5GB/s]
[prefill gpuq busy=0.032s(67%) idle=0.016s(33%) span=0.049s buffers=165]
[prefill gpu attn=0.011s(35%) shared=0.004s(11%) moe=0.013s(41%) tail=0.001s(2%) head=0.003s(11%) total=0.032s]
[prefill host enc.front=0.002s(4%) wait.front=0.020s(49%) drain=0.000s(1%) route=0.000s(0%) meta=0.000s(0%) fetch=0.014s(34%) enc.moe=0.001s(1%) tail=0.000s(0%) head=0.004s(9%) other=0.000s(1%) call=0.041s | tiles=76 ahead=76 experts=354 miss=26 io=0.014s 6.3GB/s]
[prefill gpuq busy=0.031s(77%) idle=0.009s(23%) span=0.041s buffers=167]
[prefill gpu attn=0.011s(33%) shared=0.004s(11%) moe=0.014s(43%) tail=0.001s(2%) head=0.004s(11%) total=0.033s]
[prefill host enc.front=0.002s(3%) wait.front=0.023s(45%) drain=0.001s(2%) route=0.000s(0%) meta=0.000s(0%) fetch=0.020s(40%) enc.moe=0.001s(1%) tail=0.000s(0%) head=0.004s(8%) other=0.000s(1%) call=0.051s | tiles=77 ahead=77 experts=384 miss=33 io=0.020s 5.6GB/s]
[prefill gpuq busy=0.033s(66%) idle=0.017s(34%) span=0.050s buffers=168]
[prefill gpu attn=0.011s(34%) shared=0.003s(11%) moe=0.013s(42%) tail=0.001s(2%) head=0.003s(11%) total=0.031s]
[prefill host enc.front=0.002s(4%) wait.front=0.022s(58%) drain=0.001s(2%) route=0.000s(1%) meta=0.000s(0%) fetch=0.009s(23%) enc.moe=0.001s(2%) tail=0.000s(0%) head=0.004s(9%) other=0.000s(1%) call=0.038s | tiles=72 ahead=72 experts=370 miss=21 io=0.009s 8.1GB/s]
[prefill gpuq busy=0.031s(83%) idle=0.007s(17%) span=0.038s buffers=163]
[prefill gpu attn=0.011s(32%) shared=0.003s(10%) moe=0.015s(45%) tail=0.001s(2%) head=0.004s(10%) total=0.034s]
[prefill host enc.front=0.002s(3%) wait.front=0.022s(37%) drain=0.001s(1%) route=0.000s(0%) meta=0.000s(0%) fetch=0.029s(50%) enc.moe=0.001s(1%) tail=0.000s(0%) head=0.004s(6%) other=0.000s(1%) call=0.059s | tiles=82 ahead=82 experts=389 miss=57 io=0.029s 6.7GB/s]
[prefill gpuq busy=0.034s(57%) idle=0.025s(43%) span=0.059s buffers=173]
[prefill gpu attn=0.011s(34%) shared=0.003s(11%) moe=0.013s(41%) tail=0.001s(2%) head=0.003s(11%) total=0.031s]
[prefill host enc.front=0.002s(4%) wait.front=0.021s(57%) drain=0.001s(2%) route=0.000s(1%) meta=0.000s(0%) fetch=0.009s(24%) enc.moe=0.001s(1%) tail=0.000s(0%) head=0.004s(10%) other=0.000s(1%) call=0.037s | tiles=72 ahead=72 experts=374 miss=18 io=0.009s 7.0GB/s]
[prefill gpuq busy=0.031s(85%) idle=0.005s(15%) span=0.036s buffers=163]
[prefill gpu attn=0.011s(34%) shared=0.003s(11%) moe=0.013s(42%) tail=0.001s(2%) head=0.003s(11%) total=0.032s]
[prefill host enc.front=0.002s(4%) wait.front=0.022s(56%) drain=0.001s(2%) route=0.000s(0%) meta=0.000s(0%) fetch=0.010s(26%) enc.moe=0.001s(1%) tail=0.000s(0%) head=0.004s(9%) other=0.000s(1%) call=0.039s | tiles=72 ahead=72 experts=389 miss=22 io=0.010s 7.3GB/s]
[prefill gpuq busy=0.032s(81%) idle=0.007s(19%) span=0.039s buffers=163]
[prefill gpu attn=0.011s(33%) shared=0.004s(11%) moe=0.015s(44%) tail=0.001s(2%) head=0.003s(10%) total=0.033s]
[prefill host enc.front=0.002s(2%) wait.front=0.036s(49%) drain=0.000s(0%) route=0.000s(0%) meta=0.000s(0%) fetch=0.030s(41%) enc.moe=0.001s(1%) tail=0.000s(0%) head=0.004s(5%) other=0.000s(1%) call=0.073s | tiles=80 ahead=80 experts=379 miss=40 io=0.030s 4.7GB/s]
[prefill gpuq busy=0.033s(46%) idle=0.039s(54%) span=0.072s buffers=171]
[prefill gpu attn=0.011s(32%) shared=0.003s(10%) moe=0.015s(44%) tail=0.001s(2%) head=0.003s(10%) total=0.033s]
[prefill host enc.front=0.002s(3%) wait.front=0.026s(37%) drain=0.000s(1%) route=0.000s(0%) meta=0.000s(0%) fetch=0.037s(52%) enc.moe=0.001s(1%) tail=0.000s(0%) head=0.004s(5%) other=0.001s(1%) call=0.071s | tiles=80 ahead=80 experts=380 miss=60 io=0.037s 5.6GB/s]
[prefill gpuq busy=0.033s(47%) idle=0.038s(53%) span=0.071s buffers=171]
[prefill gpu attn=0.011s(33%) shared=0.003s(10%) moe=0.014s(44%) tail=0.001s(2%) head=0.003s(11%) total=0.033s]
[prefill host enc.front=0.002s(3%) wait.front=0.020s(35%) drain=0.001s(1%) route=0.000s(0%) meta=0.000s(0%) fetch=0.030s(52%) enc.moe=0.001s(1%) tail=0.000s(0%) head=0.004s(6%) other=0.000s(1%) call=0.058s | tiles=77 ahead=77 experts=371 miss=62 io=0.030s 7.1GB/s]
[prefill gpuq busy=0.033s(56%) idle=0.026s(44%) span=0.058s buffers=168]
[prefill gpu attn=0.011s(34%) shared=0.003s(11%) moe=0.013s(41%) tail=0.001s(2%) head=0.003s(11%) total=0.032s]
[prefill host enc.front=0.002s(4%) wait.front=0.020s(43%) drain=0.000s(1%) route=0.000s(0%) meta=0.000s(0%) fetch=0.020s(42%) enc.moe=0.001s(1%) tail=0.000s(0%) head=0.004s(8%) other=0.000s(1%) call=0.047s | tiles=77 ahead=77 experts=353 miss=37 io=0.020s 6.4GB/s]
[prefill gpuq busy=0.032s(67%) idle=0.015s(33%) span=0.047s buffers=168]
[prefill gpu attn=0.011s(32%) shared=0.003s(10%) moe=0.015s(45%) tail=0.001s(2%) head=0.003s(10%) total=0.033s]
[prefill host enc.front=0.002s(4%) wait.front=0.024s(52%) drain=0.000s(1%) route=0.000s(0%) meta=0.000s(0%) fetch=0.015s(33%) enc.moe=0.001s(1%) tail=0.000s(0%) head=0.004s(8%) other=0.000s(1%) call=0.047s | tiles=75 ahead=75 experts=436 miss=32 io=0.015s 7.2GB/s]
[prefill gpuq busy=0.033s(72%) idle=0.013s(28%) span=0.046s buffers=166]
[prefill gpu attn=0.011s(34%) shared=0.004s(11%) moe=0.013s(42%) tail=0.001s(2%) head=0.004s(11%) total=0.032s]
[prefill host enc.front=0.002s(4%) wait.front=0.022s(56%) drain=0.000s(1%) route=0.000s(1%) meta=0.000s(0%) fetch=0.010s(27%) enc.moe=0.001s(1%) tail=0.000s(0%) head=0.004s(10%) other=0.000s(1%) call=0.039s | tiles=73 ahead=73 experts=369 miss=22 io=0.010s 7.3GB/s]
[prefill gpuq busy=0.032s(83%) idle=0.006s(17%) span=0.039s buffers=164]
[prefill gpu attn=0.011s(34%) shared=0.003s(11%) moe=0.013s(42%) tail=0.001s(2%) head=0.003s(11%) total=0.031s]
[prefill host enc.front=0.002s(4%) wait.front=0.023s(62%) drain=0.001s(2%) route=0.000s(1%) meta=0.000s(0%) fetch=0.007s(20%) enc.moe=0.000s(1%) tail=0.000s(0%) head=0.004s(10%) other=0.000s(1%) call=0.037s | tiles=69 ahead=69 experts=383 miss=16 io=0.007s 7.5GB/s]
[prefill gpuq busy=0.031s(85%) idle=0.006s(15%) span=0.037s buffers=160]
[prefill gpu attn=0.011s(33%) shared=0.003s(11%) moe=0.014s(43%) tail=0.001s(2%) head=0.003s(11%) total=0.032s]
[prefill host enc.front=0.002s(4%) wait.front=0.021s(50%) drain=0.000s(1%) route=0.000s(0%) meta=0.000s(0%) fetch=0.014s(33%) enc.moe=0.001s(1%) tail=0.000s(0%) head=0.004s(9%) other=0.000s(1%) call=0.042s | tiles=76 ahead=76 experts=388 miss=25 io=0.014s 6.3GB/s]
[prefill gpuq busy=0.032s(77%) idle=0.010s(23%) span=0.041s buffers=167]
[prefill gpu attn=0.011s(34%) shared=0.003s(11%) moe=0.014s(43%) tail=0.001s(2%) head=0.003s(11%) total=0.032s]
[prefill host enc.front=0.002s(4%) wait.front=0.024s(60%) drain=0.000s(1%) route=0.000s(0%) meta=0.000s(0%) fetch=0.009s(23%) enc.moe=0.001s(1%) tail=0.000s(0%) head=0.004s(9%) other=0.000s(1%) call=0.040s | tiles=70 ahead=70 experts=407 miss=20 io=0.009s 7.5GB/s]
[prefill gpuq busy=0.032s(81%) idle=0.007s(19%) span=0.039s buffers=161]
[prefill gpu attn=0.011s(33%) shared=0.003s(10%) moe=0.014s(44%) tail=0.001s(2%) head=0.004s(11%) total=0.033s]
[prefill host enc.front=0.002s(4%) wait.front=0.020s(44%) drain=0.000s(1%) route=0.000s(0%) meta=0.000s(0%) fetch=0.018s(40%) enc.moe=0.001s(1%) tail=0.000s(0%) head=0.004s(8%) other=0.000s(1%) call=0.045s | tiles=81 ahead=81 experts=401 miss=32 io=0.018s 6.2GB/s]
[prefill gpuq busy=0.033s(74%) idle=0.011s(26%) span=0.044s buffers=172]
[prefill gpu attn=0.011s(34%) shared=0.003s(11%) moe=0.014s(43%) tail=0.001s(2%) head=0.003s(10%) total=0.032s]
[prefill host enc.front=0.002s(4%) wait.front=0.022s(47%) drain=0.000s(1%) route=0.000s(1%) meta=0.000s(0%) fetch=0.018s(38%) enc.moe=0.001s(1%) tail=0.000s(0%) head=0.004s(8%) other=0.000s(1%) call=0.048s | tiles=74 ahead=74 experts=362 miss=42 io=0.018s 8.1GB/s]
[prefill gpuq busy=0.032s(69%) idle=0.015s(31%) span=0.047s buffers=165]
[prefill gpu attn=0.011s(33%) shared=0.003s(10%) moe=0.015s(44%) tail=0.001s(2%) head=0.003s(10%) total=0.033s]
[prefill host enc.front=0.002s(4%) wait.front=0.021s(49%) drain=0.001s(2%) route=0.000s(0%) meta=0.000s(0%) fetch=0.015s(34%) enc.moe=0.001s(1%) tail=0.000s(0%) head=0.004s(8%) other=0.000s(1%) call=0.043s | tiles=78 ahead=78 experts=417 miss=30 io=0.015s 6.9GB/s]
[prefill gpuq busy=0.033s(77%) idle=0.010s(23%) span=0.043s buffers=169]
[prefill gpu attn=0.011s(33%) shared=0.003s(10%) moe=0.015s(44%) tail=0.001s(2%) head=0.003s(10%) total=0.033s]
[prefill host enc.front=0.002s(4%) wait.front=0.023s(53%) drain=0.000s(1%) route=0.000s(0%) meta=0.000s(0%) fetch=0.014s(32%) enc.moe=0.001s(1%) tail=0.000s(0%) head=0.004s(8%) other=0.000s(1%) call=0.044s | tiles=73 ahead=73 experts=429 miss=22 io=0.014s 5.3GB/s]
[prefill gpuq busy=0.033s(74%) idle=0.011s(26%) span=0.044s buffers=164]
[prefill gpu attn=0.011s(34%) shared=0.003s(11%) moe=0.014s(42%) tail=0.001s(2%) head=0.003s(11%) total=0.032s]
[prefill host enc.front=0.002s(3%) wait.front=0.022s(43%) drain=0.000s(1%) route=0.000s(0%) meta=0.000s(0%) fetch=0.022s(43%) enc.moe=0.001s(1%) tail=0.000s(0%) head=0.004s(7%) other=0.000s(1%) call=0.052s | tiles=77 ahead=77 experts=352 miss=61 io=0.024s 9.0GB/s]
[prefill gpuq busy=0.032s(62%) idle=0.020s(38%) span=0.051s buffers=168]
[prefill gpu attn=0.011s(33%) shared=0.004s(11%) moe=0.015s(44%) tail=0.001s(2%) head=0.003s(10%) total=0.033s]
[prefill host enc.front=0.002s(3%) wait.front=0.020s(37%) drain=0.000s(1%) route=0.000s(0%) meta=0.000s(0%) fetch=0.028s(50%) enc.moe=0.001s(1%) tail=0.000s(0%) head=0.004s(6%) other=0.000s(1%) call=0.055s | tiles=81 ahead=81 experts=377 miss=46 io=0.028s 5.7GB/s]
[prefill gpuq busy=0.033s(60%) idle=0.022s(40%) span=0.055s buffers=172]

[stop=maxTokens prefill=349tok new=192tok decode=6.93s tok/s=27.689]
[load=0.750s layerVerify=0.000s/30layers prefill=4.373s ttft=4.374s peak=6.79GB rss=4.28GB]
[expert prefill hit=0.0% 0/3020 io=1.851s | decode hit=88.8% 36819/41463 io=3.005s]
[vision images=1 soft=260 tower=1.759s towerLoad=0.001s]
[decode/tok io=0.00ms cb1=0.00ms cb2=0.00ms head=0.00ms]
[mtp bs=2 rounds=110 accept=0.736/1 tok/round=1.745 draft=0.422s verify=6.261s accepted=29,81]
