# Image Description

### Subject
* **Two panda plush toys**
    * One large adult-sized panda bear
    * One small cub-sized panda bear held by the larger one
* **Green leafy plant stalks** tucked behind the small panda

### Composition
* **Centralized focus** on the two plush toys
* **Vertical orientation** emphasizing the height of the large panda
* **Close-up shot** with a shallow depth of field
* **Foreground:** The dark surface the toys are sitting on
* **Background:** A soft, blurred white curtain/window

### Colors
* **Monochromatic palette** of the subjects:
    * Deep black fur
    * Bright white fur
* **Accents:**
    * Dark brown/black eyes and noses
    * Vibrant green from the leaves
    * Neutral grey/brown tabletop
    * Muted white background

### Atmosphere
* **Co