[prefill gpu attn=0.386s(29%) shared=0.113s(9%) moe=0.813s(61%) tail=0.007s(1%) head=0.003s(0%) total=1.323s]
[prefill host enc.front=0.003s(0%) wait.front=0.523s(20%) drain=0.000s(0%) route=0.005s(0%) wait.shared=0.107s(4%) meta=0.000s(0%) fetch=1.846s(70%) enc.moe=0.016s(1%) wait.tile=0.105s(4%) tail=0.014s(1%) head=0.004s(0%) other=0.006s(0%) call=2.628s | tiles=390 ahead=0 experts=0 miss=0 io=0.000s 0.0GB/s]
[prefill gpuq busy=1.323s(53%) idle=1.174s(47%) span=2.497s buffers=481]
[prefill gpu attn=0.035s(48%) shared=0.007s(10%) moe=0.024s(33%) tail=0.001s(2%) head=0.005s(7%) total=0.072s]
[prefill host enc.front=0.003s(1%) wait.front=0.102s(34%) drain=0.002s(1%) route=0.001s(0%) meta=0.000s(0%) fetch=0.180s(61%) enc.moe=0.002s(1%) tail=0.000s(0%) head=0.006s(2%) other=0.001s(0%) call=0.296s | tiles=74 ahead=74 experts=402 miss=214 io=0.234s 3.2GB/s]
[prefill gpuq busy=0.072s(24%) idle=0.223s(76%) span=0.295s buffers=165]
[prefill gpu attn=0.016s(34%) shared=0.006s(12%) moe=0.020s(43%) tail=0.001s(3%) head=0.003s(7%) total=0.047s]
[prefill host enc.front=0.002s(2%) wait.front=0.034s(30%) drain=0.001s(0%) route=0.000s(0%) meta=0.000s(0%) fetch=0.070s(63%) enc.moe=0.001s(1%) tail=0.000s(0%) head=0.004s(3%) other=0.001s(1%) call=0.112s | tiles=77 ahead=77 experts=338 miss=80 io=0.070s 3.9GB/s]
[prefill gpuq busy=0.046s(41%) idle=0.066s(59%) span=0.112s buffers=168]
[prefill gpu attn=0.014s(34%) shared=0.005s(12%) moe=0.018s(42%) tail=0.001s(3%) head=0.004s(10%) total=0.043s]
[prefill host enc.front=0.002s(2%) wait.front=0.032s(26%) drain=0.001s(1%) route=0.000s(0%) meta=0.000s(0%) fetch=0.079s(66%) enc.moe=0.001s(1%) tail=0.000s(0%) head=0.004s(4%) other=0.001s(0%) call=0.120s | tiles=70 ahead=70 experts=323 miss=71 io=0.079s 3.1GB/s]
[prefill gpuq busy=0.042s(35%) idle=0.077s(65%) span=0.119s buffers=161]
[prefill gpu attn=0.011s(32%) shared=0.003s(10%) moe=0.014s(44%) tail=0.001s(2%) head=0.003s(10%) total=0.033s]
[prefill host enc.front=0.002s(2%) wait.front=0.024s(34%) drain=0.000s(0%) route=0.000s(0%) meta=0.000s(0%) fetch=0.039s(56%) enc.moe=0.001s(1%) tail=0.000s(0%) head=0.004s(5%) other=0.000s(1%) call=0.070s | tiles=82 ahead=82 experts=401 miss=49 io=0.039s 4.3GB/s]
[prefill gpuq busy=0.033s(47%) idle=0.037s(53%) span=0.070s buffers=173]
[prefill gpu attn=0.014s(31%) shared=0.005s(11%) moe=0.020s(43%) tail=0.001s(3%) head=0.006s(12%) total=0.047s]
[prefill host enc.front=0.002s(1%) wait.front=0.036s(25%) drain=0.001s(0%) route=0.000s(0%) meta=0.000s(0%) fetch=0.098s(68%) enc.moe=0.001s(1%) tail=0.000s(0%) head=0.006s(4%) other=0.001s(0%) call=0.145s | tiles=87 ahead=87 experts=396 miss=85 io=0.098s 3.0GB/s]
[prefill gpuq busy=0.046s(32%) idle=0.098s(68%) span=0.144s buffers=178]
[prefill gpu attn=0.013s(33%) shared=0.004s(11%) moe=0.017s(44%) tail=0.001s(3%) head=0.004s(10%) total=0.039s]
[prefill host enc.front=0.002s(2%) wait.front=0.030s(28%) drain=0.001s(0%) route=0.000s(0%) meta=0.000s(0%) fetch=0.067s(64%) enc.moe=0.001s(1%) tail=0.000s(0%) head=0.004s(4%) other=0.001s(1%) call=0.105s | tiles=83 ahead=83 experts=396 miss=78 io=0.067s 4.0GB/s]
[prefill gpuq busy=0.039s(37%) idle=0.066s(63%) span=0.104s buffers=174]
[prefill gpu attn=0.016s(31%) shared=0.006s(12%) moe=0.021s(40%) tail=0.001s(3%) head=0.008s(15%) total=0.052s]
[prefill host enc.front=0.002s(1%) wait.front=0.041s(23%) drain=0.002s(1%) route=0.000s(0%) meta=0.000s(0%) fetch=0.124s(69%) enc.moe=0.001s(1%) tail=0.000s(0%) head=0.008s(4%) other=0.001s(0%) call=0.179s | tiles=65 ahead=65 experts=334 miss=121 io=0.125s 3.4GB/s]
[prefill gpuq busy=0.050s(28%) idle=0.128s(72%) span=0.179s buffers=156]
[prefill gpu attn=0.013s(34%) shared=0.004s(11%) moe=0.015s(41%) tail=0.001s(3%) head=0.004s(11%) total=0.037s]
[prefill host enc.front=0.002s(2%) wait.front=0.030s(26%) drain=0.000s(0%) route=0.000s(0%) meta=0.000s(0%) fetch=0.076s(66%) enc.moe=0.001s(1%) tail=0.000s(0%) head=0.004s(4%) other=0.001s(0%) call=0.114s | tiles=67 ahead=67 experts=325 miss=87 io=0.076s 4.0GB/s]
[prefill gpuq busy=0.037s(33%) idle=0.077s(67%) span=0.114s buffers=158]
[prefill gpu attn=0.011s(31%) shared=0.004s(10%) moe=0.016s(46%) tail=0.001s(2%) head=0.004s(11%) total=0.036s]
[prefill host enc.front=0.002s(2%) wait.front=0.024s(25%) drain=0.001s(1%) route=0.000s(0%) meta=0.000s(0%) fetch=0.065s(67%) enc.moe=0.001s(1%) tail=0.000s(0%) head=0.004s(4%) other=0.001s(1%) call=0.097s | tiles=89 ahead=89 experts=434 miss=76 io=0.069s 3.8GB/s]
[prefill gpuq busy=0.035s(36%) idle=0.062s(64%) span=0.097s buffers=180]
[prefill gpu attn=0.011s(35%) shared=0.003s(11%) moe=0.012s(40%) tail=0.001s(2%) head=0.003s(11%) total=0.030s]
[prefill host enc.front=0.002s(3%) wait.front=0.022s(45%) drain=0.000s(1%) route=0.000s(0%) meta=0.000s(0%) fetch=0.020s(41%) enc.moe=0.001s(1%) tail=0.000s(0%) head=0.004s(7%) other=0.000s(1%) call=0.050s | tiles=72 ahead=72 experts=361 miss=22 io=0.021s 3.7GB/s]
[prefill gpuq busy=0.030s(61%) idle=0.019s(39%) span=0.049s buffers=163]
[prefill gpu attn=0.011s(35%) shared=0.003s(11%) moe=0.012s(40%) tail=0.001s(2%) head=0.003s(11%) total=0.030s]
[prefill host enc.front=0.002s(3%) wait.front=0.022s(37%) drain=0.001s(1%) route=0.000s(0%) meta=0.000s(0%) fetch=0.032s(52%) enc.moe=0.001s(1%) tail=0.000s(0%) head=0.004s(6%) other=0.000s(1%) call=0.061s | tiles=74 ahead=74 experts=342 miss=37 io=0.032s 4.0GB/s]
[prefill gpuq busy=0.030s(50%) idle=0.031s(50%) span=0.061s buffers=165]
[prefill gpu attn=0.011s(34%) shared=0.004s(11%) moe=0.013s(42%) tail=0.001s(2%) head=0.003s(11%) total=0.031s]
[prefill host enc.front=0.002s(2%) wait.front=0.023s(31%) drain=0.000s(0%) route=0.000s(0%) meta=0.000s(0%) fetch=0.044s(59%) enc.moe=0.001s(1%) tail=0.000s(0%) head=0.004s(5%) other=0.000s(1%) call=0.074s | tiles=79 ahead=79 experts=354 miss=48 io=0.044s 3.8GB/s]
[prefill gpuq busy=0.031s(42%) idle=0.043s(58%) span=0.074s buffers=170]
[prefill gpu attn=0.011s(32%) shared=0.003s(10%) moe=0.015s(45%) tail=0.001s(2%) head=0.003s(10%) total=0.033s]
[prefill host enc.front=0.002s(2%) wait.front=0.021s(30%) drain=0.001s(1%) route=0.000s(0%) meta=0.000s(0%) fetch=0.043s(60%) enc.moe=0.001s(1%) tail=0.000s(0%) head=0.004s(5%) other=0.000s(1%) call=0.072s | tiles=84 ahead=84 experts=428 miss=50 io=0.043s 4.0GB/s]
[prefill gpuq busy=0.033s(46%) idle=0.038s(54%) span=0.072s buffers=175]
[prefill gpu attn=0.011s(33%) shared=0.003s(11%) moe=0.014s(43%) tail=0.001s(2%) head=0.003s(11%) total=0.032s]
[prefill host enc.front=0.002s(2%) wait.front=0.023s(32%) drain=0.000s(0%) route=0.000s(0%) meta=0.000s(0%) fetch=0.040s(57%) enc.moe=0.001s(1%) tail=0.000s(0%) head=0.004s(5%) other=0.000s(1%) call=0.070s | tiles=80 ahead=80 experts=390 miss=50 io=0.041s 4.3GB/s]
[prefill gpuq busy=0.032s(46%) idle=0.038s(54%) span=0.070s buffers=171]
[prefill gpu attn=0.010s(35%) shared=0.003s(12%) moe=0.012s(39%) tail=0.001s(3%) head=0.003s(12%) total=0.030s]
[prefill host enc.front=0.002s(3%) wait.front=0.024s(43%) drain=0.000s(0%) route=0.000s(0%) meta=0.000s(0%) fetch=0.026s(45%) enc.moe=0.001s(1%) tail=0.000s(0%) head=0.004s(6%) other=0.000s(1%) call=0.057s | tiles=77 ahead=77 experts=331 miss=24 io=0.026s 3.2GB/s]
[prefill gpuq busy=0.030s(53%) idle=0.027s(47%) span=0.057s buffers=168]
[prefill gpu attn=0.011s(31%) shared=0.004s(10%) moe=0.016s(45%) tail=0.001s(2%) head=0.004s(11%) total=0.035s]
[prefill host enc.front=0.002s(3%) wait.front=0.025s(39%) drain=0.001s(1%) route=0.000s(0%) meta=0.000s(0%) fetch=0.031s(48%) enc.moe=0.001s(1%) tail=0.000s(0%) head=0.004s(6%) other=0.000s(1%) call=0.065s | tiles=76 ahead=76 experts=442 miss=31 io=0.032s 3.4GB/s]
[prefill gpuq busy=0.035s(54%) idle=0.030s(46%) span=0.065s buffers=167]
[prefill gpu attn=0.011s(33%) shared=0.004s(11%) moe=0.014s(43%) tail=0.001s(3%) head=0.003s(10%) total=0.033s]
[prefill host enc.front=0.002s(2%) wait.front=0.027s(24%) drain=0.001s(1%) route=0.000s(0%) meta=0.000s(0%) fetch=0.077s(69%) enc.moe=0.001s(1%) tail=0.000s(0%) head=0.004s(3%) other=0.001s(0%) call=0.112s | tiles=70 ahead=70 experts=345 miss=104 io=0.077s 4.7GB/s]
[prefill gpuq busy=0.033s(30%) idle=0.079s(70%) span=0.112s buffers=161]
[prefill gpu attn=0.010s(34%) shared=0.003s(11%) moe=0.013s(42%) tail=0.001s(2%) head=0.003s(11%) total=0.031s]
[prefill host enc.front=0.002s(3%) wait.front=0.023s(41%) drain=0.000s(1%) route=0.000s(0%) meta=0.000s(0%) fetch=0.026s(46%) enc.moe=0.001s(1%) tail=0.000s(0%) head=0.004s(6%) other=0.000s(1%) call=0.055s | tiles=77 ahead=77 experts=362 miss=37 io=0.026s 5.0GB/s]
[prefill gpuq busy=0.031s(56%) idle=0.024s(44%) span=0.055s buffers=168]
[prefill gpu attn=0.010s(33%) shared=0.003s(11%) moe=0.014s(43%) tail=0.001s(2%) head=0.003s(10%) total=0.032s]
[prefill host enc.front=0.002s(4%) wait.front=0.021s(46%) drain=0.000s(1%) route=0.000s(0%) meta=0.000s(0%) fetch=0.018s(39%) enc.moe=0.001s(1%) tail=0.000s(0%) head=0.004s(8%) other=0.000s(1%) call=0.046s | tiles=77 ahead=77 experts=399 miss=28 io=0.018s 5.4GB/s]
[prefill gpuq busy=0.032s(70%) idle=0.014s(30%) span=0.045s buffers=168]
[prefill gpu attn=0.011s(35%) shared=0.003s(11%) moe=0.012s(40%) tail=0.001s(2%) head=0.003s(11%) total=0.030s]
[prefill host enc.front=0.002s(3%) wait.front=0.021s(45%) drain=0.000s(1%) route=0.000s(0%) meta=0.000s(0%) fetch=0.019s(41%) enc.moe=0.001s(1%) tail=0.000s(0%) head=0.004s(7%) other=0.000s(1%) call=0.048s | tiles=72 ahead=72 experts=345 miss=28 io=0.020s 5.0GB/s]
[prefill gpuq busy=0.030s(63%) idle=0.018s(37%) span=0.048s buffers=163]
[prefill gpu attn=0.010s(35%) shared=0.004s(12%) moe=0.011s(39%) tail=0.001s(2%) head=0.003s(11%) total=0.029s]
[prefill host enc.front=0.002s(4%) wait.front=0.021s(48%) drain=0.000s(1%) route=0.000s(0%) meta=0.000s(0%) fetch=0.016s(36%) enc.moe=0.001s(1%) tail=0.000s(0%) head=0.004s(8%) other=0.000s(1%) call=0.044s | tiles=70 ahead=70 experts=327 miss=24 io=0.016s 5.2GB/s]
[prefill gpuq busy=0.029s(67%) idle=0.015s(33%) span=0.044s buffers=161]
[prefill gpu attn=0.011s(34%) shared=0.003s(11%) moe=0.013s(41%) tail=0.001s(2%) head=0.003s(11%) total=0.031s]
[prefill host enc.front=0.002s(3%) wait.front=0.023s(39%) drain=0.001s(1%) route=0.000s(0%) meta=0.000s(0%) fetch=0.030s(49%) enc.moe=0.001s(1%) tail=0.000s(0%) head=0.004s(6%) other=0.000s(1%) call=0.060s | tiles=70 ahead=70 experts=365 miss=43 io=0.030s 5.0GB/s]
[prefill gpuq busy=0.031s(51%) idle=0.029s(49%) span=0.060s buffers=161]
[prefill gpu attn=0.011s(32%) shared=0.003s(10%) moe=0.015s(45%) tail=0.001s(2%) head=0.003s(10%) total=0.033s]
[prefill host enc.front=0.002s(2%) wait.front=0.022s(29%) drain=0.001s(1%) route=0.000s(0%) meta=0.000s(0%) fetch=0.047s(61%) enc.moe=0.001s(1%) tail=0.000s(0%) head=0.004s(5%) other=0.001s(1%) call=0.077s | tiles=85 ahead=85 experts=395 miss=65 io=0.047s 4.8GB/s]
[prefill gpuq busy=0.033s(43%) idle=0.043s(57%) span=0.076s buffers=176]
[prefill gpu attn=0.011s(34%) shared=0.003s(11%) moe=0.013s(43%) tail=0.001s(2%) head=0.003s(11%) total=0.032s]
[prefill host enc.front=0.002s(3%) wait.front=0.019s(31%) drain=0.000s(1%) route=0.000s(0%) meta=0.000s(0%) fetch=0.036s(58%) enc.moe=0.001s(1%) tail=0.000s(0%) head=0.004s(6%) other=0.000s(1%) call=0.062s | tiles=84 ahead=84 experts=370 miss=50 io=0.036s 4.8GB/s]
[prefill gpuq busy=0.032s(51%) idle=0.030s(49%) span=0.062s buffers=175]
[prefill gpu attn=0.011s(32%) shared=0.003s(10%) moe=0.015s(46%) tail=0.001s(2%) head=0.003s(10%) total=0.033s]
[prefill host enc.front=0.002s(3%) wait.front=0.022s(40%) drain=0.000s(1%) route=0.000s(0%) meta=0.000s(0%) fetch=0.025s(47%) enc.moe=0.001s(1%) tail=0.000s(0%) head=0.004s(7%) other=0.000s(1%) call=0.054s | tiles=80 ahead=80 experts=442 miss=39 io=0.026s 5.3GB/s]
[prefill gpuq busy=0.033s(62%) idle=0.020s(38%) span=0.054s buffers=171]
[prefill gpu attn=0.010s(31%) shared=0.004s(11%) moe=0.015s(46%) tail=0.001s(2%) head=0.003s(10%) total=0.033s]
[prefill host enc.front=0.002s(3%) wait.front=0.019s(32%) drain=0.001s(1%) route=0.000s(0%) meta=0.000s(0%) fetch=0.033s(56%) enc.moe=0.001s(1%) tail=0.000s(0%) head=0.004s(6%) other=0.000s(1%) call=0.060s | tiles=83 ahead=83 experts=435 miss=48 io=0.034s 4.9GB/s]
[prefill gpuq busy=0.033s(56%) idle=0.027s(44%) span=0.060s buffers=174]
[prefill gpu attn=0.011s(34%) shared=0.003s(11%) moe=0.013s(42%) tail=0.001s(2%) head=0.003s(11%) total=0.031s]
[prefill host enc.front=0.002s(3%) wait.front=0.023s(37%) drain=0.000s(1%) route=0.000s(0%) meta=0.000s(0%) fetch=0.031s(51%) enc.moe=0.001s(1%) tail=0.000s(0%) head=0.004s(6%) other=0.000s(1%) call=0.061s | tiles=73 ahead=73 experts=356 miss=59 io=0.031s 6.5GB/s]
[prefill gpuq busy=0.031s(51%) idle=0.030s(49%) span=0.061s buffers=164]
[prefill gpu attn=0.010s(33%) shared=0.003s(11%) moe=0.014s(44%) tail=0.001s(2%) head=0.003s(11%) total=0.032s]
[prefill host enc.front=0.002s(4%) wait.front=0.021s(49%) drain=0.000s(1%) route=0.000s(0%) meta=0.000s(0%) fetch=0.015s(35%) enc.moe=0.001s(2%) tail=0.000s(0%) head=0.004s(9%) other=0.000s(1%) call=0.043s | tiles=75 ahead=75 experts=408 miss=27 io=0.015s 6.2GB/s]
[prefill gpuq busy=0.032s(76%) idle=0.010s(24%) span=0.043s buffers=166]
[prefill gpu attn=0.011s(33%) shared=0.003s(11%) moe=0.014s(43%) tail=0.001s(2%) head=0.003s(11%) total=0.032s]
[prefill host enc.front=0.002s(3%) wait.front=0.020s(41%) drain=0.001s(1%) route=0.000s(0%) meta=0.000s(0%) fetch=0.022s(44%) enc.moe=0.001s(1%) tail=0.000s(0%) head=0.004s(7%) other=0.000s(1%) call=0.049s | tiles=77 ahead=77 experts=391 miss=38 io=0.022s 6.0GB/s]
[prefill gpuq busy=0.032s(65%) idle=0.017s(35%) span=0.049s buffers=168]
[prefill gpu attn=0.011s(33%) shared=0.003s(11%) moe=0.014s(43%) tail=0.001s(2%) head=0.003s(11%) total=0.032s]
[prefill host enc.front=0.002s(3%) wait.front=0.019s(37%) drain=0.000s(1%) route=0.000s(0%) meta=0.000s(0%) fetch=0.026s(50%) enc.moe=0.001s(1%) tail=0.000s(0%) head=0.004s(7%) other=0.000s(1%) call=0.053s | tiles=83 ahead=83 experts=375 miss=46 io=0.026s 6.0GB/s]
[prefill gpuq busy=0.032s(61%) idle=0.021s(39%) span=0.052s buffers=174]
[prefill gpu attn=0.011s(32%) shared=0.003s(10%) moe=0.015s(45%) tail=0.001s(2%) head=0.003s(10%) total=0.033s]
[prefill host enc.front=0.002s(3%) wait.front=0.019s(34%) drain=0.000s(1%) route=0.000s(0%) meta=0.000s(0%) fetch=0.030s(53%) enc.moe=0.001s(1%) tail=0.000s(0%) head=0.004s(6%) other=0.000s(1%) call=0.056s | tiles=86 ahead=86 experts=403 miss=49 io=0.030s 5.6GB/s]
[prefill gpuq busy=0.033s(58%) idle=0.023s(42%) span=0.056s buffers=177]
[prefill gpu attn=0.011s(34%) shared=0.003s(11%) moe=0.013s(42%) tail=0.001s(2%) head=0.004s(11%) total=0.031s]
[prefill host enc.front=0.002s(4%) wait.front=0.020s(45%) drain=0.000s(1%) route=0.000s(0%) meta=0.000s(0%) fetch=0.017s(39%) enc.moe=0.001s(1%) tail=0.000s(0%) head=0.004s(8%) other=0.000s(1%) call=0.044s | tiles=78 ahead=78 experts=371 miss=28 io=0.018s 5.5GB/s]
[prefill gpuq busy=0.031s(71%) idle=0.013s(29%) span=0.044s buffers=169]
[prefill gpu attn=0.010s(32%) shared=0.003s(10%) moe=0.015s(45%) tail=0.001s(2%) head=0.003s(10%) total=0.033s]
[prefill host enc.front=0.002s(4%) wait.front=0.022s(54%) drain=0.000s(1%) route=0.000s(0%) meta=0.000s(0%) fetch=0.012s(29%) enc.moe=0.001s(1%) tail=0.000s(0%) head=0.004s(9%) other=0.000s(1%) call=0.041s | tiles=74 ahead=74 experts=430 miss=27 io=0.012s 7.9GB/s]
[prefill gpuq busy=0.033s(81%) idle=0.008s(19%) span=0.041s buffers=165]
[prefill gpu attn=0.011s(34%) shared=0.003s(11%) moe=0.013s(41%) tail=0.001s(2%) head=0.003s(11%) total=0.031s]
[prefill host enc.front=0.002s(4%) wait.front=0.020s(49%) drain=0.000s(1%) route=0.000s(0%) meta=0.000s(0%) fetch=0.014s(33%) enc.moe=0.001s(1%) tail=0.000s(0%) head=0.004s(9%) other=0.000s(1%) call=0.040s | tiles=75 ahead=75 experts=358 miss=26 io=0.014s 6.6GB/s]
[prefill gpuq busy=0.031s(76%) idle=0.010s(24%) span=0.040s buffers=166]
[prefill gpu attn=0.011s(33%) shared=0.003s(11%) moe=0.014s(43%) tail=0.001s(2%) head=0.003s(10%) total=0.032s]
[prefill host enc.front=0.002s(4%) wait.front=0.020s(42%) drain=0.000s(1%) route=0.000s(0%) meta=0.000s(0%) fetch=0.020s(43%) enc.moe=0.001s(1%) tail=0.000s(0%) head=0.004s(8%) other=0.000s(1%) call=0.048s | tiles=77 ahead=77 experts=377 miss=46 io=0.021s 7.7GB/s]
[prefill gpuq busy=0.032s(68%) idle=0.015s(32%) span=0.047s buffers=168]
[prefill gpu attn=0.011s(33%) shared=0.003s(11%) moe=0.014s(44%) tail=0.001s(2%) head=0.003s(10%) total=0.032s]
[prefill host enc.front=0.002s(2%) wait.front=0.021s(31%) drain=0.000s(0%) route=0.000s(0%) meta=0.000s(0%) fetch=0.041s(59%) enc.moe=0.001s(1%) tail=0.000s(0%) head=0.004s(5%) other=0.000s(1%) call=0.069s | tiles=82 ahead=82 experts=372 miss=68 io=0.045s 5.3GB/s]
[prefill gpuq busy=0.032s(47%) idle=0.037s(53%) span=0.069s buffers=173]
[prefill gpu attn=0.011s(34%) shared=0.003s(11%) moe=0.013s(42%) tail=0.001s(2%) head=0.003s(11%) total=0.031s]
[prefill host enc.front=0.002s(3%) wait.front=0.020s(41%) drain=0.000s(1%) route=0.000s(0%) meta=0.000s(0%) fetch=0.021s(44%) enc.moe=0.001s(1%) tail=0.000s(0%) head=0.004s(7%) other=0.000s(1%) call=0.048s | tiles=80 ahead=80 experts=359 miss=38 io=0.022s 6.1GB/s]
[prefill gpuq busy=0.031s(65%) idle=0.017s(35%) span=0.048s buffers=171]
[prefill gpu attn=0.010s(32%) shared=0.003s(11%) moe=0.014s(44%) tail=0.001s(2%) head=0.004s(11%) total=0.032s]
[prefill host enc.front=0.002s(4%) wait.front=0.019s(39%) drain=0.000s(1%) route=0.000s(0%) meta=0.000s(0%) fetch=0.022s(46%) enc.moe=0.001s(2%) tail=0.000s(0%) head=0.004s(8%) other=0.000s(1%) call=0.048s | tiles=84 ahead=84 experts=375 miss=48 io=0.022s 7.6GB/s]
[prefill gpuq busy=0.032s(68%) idle=0.015s(32%) span=0.047s buffers=175]
[prefill gpu attn=0.011s(34%) shared=0.003s(11%) moe=0.013s(42%) tail=0.001s(2%) head=0.003s(11%) total=0.031s]
[prefill host enc.front=0.002s(3%) wait.front=0.021s(37%) drain=0.000s(1%) route=0.000s(0%) meta=0.000s(0%) fetch=0.027s(50%) enc.moe=0.001s(1%) tail=0.000s(0%) head=0.004s(7%) other=0.000s(1%) call=0.055s | tiles=81 ahead=81 experts=361 miss=41 io=0.028s 5.1GB/s]
[prefill gpuq busy=0.031s(57%) idle=0.023s(43%) span=0.055s buffers=172]
[prefill gpu attn=0.011s(34%) shared=0.004s(11%) moe=0.013s(42%) tail=0.001s(2%) head=0.003s(11%) total=0.032s]
[prefill host enc.front=0.002s(3%) wait.front=0.020s(32%) drain=0.000s(1%) route=0.000s(0%) meta=0.000s(0%) fetch=0.035s(56%) enc.moe=0.001s(1%) tail=0.000s(0%) head=0.004s(6%) other=0.000s(1%) call=0.062s | tiles=80 ahead=80 experts=340 miss=66 io=0.035s 6.6GB/s]
[prefill gpuq busy=0.032s(51%) idle=0.030s(49%) span=0.061s buffers=171]
[prefill gpu attn=0.011s(34%) shared=0.003s(11%) moe=0.013s(41%) tail=0.001s(2%) head=0.003s(11%) total=0.031s]
[prefill host enc.front=0.002s(4%) wait.front=0.021s(44%) drain=0.000s(1%) route=0.000s(0%) meta=0.000s(0%) fetch=0.019s(41%) enc.moe=0.001s(1%) tail=0.000s(0%) head=0.004s(8%) other=0.000s(1%) call=0.047s | tiles=75 ahead=75 experts=364 miss=35 io=0.019s 6.2GB/s]
[prefill gpuq busy=0.031s(66%) idle=0.016s(34%) span=0.047s buffers=166]
[prefill gpu attn=0.011s(33%) shared=0.003s(10%) moe=0.014s(44%) tail=0.001s(2%) head=0.003s(11%) total=0.032s]
[prefill host enc.front=0.002s(3%) wait.front=0.019s(36%) drain=0.000s(1%) route=0.000s(0%) meta=0.000s(0%) fetch=0.026s(50%) enc.moe=0.001s(1%) tail=0.000s(0%) head=0.004s(7%) other=0.000s(1%) call=0.052s | tiles=84 ahead=84 experts=393 miss=41 io=0.026s 5.4GB/s]
[prefill gpuq busy=0.032s(63%) idle=0.019s(37%) span=0.052s buffers=175]
[prefill gpu attn=0.011s(34%) shared=0.003s(11%) moe=0.013s(42%) tail=0.001s(2%) head=0.003s(11%) total=0.031s]
[prefill host enc.front=0.002s(4%) wait.front=0.019s(42%) drain=0.000s(1%) route=0.000s(0%) meta=0.000s(0%) fetch=0.019s(43%) enc.moe=0.001s(1%) tail=0.000s(0%) head=0.004s(8%) other=0.000s(1%) call=0.046s | tiles=80 ahead=80 experts=370 miss=36 io=0.020s 6.4GB/s]
[prefill gpuq busy=0.031s(69%) idle=0.014s(31%) span=0.045s buffers=171]
[prefill gpu attn=0.011s(32%) shared=0.003s(10%) moe=0.015s(45%) tail=0.001s(2%) head=0.003s(10%) total=0.033s]
[prefill host enc.front=0.002s(3%) wait.front=0.020s(37%) drain=0.000s(1%) route=0.000s(0%) meta=0.000s(0%) fetch=0.026s(49%) enc.moe=0.001s(1%) tail=0.000s(0%) head=0.004s(7%) other=0.000s(1%) call=0.053s | tiles=80 ahead=80 experts=362 miss=65 io=0.026s 8.6GB/s]
[prefill gpuq busy=0.033s(62%) idle=0.020s(38%) span=0.053s buffers=171]
[prefill gpu attn=0.011s(35%) shared=0.003s(11%) moe=0.012s(40%) tail=0.001s(2%) head=0.003s(11%) total=0.030s]
[prefill host enc.front=0.002s(4%) wait.front=0.021s(50%) drain=0.000s(1%) route=0.000s(1%) meta=0.000s(0%) fetch=0.014s(33%) enc.moe=0.001s(1%) tail=0.000s(0%) head=0.004s(9%) other=0.000s(1%) call=0.041s | tiles=72 ahead=72 experts=336 miss=31 io=0.014s 7.9GB/s]
[prefill gpuq busy=0.030s(74%) idle=0.011s(26%) span=0.041s buffers=163]
[prefill gpu attn=0.011s(33%) shared=0.003s(11%) moe=0.014s(43%) tail=0.001s(2%) head=0.003s(11%) total=0.032s]
[prefill host enc.front=0.002s(3%) wait.front=0.019s(36%) drain=0.000s(1%) route=0.000s(0%) meta=0.000s(0%) fetch=0.026s(50%) enc.moe=0.001s(1%) tail=0.000s(0%) head=0.004s(7%) other=0.000s(1%) call=0.051s | tiles=84 ahead=84 experts=376 miss=44 io=0.026s 5.8GB/s]
[prefill gpuq busy=0.032s(62%) idle=0.020s(38%) span=0.051s buffers=175]
[prefill gpu attn=0.011s(34%) shared=0.003s(11%) moe=0.013s(42%) tail=0.001s(2%) head=0.003s(11%) total=0.031s]
[prefill host enc.front=0.002s(4%) wait.front=0.020s(45%) drain=0.000s(1%) route=0.000s(0%) meta=0.000s(0%) fetch=0.018s(40%) enc.moe=0.001s(1%) tail=0.000s(0%) head=0.004s(8%) other=0.000s(1%) call=0.045s | tiles=78 ahead=78 experts=376 miss=34 io=0.018s 6.5GB/s]
[prefill gpuq busy=0.031s(70%) idle=0.013s(30%) span=0.045s buffers=169]
[prefill gpu attn=0.011s(33%) shared=0.003s(10%) moe=0.014s(44%) tail=0.001s(2%) head=0.004s(11%) total=0.032s]
[prefill host enc.front=0.002s(4%) wait.front=0.023s(56%) drain=0.000s(1%) route=0.000s(0%) meta=0.000s(0%) fetch=0.011s(27%) enc.moe=0.001s(1%) tail=0.000s(0%) head=0.004s(9%) other=0.000s(1%) call=0.041s | tiles=72 ahead=72 experts=426 miss=22 io=0.011s 6.8GB/s]
[prefill gpuq busy=0.032s(80%) idle=0.008s(20%) span=0.040s buffers=163]
[prefill gpu attn=0.011s(33%) shared=0.003s(10%) moe=0.014s(44%) tail=0.001s(2%) head=0.003s(10%) total=0.032s]
[prefill host enc.front=0.002s(3%) wait.front=0.021s(42%) drain=0.000s(1%) route=0.000s(0%) meta=0.000s(0%) fetch=0.021s(43%) enc.moe=0.001s(1%) tail=0.000s(0%) head=0.004s(7%) other=0.000s(1%) call=0.050s | tiles=79 ahead=79 experts=394 miss=41 io=0.021s 6.6GB/s]
[prefill gpuq busy=0.032s(66%) idle=0.017s(34%) span=0.049s buffers=170]
[prefill gpu attn=0.011s(32%) shared=0.003s(10%) moe=0.015s(45%) tail=0.001s(2%) head=0.003s(10%) total=0.033s]
[prefill host enc.front=0.002s(4%) wait.front=0.021s(45%) drain=0.000s(1%) route=0.000s(0%) meta=0.000s(0%) fetch=0.018s(40%) enc.moe=0.001s(1%) tail=0.000s(0%) head=0.004s(8%) other=0.000s(1%) call=0.046s | tiles=79 ahead=79 experts=426 miss=38 io=0.018s 7.2GB/s]
[prefill gpuq busy=0.033s(73%) idle=0.012s(27%) span=0.045s buffers=170]
[prefill gpu attn=0.011s(34%) shared=0.003s(11%) moe=0.014s(43%) tail=0.001s(2%) head=0.003s(11%) total=0.032s]
[prefill host enc.front=0.002s(4%) wait.front=0.020s(47%) drain=0.000s(1%) route=0.000s(0%) meta=0.000s(0%) fetch=0.016s(37%) enc.moe=0.001s(1%) tail=0.000s(0%) head=0.003s(8%) other=0.000s(1%) call=0.043s | tiles=77 ahead=77 experts=382 miss=31 io=0.016s 6.7GB/s]
[prefill gpuq busy=0.032s(74%) idle=0.011s(26%) span=0.043s buffers=168]
[prefill gpu attn=0.011s(33%) shared=0.003s(11%) moe=0.014s(44%) tail=0.001s(2%) head=0.003s(11%) total=0.032s]
[prefill host enc.front=0.002s(4%) wait.front=0.020s(46%) drain=0.000s(1%) route=0.000s(0%) meta=0.000s(0%) fetch=0.016s(38%) enc.moe=0.001s(1%) tail=0.000s(0%) head=0.004s(8%) other=0.000s(1%) call=0.043s | tiles=78 ahead=78 experts=401 miss=28 io=0.016s 6.0GB/s]
[prefill gpuq busy=0.032s(75%) idle=0.010s(25%) span=0.042s buffers=169]
[prefill gpu attn=0.011s(33%) shared=0.003s(11%) moe=0.014s(44%) tail=0.001s(2%) head=0.003s(10%) total=0.032s]
[prefill host enc.front=0.002s(3%) wait.front=0.023s(33%) drain=0.000s(1%) route=0.000s(0%) meta=0.000s(0%) fetch=0.040s(57%) enc.moe=0.001s(1%) tail=0.000s(0%) head=0.004s(5%) other=0.000s(1%) call=0.070s | tiles=76 ahead=76 experts=379 miss=70 io=0.040s 6.1GB/s]
[prefill gpuq busy=0.032s(46%) idle=0.037s(54%) span=0.070s buffers=167]
[prefill gpu attn=0.011s(33%) shared=0.003s(11%) moe=0.014s(43%) tail=0.001s(2%) head=0.003s(11%) total=0.032s]
[prefill host enc.front=0.002s(4%) wait.front=0.020s(45%) drain=0.000s(1%) route=0.000s(0%) meta=0.000s(0%) fetch=0.017s(39%) enc.moe=0.001s(1%) tail=0.000s(0%) head=0.004s(8%) other=0.000s(1%) call=0.044s | tiles=80 ahead=80 experts=394 miss=29 io=0.017s 5.8GB/s]
[prefill gpuq busy=0.032s(74%) idle=0.011s(26%) span=0.044s buffers=171]
[prefill gpu attn=0.011s(32%) shared=0.003s(10%) moe=0.015s(45%) tail=0.001s(2%) head=0.003s(10%) total=0.034s]
[prefill host enc.front=0.002s(3%) wait.front=0.018s(34%) drain=0.000s(1%) route=0.000s(0%) meta=0.000s(0%) fetch=0.029s(53%) enc.moe=0.001s(1%) tail=0.000s(0%) head=0.004s(7%) other=0.000s(1%) call=0.055s | tiles=84 ahead=84 experts=405 miss=52 io=0.029s 6.2GB/s]
[prefill gpuq busy=0.034s(62%) idle=0.021s(38%) span=0.054s buffers=175]
[prefill gpu attn=0.011s(32%) shared=0.003s(10%) moe=0.015s(45%) tail=0.001s(2%) head=0.003s(10%) total=0.033s]
[prefill host enc.front=0.002s(4%) wait.front=0.020s(43%) drain=0.000s(1%) route=0.000s(1%) meta=0.000s(0%) fetch=0.019s(41%) enc.moe=0.001s(2%) tail=0.000s(0%) head=0.004s(8%) other=0.000s(1%) call=0.046s | tiles=82 ahead=82 experts=408 miss=45 io=0.019s 8.3GB/s]
[prefill gpuq busy=0.033s(73%) idle=0.012s(27%) span=0.045s buffers=173]
[prefill gpu attn=0.011s(34%) shared=0.003s(11%) moe=0.013s(42%) tail=0.001s(2%) head=0.003s(11%) total=0.032s]
[prefill host enc.front=0.002s(4%) wait.front=0.020s(47%) drain=0.000s(1%) route=0.000s(1%) meta=0.000s(0%) fetch=0.015s(36%) enc.moe=0.001s(2%) tail=0.000s(0%) head=0.004s(9%) other=0.000s(1%) call=0.042s | tiles=78 ahead=78 experts=359 miss=37 io=0.015s 8.4GB/s]
[prefill gpuq busy=0.032s(75%) idle=0.010s(25%) span=0.042s buffers=169]
[prefill gpu attn=0.011s(34%) shared=0.003s(11%) moe=0.014s(43%) tail=0.001s(2%) head=0.003s(11%) total=0.032s]
[prefill host enc.front=0.002s(4%) wait.front=0.019s(41%) drain=0.000s(1%) route=0.000s(0%) meta=0.000s(0%) fetch=0.019s(43%) enc.moe=0.001s(2%) tail=0.000s(0%) head=0.004s(8%) other=0.000s(1%) call=0.045s | tiles=83 ahead=83 experts=372 miss=46 io=0.020s 7.8GB/s]
[prefill gpuq busy=0.032s(71%) idle=0.013s(29%) span=0.045s buffers=174]
[prefill gpu attn=0.011s(34%) shared=0.003s(11%) moe=0.013s(41%) tail=0.001s(2%) head=0.003s(11%) total=0.031s]
[prefill host enc.front=0.002s(4%) wait.front=0.019s(45%) drain=0.001s(1%) route=0.000s(0%) meta=0.000s(0%) fetch=0.016s(38%) enc.moe=0.001s(1%) tail=0.000s(0%) head=0.004s(8%) other=0.000s(1%) call=0.043s | tiles=77 ahead=77 experts=346 miss=34 io=0.017s 7.1GB/s]
[prefill gpuq busy=0.031s(72%) idle=0.012s(28%) span=0.043s buffers=168]
[prefill gpu attn=0.011s(33%) shared=0.003s(11%) moe=0.014s(43%) tail=0.001s(2%) head=0.003s(11%) total=0.032s]
[prefill host enc.front=0.002s(3%) wait.front=0.023s(43%) drain=0.001s(2%) route=0.000s(0%) meta=0.000s(0%) fetch=0.022s(42%) enc.moe=0.001s(1%) tail=0.000s(0%) head=0.004s(7%) other=0.000s(1%) call=0.053s | tiles=75 ahead=75 experts=368 miss=48 io=0.023s 7.4GB/s]
[prefill gpuq busy=0.032s(60%) idle=0.021s(40%) span=0.053s buffers=166]
[prefill gpu attn=0.011s(34%) shared=0.003s(11%) moe=0.013s(42%) tail=0.001s(2%) head=0.003s(11%) total=0.032s]
[prefill host enc.front=0.002s(3%) wait.front=0.022s(34%) drain=0.001s(1%) route=0.000s(0%) meta=0.000s(0%) fetch=0.034s(54%) enc.moe=0.001s(1%) tail=0.000s(0%) head=0.004s(6%) other=0.000s(1%) call=0.063s | tiles=78 ahead=78 experts=362 miss=56 io=0.034s 5.8GB/s]
[prefill gpuq busy=0.032s(51%) idle=0.031s(49%) span=0.062s buffers=169]
[prefill gpu attn=0.011s(33%) shared=0.003s(11%) moe=0.014s(43%) tail=0.001s(2%) head=0.003s(10%) total=0.032s]
[prefill host enc.front=0.002s(4%) wait.front=0.021s(45%) drain=0.000s(1%) route=0.000s(0%) meta=0.000s(0%) fetch=0.019s(40%) enc.moe=0.001s(1%) tail=0.000s(0%) head=0.004s(8%) other=0.000s(1%) call=0.047s | tiles=75 ahead=75 experts=387 miss=41 io=0.019s 7.5GB/s]
[prefill gpuq busy=0.032s(68%) idle=0.015s(32%) span=0.047s buffers=166]
[prefill gpu attn=0.011s(34%) shared=0.003s(11%) moe=0.013s(42%) tail=0.001s(2%) head=0.003s(11%) total=0.031s]
[prefill host enc.front=0.002s(3%) wait.front=0.020s(32%) drain=0.000s(1%) route=0.000s(0%) meta=0.000s(0%) fetch=0.036s(57%) enc.moe=0.001s(1%) tail=0.000s(0%) head=0.004s(6%) other=0.000s(1%) call=0.063s | tiles=76 ahead=76 experts=338 miss=61 io=0.036s 5.9GB/s]
[prefill gpuq busy=0.031s(50%) idle=0.032s(50%) span=0.063s buffers=167]
[prefill gpu attn=0.011s(36%) shared=0.003s(11%) moe=0.012s(39%) tail=0.001s(2%) head=0.003s(11%) total=0.030s]
[prefill host enc.front=0.002s(4%) wait.front=0.022s(53%) drain=0.000s(1%) route=0.000s(0%) meta=0.000s(0%) fetch=0.013s(31%) enc.moe=0.001s(1%) tail=0.000s(0%) head=0.004s(9%) other=0.000s(1%) call=0.042s | tiles=73 ahead=73 experts=336 miss=22 io=0.013s 5.9GB/s]
[prefill gpuq busy=0.030s(73%) idle=0.011s(27%) span=0.042s buffers=164]
[prefill gpu attn=0.011s(34%) shared=0.003s(11%) moe=0.013s(41%) tail=0.001s(2%) head=0.004s(11%) total=0.031s]
[prefill host enc.front=0.002s(4%) wait.front=0.022s(46%) drain=0.000s(1%) route=0.000s(0%) meta=0.000s(0%) fetch=0.018s(39%) enc.moe=0.001s(1%) tail=0.000s(0%) head=0.004s(8%) other=0.000s(1%) call=0.047s | tiles=76 ahead=76 experts=342 miss=34 io=0.018s 6.5GB/s]
[prefill gpuq busy=0.031s(67%) idle=0.015s(33%) span=0.046s buffers=167]
[prefill gpu attn=0.010s(33%) shared=0.003s(11%) moe=0.014s(44%) tail=0.001s(2%) head=0.003s(11%) total=0.032s]
[prefill host enc.front=0.002s(4%) wait.front=0.021s(49%) drain=0.000s(1%) route=0.000s(0%) meta=0.000s(0%) fetch=0.015s(35%) enc.moe=0.001s(1%) tail=0.000s(0%) head=0.004s(8%) other=0.000s(1%) call=0.043s | tiles=76 ahead=76 experts=404 miss=29 io=0.015s 6.6GB/s]
[prefill gpuq busy=0.032s(75%) idle=0.011s(25%) span=0.043s buffers=167]
[prefill gpu attn=0.011s(35%) shared=0.003s(11%) moe=0.012s(40%) tail=0.001s(2%) head=0.004s(12%) total=0.030s]
[prefill host enc.front=0.002s(4%) wait.front=0.019s(49%) drain=0.000s(1%) route=0.000s(0%) meta=0.000s(0%) fetch=0.013s(34%) enc.moe=0.001s(1%) tail=0.000s(0%) head=0.004s(9%) other=0.000s(1%) call=0.039s | tiles=76 ahead=76 experts=340 miss=23 io=0.013s 5.9GB/s]
[prefill gpuq busy=0.030s(78%) idle=0.009s(22%) span=0.039s buffers=167]
[prefill gpu attn=0.011s(35%) shared=0.003s(11%) moe=0.012s(41%) tail=0.001s(2%) head=0.003s(11%) total=0.031s]
[prefill host enc.front=0.002s(4%) wait.front=0.021s(48%) drain=0.001s(2%) route=0.000s(0%) meta=0.000s(0%) fetch=0.016s(36%) enc.moe=0.001s(1%) tail=0.000s(0%) head=0.004s(8%) other=0.000s(1%) call=0.045s | tiles=71 ahead=71 experts=361 miss=27 io=0.016s 5.8GB/s]
[prefill gpuq busy=0.031s(69%) idle=0.014s(31%) span=0.044s buffers=162]
[prefill gpu attn=0.011s(33%) shared=0.003s(11%) moe=0.013s(42%) tail=0.001s(2%) head=0.004s(11%) total=0.032s]
[prefill host enc.front=0.002s(3%) wait.front=0.020s(41%) drain=0.000s(1%) route=0.000s(0%) meta=0.000s(0%) fetch=0.022s(45%) enc.moe=0.001s(1%) tail=0.000s(0%) head=0.004s(7%) other=0.000s(1%) call=0.049s | tiles=80 ahead=80 experts=371 miss=41 io=0.022s 6.3GB/s]
[prefill gpuq busy=0.032s(65%) idle=0.017s(35%) span=0.049s buffers=171]
[prefill gpu attn=0.011s(34%) shared=0.004s(11%) moe=0.014s(43%) tail=0.001s(2%) head=0.003s(10%) total=0.033s]
[prefill host enc.front=0.002s(4%) wait.front=0.022s(47%) drain=0.000s(1%) route=0.000s(0%) meta=0.000s(0%) fetch=0.018s(38%) enc.moe=0.001s(1%) tail=0.000s(0%) head=0.004s(8%) other=0.000s(1%) call=0.047s | tiles=78 ahead=78 experts=383 miss=28 io=0.018s 5.3GB/s]
[prefill gpuq busy=0.033s(70%) idle=0.014s(30%) span=0.047s buffers=169]
[prefill gpu attn=0.011s(34%) shared=0.003s(11%) moe=0.014s(43%) tail=0.001s(2%) head=0.003s(11%) total=0.032s]
[prefill host enc.front=0.002s(4%) wait.front=0.021s(47%) drain=0.000s(1%) route=0.000s(0%) meta=0.000s(0%) fetch=0.016s(37%) enc.moe=0.001s(1%) tail=0.000s(0%) head=0.004s(8%) other=0.000s(1%) call=0.045s | tiles=77 ahead=77 experts=376 miss=39 io=0.016s 8.2GB/s]
[prefill gpuq busy=0.032s(72%) idle=0.012s(28%) span=0.044s buffers=168]
[prefill gpu attn=0.011s(32%) shared=0.003s(10%) moe=0.015s(46%) tail=0.001s(2%) head=0.003s(10%) total=0.033s]
[prefill host enc.front=0.002s(3%) wait.front=0.019s(38%) drain=0.000s(1%) route=0.000s(0%) meta=0.000s(0%) fetch=0.024s(48%) enc.moe=0.001s(1%) tail=0.000s(0%) head=0.004s(7%) other=0.000s(1%) call=0.051s | tiles=83 ahead=83 experts=415 miss=45 io=0.025s 6.4GB/s]
[prefill gpuq busy=0.033s(66%) idle=0.017s(34%) span=0.051s buffers=174]
[prefill gpu attn=0.011s(35%) shared=0.003s(11%) moe=0.013s(41%) tail=0.001s(2%) head=0.003s(11%) total=0.031s]
[prefill host enc.front=0.002s(4%) wait.front=0.019s(42%) drain=0.000s(1%) route=0.000s(0%) meta=0.000s(0%) fetch=0.020s(43%) enc.moe=0.001s(1%) tail=0.000s(0%) head=0.004s(8%) other=0.000s(1%) call=0.046s | tiles=74 ahead=74 experts=335 miss=44 io=0.020s 7.7GB/s]
[prefill gpuq busy=0.031s(67%) idle=0.015s(33%) span=0.046s buffers=165]
[prefill gpu attn=0.011s(35%) shared=0.003s(11%) moe=0.012s(40%) tail=0.001s(2%) head=0.004s(11%) total=0.031s]
[prefill host enc.front=0.002s(5%) wait.front=0.022s(60%) drain=0.000s(1%) route=0.000s(1%) meta=0.000s(0%) fetch=0.008s(21%) enc.moe=0.001s(1%) tail=0.000s(0%) head=0.004s(10%) other=0.000s(1%) call=0.037s | tiles=68 ahead=68 experts=353 miss=20 io=0.008s 8.8GB/s]
[prefill gpuq busy=0.031s(83%) idle=0.006s(17%) span=0.037s buffers=159]
[prefill gpu attn=0.011s(34%) shared=0.003s(11%) moe=0.013s(42%) tail=0.001s(2%) head=0.003s(11%) total=0.032s]
[prefill host enc.front=0.002s(4%) wait.front=0.020s(48%) drain=0.001s(1%) route=0.000s(0%) meta=0.000s(0%) fetch=0.015s(35%) enc.moe=0.001s(1%) tail=0.000s(0%) head=0.004s(9%) other=0.000s(1%) call=0.042s | tiles=76 ahead=76 experts=382 miss=27 io=0.015s 6.4GB/s]
[prefill gpuq busy=0.032s(77%) idle=0.010s(23%) span=0.041s buffers=167]
[prefill gpu attn=0.011s(35%) shared=0.004s(11%) moe=0.012s(40%) tail=0.001s(2%) head=0.004s(11%) total=0.031s]
[prefill host enc.front=0.002s(4%) wait.front=0.019s(49%) drain=0.000s(1%) route=0.000s(1%) meta=0.000s(0%) fetch=0.013s(33%) enc.moe=0.001s(2%) tail=0.000s(0%) head=0.004s(10%) other=0.000s(1%) call=0.040s | tiles=75 ahead=75 experts=350 miss=25 io=0.013s 6.5GB/s]
[prefill gpuq busy=0.031s(79%) idle=0.008s(21%) span=0.039s buffers=166]
[prefill gpu attn=0.011s(34%) shared=0.003s(11%) moe=0.013s(42%) tail=0.001s(2%) head=0.003s(11%) total=0.031s]
[prefill host enc.front=0.002s(4%) wait.front=0.020s(49%) drain=0.000s(1%) route=0.000s(1%) meta=0.000s(0%) fetch=0.014s(34%) enc.moe=0.001s(2%) tail=0.000s(0%) head=0.004s(9%) other=0.000s(1%) call=0.041s | tiles=79 ahead=79 experts=349 miss=36 io=0.014s 8.8GB/s]
[prefill gpuq busy=0.031s(78%) idle=0.009s(22%) span=0.040s buffers=170]
[prefill gpu attn=0.011s(33%) shared=0.003s(11%) moe=0.014s(44%) tail=0.001s(2%) head=0.003s(11%) total=0.033s]
[prefill host enc.front=0.002s(3%) wait.front=0.024s(39%) drain=0.001s(2%) route=0.000s(0%) meta=0.000s(0%) fetch=0.029s(47%) enc.moe=0.001s(1%) tail=0.000s(0%) head=0.004s(6%) other=0.000s(1%) call=0.060s | tiles=79 ahead=79 experts=373 miss=58 io=0.029s 7.0GB/s]
[prefill gpuq busy=0.033s(54%) idle=0.028s(46%) span=0.060s buffers=170]
[prefill gpu attn=0.011s(33%) shared=0.004s(11%) moe=0.015s(44%) tail=0.001s(2%) head=0.003s(10%) total=0.033s]
[prefill host enc.front=0.002s(4%) wait.front=0.022s(53%) drain=0.000s(1%) route=0.000s(0%) meta=0.000s(0%) fetch=0.012s(30%) enc.moe=0.001s(2%) tail=0.000s(0%) head=0.004s(9%) other=0.000s(1%) call=0.041s | tiles=75 ahead=75 experts=401 miss=36 io=0.012s 10.1GB/s]
[prefill gpuq busy=0.033s(81%) idle=0.008s(19%) span=0.041s buffers=166]
[prefill gpu attn=0.011s(31%) shared=0.003s(10%) moe=0.016s(46%) tail=0.001s(2%) head=0.003s(10%) total=0.034s]
[prefill host enc.front=0.002s(3%) wait.front=0.020s(32%) drain=0.000s(1%) route=0.000s(0%) meta=0.000s(0%) fetch=0.035s(56%) enc.moe=0.001s(1%) tail=0.000s(0%) head=0.004s(6%) other=0.000s(1%) call=0.062s | tiles=88 ahead=88 experts=423 miss=67 io=0.035s 6.7GB/s]
[prefill gpuq busy=0.034s(56%) idle=0.027s(44%) span=0.062s buffers=179]
[prefill gpu attn=0.011s(35%) shared=0.003s(11%) moe=0.012s(40%) tail=0.001s(2%) head=0.003s(11%) total=0.030s]
[prefill host enc.front=0.002s(4%) wait.front=0.021s(58%) drain=0.000s(1%) route=0.000s(1%) meta=0.000s(0%) fetch=0.009s(24%) enc.moe=0.001s(1%) tail=0.000s(0%) head=0.004s(10%) other=0.000s(1%) call=0.037s | tiles=68 ahead=68 experts=348 miss=24 io=0.009s 9.2GB/s]
[prefill gpuq busy=0.030s(82%) idle=0.007s(18%) span=0.037s buffers=159]
[prefill gpu attn=0.011s(34%) shared=0.003s(11%) moe=0.014s(43%) tail=0.001s(2%) head=0.003s(11%) total=0.032s]
[prefill host enc.front=0.002s(4%) wait.front=0.021s(55%) drain=0.000s(1%) route=0.000s(0%) meta=0.000s(0%) fetch=0.010s(27%) enc.moe=0.001s(2%) tail=0.000s(0%) head=0.004s(9%) other=0.000s(1%) call=0.038s | tiles=74 ahead=74 experts=395 miss=24 io=0.010s 7.9GB/s]
[prefill gpuq busy=0.032s(83%) idle=0.007s(17%) span=0.038s buffers=165]
[prefill gpu attn=0.011s(33%) shared=0.004s(11%) moe=0.014s(43%) tail=0.001s(2%) head=0.003s(10%) total=0.033s]
[prefill host enc.front=0.002s(3%) wait.front=0.021s(40%) drain=0.001s(1%) route=0.000s(0%) meta=0.000s(0%) fetch=0.024s(46%) enc.moe=0.001s(1%) tail=0.000s(0%) head=0.004s(7%) other=0.000s(1%) call=0.053s | tiles=80 ahead=80 experts=367 miss=51 io=0.024s 7.3GB/s]
[prefill gpuq busy=0.033s(63%) idle=0.019s(37%) span=0.052s buffers=171]
[prefill gpu attn=0.011s(35%) shared=0.004s(11%) moe=0.013s(40%) tail=0.001s(2%) head=0.004s(11%) total=0.032s]
[prefill host enc.front=0.002s(4%) wait.front=0.023s(53%) drain=0.000s(1%) route=0.000s(0%) meta=0.000s(0%) fetch=0.014s(31%) enc.moe=0.001s(1%) tail=0.000s(0%) head=0.004s(9%) other=0.000s(1%) call=0.044s | tiles=73 ahead=73 experts=354 miss=23 io=0.014s 5.8GB/s]
[prefill gpuq busy=0.032s(73%) idle=0.012s(27%) span=0.044s buffers=164]
[prefill gpu attn=0.011s(34%) shared=0.003s(11%) moe=0.014s(43%) tail=0.001s(2%) head=0.003s(11%) total=0.032s]
[prefill host enc.front=0.002s(4%) wait.front=0.022s(51%) drain=0.001s(2%) route=0.000s(0%) meta=0.000s(0%) fetch=0.013s(31%) enc.moe=0.001s(2%) tail=0.000s(0%) head=0.004s(9%) other=0.000s(1%) call=0.042s | tiles=76 ahead=76 experts=395 miss=27 io=0.013s 7.0GB/s]
[prefill gpuq busy=0.032s(76%) idle=0.010s(24%) span=0.042s buffers=167]
[prefill gpu attn=0.011s(34%) shared=0.003s(11%) moe=0.014s(43%) tail=0.001s(2%) head=0.003s(11%) total=0.032s]
[prefill host enc.front=0.002s(3%) wait.front=0.020s(38%) drain=0.001s(1%) route=0.000s(0%) meta=0.000s(0%) fetch=0.025s(48%) enc.moe=0.001s(1%) tail=0.000s(0%) head=0.004s(7%) other=0.000s(1%) call=0.052s | tiles=81 ahead=81 experts=372 miss=44 io=0.025s 6.1GB/s]
[prefill gpuq busy=0.032s(61%) idle=0.020s(39%) span=0.052s buffers=172]
[prefill gpu attn=0.011s(32%) shared=0.003s(10%) moe=0.015s(45%) tail=0.001s(2%) head=0.003s(10%) total=0.033s]
[prefill host enc.front=0.002s(3%) wait.front=0.020s(36%) drain=0.001s(2%) route=0.000s(0%) meta=0.000s(0%) fetch=0.028s(49%) enc.moe=0.001s(1%) tail=0.000s(0%) head=0.004s(6%) other=0.000s(1%) call=0.056s | tiles=81 ahead=81 experts=386 miss=60 io=0.028s 7.5GB/s]
[prefill gpuq busy=0.033s(59%) idle=0.023s(41%) span=0.056s buffers=172]
[prefill gpu attn=0.011s(34%) shared=0.003s(11%) moe=0.013s(42%) tail=0.001s(2%) head=0.003s(11%) total=0.032s]
[prefill host enc.front=0.002s(4%) wait.front=0.022s(54%) drain=0.000s(1%) route=0.000s(0%) meta=0.000s(0%) fetch=0.012s(29%) enc.moe=0.001s(1%) tail=0.000s(0%) head=0.003s(9%) other=0.000s(1%) call=0.040s | tiles=74 ahead=74 experts=374 miss=28 io=0.012s 8.1GB/s]
[prefill gpuq busy=0.032s(79%) idle=0.008s(21%) span=0.040s buffers=165]
[prefill gpu attn=0.011s(33%) shared=0.003s(11%) moe=0.014s(43%) tail=0.001s(2%) head=0.004s(11%) total=0.033s]
[prefill host enc.front=0.002s(4%) wait.front=0.025s(61%) drain=0.000s(1%) route=0.000s(0%) meta=0.000s(0%) fetch=0.009s(22%) enc.moe=0.001s(1%) tail=0.000s(0%) head=0.004s(10%) other=0.000s(1%) call=0.041s | tiles=71 ahead=71 experts=406 miss=22 io=0.009s 8.4GB/s]
[prefill gpuq busy=0.033s(80%) idle=0.008s(20%) span=0.041s buffers=162]
[prefill gpu attn=0.011s(35%) shared=0.003s(11%) moe=0.013s(41%) tail=0.001s(2%) head=0.003s(11%) total=0.032s]
[prefill host enc.front=0.002s(3%) wait.front=0.022s(42%) drain=0.000s(1%) route=0.000s(0%) meta=0.000s(0%) fetch=0.023s(44%) enc.moe=0.001s(1%) tail=0.000s(0%) head=0.004s(7%) other=0.000s(1%) call=0.052s | tiles=79 ahead=79 experts=333 miss=46 io=0.023s 6.9GB/s]
[prefill gpuq busy=0.032s(61%) idle=0.020s(39%) span=0.052s buffers=170]
[prefill gpu attn=0.011s(33%) shared=0.003s(10%) moe=0.014s(43%) tail=0.001s(2%) head=0.004s(11%) total=0.032s]
[prefill host enc.front=0.002s(4%) wait.front=0.023s(62%) drain=0.000s(1%) route=0.000s(1%) meta=0.000s(0%) fetch=0.008s(20%) enc.moe=0.001s(1%) tail=0.000s(0%) head=0.004s(10%) other=0.000s(1%) call=0.038s | tiles=69 ahead=69 experts=409 miss=22 io=0.008s 9.9GB/s]
[prefill gpuq busy=0.032s(86%) idle=0.005s(14%) span=0.038s buffers=160]
[prefill gpu attn=0.011s(32%) shared=0.003s(10%) moe=0.015s(45%) tail=0.001s(2%) head=0.003s(10%) total=0.033s]
[prefill host enc.front=0.002s(3%) wait.front=0.023s(46%) drain=0.001s(1%) route=0.000s(0%) meta=0.000s(0%) fetch=0.019s(39%) enc.moe=0.001s(1%) tail=0.000s(0%) head=0.004s(7%) other=0.000s(1%) call=0.049s | tiles=76 ahead=76 experts=398 miss=53 io=0.019s 9.5GB/s]
[prefill gpuq busy=0.033s(68%) idle=0.016s(32%) span=0.049s buffers=167]
[prefill gpu attn=0.011s(34%) shared=0.003s(11%) moe=0.014s(43%) tail=0.001s(2%) head=0.003s(10%) total=0.032s]
[prefill host enc.front=0.002s(4%) wait.front=0.024s(65%) drain=0.000s(1%) route=0.000s(0%) meta=0.000s(0%) fetch=0.006s(17%) enc.moe=0.000s(1%) tail=0.000s(0%) head=0.004s(10%) other=0.000s(1%) call=0.037s | tiles=67 ahead=67 experts=409 miss=18 io=0.006s 10.0GB/s]
[prefill gpuq busy=0.032s(87%) idle=0.005s(13%) span=0.037s buffers=158]
[prefill gpu attn=0.011s(33%) shared=0.004s(11%) moe=0.015s(43%) tail=0.001s(2%) head=0.004s(11%) total=0.034s]
[prefill host enc.front=0.002s(3%) wait.front=0.024s(40%) drain=0.000s(1%) route=0.000s(0%) meta=0.000s(0%) fetch=0.028s(47%) enc.moe=0.001s(1%) tail=0.000s(0%) head=0.004s(6%) other=0.000s(1%) call=0.059s | tiles=80 ahead=80 experts=370 miss=62 io=0.028s 7.7GB/s]
[prefill gpuq busy=0.034s(57%) idle=0.025s(43%) span=0.059s buffers=171]
[prefill gpu attn=0.011s(35%) shared=0.003s(11%) moe=0.013s(41%) tail=0.001s(2%) head=0.003s(11%) total=0.031s]
[prefill host enc.front=0.002s(5%) wait.front=0.022s(56%) drain=0.000s(1%) route=0.000s(1%) meta=0.000s(0%) fetch=0.010s(25%) enc.moe=0.001s(2%) tail=0.000s(0%) head=0.004s(9%) other=0.000s(1%) call=0.039s | tiles=71 ahead=71 experts=358 miss=27 io=0.010s 9.4GB/s]
[prefill gpuq busy=0.031s(82%) idle=0.007s(18%) span=0.038s buffers=162]
[prefill gpu attn=0.011s(34%) shared=0.003s(11%) moe=0.013s(42%) tail=0.001s(2%) head=0.003s(11%) total=0.031s]
[prefill host enc.front=0.002s(4%) wait.front=0.022s(61%) drain=0.001s(2%) route=0.000s(1%) meta=0.000s(0%) fetch=0.007s(20%) enc.moe=0.001s(1%) tail=0.000s(0%) head=0.004s(10%) other=0.000s(1%) call=0.037s | tiles=69 ahead=69 experts=390 miss=15 io=0.007s 7.1GB/s]
[prefill gpuq busy=0.031s(86%) idle=0.005s(14%) span=0.036s buffers=160]
[prefill gpu attn=0.011s(37%) shared=0.003s(12%) moe=0.011s(37%) tail=0.001s(2%) head=0.003s(11%) total=0.029s]
[prefill host enc.front=0.002s(4%) wait.front=0.022s(59%) drain=0.000s(1%) route=0.000s(0%) meta=0.000s(0%) fetch=0.008s(23%) enc.moe=0.001s(1%) tail=0.000s(0%) head=0.004s(10%) other=0.000s(1%) call=0.037s | tiles=69 ahead=69 experts=312 miss=17 io=0.008s 7.1GB/s]
[prefill gpuq busy=0.029s(80%) idle=0.007s(20%) span=0.036s buffers=160]
[prefill gpu attn=0.011s(35%) shared=0.003s(11%) moe=0.012s(40%) tail=0.001s(2%) head=0.003s(11%) total=0.031s]
[prefill host enc.front=0.002s(4%) wait.front=0.020s(52%) drain=0.001s(1%) route=0.000s(0%) meta=0.000s(0%) fetch=0.012s(31%) enc.moe=0.001s(1%) tail=0.000s(0%) head=0.004s(9%) other=0.000s(1%) call=0.039s | tiles=74 ahead=74 experts=349 miss=19 io=0.012s 5.5GB/s]
[prefill gpuq busy=0.031s(78%) idle=0.008s(22%) span=0.039s buffers=165]
[prefill gpu attn=0.011s(34%) shared=0.004s(11%) moe=0.013s(42%) tail=0.001s(2%) head=0.003s(11%) total=0.032s]
[prefill host enc.front=0.002s(4%) wait.front=0.025s(59%) drain=0.000s(1%) route=0.000s(0%) meta=0.000s(0%) fetch=0.011s(25%) enc.moe=0.001s(1%) tail=0.000s(0%) head=0.004s(8%) other=0.000s(1%) call=0.043s | tiles=76 ahead=76 experts=374 miss=24 io=0.011s 7.6GB/s]
[prefill gpuq busy=0.032s(75%) idle=0.011s(25%) span=0.043s buffers=167]
[prefill gpu attn=0.011s(37%) shared=0.003s(11%) moe=0.011s(38%) tail=0.001s(2%) head=0.003s(11%) total=0.030s]
[prefill host enc.front=0.002s(5%) wait.front=0.022s(63%) drain=0.000s(1%) route=0.000s(1%) meta=0.000s(0%) fetch=0.006s(18%) enc.moe=0.000s(1%) tail=0.000s(0%) head=0.004s(10%) other=0.000s(1%) call=0.035s | tiles=69 ahead=69 experts=324 miss=16 io=0.007s 8.5GB/s]
[prefill gpuq busy=0.030s(86%) idle=0.005s(14%) span=0.035s buffers=160]
[prefill gpu attn=0.011s(33%) shared=0.003s(11%) moe=0.014s(43%) tail=0.001s(2%) head=0.003s(10%) total=0.033s]
[prefill host enc.front=0.002s(3%) wait.front=0.023s(41%) drain=0.000s(1%) route=0.000s(0%) meta=0.000s(0%) fetch=0.026s(46%) enc.moe=0.001s(1%) tail=0.000s(0%) head=0.004s(6%) other=0.000s(1%) call=0.056s | tiles=77 ahead=77 experts=372 miss=55 io=0.026s 7.4GB/s]
[prefill gpuq busy=0.033s(58%) idle=0.024s(42%) span=0.056s buffers=168]
[prefill gpu attn=0.011s(33%) shared=0.003s(11%) moe=0.015s(44%) tail=0.001s(2%) head=0.003s(10%) total=0.033s]
[prefill host enc.front=0.002s(3%) wait.front=0.026s(39%) drain=0.001s(1%) route=0.000s(0%) meta=0.000s(0%) fetch=0.033s(50%) enc.moe=0.001s(1%) tail=0.000s(0%) head=0.004s(5%) other=0.000s(1%) call=0.066s | tiles=80 ahead=80 experts=378 miss=63 io=0.033s 6.6GB/s]
[prefill gpuq busy=0.033s(50%) idle=0.033s(50%) span=0.066s buffers=171]
[prefill gpu attn=0.011s(33%) shared=0.003s(10%) moe=0.015s(44%) tail=0.001s(2%) head=0.003s(10%) total=0.033s]
[prefill host enc.front=0.002s(3%) wait.front=0.020s(35%) drain=0.001s(1%) route=0.000s(0%) meta=0.000s(0%) fetch=0.030s(52%) enc.moe=0.001s(1%) tail=0.000s(0%) head=0.004s(6%) other=0.000s(1%) call=0.058s | tiles=80 ahead=80 experts=376 miss=57 io=0.030s 6.5GB/s]
[prefill gpuq busy=0.033s(58%) idle=0.024s(42%) span=0.058s buffers=171]
[prefill gpu attn=0.011s(34%) shared=0.003s(11%) moe=0.013s(42%) tail=0.001s(2%) head=0.003s(11%) total=0.031s]
[prefill host enc.front=0.002s(3%) wait.front=0.018s(35%) drain=0.000s(1%) route=0.000s(0%) meta=0.000s(0%) fetch=0.026s(51%) enc.moe=0.001s(1%) tail=0.000s(0%) head=0.004s(7%) other=0.000s(1%) call=0.051s | tiles=83 ahead=83 experts=354 miss=46 io=0.026s 6.1GB/s]
[prefill gpuq busy=0.031s(62%) idle=0.019s(38%) span=0.051s buffers=174]
[prefill gpu attn=0.011s(32%) shared=0.003s(10%) moe=0.015s(45%) tail=0.001s(2%) head=0.003s(10%) total=0.033s]
[prefill host enc.front=0.002s(4%) wait.front=0.023s(50%) drain=0.000s(1%) route=0.000s(0%) meta=0.000s(0%) fetch=0.016s(35%) enc.moe=0.001s(1%) tail=0.000s(0%) head=0.004s(8%) other=0.000s(1%) call=0.046s | tiles=78 ahead=78 experts=430 miss=34 io=0.016s 7.3GB/s]
[prefill gpuq busy=0.033s(73%) idle=0.012s(27%) span=0.046s buffers=169]
[prefill gpu attn=0.011s(34%) shared=0.003s(11%) moe=0.013s(42%) tail=0.001s(2%) head=0.003s(11%) total=0.031s]
[prefill host enc.front=0.002s(4%) wait.front=0.021s(55%) drain=0.000s(1%) route=0.000s(0%) meta=0.000s(0%) fetch=0.010s(27%) enc.moe=0.001s(1%) tail=0.000s(0%) head=0.004s(9%) other=0.000s(1%) call=0.038s | tiles=73 ahead=73 experts=384 miss=23 io=0.010s 7.6GB/s]
[prefill gpuq busy=0.031s(82%) idle=0.007s(18%) span=0.038s buffers=164]
[prefill gpu attn=0.011s(34%) shared=0.003s(11%) moe=0.013s(42%) tail=0.001s(2%) head=0.003s(11%) total=0.031s]
[prefill host enc.front=0.002s(4%) wait.front=0.022s(57%) drain=0.000s(1%) route=0.000s(0%) meta=0.000s(0%) fetch=0.010s(26%) enc.moe=0.001s(1%) tail=0.000s(0%) head=0.004s(9%) other=0.000s(1%) call=0.039s | tiles=72 ahead=72 experts=387 miss=17 io=0.010s 5.9GB/s]
[prefill gpuq busy=0.031s(82%) idle=0.007s(18%) span=0.038s buffers=163]
[prefill gpu attn=0.011s(34%) shared=0.003s(11%) moe=0.014s(42%) tail=0.001s(2%) head=0.003s(11%) total=0.032s]
[prefill host enc.front=0.002s(4%) wait.front=0.023s(54%) drain=0.000s(1%) route=0.000s(0%) meta=0.000s(0%) fetch=0.013s(30%) enc.moe=0.001s(1%) tail=0.000s(0%) head=0.004s(9%) other=0.000s(1%) call=0.043s | tiles=72 ahead=72 experts=388 miss=25 io=0.013s 6.8GB/s]
[prefill gpuq busy=0.032s(76%) idle=0.010s(24%) span=0.043s buffers=163]
[prefill gpu attn=0.013s(47%) shared=0.003s(12%) moe=0.007s(26%) tail=0.001s(3%) head=0.003s(12%) total=0.027s]
[prefill host enc.front=0.002s(5%) wait.front=0.023s(67%) drain=0.000s(1%) route=0.000s(0%) meta=0.000s(0%) fetch=0.005s(15%) enc.moe=0.000s(1%) tail=0.000s(0%) head=0.004s(10%) other=0.000s(1%) call=0.034s | tiles=35 ahead=35 experts=240 miss=5 io=0.005s 3.5GB/s]
[prefill gpuq busy=0.027s(82%) idle=0.006s(18%) span=0.034s buffers=126]

[stop=maxTokens prefill=349tok new=192tok decode=6.92s tok/s=27.732]
[load=0.750s layerVerify=0.000s/30layers prefill=4.390s ttft=4.391s peak=6.77GB rss=4.38GB]
[expert prefill hit=0.0% 0/3020 io=1.842s | decode hit=88.5% 36099/40808 io=3.021s]
[vision images=1 soft=260 tower=1.759s towerLoad=0.002s]
[decode/tok io=0.00ms cb1=0.00ms cb2=0.00ms head=0.00ms]
[mtp bs=2 rounds=109 accept=0.752/1 tok/round=1.761 draft=0.414s verify=6.249s accepted=27,82]
