[prefill gpu attn=0.390s(29%) shared=0.113s(9%) moe=0.815s(61%) tail=0.007s(1%) head=0.004s(0%) total=1.329s]
[prefill host enc.front=0.002s(0%) wait.front=0.531s(20%) drain=0.000s(0%) route=0.005s(0%) wait.shared=0.107s(4%) meta=0.000s(0%) fetch=1.877s(71%) enc.moe=0.015s(1%) wait.tile=0.067s(3%) tail=0.014s(1%) head=0.004s(0%) other=0.006s(0%) call=2.628s | tiles=390 ahead=0 experts=0 miss=0 io=0.000s 0.0GB/s]
[prefill gpuq busy=1.329s(53%) idle=1.165s(47%) span=2.494s buffers=481]
[prefill gpu attn=0.035s(46%) shared=0.007s(9%) moe=0.026s(34%) tail=0.002s(2%) head=0.007s(9%) total=0.076s]
[prefill host enc.front=0.003s(1%) wait.front=0.105s(34%) drain=0.001s(0%) route=0.001s(0%) meta=0.000s(0%) fetch=0.192s(61%) enc.moe=0.002s(1%) tail=0.000s(0%) head=0.007s(2%) other=0.001s(0%) call=0.312s | tiles=73 ahead=73 experts=402 miss=212 io=0.248s 3.0GB/s]
[prefill gpuq busy=0.075s(24%) idle=0.237s(76%) span=0.312s buffers=164]
[prefill gpu attn=0.014s(34%) shared=0.005s(12%) moe=0.017s(42%) tail=0.001s(3%) head=0.004s(10%) total=0.042s]
[prefill host enc.front=0.002s(2%) wait.front=0.035s(30%) drain=0.000s(0%) route=0.000s(0%) meta=0.000s(0%) fetch=0.073s(62%) enc.moe=0.001s(1%) tail=0.000s(0%) head=0.004s(4%) other=0.001s(1%) call=0.118s | tiles=74 ahead=74 experts=339 miss=81 io=0.074s 3.8GB/s]
[prefill gpuq busy=0.041s(35%) idle=0.076s(65%) span=0.118s buffers=165]
[prefill gpu attn=0.011s(34%) shared=0.004s(11%) moe=0.014s(41%) tail=0.001s(3%) head=0.004s(11%) total=0.034s]
[prefill host enc.front=0.002s(2%) wait.front=0.026s(26%) drain=0.001s(1%) route=0.000s(0%) meta=0.000s(0%) fetch=0.065s(65%) enc.moe=0.001s(1%) tail=0.000s(0%) head=0.004s(4%) other=0.001s(1%) call=0.099s | tiles=70 ahead=70 experts=320 miss=63 io=0.065s 3.4GB/s]
[prefill gpuq busy=0.034s(34%) idle=0.065s(66%) span=0.099s buffers=161]
[prefill gpu attn=0.011s(32%) shared=0.004s(11%) moe=0.015s(44%) tail=0.001s(2%) head=0.003s(10%) total=0.033s]
[prefill host enc.front=0.002s(3%) wait.front=0.023s(39%) drain=0.000s(1%) route=0.000s(0%) meta=0.000s(0%) fetch=0.028s(48%) enc.moe=0.001s(1%) tail=0.000s(0%) head=0.004s(6%) other=0.000s(1%) call=0.058s | tiles=80 ahead=80 experts=409 miss=32 io=0.028s 4.0GB/s]
[prefill gpuq busy=0.033s(57%) idle=0.024s(43%) span=0.057s buffers=171]
[prefill gpu attn=0.011s(34%) shared=0.004s(11%) moe=0.013s(41%) tail=0.001s(3%) head=0.003s(11%) total=0.032s]
[prefill host enc.front=0.002s(2%) wait.front=0.030s(35%) drain=0.000s(0%) route=0.000s(0%) meta=0.000s(0%) fetch=0.047s(56%) enc.moe=0.001s(1%) tail=0.000s(0%) head=0.004s(4%) other=0.000s(1%) call=0.084s | tiles=79 ahead=79 experts=340 miss=36 io=0.047s 2.6GB/s]
[prefill gpuq busy=0.031s(38%) idle=0.052s(62%) span=0.084s buffers=170]
[prefill gpu attn=0.011s(31%) shared=0.004s(10%) moe=0.017s(46%) tail=0.001s(3%) head=0.003s(10%) total=0.036s]
[prefill host enc.front=0.002s(1%) wait.front=0.029s(20%) drain=0.001s(0%) route=0.000s(0%) meta=0.000s(0%) fetch=0.106s(74%) enc.moe=0.001s(1%) tail=0.000s(0%) head=0.004s(3%) other=0.001s(0%) call=0.143s | tiles=81 ahead=81 experts=390 miss=109 io=0.106s 3.6GB/s]
[prefill gpuq busy=0.036s(25%) idle=0.107s(75%) span=0.143s buffers=172]
[prefill gpu attn=0.017s(33%) shared=0.007s(13%) moe=0.023s(44%) tail=0.002s(3%) head=0.003s(6%) total=0.052s]
[prefill host enc.front=0.002s(1%) wait.front=0.044s(27%) drain=0.000s(0%) route=0.000s(0%) meta=0.000s(0%) fetch=0.111s(68%) enc.moe=0.001s(1%) tail=0.000s(0%) head=0.004s(2%) other=0.001s(0%) call=0.164s | tiles=68 ahead=68 experts=328 miss=115 io=0.115s 3.5GB/s]
[prefill gpuq busy=0.051s(31%) idle=0.113s(69%) span=0.164s buffers=159]
[prefill gpu attn=0.014s(32%) shared=0.005s(11%) moe=0.021s(46%) tail=0.001s(3%) head=0.003s(8%) total=0.044s]
[prefill host enc.front=0.002s(2%) wait.front=0.033s(29%) drain=0.001s(1%) route=0.000s(0%) meta=0.000s(0%) fetch=0.075s(64%) enc.moe=0.001s(1%) tail=0.000s(0%) head=0.004s(3%) other=0.001s(0%) call=0.116s | tiles=83 ahead=83 experts=422 miss=96 io=0.081s 4.1GB/s]
[prefill gpuq busy=0.044s(38%) idle=0.072s(62%) span=0.116s buffers=174]
[prefill gpu attn=0.011s(35%) shared=0.003s(11%) moe=0.012s(40%) tail=0.001s(2%) head=0.003s(11%) total=0.030s]
[prefill host enc.front=0.002s(3%) wait.front=0.023s(37%) drain=0.001s(1%) route=0.000s(0%) meta=0.000s(0%) fetch=0.032s(51%) enc.moe=0.001s(1%) tail=0.000s(0%) head=0.004s(6%) other=0.000s(1%) call=0.062s | tiles=75 ahead=75 experts=345 miss=35 io=0.032s 3.8GB/s]
[prefill gpuq busy=0.030s(49%) idle=0.032s(51%) span=0.062s buffers=166]
[prefill gpu attn=0.011s(33%) shared=0.004s(11%) moe=0.015s(44%) tail=0.001s(2%) head=0.003s(10%) total=0.034s]
[prefill host enc.front=0.002s(2%) wait.front=0.024s(30%) drain=0.001s(1%) route=0.000s(0%) meta=0.000s(0%) fetch=0.050s(61%) enc.moe=0.001s(1%) tail=0.000s(0%) head=0.004s(4%) other=0.000s(1%) call=0.082s | tiles=82 ahead=82 experts=382 miss=55 io=0.051s 3.8GB/s]
[prefill gpuq busy=0.034s(41%) idle=0.048s(59%) span=0.082s buffers=173]
[prefill gpu attn=0.011s(34%) shared=0.004s(11%) moe=0.014s(42%) tail=0.001s(3%) head=0.003s(10%) total=0.034s]
[prefill host enc.front=0.002s(2%) wait.front=0.023s(28%) drain=0.001s(1%) route=0.000s(0%) meta=0.000s(0%) fetch=0.051s(62%) enc.moe=0.001s(1%) tail=0.000s(0%) head=0.004s(4%) other=0.001s(1%) call=0.082s | tiles=78 ahead=78 experts=346 miss=62 io=0.051s 4.2GB/s]
[prefill gpuq busy=0.034s(41%) idle=0.048s(59%) span=0.081s buffers=169]
[prefill gpu attn=0.011s(34%) shared=0.003s(11%) moe=0.013s(41%) tail=0.001s(2%) head=0.003s(11%) total=0.031s]
[prefill host enc.front=0.002s(2%) wait.front=0.022s(32%) drain=0.000s(1%) route=0.000s(0%) meta=0.000s(0%) fetch=0.038s(57%) enc.moe=0.001s(1%) tail=0.000s(0%) head=0.004s(5%) other=0.000s(1%) call=0.067s | tiles=78 ahead=78 experts=347 miss=42 io=0.038s 3.8GB/s]
[prefill gpuq busy=0.031s(47%) idle=0.036s(53%) span=0.067s buffers=169]
[prefill gpu attn=0.011s(34%) shared=0.003s(11%) moe=0.013s(42%) tail=0.001s(3%) head=0.003s(11%) total=0.031s]
[prefill host enc.front=0.002s(2%) wait.front=0.022s(30%) drain=0.001s(1%) route=0.000s(0%) meta=0.000s(0%) fetch=0.045s(60%) enc.moe=0.001s(1%) tail=0.000s(0%) head=0.004s(5%) other=0.000s(1%) call=0.075s | tiles=78 ahead=78 experts=355 miss=57 io=0.045s 4.4GB/s]
[prefill gpuq busy=0.031s(41%) idle=0.044s(59%) span=0.075s buffers=169]
[prefill gpu attn=0.010s(32%) shared=0.003s(10%) moe=0.015s(45%) tail=0.001s(2%) head=0.003s(11%) total=0.033s]
[prefill host enc.front=0.002s(3%) wait.front=0.021s(38%) drain=0.000s(1%) route=0.000s(0%) meta=0.000s(0%) fetch=0.028s(50%) enc.moe=0.001s(1%) tail=0.000s(0%) head=0.004s(7%) other=0.000s(1%) call=0.056s | tiles=80 ahead=80 experts=429 miss=31 io=0.028s 3.8GB/s]
[prefill gpuq busy=0.033s(58%) idle=0.023s(42%) span=0.056s buffers=171]
[prefill gpu attn=0.010s(32%) shared=0.003s(11%) moe=0.015s(45%) tail=0.001s(2%) head=0.003s(10%) total=0.033s]
[prefill host enc.front=0.002s(3%) wait.front=0.021s(41%) drain=0.001s(2%) route=0.000s(0%) meta=0.000s(0%) fetch=0.024s(45%) enc.moe=0.001s(1%) tail=0.000s(0%) head=0.004s(7%) other=0.000s(1%) call=0.052s | tiles=76 ahead=76 experts=432 miss=31 io=0.024s 4.5GB/s]
[prefill gpuq busy=0.033s(63%) idle=0.020s(37%) span=0.052s buffers=167]
[prefill gpu attn=0.011s(31%) shared=0.004s(11%) moe=0.015s(45%) tail=0.001s(2%) head=0.004s(11%) total=0.034s]
[prefill host enc.front=0.002s(2%) wait.front=0.024s(24%) drain=0.000s(0%) route=0.000s(0%) meta=0.000s(0%) fetch=0.068s(68%) enc.moe=0.001s(1%) tail=0.000s(0%) head=0.004s(4%) other=0.000s(0%) call=0.100s | tiles=82 ahead=82 experts=407 miss=62 io=0.069s 3.1GB/s]
[prefill gpuq busy=0.034s(34%) idle=0.066s(66%) span=0.100s buffers=173]
[prefill gpu attn=0.011s(34%) shared=0.003s(11%) moe=0.013s(41%) tail=0.001s(2%) head=0.003s(11%) total=0.031s]
[prefill host enc.front=0.002s(3%) wait.front=0.020s(40%) drain=0.000s(1%) route=0.000s(0%) meta=0.000s(0%) fetch=0.024s(46%) enc.moe=0.001s(1%) tail=0.000s(0%) head=0.004s(7%) other=0.000s(1%) call=0.051s | tiles=74 ahead=74 experts=344 miss=35 io=0.024s 5.1GB/s]
[prefill gpuq busy=0.031s(61%) idle=0.020s(39%) span=0.051s buffers=165]
[prefill gpu attn=0.010s(36%) shared=0.003s(12%) moe=0.011s(38%) tail=0.001s(3%) head=0.003s(12%) total=0.029s]
[prefill host enc.front=0.002s(4%) wait.front=0.021s(58%) drain=0.001s(2%) route=0.000s(0%) meta=0.000s(0%) fetch=0.009s(24%) enc.moe=0.000s(1%) tail=0.000s(0%) head=0.004s(10%) other=0.000s(1%) call=0.037s | tiles=68 ahead=68 experts=326 miss=12 io=0.009s 4.7GB/s]
[prefill gpuq busy=0.029s(79%) idle=0.008s(21%) span=0.036s buffers=159]
[prefill gpu attn=0.010s(34%) shared=0.003s(11%) moe=0.012s(41%) tail=0.001s(2%) head=0.004s(12%) total=0.030s]
[prefill host enc.front=0.002s(3%) wait.front=0.021s(46%) drain=0.000s(1%) route=0.000s(0%) meta=0.000s(0%) fetch=0.018s(39%) enc.moe=0.001s(1%) tail=0.000s(0%) head=0.004s(8%) other=0.000s(1%) call=0.046s | tiles=71 ahead=71 experts=342 miss=29 io=0.018s 5.6GB/s]
[prefill gpuq busy=0.030s(67%) idle=0.015s(33%) span=0.046s buffers=162]
[prefill gpu attn=0.011s(34%) shared=0.004s(11%) moe=0.013s(42%) tail=0.001s(2%) head=0.003s(11%) total=0.032s]
[prefill host enc.front=0.002s(3%) wait.front=0.022s(39%) drain=0.001s(1%) route=0.000s(0%) meta=0.000s(0%) fetch=0.027s(48%) enc.moe=0.001s(1%) tail=0.000s(0%) head=0.004s(6%) other=0.000s(1%) call=0.056s | tiles=76 ahead=76 experts=370 miss=28 io=0.027s 3.6GB/s]
[prefill gpuq busy=0.032s(57%) idle=0.024s(43%) span=0.056s buffers=167]
[prefill gpu attn=0.011s(32%) shared=0.003s(10%) moe=0.015s(45%) tail=0.001s(2%) head=0.004s(11%) total=0.033s]
[prefill host enc.front=0.002s(3%) wait.front=0.022s(44%) drain=0.001s(2%) route=0.000s(0%) meta=0.000s(0%) fetch=0.021s(41%) enc.moe=0.001s(1%) tail=0.000s(0%) head=0.004s(8%) other=0.000s(1%) call=0.050s | tiles=75 ahead=75 experts=434 miss=30 io=0.021s 5.0GB/s]
[prefill gpuq busy=0.033s(66%) idle=0.017s(34%) span=0.050s buffers=166]
[prefill gpu attn=0.011s(33%) shared=0.004s(11%) moe=0.014s(43%) tail=0.001s(2%) head=0.003s(11%) total=0.032s]
[prefill host enc.front=0.002s(2%) wait.front=0.026s(22%) drain=0.001s(1%) route=0.000s(0%) meta=0.000s(0%) fetch=0.083s(71%) enc.moe=0.001s(1%) tail=0.000s(0%) head=0.004s(3%) other=0.001s(0%) call=0.117s | tiles=65 ahead=65 experts=340 miss=125 io=0.083s 5.2GB/s]
[prefill gpuq busy=0.032s(27%) idle=0.085s(73%) span=0.117s buffers=156]
[prefill gpu attn=0.011s(34%) shared=0.003s(11%) moe=0.013s(41%) tail=0.001s(2%) head=0.003s(11%) total=0.031s]
[prefill host enc.front=0.002s(2%) wait.front=0.021s(26%) drain=0.000s(0%) route=0.000s(0%) meta=0.000s(0%) fetch=0.051s(64%) enc.moe=0.001s(1%) tail=0.000s(0%) head=0.004s(5%) other=0.000s(1%) call=0.080s | tiles=76 ahead=76 experts=342 miss=69 io=0.052s 4.6GB/s]
[prefill gpuq busy=0.031s(39%) idle=0.049s(61%) span=0.080s buffers=167]
[prefill gpu attn=0.011s(33%) shared=0.003s(11%) moe=0.014s(43%) tail=0.001s(2%) head=0.003s(11%) total=0.032s]
[prefill host enc.front=0.002s(3%) wait.front=0.019s(35%) drain=0.000s(1%) route=0.000s(0%) meta=0.000s(0%) fetch=0.028s(52%) enc.moe=0.001s(1%) tail=0.000s(0%) head=0.004s(7%) other=0.000s(1%) call=0.053s | tiles=80 ahead=80 experts=376 miss=45 io=0.028s 5.6GB/s]
[prefill gpuq busy=0.032s(60%) idle=0.021s(40%) span=0.053s buffers=171]
[prefill gpu attn=0.011s(31%) shared=0.003s(10%) moe=0.015s(45%) tail=0.001s(2%) head=0.004s(11%) total=0.034s]
[prefill host enc.front=0.002s(4%) wait.front=0.019s(39%) drain=0.001s(1%) route=0.000s(0%) meta=0.000s(0%) fetch=0.021s(44%) enc.moe=0.001s(2%) tail=0.000s(0%) head=0.004s(8%) other=0.000s(1%) call=0.048s | tiles=82 ahead=82 experts=414 miss=44 io=0.021s 7.2GB/s]
[prefill gpuq busy=0.034s(71%) idle=0.014s(29%) span=0.047s buffers=173]
[prefill gpu attn=0.011s(34%) shared=0.003s(11%) moe=0.013s(41%) tail=0.001s(2%) head=0.003s(11%) total=0.031s]
[prefill host enc.front=0.002s(3%) wait.front=0.021s(41%) drain=0.000s(0%) route=0.000s(0%) meta=0.000s(0%) fetch=0.022s(45%) enc.moe=0.001s(1%) tail=0.000s(0%) head=0.004s(7%) other=0.000s(1%) call=0.050s | tiles=74 ahead=74 experts=353 miss=34 io=0.022s 5.2GB/s]
[prefill gpuq busy=0.031s(63%) idle=0.019s(37%) span=0.050s buffers=165]
[prefill gpu attn=0.011s(34%) shared=0.004s(12%) moe=0.013s(41%) tail=0.001s(2%) head=0.004s(11%) total=0.032s]
[prefill host enc.front=0.002s(3%) wait.front=0.022s(44%) drain=0.000s(1%) route=0.000s(0%) meta=0.000s(0%) fetch=0.021s(42%) enc.moe=0.001s(1%) tail=0.000s(0%) head=0.004s(7%) other=0.000s(1%) call=0.050s | tiles=72 ahead=72 experts=343 miss=28 io=0.021s 4.5GB/s]
[prefill gpuq busy=0.032s(63%) idle=0.019s(37%) span=0.050s buffers=163]
[prefill gpu attn=0.011s(36%) shared=0.004s(13%) moe=0.011s(37%) tail=0.001s(2%) head=0.003s(11%) total=0.030s]
[prefill host enc.front=0.002s(4%) wait.front=0.021s(51%) drain=0.001s(1%) route=0.000s(0%) meta=0.000s(0%) fetch=0.014s(33%) enc.moe=0.000s(1%) tail=0.000s(0%) head=0.004s(9%) other=0.000s(1%) call=0.042s | tiles=66 ahead=66 experts=308 miss=15 io=0.014s 3.8GB/s]
[prefill gpuq busy=0.030s(72%) idle=0.012s(28%) span=0.042s buffers=157]
[prefill gpu attn=0.011s(34%) shared=0.004s(11%) moe=0.013s(41%) tail=0.001s(2%) head=0.004s(11%) total=0.032s]
[prefill host enc.front=0.002s(3%) wait.front=0.022s(45%) drain=0.000s(1%) route=0.000s(0%) meta=0.000s(0%) fetch=0.020s(40%) enc.moe=0.001s(1%) tail=0.000s(0%) head=0.004s(8%) other=0.000s(1%) call=0.049s | tiles=76 ahead=76 experts=361 miss=28 io=0.020s 4.9GB/s]
[prefill gpuq busy=0.032s(66%) idle=0.016s(34%) span=0.049s buffers=167]
[prefill gpu attn=0.011s(33%) shared=0.004s(11%) moe=0.014s(42%) tail=0.001s(2%) head=0.004s(11%) total=0.034s]
[prefill host enc.front=0.002s(3%) wait.front=0.022s(44%) drain=0.000s(1%) route=0.000s(0%) meta=0.000s(0%) fetch=0.020s(41%) enc.moe=0.001s(1%) tail=0.000s(0%) head=0.004s(8%) other=0.000s(1%) call=0.049s | tiles=75 ahead=75 experts=346 miss=44 io=0.020s 7.6GB/s]
[prefill gpuq busy=0.034s(70%) idle=0.015s(30%) span=0.049s buffers=166]
[prefill gpu attn=0.011s(33%) shared=0.004s(11%) moe=0.014s(43%) tail=0.001s(2%) head=0.004s(11%) total=0.033s]
[prefill host enc.front=0.002s(4%) wait.front=0.019s(44%) drain=0.000s(1%) route=0.000s(1%) meta=0.000s(0%) fetch=0.017s(39%) enc.moe=0.001s(2%) tail=0.000s(0%) head=0.004s(9%) other=0.000s(1%) call=0.043s | tiles=76 ahead=76 experts=343 miss=42 io=0.017s 8.6GB/s]
[prefill gpuq busy=0.033s(77%) idle=0.010s(23%) span=0.042s buffers=167]
[prefill gpu attn=0.011s(33%) shared=0.004s(12%) moe=0.013s(41%) tail=0.001s(3%) head=0.004s(11%) total=0.032s]
[prefill host enc.front=0.002s(4%) wait.front=0.021s(56%) drain=0.001s(1%) route=0.000s(1%) meta=0.000s(0%) fetch=0.010s(25%) enc.moe=0.001s(1%) tail=0.000s(0%) head=0.004s(10%) other=0.000s(1%) call=0.039s | tiles=72 ahead=72 experts=359 miss=22 io=0.010s 7.7GB/s]
[prefill gpuq busy=0.032s(84%) idle=0.006s(16%) span=0.038s buffers=163]
[prefill gpu attn=0.011s(31%) shared=0.004s(11%) moe=0.015s(45%) tail=0.001s(2%) head=0.004s(11%) total=0.034s]
[prefill host enc.front=0.002s(2%) wait.front=0.026s(34%) drain=0.000s(0%) route=0.000s(0%) meta=0.000s(0%) fetch=0.043s(56%) enc.moe=0.001s(1%) tail=0.000s(0%) head=0.004s(5%) other=0.001s(1%) call=0.077s | tiles=80 ahead=80 experts=392 miss=67 io=0.043s 5.4GB/s]
[prefill gpuq busy=0.034s(44%) idle=0.043s(56%) span=0.076s buffers=171]
[prefill gpu attn=0.011s(32%) shared=0.004s(11%) moe=0.015s(45%) tail=0.001s(2%) head=0.003s(10%) total=0.033s]
[prefill host enc.front=0.002s(3%) wait.front=0.024s(40%) drain=0.000s(1%) route=0.000s(0%) meta=0.000s(0%) fetch=0.030s(49%) enc.moe=0.001s(1%) tail=0.000s(0%) head=0.004s(6%) other=0.000s(1%) call=0.061s | tiles=79 ahead=79 experts=399 miss=41 io=0.030s 4.7GB/s]
[prefill gpuq busy=0.033s(55%) idle=0.028s(45%) span=0.061s buffers=170]
[prefill gpu attn=0.011s(34%) shared=0.004s(12%) moe=0.012s(40%) tail=0.001s(2%) head=0.004s(12%) total=0.031s]
[prefill host enc.front=0.002s(4%) wait.front=0.023s(58%) drain=0.000s(1%) route=0.000s(1%) meta=0.000s(0%) fetch=0.010s(25%) enc.moe=0.001s(1%) tail=0.000s(0%) head=0.004s(10%) other=0.000s(1%) call=0.039s | tiles=69 ahead=69 experts=343 miss=15 io=0.010s 5.3GB/s]
[prefill gpuq busy=0.030s(79%) idle=0.008s(21%) span=0.039s buffers=160]
[prefill gpu attn=0.011s(33%) shared=0.004s(12%) moe=0.013s(42%) tail=0.001s(2%) head=0.003s(11%) total=0.032s]
[prefill host enc.front=0.002s(3%) wait.front=0.021s(41%) drain=0.000s(1%) route=0.000s(0%) meta=0.000s(0%) fetch=0.024s(46%) enc.moe=0.001s(1%) tail=0.000s(0%) head=0.004s(7%) other=0.000s(1%) call=0.052s | tiles=73 ahead=73 experts=350 miss=38 io=0.024s 5.4GB/s]
[prefill gpuq busy=0.032s(61%) idle=0.021s(39%) span=0.052s buffers=164]
[prefill gpu attn=0.011s(34%) shared=0.004s(12%) moe=0.012s(40%) tail=0.001s(2%) head=0.004s(11%) total=0.031s]
[prefill host enc.front=0.002s(4%) wait.front=0.021s(55%) drain=0.000s(1%) route=0.000s(0%) meta=0.000s(0%) fetch=0.010s(27%) enc.moe=0.001s(1%) tail=0.000s(0%) head=0.004s(10%) other=0.000s(1%) call=0.038s | tiles=70 ahead=70 experts=346 miss=19 io=0.010s 6.4GB/s]
[prefill gpuq busy=0.031s(83%) idle=0.007s(17%) span=0.037s buffers=161]
[prefill gpu attn=0.011s(33%) shared=0.003s(11%) moe=0.014s(43%) tail=0.001s(2%) head=0.003s(10%) total=0.032s]
[prefill host enc.front=0.002s(3%) wait.front=0.019s(40%) drain=0.000s(1%) route=0.000s(0%) meta=0.000s(0%) fetch=0.022s(46%) enc.moe=0.001s(1%) tail=0.000s(0%) head=0.004s(7%) other=0.000s(1%) call=0.048s | tiles=80 ahead=80 experts=388 miss=33 io=0.022s 5.1GB/s]
[prefill gpuq busy=0.032s(67%) idle=0.016s(33%) span=0.048s buffers=171]
[prefill gpu attn=0.011s(33%) shared=0.004s(11%) moe=0.014s(43%) tail=0.001s(2%) head=0.003s(10%) total=0.032s]
[prefill host enc.front=0.002s(4%) wait.front=0.020s(41%) drain=0.000s(1%) route=0.000s(0%) meta=0.000s(0%) fetch=0.021s(44%) enc.moe=0.001s(1%) tail=0.000s(0%) head=0.004s(7%) other=0.000s(1%) call=0.047s | tiles=76 ahead=76 experts=365 miss=52 io=0.021s 8.6GB/s]
[prefill gpuq busy=0.032s(68%) idle=0.015s(32%) span=0.047s buffers=167]
[prefill gpu attn=0.011s(33%) shared=0.004s(12%) moe=0.014s(42%) tail=0.001s(2%) head=0.004s(11%) total=0.033s]
[prefill host enc.front=0.002s(3%) wait.front=0.022s(46%) drain=0.000s(1%) route=0.000s(0%) meta=0.000s(0%) fetch=0.019s(39%) enc.moe=0.001s(1%) tail=0.000s(0%) head=0.004s(8%) other=0.000s(1%) call=0.048s | tiles=74 ahead=74 experts=364 miss=32 io=0.019s 5.8GB/s]
[prefill gpuq busy=0.033s(68%) idle=0.016s(32%) span=0.048s buffers=165]
[prefill gpu attn=0.011s(32%) shared=0.004s(11%) moe=0.014s(44%) tail=0.001s(2%) head=0.003s(10%) total=0.033s]
[prefill host enc.front=0.002s(4%) wait.front=0.023s(58%) drain=0.000s(1%) route=0.000s(1%) meta=0.000s(0%) fetch=0.010s(26%) enc.moe=0.001s(1%) tail=0.000s(0%) head=0.004s(9%) other=0.000s(1%) call=0.039s | tiles=72 ahead=72 experts=419 miss=18 io=0.010s 6.2GB/s]
[prefill gpuq busy=0.032s(83%) idle=0.007s(17%) span=0.039s buffers=163]
[prefill gpu attn=0.011s(35%) shared=0.004s(12%) moe=0.012s(40%) tail=0.001s(3%) head=0.003s(11%) total=0.031s]
[prefill host enc.front=0.002s(4%) wait.front=0.021s(53%) drain=0.000s(1%) route=0.000s(0%) meta=0.000s(0%) fetch=0.012s(31%) enc.moe=0.001s(1%) tail=0.000s(0%) head=0.004s(9%) other=0.000s(1%) call=0.040s | tiles=73 ahead=73 experts=360 miss=17 io=0.012s 4.8GB/s]
[prefill gpuq busy=0.031s(78%) idle=0.009s(22%) span=0.040s buffers=164]
[prefill gpu attn=0.011s(34%) shared=0.004s(11%) moe=0.013s(42%) tail=0.001s(2%) head=0.003s(11%) total=0.032s]
[prefill host enc.front=0.002s(4%) wait.front=0.019s(45%) drain=0.001s(2%) route=0.000s(1%) meta=0.000s(0%) fetch=0.016s(37%) enc.moe=0.001s(1%) tail=0.000s(0%) head=0.004s(9%) other=0.000s(1%) call=0.042s | tiles=76 ahead=76 experts=357 miss=24 io=0.016s 5.2GB/s]
[prefill gpuq busy=0.032s(76%) idle=0.010s(24%) span=0.042s buffers=167]
[prefill gpu attn=0.010s(32%) shared=0.004s(11%) moe=0.014s(44%) tail=0.001s(2%) head=0.004s(11%) total=0.033s]
[prefill host enc.front=0.002s(3%) wait.front=0.019s(37%) drain=0.000s(0%) route=0.000s(0%) meta=0.000s(0%) fetch=0.025s(49%) enc.moe=0.001s(1%) tail=0.000s(0%) head=0.004s(7%) other=0.000s(1%) call=0.051s | tiles=82 ahead=82 experts=380 miss=44 io=0.026s 6.0GB/s]
[prefill gpuq busy=0.033s(64%) idle=0.019s(36%) span=0.051s buffers=173]
[prefill gpu attn=0.011s(33%) shared=0.003s(11%) moe=0.014s(43%) tail=0.001s(2%) head=0.003s(11%) total=0.032s]
[prefill host enc.front=0.002s(3%) wait.front=0.019s(37%) drain=0.001s(1%) route=0.000s(1%) meta=0.000s(0%) fetch=0.024s(48%) enc.moe=0.001s(1%) tail=0.000s(0%) head=0.004s(7%) other=0.000s(1%) call=0.051s | tiles=77 ahead=77 experts=358 miss=51 io=0.025s 7.2GB/s]
[prefill gpuq busy=0.032s(63%) idle=0.018s(37%) span=0.051s buffers=168]
[prefill gpu attn=0.011s(33%) shared=0.004s(11%) moe=0.014s(43%) tail=0.001s(2%) head=0.003s(11%) total=0.032s]
[prefill host enc.front=0.002s(3%) wait.front=0.019s(36%) drain=0.000s(1%) route=0.000s(0%) meta=0.000s(0%) fetch=0.026s(51%) enc.moe=0.001s(1%) tail=0.000s(0%) head=0.004s(7%) other=0.000s(1%) call=0.052s | tiles=80 ahead=80 experts=368 miss=39 io=0.027s 5.1GB/s]
[prefill gpuq busy=0.032s(62%) idle=0.020s(38%) span=0.052s buffers=171]
[prefill gpu attn=0.011s(35%) shared=0.004s(12%) moe=0.012s(39%) tail=0.001s(2%) head=0.003s(11%) total=0.030s]
[prefill host enc.front=0.002s(5%) wait.front=0.022s(68%) drain=0.001s(2%) route=0.000s(1%) meta=0.000s(0%) fetch=0.004s(11%) enc.moe=0.000s(1%) tail=0.000s(0%) head=0.004s(11%) other=0.000s(1%) call=0.033s | tiles=65 ahead=65 experts=342 miss=10 io=0.004s 9.3GB/s]
[prefill gpuq busy=0.030s(91%) idle=0.003s(9%) span=0.033s buffers=156]
[prefill gpu attn=0.011s(35%) shared=0.004s(11%) moe=0.012s(39%) tail=0.001s(2%) head=0.004s(12%) total=0.031s]
[prefill host enc.front=0.002s(4%) wait.front=0.023s(63%) drain=0.001s(2%) route=0.000s(1%) meta=0.000s(0%) fetch=0.007s(18%) enc.moe=0.000s(1%) tail=0.000s(0%) head=0.004s(11%) other=0.000s(1%) call=0.036s | tiles=68 ahead=68 experts=355 miss=8 io=0.007s 4.1GB/s]
[prefill gpuq busy=0.031s(85%) idle=0.005s(15%) span=0.036s buffers=159]
[prefill gpu attn=0.011s(35%) shared=0.004s(12%) moe=0.012s(40%) tail=0.001s(2%) head=0.003s(11%) total=0.031s]
[prefill host enc.front=0.002s(4%) wait.front=0.019s(49%) drain=0.000s(1%) route=0.000s(0%) meta=0.000s(0%) fetch=0.014s(35%) enc.moe=0.001s(1%) tail=0.000s(0%) head=0.004s(9%) other=0.000s(1%) call=0.040s | tiles=74 ahead=74 experts=348 miss=28 io=0.014s 6.9GB/s]
[prefill gpuq busy=0.031s(77%) idle=0.009s(23%) span=0.040s buffers=165]
[prefill gpu attn=0.011s(33%) shared=0.003s(11%) moe=0.014s(43%) tail=0.001s(2%) head=0.003s(10%) total=0.032s]
[prefill host enc.front=0.002s(3%) wait.front=0.021s(46%) drain=0.000s(1%) route=0.000s(0%) meta=0.000s(0%) fetch=0.018s(39%) enc.moe=0.001s(1%) tail=0.000s(0%) head=0.004s(8%) other=0.000s(1%) call=0.046s | tiles=76 ahead=76 experts=393 miss=30 io=0.018s 5.7GB/s]
[prefill gpuq busy=0.032s(70%) idle=0.014s(30%) span=0.046s buffers=167]
[prefill gpu attn=0.011s(33%) shared=0.004s(11%) moe=0.014s(44%) tail=0.001s(2%) head=0.003s(11%) total=0.033s]
[prefill host enc.front=0.002s(3%) wait.front=0.020s(35%) drain=0.001s(1%) route=0.000s(0%) meta=0.000s(0%) fetch=0.029s(52%) enc.moe=0.001s(1%) tail=0.000s(0%) head=0.004s(6%) other=0.000s(1%) call=0.057s | tiles=81 ahead=81 experts=389 miss=45 io=0.030s 5.3GB/s]
[prefill gpuq busy=0.033s(58%) idle=0.024s(42%) span=0.057s buffers=172]
[prefill gpu attn=0.011s(34%) shared=0.004s(12%) moe=0.013s(42%) tail=0.001s(2%) head=0.003s(11%) total=0.031s]
[prefill host enc.front=0.002s(4%) wait.front=0.020s(47%) drain=0.000s(1%) route=0.000s(1%) meta=0.000s(0%) fetch=0.015s(36%) enc.moe=0.001s(1%) tail=0.000s(0%) head=0.004s(9%) other=0.000s(1%) call=0.042s | tiles=75 ahead=75 experts=360 miss=33 io=0.015s 7.5GB/s]
[prefill gpuq busy=0.031s(75%) idle=0.011s(25%) span=0.042s buffers=166]
[prefill gpu attn=0.011s(35%) shared=0.004s(12%) moe=0.012s(40%) tail=0.001s(2%) head=0.003s(11%) total=0.031s]
[prefill host enc.front=0.002s(4%) wait.front=0.018s(42%) drain=0.000s(1%) route=0.000s(0%) meta=0.000s(0%) fetch=0.018s(42%) enc.moe=0.001s(1%) tail=0.000s(0%) head=0.004s(8%) other=0.000s(1%) call=0.043s | tiles=77 ahead=77 experts=327 miss=37 io=0.018s 7.1GB/s]
[prefill gpuq busy=0.031s(71%) idle=0.012s(29%) span=0.043s buffers=168]
[prefill gpu attn=0.011s(32%) shared=0.004s(11%) moe=0.015s(44%) tail=0.001s(2%) head=0.004s(11%) total=0.034s]
[prefill host enc.front=0.002s(3%) wait.front=0.021s(29%) drain=0.000s(0%) route=0.000s(0%) meta=0.000s(0%) fetch=0.044s(60%) enc.moe=0.001s(1%) tail=0.000s(0%) head=0.004s(5%) other=0.001s(1%) call=0.072s | tiles=82 ahead=82 experts=383 miss=70 io=0.044s 5.5GB/s]
[prefill gpuq busy=0.033s(47%) idle=0.038s(53%) span=0.072s buffers=173]
[prefill gpu attn=0.011s(31%) shared=0.004s(10%) moe=0.016s(47%) tail=0.001s(2%) head=0.003s(10%) total=0.034s]
[prefill host enc.front=0.002s(3%) wait.front=0.018s(30%) drain=0.000s(1%) route=0.000s(0%) meta=0.000s(0%) fetch=0.034s(57%) enc.moe=0.001s(1%) tail=0.000s(0%) head=0.004s(6%) other=0.000s(1%) call=0.059s | tiles=88 ahead=88 experts=409 miss=68 io=0.034s 6.9GB/s]
[prefill gpuq busy=0.034s(58%) idle=0.025s(42%) span=0.059s buffers=179]
[prefill gpu attn=0.011s(34%) shared=0.004s(12%) moe=0.012s(40%) tail=0.001s(2%) head=0.003s(11%) total=0.031s]
[prefill host enc.front=0.002s(4%) wait.front=0.021s(54%) drain=0.000s(1%) route=0.000s(0%) meta=0.000s(0%) fetch=0.011s(28%) enc.moe=0.001s(1%) tail=0.000s(0%) head=0.004s(9%) other=0.000s(1%) call=0.039s | tiles=72 ahead=72 experts=348 miss=20 io=0.011s 6.2GB/s]
[prefill gpuq busy=0.031s(80%) idle=0.008s(20%) span=0.039s buffers=163]
[prefill gpu attn=0.011s(33%) shared=0.004s(11%) moe=0.014s(43%) tail=0.001s(2%) head=0.004s(11%) total=0.033s]
[prefill host enc.front=0.002s(4%) wait.front=0.022s(56%) drain=0.001s(2%) route=0.000s(1%) meta=0.000s(0%) fetch=0.010s(25%) enc.moe=0.001s(1%) tail=0.000s(0%) head=0.004s(10%) other=0.000s(1%) call=0.038s | tiles=72 ahead=72 experts=400 miss=18 io=0.010s 6.3GB/s]
[prefill gpuq busy=0.033s(85%) idle=0.006s(15%) span=0.038s buffers=163]
[prefill gpu attn=0.011s(33%) shared=0.004s(11%) moe=0.014s(42%) tail=0.001s(2%) head=0.004s(11%) total=0.033s]
[prefill host enc.front=0.002s(4%) wait.front=0.021s(46%) drain=0.000s(1%) route=0.000s(0%) meta=0.000s(0%) fetch=0.017s(38%) enc.moe=0.001s(1%) tail=0.000s(0%) head=0.004s(9%) other=0.000s(1%) call=0.045s | tiles=77 ahead=77 experts=368 miss=29 io=0.017s 5.8GB/s]
[prefill gpuq busy=0.033s(73%) idle=0.012s(27%) span=0.045s buffers=168]
[prefill gpu attn=0.011s(34%) shared=0.004s(12%) moe=0.012s(40%) tail=0.001s(2%) head=0.003s(11%) total=0.031s]
[prefill host enc.front=0.002s(4%) wait.front=0.022s(61%) drain=0.000s(1%) route=0.000s(1%) meta=0.000s(0%) fetch=0.007s(20%) enc.moe=0.001s(1%) tail=0.000s(0%) head=0.004s(10%) other=0.000s(1%) call=0.036s | tiles=69 ahead=69 experts=349 miss=18 io=0.007s 8.5GB/s]
[prefill gpuq busy=0.031s(86%) idle=0.005s(14%) span=0.035s buffers=160]
[prefill gpu attn=0.011s(34%) shared=0.004s(11%) moe=0.013s(41%) tail=0.001s(2%) head=0.003s(11%) total=0.032s]
[prefill host enc.front=0.002s(4%) wait.front=0.021s(47%) drain=0.001s(1%) route=0.000s(0%) meta=0.000s(0%) fetch=0.016s(37%) enc.moe=0.001s(1%) tail=0.000s(0%) head=0.004s(8%) other=0.000s(1%) call=0.044s | tiles=73 ahead=73 experts=366 miss=22 io=0.016s 4.6GB/s]
[prefill gpuq busy=0.032s(72%) idle=0.012s(28%) span=0.044s buffers=164]
[prefill gpu attn=0.011s(32%) shared=0.004s(11%) moe=0.015s(44%) tail=0.001s(2%) head=0.004s(11%) total=0.034s]
[prefill host enc.front=0.002s(3%) wait.front=0.022s(34%) drain=0.001s(1%) route=0.000s(0%) meta=0.000s(0%) fetch=0.034s(53%) enc.moe=0.001s(1%) tail=0.000s(0%) head=0.004s(6%) other=0.000s(1%) call=0.063s | tiles=82 ahead=82 experts=399 miss=41 io=0.034s 4.2GB/s]
[prefill gpuq busy=0.034s(54%) idle=0.029s(46%) span=0.063s buffers=173]
[prefill gpu attn=0.011s(33%) shared=0.004s(11%) moe=0.014s(43%) tail=0.001s(2%) head=0.003s(10%) total=0.033s]
[prefill host enc.front=0.002s(3%) wait.front=0.021s(31%) drain=0.000s(1%) route=0.000s(0%) meta=0.000s(0%) fetch=0.039s(58%) enc.moe=0.001s(1%) tail=0.000s(0%) head=0.004s(5%) other=0.000s(1%) call=0.068s | tiles=82 ahead=82 experts=363 miss=69 io=0.040s 6.0GB/s]
[prefill gpuq busy=0.033s(48%) idle=0.035s(52%) span=0.068s buffers=173]
[prefill gpu attn=0.011s(35%) shared=0.003s(11%) moe=0.012s(40%) tail=0.001s(2%) head=0.003s(11%) total=0.030s]
[prefill host enc.front=0.002s(4%) wait.front=0.022s(62%) drain=0.001s(2%) route=0.000s(1%) meta=0.000s(0%) fetch=0.006s(18%) enc.moe=0.001s(1%) tail=0.000s(0%) head=0.004s(10%) other=0.000s(1%) call=0.036s | tiles=69 ahead=69 experts=344 miss=15 io=0.007s 7.9GB/s]
[prefill gpuq busy=0.030s(85%) idle=0.005s(15%) span=0.036s buffers=160]
[prefill gpu attn=0.011s(33%) shared=0.004s(11%) moe=0.014s(43%) tail=0.001s(2%) head=0.003s(11%) total=0.032s]
[prefill host enc.front=0.002s(4%) wait.front=0.023s(49%) drain=0.000s(1%) route=0.000s(1%) meta=0.000s(0%) fetch=0.016s(35%) enc.moe=0.001s(1%) tail=0.000s(0%) head=0.004s(8%) other=0.000s(1%) call=0.047s | tiles=73 ahead=73 experts=352 miss=37 io=0.016s 7.8GB/s]
[prefill gpuq busy=0.032s(69%) idle=0.014s(31%) span=0.046s buffers=164]
[prefill gpu attn=0.011s(33%) shared=0.004s(11%) moe=0.014s(42%) tail=0.001s(2%) head=0.004s(11%) total=0.032s]
[prefill host enc.front=0.002s(4%) wait.front=0.022s(51%) drain=0.000s(1%) route=0.000s(0%) meta=0.000s(0%) fetch=0.014s(33%) enc.moe=0.001s(1%) tail=0.000s(0%) head=0.004s(9%) other=0.000s(1%) call=0.043s | tiles=73 ahead=73 experts=384 miss=23 io=0.014s 5.6GB/s]
[prefill gpuq busy=0.032s(75%) idle=0.010s(25%) span=0.042s buffers=164]
[prefill gpu attn=0.011s(34%) shared=0.004s(12%) moe=0.013s(41%) tail=0.001s(2%) head=0.004s(11%) total=0.032s]
[prefill host enc.front=0.002s(4%) wait.front=0.024s(58%) drain=0.000s(1%) route=0.000s(1%) meta=0.000s(0%) fetch=0.010s(25%) enc.moe=0.001s(1%) tail=0.000s(0%) head=0.004s(9%) other=0.000s(1%) call=0.041s | tiles=73 ahead=73 experts=353 miss=24 io=0.010s 8.2GB/s]
[prefill gpuq busy=0.032s(78%) idle=0.009s(22%) span=0.040s buffers=164]
[prefill gpu attn=0.010s(34%) shared=0.004s(12%) moe=0.012s(40%) tail=0.001s(2%) head=0.003s(11%) total=0.030s]
[prefill host enc.front=0.002s(4%) wait.front=0.019s(46%) drain=0.000s(1%) route=0.000s(0%) meta=0.000s(0%) fetch=0.015s(38%) enc.moe=0.001s(1%) tail=0.000s(0%) head=0.004s(9%) other=0.000s(1%) call=0.041s | tiles=73 ahead=73 experts=336 miss=29 io=0.016s 6.4GB/s]
[prefill gpuq busy=0.030s(74%) idle=0.011s(26%) span=0.041s buffers=164]
[prefill gpu attn=0.011s(36%) shared=0.004s(12%) moe=0.011s(37%) tail=0.001s(3%) head=0.003s(12%) total=0.029s]
[prefill host enc.front=0.002s(4%) wait.front=0.021s(54%) drain=0.000s(1%) route=0.000s(1%) meta=0.000s(0%) fetch=0.011s(28%) enc.moe=0.001s(1%) tail=0.000s(0%) head=0.004s(10%) other=0.000s(1%) call=0.038s | tiles=69 ahead=69 experts=308 miss=16 io=0.011s 5.2GB/s]
[prefill gpuq busy=0.029s(77%) idle=0.009s(23%) span=0.038s buffers=160]
[prefill gpu attn=0.011s(33%) shared=0.004s(11%) moe=0.014s(43%) tail=0.001s(2%) head=0.003s(10%) total=0.032s]
[prefill host enc.front=0.002s(4%) wait.front=0.020s(46%) drain=0.000s(1%) route=0.000s(0%) meta=0.000s(0%) fetch=0.016s(38%) enc.moe=0.001s(1%) tail=0.000s(0%) head=0.004s(8%) other=0.000s(1%) call=0.043s | tiles=77 ahead=77 experts=387 miss=30 io=0.016s 6.3GB/s]
[prefill gpuq busy=0.032s(75%) idle=0.010s(25%) span=0.042s buffers=168]
[prefill gpu attn=0.011s(31%) shared=0.003s(10%) moe=0.016s(47%) tail=0.001s(2%) head=0.003s(10%) total=0.035s]
[prefill host enc.front=0.002s(3%) wait.front=0.020s(37%) drain=0.000s(1%) route=0.000s(0%) meta=0.000s(0%) fetch=0.027s(50%) enc.moe=0.001s(1%) tail=0.000s(0%) head=0.004s(7%) other=0.000s(1%) call=0.054s | tiles=84 ahead=84 experts=453 miss=37 io=0.027s 4.7GB/s]
[prefill gpuq busy=0.035s(64%) idle=0.020s(36%) span=0.054s buffers=175]
[prefill gpu attn=0.011s(31%) shared=0.004s(11%) moe=0.016s(46%) tail=0.001s(2%) head=0.004s(10%) total=0.035s]
[prefill host enc.front=0.002s(3%) wait.front=0.022s(35%) drain=0.000s(1%) route=0.000s(0%) meta=0.000s(0%) fetch=0.033s(53%) enc.moe=0.001s(1%) tail=0.000s(0%) head=0.004s(6%) other=0.000s(1%) call=0.062s | tiles=82 ahead=82 experts=412 miss=54 io=0.033s 5.7GB/s]
[prefill gpuq busy=0.034s(56%) idle=0.028s(44%) span=0.062s buffers=173]
[prefill gpu attn=0.011s(35%) shared=0.004s(12%) moe=0.012s(40%) tail=0.001s(3%) head=0.003s(11%) total=0.031s]
[prefill host enc.front=0.002s(4%) wait.front=0.026s(61%) drain=0.000s(1%) route=0.000s(1%) meta=0.000s(0%) fetch=0.010s(23%) enc.moe=0.001s(1%) tail=0.000s(0%) head=0.004s(8%) other=0.000s(1%) call=0.043s | tiles=71 ahead=71 experts=354 miss=15 io=0.010s 5.3GB/s]
[prefill gpuq busy=0.031s(72%) idle=0.012s(28%) span=0.043s buffers=162]
[prefill gpu attn=0.011s(32%) shared=0.003s(10%) moe=0.015s(45%) tail=0.001s(2%) head=0.004s(10%) total=0.034s]
[prefill host enc.front=0.002s(3%) wait.front=0.021s(35%) drain=0.001s(1%) route=0.000s(0%) meta=0.000s(0%) fetch=0.031s(52%) enc.moe=0.001s(1%) tail=0.000s(0%) head=0.004s(6%) other=0.000s(1%) call=0.060s | tiles=83 ahead=83 experts=402 miss=56 io=0.031s 6.2GB/s]
[prefill gpuq busy=0.034s(57%) idle=0.026s(43%) span=0.060s buffers=174]
[prefill gpu attn=0.010s(33%) shared=0.004s(11%) moe=0.014s(43%) tail=0.001s(2%) head=0.004s(11%) total=0.032s]
[prefill host enc.front=0.002s(4%) wait.front=0.021s(51%) drain=0.001s(1%) route=0.000s(0%) meta=0.000s(0%) fetch=0.013s(32%) enc.moe=0.001s(1%) tail=0.000s(0%) head=0.004s(9%) other=0.000s(1%) call=0.042s | tiles=72 ahead=72 experts=388 miss=24 io=0.013s 6.2GB/s]
[prefill gpuq busy=0.032s(77%) idle=0.010s(23%) span=0.041s buffers=163]
[prefill gpu attn=0.011s(34%) shared=0.004s(13%) moe=0.013s(40%) tail=0.001s(2%) head=0.003s(11%) total=0.032s]
[prefill host enc.front=0.002s(4%) wait.front=0.021s(55%) drain=0.001s(1%) route=0.000s(1%) meta=0.000s(0%) fetch=0.011s(27%) enc.moe=0.001s(1%) tail=0.000s(0%) head=0.004s(9%) other=0.000s(1%) call=0.039s | tiles=69 ahead=69 experts=362 miss=21 io=0.011s 6.8GB/s]
[prefill gpuq busy=0.031s(80%) idle=0.008s(20%) span=0.039s buffers=160]
[prefill gpu attn=0.011s(33%) shared=0.004s(11%) moe=0.014s(43%) tail=0.001s(2%) head=0.003s(11%) total=0.033s]
[prefill host enc.front=0.002s(4%) wait.front=0.020s(42%) drain=0.000s(1%) route=0.000s(0%) meta=0.000s(0%) fetch=0.020s(42%) enc.moe=0.001s(1%) tail=0.000s(0%) head=0.004s(8%) other=0.000s(1%) call=0.046s | tiles=80 ahead=80 experts=380 miss=41 io=0.020s 7.2GB/s]
[prefill gpuq busy=0.033s(71%) idle=0.013s(29%) span=0.046s buffers=171]
[prefill gpu attn=0.011s(33%) shared=0.004s(11%) moe=0.014s(43%) tail=0.001s(2%) head=0.003s(11%) total=0.032s]
[prefill host enc.front=0.002s(4%) wait.front=0.021s(51%) drain=0.000s(1%) route=0.000s(0%) meta=0.000s(0%) fetch=0.013s(32%) enc.moe=0.001s(1%) tail=0.000s(0%) head=0.004s(9%) other=0.000s(1%) call=0.041s | tiles=73 ahead=73 experts=399 miss=28 io=0.014s 7.2GB/s]
[prefill gpuq busy=0.032s(79%) idle=0.009s(21%) span=0.041s buffers=164]
[prefill gpu attn=0.011s(32%) shared=0.004s(11%) moe=0.015s(45%) tail=0.001s(2%) head=0.003s(10%) total=0.033s]
[prefill host enc.front=0.002s(4%) wait.front=0.020s(50%) drain=0.000s(1%) route=0.000s(0%) meta=0.000s(0%) fetch=0.013s(33%) enc.moe=0.001s(1%) tail=0.000s(0%) head=0.004s(9%) other=0.000s(1%) call=0.040s | tiles=76 ahead=76 experts=437 miss=20 io=0.013s 5.1GB/s]
[prefill gpuq busy=0.033s(83%) idle=0.007s(17%) span=0.040s buffers=167]
[prefill gpu attn=0.011s(34%) shared=0.003s(11%) moe=0.014s(43%) tail=0.001s(2%) head=0.003s(11%) total=0.032s]
[prefill host enc.front=0.002s(5%) wait.front=0.020s(57%) drain=0.000s(1%) route=0.000s(1%) meta=0.000s(0%) fetch=0.009s(24%) enc.moe=0.001s(2%) tail=0.000s(0%) head=0.004s(10%) other=0.000s(1%) call=0.036s | tiles=74 ahead=74 experts=396 miss=20 io=0.009s 8.0GB/s]
[prefill gpuq busy=0.032s(90%) idle=0.003s(10%) span=0.035s buffers=165]
[prefill gpu attn=0.011s(31%) shared=0.003s(10%) moe=0.016s(47%) tail=0.001s(2%) head=0.003s(10%) total=0.035s]
[prefill host enc.front=0.002s(3%) wait.front=0.019s(32%) drain=0.000s(1%) route=0.000s(0%) meta=0.000s(0%) fetch=0.035s(57%) enc.moe=0.001s(1%) tail=0.000s(0%) head=0.004s(6%) other=0.000s(1%) call=0.061s | tiles=86 ahead=86 experts=444 miss=58 io=0.035s 5.8GB/s]
[prefill gpuq busy=0.035s(57%) idle=0.026s(43%) span=0.061s buffers=177]
[prefill gpu attn=0.011s(33%) shared=0.004s(11%) moe=0.014s(42%) tail=0.001s(2%) head=0.004s(11%) total=0.032s]
[prefill host enc.front=0.002s(4%) wait.front=0.022s(57%) drain=0.001s(2%) route=0.000s(1%) meta=0.000s(0%) fetch=0.010s(25%) enc.moe=0.001s(1%) tail=0.000s(0%) head=0.004s(10%) other=0.000s(1%) call=0.039s | tiles=71 ahead=71 experts=400 miss=20 io=0.010s 7.1GB/s]
[prefill gpuq busy=0.032s(83%) idle=0.007s(17%) span=0.039s buffers=162]
[prefill gpu attn=0.011s(36%) shared=0.004s(12%) moe=0.011s(38%) tail=0.001s(3%) head=0.003s(11%) total=0.029s]
[prefill host enc.front=0.002s(5%) wait.front=0.023s(69%) drain=0.000s(1%) route=0.000s(1%) meta=0.000s(0%) fetch=0.004s(11%) enc.moe=0.000s(1%) tail=0.000s(0%) head=0.004s(11%) other=0.000s(1%) call=0.033s | tiles=64 ahead=64 experts=323 miss=7 io=0.004s 6.7GB/s]
[prefill gpuq busy=0.029s(89%) idle=0.004s(11%) span=0.033s buffers=155]
[prefill gpu attn=0.011s(33%) shared=0.004s(12%) moe=0.014s(42%) tail=0.001s(2%) head=0.003s(11%) total=0.032s]
[prefill host enc.front=0.002s(4%) wait.front=0.020s(52%) drain=0.000s(1%) route=0.000s(0%) meta=0.000s(0%) fetch=0.012s(30%) enc.moe=0.001s(1%) tail=0.000s(0%) head=0.004s(9%) other=0.000s(1%) call=0.038s | tiles=75 ahead=75 experts=395 miss=24 io=0.012s 7.1GB/s]
[prefill gpuq busy=0.032s(83%) idle=0.006s(17%) span=0.038s buffers=166]
[prefill gpu attn=0.011s(34%) shared=0.004s(11%) moe=0.014s(42%) tail=0.001s(2%) head=0.003s(11%) total=0.033s]
[prefill host enc.front=0.002s(3%) wait.front=0.020s(40%) drain=0.000s(1%) route=0.000s(1%) meta=0.000s(0%) fetch=0.023s(46%) enc.moe=0.001s(1%) tail=0.000s(0%) head=0.004s(7%) other=0.000s(1%) call=0.050s | tiles=78 ahead=78 experts=366 miss=44 io=0.023s 6.5GB/s]
[prefill gpuq busy=0.033s(65%) idle=0.018s(35%) span=0.050s buffers=169]
[prefill gpu attn=0.011s(35%) shared=0.004s(12%) moe=0.011s(38%) tail=0.001s(2%) head=0.003s(11%) total=0.030s]
[prefill host enc.front=0.002s(4%) wait.front=0.019s(55%) drain=0.001s(1%) route=0.000s(1%) meta=0.000s(0%) fetch=0.009s(26%) enc.moe=0.001s(1%) tail=0.000s(0%) head=0.004s(10%) other=0.000s(1%) call=0.036s | tiles=71 ahead=71 experts=322 miss=18 io=0.009s 6.7GB/s]
[prefill gpuq busy=0.030s(84%) idle=0.006s(16%) span=0.035s buffers=162]
[prefill gpu attn=0.011s(33%) shared=0.004s(11%) moe=0.014s(41%) tail=0.001s(2%) head=0.004s(12%) total=0.033s]
[prefill host enc.front=0.002s(4%) wait.front=0.020s(47%) drain=0.001s(1%) route=0.000s(0%) meta=0.000s(0%) fetch=0.015s(35%) enc.moe=0.001s(1%) tail=0.000s(0%) head=0.004s(10%) other=0.000s(1%) call=0.042s | tiles=75 ahead=75 experts=370 miss=26 io=0.015s 6.0GB/s]
[prefill gpuq busy=0.033s(78%) idle=0.009s(22%) span=0.042s buffers=166]
[prefill gpu attn=0.011s(34%) shared=0.004s(12%) moe=0.012s(40%) tail=0.001s(2%) head=0.004s(11%) total=0.031s]
[prefill host enc.front=0.002s(4%) wait.front=0.020s(57%) drain=0.000s(1%) route=0.000s(1%) meta=0.000s(0%) fetch=0.008s(23%) enc.moe=0.001s(1%) tail=0.000s(0%) head=0.004s(11%) other=0.000s(1%) call=0.036s | tiles=72 ahead=72 experts=360 miss=16 io=0.008s 6.6GB/s]
[prefill gpuq busy=0.031s(87%) idle=0.005s(13%) span=0.035s buffers=163]
[prefill gpu attn=0.011s(32%) shared=0.004s(11%) moe=0.015s(45%) tail=0.001s(2%) head=0.003s(10%) total=0.033s]
[prefill host enc.front=0.002s(3%) wait.front=0.020s(39%) drain=0.001s(1%) route=0.000s(0%) meta=0.000s(0%) fetch=0.023s(46%) enc.moe=0.001s(1%) tail=0.000s(0%) head=0.004s(7%) other=0.000s(1%) call=0.051s | tiles=77 ahead=77 experts=374 miss=68 io=0.024s 10.0GB/s]
[prefill gpuq busy=0.033s(65%) idle=0.018s(35%) span=0.051s buffers=168]
[prefill gpu attn=0.011s(33%) shared=0.004s(11%) moe=0.014s(43%) tail=0.001s(2%) head=0.003s(11%) total=0.032s]
[prefill host enc.front=0.002s(4%) wait.front=0.020s(53%) drain=0.000s(1%) route=0.000s(1%) meta=0.000s(0%) fetch=0.011s(30%) enc.moe=0.001s(1%) tail=0.000s(0%) head=0.004s(9%) other=0.000s(1%) call=0.038s | tiles=74 ahead=74 experts=390 miss=24 io=0.012s 7.2GB/s]
[prefill gpuq busy=0.032s(84%) idle=0.006s(16%) span=0.038s buffers=165]
[prefill gpu attn=0.011s(34%) shared=0.003s(11%) moe=0.013s(42%) tail=0.001s(2%) head=0.003s(11%) total=0.032s]
[prefill host enc.front=0.002s(4%) wait.front=0.021s(51%) drain=0.000s(1%) route=0.000s(1%) meta=0.000s(0%) fetch=0.013s(32%) enc.moe=0.001s(2%) tail=0.000s(0%) head=0.004s(9%) other=0.000s(1%) call=0.041s | tiles=75 ahead=75 experts=364 miss=34 io=0.013s 8.8GB/s]
[prefill gpuq busy=0.032s(78%) idle=0.009s(22%) span=0.040s buffers=166]
[prefill gpu attn=0.011s(36%) shared=0.004s(12%) moe=0.011s(38%) tail=0.001s(2%) head=0.003s(12%) total=0.030s]
[prefill host enc.front=0.002s(4%) wait.front=0.022s(56%) drain=0.000s(1%) route=0.000s(1%) meta=0.000s(0%) fetch=0.010s(25%) enc.moe=0.001s(1%) tail=0.000s(0%) head=0.004s(10%) other=0.000s(1%) call=0.038s | tiles=69 ahead=69 experts=324 miss=17 io=0.010s 6.0GB/s]
[prefill gpuq busy=0.030s(79%) idle=0.008s(21%) span=0.038s buffers=160]
[prefill gpu attn=0.011s(34%) shared=0.004s(11%) moe=0.013s(41%) tail=0.001s(2%) head=0.003s(11%) total=0.032s]
[prefill host enc.front=0.002s(4%) wait.front=0.020s(49%) drain=0.000s(1%) route=0.000s(0%) meta=0.000s(0%) fetch=0.014s(34%) enc.moe=0.001s(1%) tail=0.000s(0%) head=0.004s(9%) other=0.000s(1%) call=0.041s | tiles=75 ahead=75 experts=360 miss=29 io=0.014s 7.2GB/s]
[prefill gpuq busy=0.031s(78%) idle=0.009s(22%) span=0.040s buffers=166]
[prefill gpu attn=0.011s(36%) shared=0.004s(12%) moe=0.011s(38%) tail=0.001s(2%) head=0.004s(12%) total=0.030s]
[prefill host enc.front=0.002s(4%) wait.front=0.022s(60%) drain=0.001s(2%) route=0.000s(0%) meta=0.000s(0%) fetch=0.007s(21%) enc.moe=0.000s(1%) tail=0.000s(0%) head=0.004s(10%) other=0.000s(1%) call=0.036s | tiles=67 ahead=67 experts=326 miss=11 io=0.007s 5.1GB/s]
[prefill gpuq busy=0.030s(84%) idle=0.006s(16%) span=0.036s buffers=158]
[prefill gpu attn=0.011s(34%) shared=0.004s(12%) moe=0.014s(42%) tail=0.001s(2%) head=0.003s(10%) total=0.033s]
[prefill host enc.front=0.002s(4%) wait.front=0.022s(54%) drain=0.000s(1%) route=0.000s(1%) meta=0.000s(0%) fetch=0.012s(29%) enc.moe=0.001s(1%) tail=0.000s(0%) head=0.004s(9%) other=0.000s(1%) call=0.041s | tiles=72 ahead=72 experts=379 miss=21 io=0.012s 6.1GB/s]
[prefill gpuq busy=0.032s(79%) idle=0.008s(21%) span=0.041s buffers=163]
[prefill gpu attn=0.011s(34%) shared=0.004s(11%) moe=0.013s(42%) tail=0.001s(2%) head=0.003s(10%) total=0.032s]
[prefill host enc.front=0.002s(4%) wait.front=0.021s(49%) drain=0.000s(1%) route=0.000s(1%) meta=0.000s(0%) fetch=0.015s(35%) enc.moe=0.001s(1%) tail=0.000s(0%) head=0.004s(8%) other=0.000s(1%) call=0.042s | tiles=78 ahead=78 experts=365 miss=31 io=0.015s 7.1GB/s]
[prefill gpuq busy=0.032s(75%) idle=0.010s(25%) span=0.042s buffers=169]
[prefill gpu attn=0.011s(34%) shared=0.004s(11%) moe=0.013s(41%) tail=0.001s(2%) head=0.004s(11%) total=0.032s]
[prefill host enc.front=0.002s(5%) wait.front=0.023s(70%) drain=0.000s(1%) route=0.000s(1%) meta=0.000s(0%) fetch=0.003s(10%) enc.moe=0.000s(1%) tail=0.000s(0%) head=0.004s(11%) other=0.000s(1%) call=0.033s | tiles=66 ahead=66 experts=388 miss=8 io=0.003s 7.9GB/s]
[prefill gpuq busy=0.032s(95%) idle=0.002s(5%) span=0.033s buffers=157]
[prefill gpu attn=0.011s(36%) shared=0.004s(12%) moe=0.011s(38%) tail=0.001s(2%) head=0.003s(11%) total=0.030s]
[prefill host enc.front=0.002s(4%) wait.front=0.024s(70%) drain=0.001s(2%) route=0.000s(0%) meta=0.000s(0%) fetch=0.004s(11%) enc.moe=0.000s(1%) tail=0.000s(0%) head=0.004s(11%) other=0.000s(1%) call=0.035s | tiles=64 ahead=64 experts=334 miss=6 io=0.004s 5.5GB/s]
[prefill gpuq busy=0.030s(86%) idle=0.005s(14%) span=0.035s buffers=155]
[prefill gpu attn=0.011s(34%) shared=0.004s(12%) moe=0.013s(41%) tail=0.001s(2%) head=0.003s(11%) total=0.032s]
[prefill host enc.front=0.002s(3%) wait.front=0.025s(53%) drain=0.001s(3%) route=0.000s(0%) meta=0.000s(0%) fetch=0.014s(30%) enc.moe=0.001s(1%) tail=0.000s(0%) head=0.004s(8%) other=0.000s(1%) call=0.047s | tiles=67 ahead=67 experts=340 miss=33 io=0.014s 8.0GB/s]
[prefill gpuq busy=0.031s(66%) idle=0.016s(34%) span=0.047s buffers=158]
[prefill gpu attn=0.011s(33%) shared=0.003s(11%) moe=0.014s(43%) tail=0.001s(2%) head=0.004s(11%) total=0.033s]
[prefill host enc.front=0.002s(5%) wait.front=0.023s(63%) drain=0.000s(1%) route=0.000s(1%) meta=0.000s(0%) fetch=0.006s(18%) enc.moe=0.001s(1%) tail=0.000s(0%) head=0.004s(10%) other=0.000s(1%) call=0.036s | tiles=68 ahead=68 experts=410 miss=14 io=0.007s 7.4GB/s]
[prefill gpuq busy=0.032s(91%) idle=0.003s(9%) span=0.036s buffers=159]
[prefill gpu attn=0.011s(34%) shared=0.004s(11%) moe=0.013s(42%) tail=0.001s(2%) head=0.003s(11%) total=0.032s]
[prefill host enc.front=0.002s(4%) wait.front=0.021s(50%) drain=0.000s(1%) route=0.000s(1%) meta=0.000s(0%) fetch=0.014s(33%) enc.moe=0.001s(2%) tail=0.000s(0%) head=0.004s(9%) other=0.000s(1%) call=0.042s | tiles=77 ahead=77 experts=357 miss=30 io=0.014s 7.4GB/s]
[prefill gpuq busy=0.032s(76%) idle=0.010s(24%) span=0.042s buffers=168]
[prefill gpu attn=0.011s(37%) shared=0.004s(12%) moe=0.011s(37%) tail=0.001s(3%) head=0.003s(11%) total=0.029s]
[prefill host enc.front=0.002s(5%) wait.front=0.022s(66%) drain=0.001s(2%) route=0.000s(1%) meta=0.000s(0%) fetch=0.005s(14%) enc.moe=0.000s(1%) tail=0.000s(0%) head=0.004s(11%) other=0.000s(1%) call=0.033s | tiles=64 ahead=64 experts=318 miss=9 io=0.005s 6.7GB/s]
[prefill gpuq busy=0.029s(89%) idle=0.004s(11%) span=0.033s buffers=155]
[prefill gpu attn=0.011s(34%) shared=0.004s(11%) moe=0.014s(43%) tail=0.001s(2%) head=0.003s(10%) total=0.032s]
[prefill host enc.front=0.002s(4%) wait.front=0.021s(56%) drain=0.000s(1%) route=0.000s(1%) meta=0.000s(0%) fetch=0.010s(26%) enc.moe=0.001s(2%) tail=0.000s(0%) head=0.003s(9%) other=0.000s(1%) call=0.038s | tiles=75 ahead=75 experts=375 miss=27 io=0.010s 9.3GB/s]
[prefill gpuq busy=0.032s(85%) idle=0.006s(15%) span=0.038s buffers=166]
[prefill gpu attn=0.011s(36%) shared=0.004s(12%) moe=0.012s(39%) tail=0.001s(2%) head=0.003s(11%) total=0.031s]
[prefill host enc.front=0.002s(4%) wait.front=0.024s(63%) drain=0.000s(1%) route=0.000s(0%) meta=0.000s(0%) fetch=0.007s(19%) enc.moe=0.000s(1%) tail=0.000s(0%) head=0.004s(10%) other=0.000s(1%) call=0.038s | tiles=68 ahead=68 experts=333 miss=14 io=0.007s 6.5GB/s]
[prefill gpuq busy=0.030s(80%) idle=0.008s(20%) span=0.038s buffers=159]
[prefill gpu attn=0.011s(34%) shared=0.003s(11%) moe=0.014s(42%) tail=0.001s(2%) head=0.003s(11%) total=0.032s]
[prefill host enc.front=0.002s(4%) wait.front=0.022s(57%) drain=0.000s(1%) route=0.000s(0%) meta=0.000s(0%) fetch=0.010s(25%) enc.moe=0.001s(1%) tail=0.000s(0%) head=0.004s(9%) other=0.000s(1%) call=0.039s | tiles=73 ahead=73 experts=394 miss=19 io=0.010s 6.7GB/s]
[prefill gpuq busy=0.032s(83%) idle=0.006s(17%) span=0.039s buffers=164]
[prefill gpu attn=0.011s(34%) shared=0.004s(12%) moe=0.013s(41%) tail=0.001s(2%) head=0.004s(11%) total=0.032s]
[prefill host enc.front=0.002s(4%) wait.front=0.024s(66%) drain=0.000s(1%) route=0.000s(1%) meta=0.000s(0%) fetch=0.006s(16%) enc.moe=0.001s(1%) tail=0.000s(0%) head=0.004s(10%) other=0.000s(1%) call=0.036s | tiles=69 ahead=69 experts=376 miss=12 io=0.006s 7.2GB/s]
[prefill gpuq busy=0.032s(89%) idle=0.004s(11%) span=0.036s buffers=160]
[prefill gpu attn=0.011s(34%) shared=0.004s(11%) moe=0.014s(42%) tail=0.001s(2%) head=0.004s(11%) total=0.032s]
[prefill host enc.front=0.002s(4%) wait.front=0.019s(40%) drain=0.000s(1%) route=0.000s(1%) meta=0.000s(0%) fetch=0.021s(43%) enc.moe=0.001s(2%) tail=0.000s(0%) head=0.004s(8%) other=0.000s(1%) call=0.047s | tiles=82 ahead=82 experts=343 miss=50 io=0.021s 8.3GB/s]
[prefill gpuq busy=0.032s(68%) idle=0.015s(32%) span=0.047s buffers=173]
[prefill gpu attn=0.011s(34%) shared=0.004s(12%) moe=0.013s(41%) tail=0.001s(2%) head=0.004s(11%) total=0.032s]
[prefill host enc.front=0.002s(4%) wait.front=0.020s(55%) drain=0.000s(1%) route=0.000s(1%) meta=0.000s(0%) fetch=0.010s(26%) enc.moe=0.001s(2%) tail=0.000s(0%) head=0.004s(10%) other=0.000s(1%) call=0.037s | tiles=73 ahead=73 experts=367 miss=21 io=0.010s 7.5GB/s]
[prefill gpuq busy=0.032s(87%) idle=0.005s(13%) span=0.037s buffers=164]
[prefill gpu attn=0.011s(31%) shared=0.004s(10%) moe=0.017s(47%) tail=0.001s(2%) head=0.003s(10%) total=0.036s]
[prefill host enc.front=0.002s(3%) wait.front=0.029s(55%) drain=0.000s(1%) route=0.000s(0%) meta=0.000s(0%) fetch=0.017s(32%) enc.moe=0.001s(1%) tail=0.000s(0%) head=0.004s(7%) other=0.000s(1%) call=0.053s | tiles=79 ahead=79 experts=455 miss=27 io=0.017s 5.5GB/s]
[prefill gpuq busy=0.036s(68%) idle=0.017s(32%) span=0.053s buffers=170]
[prefill gpu attn=0.011s(30%) shared=0.004s(10%) moe=0.017s(48%) tail=0.001s(2%) head=0.003s(10%) total=0.036s]
[prefill host enc.front=0.002s(3%) wait.front=0.022s(35%) drain=0.000s(1%) route=0.000s(0%) meta=0.000s(0%) fetch=0.033s(52%) enc.moe=0.001s(1%) tail=0.000s(0%) head=0.004s(6%) other=0.001s(1%) call=0.063s | tiles=85 ahead=85 experts=429 miss=73 io=0.033s 7.7GB/s]
[prefill gpuq busy=0.036s(57%) idle=0.027s(43%) span=0.062s buffers=176]
[prefill gpu attn=0.011s(35%) shared=0.004s(11%) moe=0.012s(40%) tail=0.001s(2%) head=0.003s(11%) total=0.031s]
[prefill host enc.front=0.002s(4%) wait.front=0.022s(57%) drain=0.001s(2%) route=0.000s(1%) meta=0.000s(0%) fetch=0.009s(24%) enc.moe=0.001s(1%) tail=0.000s(0%) head=0.004s(9%) other=0.000s(1%) call=0.039s | tiles=73 ahead=73 experts=345 miss=18 io=0.010s 6.6GB/s]
[prefill gpuq busy=0.031s(80%) idle=0.008s(20%) span=0.038s buffers=164]
[prefill gpu attn=0.013s(45%) shared=0.004s(14%) moe=0.008s(27%) tail=0.001s(3%) head=0.003s(12%) total=0.029s]
[prefill host enc.front=0.002s(4%) wait.front=0.022s(55%) drain=0.000s(1%) route=0.000s(0%) meta=0.000s(0%) fetch=0.012s(29%) enc.moe=0.000s(1%) tail=0.000s(0%) head=0.004s(9%) other=0.000s(1%) call=0.040s | tiles=42 ahead=42 experts=240 miss=15 io=0.012s 4.5GB/s]
[prefill gpuq busy=0.029s(72%) idle=0.011s(28%) span=0.040s buffers=133]

[stop=maxTokens prefill=349tok new=192tok decode=6.74s tok/s=28.497]
[load=0.746s layerVerify=0.000s/30layers prefill=4.391s ttft=4.392s peak=6.75GB rss=4.10GB]
[expert prefill hit=0.0% 0/3020 io=1.873s | decode hit=90.0% 36796/40895 io=2.798s]
[vision images=1 soft=260 tower=1.761s towerLoad=0.001s]
[decode/tok io=0.00ms cb1=0.00ms cb2=0.00ms head=0.00ms]
[mtp bs=2 rounds=111 accept=0.721/1 tok/round=1.730 draft=0.419s verify=6.076s accepted=31,80]
