[prefill gpu attn=0.394s(30%) shared=0.115s(9%) moe=0.778s(60%) tail=0.007s(1%) head=0.003s(0%) total=1.298s]
[prefill host enc.front=0.003s(0%) wait.front=0.531s(22%) drain=0.000s(0%) route=0.006s(0%) wait.shared=0.109s(4%) meta=0.000s(0%) fetch=1.686s(68%) enc.moe=0.014s(1%) wait.tile=0.090s(4%) tail=0.014s(1%) head=0.004s(0%) other=0.005s(0%) call=2.463s | tiles=358 ahead=0 experts=0 miss=0 io=0.000s 0.0GB/s]
[prefill gpuq busy=1.298s(56%) idle=1.033s(44%) span=2.331s buffers=449]
[prefill gpu attn=0.029s(57%) shared=0.004s(7%) moe=0.014s(28%) tail=0.001s(2%) head=0.004s(7%) total=0.052s]
[prefill host enc.front=0.003s(1%) wait.front=0.084s(36%) drain=0.001s(0%) route=0.001s(0%) meta=0.000s(0%) fetch=0.139s(59%) enc.moe=0.001s(1%) tail=0.000s(0%) head=0.004s(2%) other=0.001s(0%) call=0.234s | tiles=63 ahead=63 experts=336 miss=154 io=0.151s 3.5GB/s]
[prefill gpuq busy=0.052s(22%) idle=0.181s(78%) span=0.233s buffers=154]
[prefill gpu attn=0.011s(34%) shared=0.004s(11%) moe=0.014s(41%) tail=0.001s(3%) head=0.003s(10%) total=0.033s]
[prefill host enc.front=0.002s(2%) wait.front=0.028s(33%) drain=0.000s(0%) route=0.000s(0%) meta=0.000s(0%) fetch=0.051s(59%) enc.moe=0.001s(1%) tail=0.000s(0%) head=0.004s(4%) other=0.000s(1%) call=0.086s | tiles=72 ahead=72 experts=324 miss=59 io=0.051s 4.0GB/s]
[prefill gpuq busy=0.033s(38%) idle=0.053s(62%) span=0.086s buffers=163]
[prefill gpu attn=0.011s(34%) shared=0.004s(12%) moe=0.014s(41%) tail=0.001s(3%) head=0.003s(10%) total=0.033s]
[prefill host enc.front=0.002s(2%) wait.front=0.033s(40%) drain=0.000s(0%) route=0.000s(0%) meta=0.000s(0%) fetch=0.043s(52%) enc.moe=0.001s(1%) tail=0.000s(0%) head=0.004s(4%) other=0.000s(1%) call=0.084s | tiles=75 ahead=75 experts=340 miss=33 io=0.043s 2.6GB/s]
[prefill gpuq busy=0.033s(39%) idle=0.050s(61%) span=0.083s buffers=166]
[prefill gpu attn=0.011s(34%) shared=0.004s(11%) moe=0.014s(42%) tail=0.001s(2%) head=0.003s(10%) total=0.033s]
[prefill host enc.front=0.002s(2%) wait.front=0.024s(27%) drain=0.000s(0%) route=0.000s(0%) meta=0.000s(0%) fetch=0.057s(64%) enc.moe=0.001s(1%) tail=0.000s(0%) head=0.004s(4%) other=0.001s(1%) call=0.089s | tiles=77 ahead=77 experts=339 miss=48 io=0.057s 2.9GB/s]
[prefill gpuq busy=0.033s(37%) idle=0.056s(63%) span=0.089s buffers=168]
[prefill gpu attn=0.011s(34%) shared=0.004s(11%) moe=0.013s(41%) tail=0.001s(3%) head=0.003s(11%) total=0.032s]
[prefill host enc.front=0.002s(2%) wait.front=0.026s(26%) drain=0.001s(1%) route=0.000s(0%) meta=0.000s(0%) fetch=0.065s(66%) enc.moe=0.001s(1%) tail=0.000s(0%) head=0.004s(4%) other=0.001s(1%) call=0.099s | tiles=69 ahead=69 experts=321 miss=54 io=0.065s 2.9GB/s]
[prefill gpuq busy=0.032s(33%) idle=0.066s(67%) span=0.099s buffers=160]
[prefill gpu attn=0.011s(35%) shared=0.004s(12%) moe=0.012s(39%) tail=0.001s(3%) head=0.004s(12%) total=0.031s]
[prefill host enc.front=0.002s(2%) wait.front=0.024s(32%) drain=0.001s(1%) route=0.000s(0%) meta=0.000s(0%) fetch=0.044s(58%) enc.moe=0.001s(1%) tail=0.000s(0%) head=0.004s(5%) other=0.000s(1%) call=0.076s | tiles=69 ahead=69 experts=312 miss=32 io=0.044s 2.5GB/s]
[prefill gpuq busy=0.031s(41%) idle=0.044s(59%) span=0.075s buffers=160]
[prefill gpu attn=0.011s(35%) shared=0.004s(12%) moe=0.012s(39%) tail=0.001s(3%) head=0.003s(11%) total=0.030s]
[prefill host enc.front=0.002s(3%) wait.front=0.022s(39%) drain=0.000s(1%) route=0.000s(0%) meta=0.000s(0%) fetch=0.027s(48%) enc.moe=0.001s(1%) tail=0.000s(0%) head=0.004s(6%) other=0.000s(1%) call=0.057s | tiles=73 ahead=73 experts=312 miss=21 io=0.027s 2.6GB/s]
[prefill gpuq busy=0.030s(53%) idle=0.027s(47%) span=0.057s buffers=164]
[prefill gpu attn=0.011s(35%) shared=0.004s(12%) moe=0.012s(39%) tail=0.001s(2%) head=0.003s(11%) total=0.030s]
[prefill host enc.front=0.002s(3%) wait.front=0.024s(41%) drain=0.000s(1%) route=0.000s(0%) meta=0.000s(0%) fetch=0.027s(47%) enc.moe=0.001s(1%) tail=0.000s(0%) head=0.004s(6%) other=0.000s(1%) call=0.058s | tiles=70 ahead=70 experts=326 miss=25 io=0.027s 3.2GB/s]
[prefill gpuq busy=0.030s(53%) idle=0.027s(47%) span=0.057s buffers=161]
[prefill gpu attn=0.010s(35%) shared=0.003s(11%) moe=0.012s(40%) tail=0.001s(3%) head=0.003s(11%) total=0.030s]
[prefill host enc.front=0.002s(3%) wait.front=0.030s(57%) drain=0.000s(0%) route=0.000s(0%) meta=0.000s(0%) fetch=0.017s(31%) enc.moe=0.001s(1%) tail=0.000s(0%) head=0.004s(7%) other=0.000s(1%) call=0.054s | tiles=71 ahead=71 experts=344 miss=17 io=0.017s 3.5GB/s]
[prefill gpuq busy=0.030s(56%) idle=0.023s(44%) span=0.053s buffers=162]
[prefill gpu attn=0.011s(36%) shared=0.004s(12%) moe=0.012s(39%) tail=0.001s(3%) head=0.003s(11%) total=0.030s]
[prefill host enc.front=0.002s(3%) wait.front=0.025s(46%) drain=0.000s(1%) route=0.000s(0%) meta=0.000s(0%) fetch=0.022s(41%) enc.moe=0.001s(1%) tail=0.000s(0%) head=0.004s(7%) other=0.000s(1%) call=0.054s | tiles=66 ahead=66 experts=321 miss=18 io=0.022s 2.8GB/s]
[prefill gpuq busy=0.030s(56%) idle=0.024s(44%) span=0.053s buffers=157]
[prefill gpu attn=0.011s(36%) shared=0.003s(12%) moe=0.011s(38%) tail=0.001s(3%) head=0.003s(12%) total=0.029s]
[prefill host enc.front=0.002s(4%) wait.front=0.022s(49%) drain=0.000s(1%) route=0.000s(0%) meta=0.000s(0%) fetch=0.017s(37%) enc.moe=0.000s(1%) tail=0.000s(0%) head=0.004s(8%) other=0.000s(1%) call=0.045s | tiles=68 ahead=68 experts=318 miss=13 io=0.017s 2.7GB/s]
[prefill gpuq busy=0.029s(65%) idle=0.016s(35%) span=0.045s buffers=159]
[prefill gpu attn=0.011s(35%) shared=0.003s(11%) moe=0.012s(40%) tail=0.001s(3%) head=0.003s(11%) total=0.030s]
[prefill host enc.front=0.002s(3%) wait.front=0.022s(34%) drain=0.001s(1%) route=0.000s(0%) meta=0.000s(0%) fetch=0.037s(55%) enc.moe=0.001s(1%) tail=0.000s(0%) head=0.004s(5%) other=0.000s(1%) call=0.066s | tiles=76 ahead=76 experts=332 miss=28 io=0.037s 2.6GB/s]
[prefill gpuq busy=0.030s(46%) idle=0.036s(54%) span=0.066s buffers=167]
[prefill gpu attn=0.011s(34%) shared=0.003s(11%) moe=0.012s(40%) tail=0.001s(2%) head=0.004s(12%) total=0.031s]
[prefill host enc.front=0.002s(3%) wait.front=0.026s(42%) drain=0.000s(1%) route=0.000s(0%) meta=0.000s(0%) fetch=0.029s(47%) enc.moe=0.001s(1%) tail=0.000s(0%) head=0.004s(6%) other=0.000s(1%) call=0.063s | tiles=70 ahead=70 experts=353 miss=25 io=0.029s 2.9GB/s]
[prefill gpuq busy=0.031s(49%) idle=0.032s(51%) span=0.063s buffers=161]
[prefill gpu attn=0.011s(36%) shared=0.004s(12%) moe=0.011s(37%) tail=0.001s(3%) head=0.004s(12%) total=0.030s]
[prefill host enc.front=0.002s(3%) wait.front=0.025s(44%) drain=0.000s(1%) route=0.000s(0%) meta=0.000s(0%) fetch=0.024s(43%) enc.moe=0.001s(1%) tail=0.000s(0%) head=0.004s(7%) other=0.000s(1%) call=0.056s | tiles=66 ahead=66 experts=303 miss=17 io=0.024s 2.4GB/s]
[prefill gpuq busy=0.030s(53%) idle=0.026s(47%) span=0.056s buffers=157]
[prefill gpu attn=0.011s(37%) shared=0.003s(12%) moe=0.011s(37%) tail=0.001s(3%) head=0.003s(12%) total=0.029s]
[prefill host enc.front=0.002s(4%) wait.front=0.022s(52%) drain=0.001s(1%) route=0.000s(0%) meta=0.000s(0%) fetch=0.014s(32%) enc.moe=0.000s(1%) tail=0.000s(0%) head=0.004s(8%) other=0.000s(1%) call=0.043s | tiles=65 ahead=65 experts=300 miss=13 io=0.014s 3.3GB/s]
[prefill gpuq busy=0.029s(68%) idle=0.014s(32%) span=0.042s buffers=156]
[prefill gpu attn=0.010s(35%) shared=0.004s(13%) moe=0.011s(38%) tail=0.001s(3%) head=0.003s(11%) total=0.030s]
[prefill host enc.front=0.002s(4%) wait.front=0.023s(58%) drain=0.001s(1%) route=0.000s(0%) meta=0.000s(0%) fetch=0.010s(25%) enc.moe=0.001s(1%) tail=0.000s(0%) head=0.004s(9%) other=0.000s(1%) call=0.040s | tiles=66 ahead=66 experts=323 miss=13 io=0.010s 4.4GB/s]
[prefill gpuq busy=0.029s(73%) idle=0.011s(27%) span=0.040s buffers=157]
[prefill gpu attn=0.011s(36%) shared=0.003s(12%) moe=0.012s(39%) tail=0.001s(3%) head=0.003s(11%) total=0.030s]
[prefill host enc.front=0.002s(4%) wait.front=0.023s(58%) drain=0.000s(1%) route=0.000s(0%) meta=0.000s(0%) fetch=0.010s(26%) enc.moe=0.000s(1%) tail=0.000s(0%) head=0.004s(9%) other=0.000s(1%) call=0.040s | tiles=67 ahead=67 experts=339 miss=12 io=0.010s 4.0GB/s]
[prefill gpuq busy=0.030s(75%) idle=0.010s(25%) span=0.040s buffers=158]
[prefill gpu attn=0.010s(34%) shared=0.003s(11%) moe=0.013s(41%) tail=0.001s(2%) head=0.003s(11%) total=0.031s]
[prefill host enc.front=0.002s(2%) wait.front=0.026s(29%) drain=0.000s(0%) route=0.000s(0%) meta=0.000s(0%) fetch=0.059s(63%) enc.moe=0.001s(1%) tail=0.000s(0%) head=0.004s(4%) other=0.000s(0%) call=0.092s | tiles=70 ahead=70 experts=323 miss=58 io=0.059s 3.4GB/s]
[prefill gpuq busy=0.031s(33%) idle=0.061s(67%) span=0.092s buffers=161]
[prefill gpu attn=0.011s(35%) shared=0.003s(11%) moe=0.013s(41%) tail=0.001s(2%) head=0.003s(11%) total=0.031s]
[prefill host enc.front=0.002s(3%) wait.front=0.024s(41%) drain=0.000s(1%) route=0.000s(0%) meta=0.000s(0%) fetch=0.028s(47%) enc.moe=0.001s(1%) tail=0.000s(0%) head=0.004s(6%) other=0.000s(1%) call=0.059s | tiles=76 ahead=76 experts=348 miss=31 io=0.028s 3.9GB/s]
[prefill gpuq busy=0.031s(52%) idle=0.028s(48%) span=0.059s buffers=167]
[prefill gpu attn=0.011s(36%) shared=0.003s(12%) moe=0.011s(37%) tail=0.001s(2%) head=0.004s(13%) total=0.029s]
[prefill host enc.front=0.002s(4%) wait.front=0.022s(55%) drain=0.001s(1%) route=0.000s(0%) meta=0.000s(0%) fetch=0.011s(27%) enc.moe=0.000s(1%) tail=0.000s(0%) head=0.004s(10%) other=0.000s(1%) call=0.040s | tiles=63 ahead=63 experts=316 miss=14 io=0.011s 4.6GB/s]
[prefill gpuq busy=0.029s(74%) idle=0.010s(26%) span=0.040s buffers=154]
[prefill gpu attn=0.011s(37%) shared=0.003s(12%) moe=0.011s(37%) tail=0.001s(3%) head=0.003s(12%) total=0.029s]
[prefill host enc.front=0.002s(4%) wait.front=0.022s(49%) drain=0.000s(1%) route=0.000s(0%) meta=0.000s(0%) fetch=0.016s(35%) enc.moe=0.000s(1%) tail=0.000s(0%) head=0.004s(8%) other=0.000s(1%) call=0.044s | tiles=61 ahead=61 experts=304 miss=12 io=0.016s 2.6GB/s]
[prefill gpuq busy=0.029s(65%) idle=0.015s(35%) span=0.044s buffers=152]
[prefill gpu attn=0.011s(36%) shared=0.003s(12%) moe=0.011s(38%) tail=0.001s(3%) head=0.003s(12%) total=0.029s]
[prefill host enc.front=0.002s(4%) wait.front=0.024s(59%) drain=0.000s(1%) route=0.000s(0%) meta=0.000s(0%) fetch=0.010s(25%) enc.moe=0.000s(1%) tail=0.000s(0%) head=0.004s(9%) other=0.000s(1%) call=0.041s | tiles=65 ahead=65 experts=330 miss=11 io=0.010s 3.7GB/s]
[prefill gpuq busy=0.029s(72%) idle=0.012s(28%) span=0.041s buffers=156]
[prefill gpu attn=0.011s(36%) shared=0.003s(12%) moe=0.011s(37%) tail=0.001s(3%) head=0.003s(12%) total=0.029s]
[prefill host enc.front=0.002s(4%) wait.front=0.023s(54%) drain=0.000s(1%) route=0.000s(0%) meta=0.000s(0%) fetch=0.013s(30%) enc.moe=0.000s(1%) tail=0.000s(0%) head=0.004s(8%) other=0.000s(1%) call=0.043s | tiles=64 ahead=64 experts=313 miss=12 io=0.013s 3.2GB/s]
[prefill gpuq busy=0.029s(69%) idle=0.013s(31%) span=0.042s buffers=155]
[prefill gpu attn=0.011s(34%) shared=0.003s(11%) moe=0.012s(41%) tail=0.001s(2%) head=0.003s(11%) total=0.031s]
[prefill host enc.front=0.002s(3%) wait.front=0.022s(38%) drain=0.000s(1%) route=0.000s(0%) meta=0.000s(0%) fetch=0.030s(50%) enc.moe=0.001s(1%) tail=0.000s(0%) head=0.004s(6%) other=0.000s(1%) call=0.059s | tiles=75 ahead=75 experts=351 miss=25 io=0.030s 2.9GB/s]
[prefill gpuq busy=0.031s(52%) idle=0.029s(48%) span=0.059s buffers=166]
[prefill gpu attn=0.010s(37%) shared=0.003s(12%) moe=0.011s(37%) tail=0.001s(3%) head=0.003s(12%) total=0.029s]
[prefill host enc.front=0.002s(4%) wait.front=0.021s(54%) drain=0.000s(1%) route=0.000s(0%) meta=0.000s(0%) fetch=0.011s(29%) enc.moe=0.000s(1%) tail=0.000s(0%) head=0.004s(9%) other=0.000s(1%) call=0.039s | tiles=66 ahead=66 experts=311 miss=12 io=0.011s 3.7GB/s]
[prefill gpuq busy=0.029s(74%) idle=0.010s(26%) span=0.039s buffers=157]
[prefill gpu attn=0.010s(35%) shared=0.003s(12%) moe=0.011s(39%) tail=0.001s(3%) head=0.003s(11%) total=0.029s]
[prefill host enc.front=0.002s(4%) wait.front=0.022s(47%) drain=0.001s(1%) route=0.000s(0%) meta=0.000s(0%) fetch=0.017s(37%) enc.moe=0.001s(1%) tail=0.000s(0%) head=0.004s(8%) other=0.000s(1%) call=0.046s | tiles=66 ahead=66 experts=333 miss=20 io=0.017s 4.0GB/s]
[prefill gpuq busy=0.029s(64%) idle=0.016s(36%) span=0.046s buffers=157]
[prefill gpu attn=0.010s(36%) shared=0.003s(12%) moe=0.011s(38%) tail=0.001s(3%) head=0.003s(12%) total=0.029s]
[prefill host enc.front=0.002s(5%) wait.front=0.024s(70%) drain=0.001s(3%) route=0.000s(1%) meta=0.000s(0%) fetch=0.003s(8%) enc.moe=0.000s(1%) tail=0.000s(0%) head=0.004s(11%) other=0.000s(1%) call=0.034s | tiles=62 ahead=62 experts=330 miss=5 io=0.003s 6.0GB/s]
[prefill gpuq busy=0.029s(87%) idle=0.005s(13%) span=0.033s buffers=153]
[prefill gpu attn=0.011s(36%) shared=0.003s(12%) moe=0.011s(38%) tail=0.001s(3%) head=0.003s(12%) total=0.029s]
[prefill host enc.front=0.002s(4%) wait.front=0.024s(63%) drain=0.001s(1%) route=0.000s(0%) meta=0.000s(0%) fetch=0.008s(20%) enc.moe=0.000s(1%) tail=0.000s(0%) head=0.004s(9%) other=0.000s(1%) call=0.039s | tiles=65 ahead=65 experts=317 miss=8 io=0.008s 3.6GB/s]
[prefill gpuq busy=0.029s(76%) idle=0.009s(24%) span=0.038s buffers=156]
[prefill gpu attn=0.010s(37%) shared=0.003s(12%) moe=0.010s(36%) tail=0.001s(3%) head=0.003s(12%) total=0.028s]
[prefill host enc.front=0.002s(4%) wait.front=0.023s(60%) drain=0.001s(1%) route=0.000s(0%) meta=0.000s(0%) fetch=0.008s(22%) enc.moe=0.000s(1%) tail=0.000s(0%) head=0.004s(10%) other=0.000s(1%) call=0.038s | tiles=62 ahead=62 experts=300 miss=5 io=0.009s 2.0GB/s]
[prefill gpuq busy=0.028s(74%) idle=0.010s(26%) span=0.038s buffers=153]
[prefill gpu attn=0.011s(36%) shared=0.003s(12%) moe=0.011s(37%) tail=0.001s(3%) head=0.004s(12%) total=0.029s]
[prefill host enc.front=0.002s(4%) wait.front=0.023s(56%) drain=0.001s(1%) route=0.000s(0%) meta=0.000s(0%) fetch=0.012s(28%) enc.moe=0.000s(1%) tail=0.000s(0%) head=0.004s(9%) other=0.000s(1%) call=0.042s | tiles=64 ahead=64 experts=308 miss=13 io=0.012s 3.9GB/s]
[prefill gpuq busy=0.029s(71%) idle=0.012s(29%) span=0.041s buffers=155]
[prefill gpu attn=0.010s(36%) shared=0.004s(12%) moe=0.011s(37%) tail=0.001s(2%) head=0.003s(12%) total=0.029s]
[prefill host enc.front=0.002s(4%) wait.front=0.024s(65%) drain=0.001s(3%) route=0.000s(0%) meta=0.000s(0%) fetch=0.005s(15%) enc.moe=0.000s(1%) tail=0.000s(0%) head=0.004s(10%) other=0.000s(1%) call=0.036s | tiles=62 ahead=62 experts=315 miss=7 io=0.005s 4.5GB/s]
[prefill gpuq busy=0.029s(81%) idle=0.007s(19%) span=0.036s buffers=153]
[prefill gpu attn=0.010s(37%) shared=0.003s(12%) moe=0.010s(37%) tail=0.001s(3%) head=0.003s(12%) total=0.028s]
[prefill host enc.front=0.002s(4%) wait.front=0.022s(59%) drain=0.000s(1%) route=0.000s(1%) meta=0.000s(0%) fetch=0.009s(24%) enc.moe=0.000s(1%) tail=0.000s(0%) head=0.004s(10%) other=0.000s(1%) call=0.037s | tiles=63 ahead=63 experts=299 miss=12 io=0.009s 4.7GB/s]
[prefill gpuq busy=0.028s(77%) idle=0.008s(23%) span=0.037s buffers=154]
[prefill gpu attn=0.010s(37%) shared=0.003s(12%) moe=0.010s(36%) tail=0.001s(3%) head=0.003s(12%) total=0.028s]
[prefill host enc.front=0.002s(4%) wait.front=0.022s(63%) drain=0.001s(1%) route=0.000s(0%) meta=0.000s(0%) fetch=0.006s(17%) enc.moe=0.000s(1%) tail=0.000s(0%) head=0.004s(11%) other=0.000s(1%) call=0.035s | tiles=65 ahead=65 experts=298 miss=7 io=0.006s 4.0GB/s]
[prefill gpuq busy=0.028s(82%) idle=0.006s(18%) span=0.034s buffers=156]
[prefill gpu attn=0.011s(35%) shared=0.003s(11%) moe=0.012s(39%) tail=0.001s(2%) head=0.003s(11%) total=0.030s]
[prefill host enc.front=0.002s(3%) wait.front=0.024s(48%) drain=0.000s(1%) route=0.000s(0%) meta=0.000s(0%) fetch=0.020s(38%) enc.moe=0.001s(1%) tail=0.000s(0%) head=0.004s(7%) other=0.000s(1%) call=0.051s | tiles=70 ahead=70 experts=346 miss=11 io=0.020s 1.9GB/s]
[prefill gpuq busy=0.030s(60%) idle=0.020s(40%) span=0.051s buffers=161]
[prefill gpu attn=0.011s(36%) shared=0.003s(12%) moe=0.011s(37%) tail=0.001s(3%) head=0.004s(12%) total=0.029s]
[prefill host enc.front=0.002s(4%) wait.front=0.025s(62%) drain=0.001s(1%) route=0.000s(0%) meta=0.000s(0%) fetch=0.008s(20%) enc.moe=0.000s(1%) tail=0.000s(0%) head=0.004s(9%) other=0.000s(1%) call=0.041s | tiles=67 ahead=67 experts=316 miss=7 io=0.008s 2.9GB/s]
[prefill gpuq busy=0.029s(73%) idle=0.011s(27%) span=0.040s buffers=158]
[prefill gpu attn=0.011s(37%) shared=0.004s(12%) moe=0.010s(36%) tail=0.001s(3%) head=0.003s(12%) total=0.029s]
[prefill host enc.front=0.002s(5%) wait.front=0.023s(74%) drain=0.000s(2%) route=0.000s(1%) meta=0.000s(0%) fetch=0.002s(5%) enc.moe=0.000s(1%) tail=0.000s(0%) head=0.004s(11%) other=0.000s(1%) call=0.032s | tiles=62 ahead=62 experts=302 miss=2 io=0.002s 4.3GB/s]
[prefill gpuq busy=0.029s(92%) idle=0.003s(8%) span=0.032s buffers=153]
[prefill gpu attn=0.011s(36%) shared=0.004s(12%) moe=0.011s(37%) tail=0.001s(2%) head=0.004s(12%) total=0.030s]
[prefill host enc.front=0.002s(5%) wait.front=0.023s(74%) drain=0.000s(1%) route=0.000s(1%) meta=0.000s(0%) fetch=0.001s(4%) enc.moe=0.000s(1%) tail=0.000s(0%) head=0.004s(12%) other=0.000s(1%) call=0.031s | tiles=60 ahead=60 experts=317 miss=3 io=0.001s 7.9GB/s]
[prefill gpuq busy=0.029s(97%) idle=0.001s(3%) span=0.030s buffers=151]
[prefill gpu attn=0.011s(36%) shared=0.003s(12%) moe=0.011s(38%) tail=0.001s(3%) head=0.003s(12%) total=0.030s]
[prefill host enc.front=0.002s(4%) wait.front=0.021s(52%) drain=0.000s(1%) route=0.000s(0%) meta=0.000s(0%) fetch=0.013s(32%) enc.moe=0.001s(1%) tail=0.000s(0%) head=0.004s(9%) other=0.000s(1%) call=0.041s | tiles=70 ahead=70 experts=329 miss=14 io=0.013s 3.7GB/s]
[prefill gpuq busy=0.030s(72%) idle=0.011s(28%) span=0.041s buffers=161]
[prefill gpu attn=0.011s(36%) shared=0.003s(12%) moe=0.011s(38%) tail=0.001s(2%) head=0.003s(12%) total=0.029s]
[prefill host enc.front=0.002s(4%) wait.front=0.022s(56%) drain=0.001s(2%) route=0.000s(0%) meta=0.000s(0%) fetch=0.010s(26%) enc.moe=0.000s(1%) tail=0.000s(0%) head=0.004s(9%) other=0.000s(1%) call=0.039s | tiles=65 ahead=65 experts=324 miss=14 io=0.010s 4.7GB/s]
[prefill gpuq busy=0.029s(75%) idle=0.010s(25%) span=0.039s buffers=156]
[prefill gpu attn=0.011s(33%) shared=0.004s(11%) moe=0.014s(42%) tail=0.001s(2%) head=0.004s(11%) total=0.033s]
[prefill host enc.front=0.002s(3%) wait.front=0.024s(43%) drain=0.001s(1%) route=0.000s(0%) meta=0.000s(0%) fetch=0.024s(44%) enc.moe=0.001s(1%) tail=0.000s(0%) head=0.004s(7%) other=0.000s(1%) call=0.054s | tiles=73 ahead=73 experts=375 miss=26 io=0.024s 3.8GB/s]
[prefill gpuq busy=0.033s(60%) idle=0.021s(40%) span=0.054s buffers=164]
[prefill gpu attn=0.011s(36%) shared=0.004s(12%) moe=0.012s(38%) tail=0.001s(2%) head=0.003s(12%) total=0.030s]
[prefill host enc.front=0.002s(4%) wait.front=0.024s(65%) drain=0.000s(1%) route=0.000s(1%) meta=0.000s(0%) fetch=0.006s(17%) enc.moe=0.000s(1%) tail=0.000s(0%) head=0.004s(10%) other=0.000s(1%) call=0.037s | tiles=64 ahead=64 experts=342 miss=5 io=0.006s 2.8GB/s]
[prefill gpuq busy=0.030s(82%) idle=0.007s(18%) span=0.037s buffers=155]
[prefill gpu attn=0.011s(36%) shared=0.004s(13%) moe=0.011s(38%) tail=0.001s(2%) head=0.003s(12%) total=0.030s]
[prefill host enc.front=0.002s(4%) wait.front=0.022s(59%) drain=0.000s(1%) route=0.000s(1%) meta=0.000s(0%) fetch=0.009s(23%) enc.moe=0.000s(1%) tail=0.000s(0%) head=0.004s(10%) other=0.000s(1%) call=0.038s | tiles=64 ahead=64 experts=329 miss=10 io=0.009s 3.9GB/s]
[prefill gpuq busy=0.030s(79%) idle=0.008s(21%) span=0.037s buffers=155]
[prefill gpu attn=0.011s(38%) shared=0.003s(12%) moe=0.010s(36%) tail=0.001s(3%) head=0.003s(12%) total=0.029s]
[prefill host enc.front=0.002s(5%) wait.front=0.024s(73%) drain=0.000s(1%) route=0.000s(1%) meta=0.000s(0%) fetch=0.002s(7%) enc.moe=0.000s(1%) tail=0.000s(0%) head=0.004s(11%) other=0.000s(1%) call=0.034s | tiles=62 ahead=62 experts=300 miss=4 io=0.002s 5.6GB/s]
[prefill gpuq busy=0.029s(87%) idle=0.004s(13%) span=0.033s buffers=153]
[prefill gpu attn=0.011s(37%) shared=0.004s(12%) moe=0.011s(37%) tail=0.001s(2%) head=0.003s(12%) total=0.029s]
[prefill host enc.front=0.002s(5%) wait.front=0.022s(66%) drain=0.000s(1%) route=0.000s(1%) meta=0.000s(0%) fetch=0.005s(15%) enc.moe=0.000s(1%) tail=0.000s(0%) head=0.004s(11%) other=0.000s(1%) call=0.034s | tiles=59 ahead=59 experts=308 miss=8 io=0.005s 5.5GB/s]
[prefill gpuq busy=0.029s(86%) idle=0.005s(14%) span=0.034s buffers=150]
[prefill gpu attn=0.011s(37%) shared=0.004s(13%) moe=0.010s(36%) tail=0.001s(3%) head=0.003s(12%) total=0.029s]
[prefill host enc.front=0.002s(5%) wait.front=0.022s(67%) drain=0.000s(1%) route=0.000s(1%) meta=0.000s(0%) fetch=0.004s(13%) enc.moe=0.000s(1%) tail=0.000s(0%) head=0.004s(11%) other=0.000s(1%) call=0.033s | tiles=61 ahead=61 experts=300 miss=7 io=0.004s 5.8GB/s]
[prefill gpuq busy=0.029s(87%) idle=0.004s(13%) span=0.033s buffers=152]
[prefill gpu attn=0.011s(36%) shared=0.004s(12%) moe=0.011s(36%) tail=0.001s(2%) head=0.004s(12%) total=0.029s]
[prefill host enc.front=0.002s(4%) wait.front=0.022s(62%) drain=0.000s(1%) route=0.000s(0%) meta=0.000s(0%) fetch=0.006s(18%) enc.moe=0.000s(1%) tail=0.000s(0%) head=0.004s(11%) other=0.000s(1%) call=0.035s | tiles=64 ahead=64 experts=310 miss=8 io=0.006s 4.3GB/s]
[prefill gpuq busy=0.029s(84%) idle=0.006s(16%) span=0.035s buffers=155]
[prefill gpu attn=0.011s(37%) shared=0.004s(13%) moe=0.010s(35%) tail=0.001s(3%) head=0.004s(12%) total=0.029s]
[prefill host enc.front=0.002s(5%) wait.front=0.023s(73%) drain=0.000s(2%) route=0.000s(1%) meta=0.000s(0%) fetch=0.002s(5%) enc.moe=0.000s(1%) tail=0.000s(0%) head=0.004s(12%) other=0.000s(1%) call=0.031s | tiles=57 ahead=57 experts=299 miss=2 io=0.002s 4.0GB/s]
[prefill gpuq busy=0.028s(92%) idle=0.003s(8%) span=0.031s buffers=148]
[prefill gpu attn=0.011s(36%) shared=0.004s(12%) moe=0.011s(37%) tail=0.001s(3%) head=0.004s(12%) total=0.030s]
[prefill host enc.front=0.002s(3%) wait.front=0.022s(38%) drain=0.000s(1%) route=0.000s(0%) meta=0.000s(0%) fetch=0.028s(49%) enc.moe=0.001s(1%) tail=0.000s(0%) head=0.004s(7%) other=0.000s(1%) call=0.056s | tiles=70 ahead=70 experts=300 miss=26 io=0.028s 3.2GB/s]
[prefill gpuq busy=0.030s(54%) idle=0.026s(46%) span=0.056s buffers=161]
[prefill gpu attn=0.011s(37%) shared=0.004s(12%) moe=0.011s(36%) tail=0.001s(3%) head=0.003s(11%) total=0.029s]
[prefill host enc.front=0.002s(4%) wait.front=0.023s(61%) drain=0.000s(1%) route=0.000s(0%) meta=0.000s(0%) fetch=0.009s(22%) enc.moe=0.000s(1%) tail=0.000s(0%) head=0.004s(9%) other=0.000s(1%) call=0.039s | tiles=67 ahead=67 experts=302 miss=7 io=0.009s 2.8GB/s]
[prefill gpuq busy=0.029s(75%) idle=0.010s(25%) span=0.039s buffers=158]
[prefill gpu attn=0.011s(35%) shared=0.004s(12%) moe=0.012s(40%) tail=0.001s(3%) head=0.003s(11%) total=0.031s]
[prefill host enc.front=0.002s(3%) wait.front=0.029s(63%) drain=0.000s(1%) route=0.000s(0%) meta=0.000s(0%) fetch=0.010s(22%) enc.moe=0.000s(1%) tail=0.000s(0%) head=0.004s(8%) other=0.000s(1%) call=0.046s | tiles=67 ahead=67 experts=357 miss=12 io=0.010s 4.0GB/s]
[prefill gpuq busy=0.031s(67%) idle=0.015s(33%) span=0.046s buffers=158]
[prefill gpu attn=0.011s(35%) shared=0.004s(12%) moe=0.012s(40%) tail=0.001s(2%) head=0.003s(11%) total=0.031s]
[prefill host enc.front=0.002s(3%) wait.front=0.025s(54%) drain=0.000s(1%) route=0.000s(0%) meta=0.000s(0%) fetch=0.014s(31%) enc.moe=0.001s(1%) tail=0.000s(0%) head=0.004s(8%) other=0.000s(1%) call=0.046s | tiles=69 ahead=69 experts=345 miss=11 io=0.014s 2.6GB/s]
[prefill gpuq busy=0.030s(66%) idle=0.016s(34%) span=0.046s buffers=160]
[prefill gpu attn=0.011s(37%) shared=0.004s(12%) moe=0.011s(37%) tail=0.001s(3%) head=0.003s(11%) total=0.030s]
[prefill host enc.front=0.002s(4%) wait.front=0.022s(59%) drain=0.000s(1%) route=0.000s(0%) meta=0.000s(0%) fetch=0.009s(24%) enc.moe=0.000s(1%) tail=0.000s(0%) head=0.004s(9%) other=0.000s(1%) call=0.038s | tiles=65 ahead=65 experts=313 miss=10 io=0.009s 3.8GB/s]
[prefill gpuq busy=0.029s(78%) idle=0.008s(22%) span=0.038s buffers=156]
[prefill gpu attn=0.011s(38%) shared=0.003s(12%) moe=0.010s(36%) tail=0.001s(2%) head=0.003s(12%) total=0.028s]
[prefill host enc.front=0.001s(5%) wait.front=0.022s(69%) drain=0.000s(1%) route=0.000s(1%) meta=0.000s(0%) fetch=0.003s(11%) enc.moe=0.000s(1%) tail=0.000s(0%) head=0.004s(11%) other=0.000s(1%) call=0.032s | tiles=60 ahead=60 experts=306 miss=3 io=0.003s 3.0GB/s]
[prefill gpuq busy=0.028s(89%) idle=0.003s(11%) span=0.032s buffers=151]
[prefill gpu attn=0.011s(37%) shared=0.004s(13%) moe=0.010s(36%) tail=0.001s(3%) head=0.003s(12%) total=0.029s]
[prefill host enc.front=0.002s(4%) wait.front=0.022s(63%) drain=0.000s(1%) route=0.000s(1%) meta=0.000s(0%) fetch=0.006s(18%) enc.moe=0.000s(1%) tail=0.000s(0%) head=0.003s(10%) other=0.000s(1%) call=0.034s | tiles=63 ahead=63 experts=301 miss=6 io=0.006s 3.4GB/s]
[prefill gpuq busy=0.028s(84%) idle=0.006s(16%) span=0.034s buffers=154]
[prefill gpu attn=0.011s(37%) shared=0.004s(12%) moe=0.010s(36%) tail=0.001s(3%) head=0.003s(12%) total=0.029s]
[prefill host enc.front=0.002s(5%) wait.front=0.023s(66%) drain=0.000s(1%) route=0.000s(1%) meta=0.000s(0%) fetch=0.005s(14%) enc.moe=0.000s(1%) tail=0.000s(0%) head=0.004s(11%) other=0.000s(1%) call=0.034s | tiles=61 ahead=61 experts=296 miss=6 io=0.005s 4.3GB/s]
[prefill gpuq busy=0.029s(86%) idle=0.005s(14%) span=0.034s buffers=152]
[prefill gpu attn=0.011s(37%) shared=0.004s(13%) moe=0.010s(36%) tail=0.001s(2%) head=0.003s(12%) total=0.028s]
[prefill host enc.front=0.002s(5%) wait.front=0.023s(71%) drain=0.000s(1%) route=0.000s(1%) meta=0.000s(0%) fetch=0.003s(9%) enc.moe=0.000s(1%) tail=0.000s(0%) head=0.004s(11%) other=0.000s(1%) call=0.032s | tiles=60 ahead=60 experts=297 miss=5 io=0.003s 6.1GB/s]
[prefill gpuq busy=0.028s(89%) idle=0.003s(11%) span=0.032s buffers=151]
[prefill gpu attn=0.011s(37%) shared=0.004s(13%) moe=0.010s(36%) tail=0.001s(2%) head=0.003s(12%) total=0.029s]
[prefill host enc.front=0.002s(5%) wait.front=0.023s(75%) drain=0.000s(1%) route=0.000s(1%) meta=0.000s(0%) fetch=0.001s(4%) enc.moe=0.000s(1%) tail=0.000s(0%) head=0.004s(11%) other=0.000s(1%) call=0.031s | tiles=60 ahead=60 experts=306 miss=4 io=0.001s 11.5GB/s]
[prefill gpuq busy=0.029s(93%) idle=0.002s(7%) span=0.031s buffers=151]
[prefill gpu attn=0.011s(35%) shared=0.004s(12%) moe=0.012s(39%) tail=0.001s(2%) head=0.004s(12%) total=0.030s]
[prefill host enc.front=0.002s(4%) wait.front=0.023s(56%) drain=0.001s(1%) route=0.000s(0%) meta=0.000s(0%) fetch=0.011s(26%) enc.moe=0.000s(1%) tail=0.000s(0%) head=0.004s(9%) other=0.000s(1%) call=0.041s | tiles=66 ahead=66 experts=322 miss=18 io=0.011s 5.7GB/s]
[prefill gpuq busy=0.030s(74%) idle=0.011s(26%) span=0.041s buffers=157]
[prefill gpu attn=0.011s(35%) shared=0.004s(13%) moe=0.012s(38%) tail=0.001s(3%) head=0.003s(11%) total=0.030s]
[prefill host enc.front=0.002s(4%) wait.front=0.022s(58%) drain=0.000s(1%) route=0.000s(0%) meta=0.000s(0%) fetch=0.010s(25%) enc.moe=0.000s(1%) tail=0.000s(0%) head=0.004s(9%) other=0.000s(1%) call=0.039s | tiles=67 ahead=67 experts=335 miss=9 io=0.010s 3.2GB/s]
[prefill gpuq busy=0.030s(77%) idle=0.009s(23%) span=0.039s buffers=158]
[prefill gpu attn=0.011s(35%) shared=0.004s(13%) moe=0.012s(38%) tail=0.001s(2%) head=0.003s(11%) total=0.030s]
[prefill host enc.front=0.002s(4%) wait.front=0.022s(63%) drain=0.000s(1%) route=0.000s(1%) meta=0.000s(0%) fetch=0.006s(18%) enc.moe=0.000s(1%) tail=0.000s(0%) head=0.004s(10%) other=0.000s(1%) call=0.035s | tiles=68 ahead=68 experts=337 miss=9 io=0.006s 4.9GB/s]
[prefill gpuq busy=0.030s(85%) idle=0.005s(15%) span=0.035s buffers=159]
[prefill gpu attn=0.011s(36%) shared=0.004s(12%) moe=0.012s(39%) tail=0.001s(2%) head=0.003s(11%) total=0.030s]
[prefill host enc.front=0.002s(4%) wait.front=0.022s(61%) drain=0.001s(2%) route=0.000s(0%) meta=0.000s(0%) fetch=0.007s(20%) enc.moe=0.000s(1%) tail=0.000s(0%) head=0.004s(10%) other=0.000s(1%) call=0.036s | tiles=66 ahead=66 experts=345 miss=9 io=0.007s 4.2GB/s]
[prefill gpuq busy=0.030s(83%) idle=0.006s(17%) span=0.036s buffers=157]
[prefill gpu attn=0.011s(36%) shared=0.003s(12%) moe=0.011s(38%) tail=0.001s(2%) head=0.004s(12%) total=0.030s]
[prefill host enc.front=0.002s(4%) wait.front=0.025s(62%) drain=0.001s(3%) route=0.000s(0%) meta=0.000s(0%) fetch=0.007s(19%) enc.moe=0.000s(1%) tail=0.000s(0%) head=0.004s(9%) other=0.000s(1%) call=0.039s | tiles=66 ahead=66 experts=338 miss=7 io=0.008s 3.2GB/s]
[prefill gpuq busy=0.030s(76%) idle=0.009s(24%) span=0.039s buffers=157]
[prefill gpu attn=0.011s(36%) shared=0.004s(12%) moe=0.011s(38%) tail=0.001s(2%) head=0.003s(11%) total=0.030s]
[prefill host enc.front=0.002s(4%) wait.front=0.022s(56%) drain=0.001s(2%) route=0.000s(0%) meta=0.000s(0%) fetch=0.011s(27%) enc.moe=0.000s(1%) tail=0.000s(0%) head=0.004s(9%) other=0.000s(1%) call=0.040s | tiles=67 ahead=67 experts=330 miss=8 io=0.011s 2.6GB/s]
[prefill gpuq busy=0.030s(75%) idle=0.010s(25%) span=0.040s buffers=158]
[prefill gpu attn=0.011s(36%) shared=0.004s(13%) moe=0.011s(36%) tail=0.001s(2%) head=0.004s(12%) total=0.030s]
[prefill host enc.front=0.002s(4%) wait.front=0.024s(66%) drain=0.000s(1%) route=0.000s(1%) meta=0.000s(0%) fetch=0.006s(16%) enc.moe=0.000s(1%) tail=0.000s(0%) head=0.004s(10%) other=0.000s(1%) call=0.037s | tiles=64 ahead=64 experts=302 miss=5 io=0.006s 3.0GB/s]
[prefill gpuq busy=0.029s(80%) idle=0.007s(20%) span=0.037s buffers=155]
[prefill gpu attn=0.011s(38%) shared=0.004s(13%) moe=0.010s(35%) tail=0.001s(3%) head=0.003s(12%) total=0.028s]
[prefill host enc.front=0.002s(5%) wait.front=0.022s(69%) drain=0.000s(1%) route=0.000s(1%) meta=0.000s(0%) fetch=0.003s(10%) enc.moe=0.000s(1%) tail=0.000s(0%) head=0.004s(11%) other=0.000s(1%) call=0.032s | tiles=58 ahead=58 experts=289 miss=10 io=0.003s 10.8GB/s]
[prefill gpuq busy=0.028s(89%) idle=0.003s(11%) span=0.032s buffers=149]
[prefill gpu attn=0.011s(38%) shared=0.004s(12%) moe=0.010s(36%) tail=0.001s(2%) head=0.003s(12%) total=0.028s]
[prefill host enc.front=0.001s(5%) wait.front=0.023s(76%) drain=0.000s(1%) route=0.000s(1%) meta=0.000s(0%) fetch=0.001s(2%) enc.moe=0.000s(1%) tail=0.000s(0%) head=0.004s(12%) other=0.000s(1%) call=0.030s | tiles=57 ahead=57 experts=305 miss=2 io=0.001s 10.6GB/s]
[prefill gpuq busy=0.028s(96%) idle=0.001s(4%) span=0.029s buffers=148]
[prefill gpu attn=0.011s(37%) shared=0.004s(12%) moe=0.010s(36%) tail=0.001s(2%) head=0.003s(12%) total=0.029s]
[prefill host enc.front=0.002s(4%) wait.front=0.021s(61%) drain=0.000s(1%) route=0.000s(0%) meta=0.000s(0%) fetch=0.007s(21%) enc.moe=0.000s(1%) tail=0.000s(0%) head=0.004s(10%) other=0.000s(1%) call=0.035s | tiles=63 ahead=63 experts=299 miss=6 io=0.007s 2.9GB/s]
[prefill gpuq busy=0.029s(83%) idle=0.006s(17%) span=0.035s buffers=154]
[prefill gpu attn=0.011s(36%) shared=0.004s(12%) moe=0.011s(38%) tail=0.001s(2%) head=0.004s(12%) total=0.030s]
[prefill host enc.front=0.002s(5%) wait.front=0.024s(70%) drain=0.001s(2%) route=0.000s(1%) meta=0.000s(0%) fetch=0.003s(10%) enc.moe=0.000s(1%) tail=0.000s(0%) head=0.004s(11%) other=0.000s(1%) call=0.034s | tiles=63 ahead=63 experts=321 miss=5 io=0.003s 5.2GB/s]
[prefill gpuq busy=0.030s(87%) idle=0.004s(13%) span=0.034s buffers=154]
[prefill gpu attn=0.011s(35%) shared=0.004s(12%) moe=0.012s(39%) tail=0.001s(2%) head=0.003s(12%) total=0.030s]
[prefill host enc.front=0.002s(4%) wait.front=0.023s(66%) drain=0.000s(1%) route=0.000s(0%) meta=0.000s(0%) fetch=0.005s(15%) enc.moe=0.000s(1%) tail=0.000s(0%) head=0.004s(10%) other=0.000s(1%) call=0.035s | tiles=65 ahead=65 experts=350 miss=7 io=0.005s 4.6GB/s]
[prefill gpuq busy=0.030s(86%) idle=0.005s(14%) span=0.035s buffers=156]
[prefill gpu attn=0.011s(36%) shared=0.004s(13%) moe=0.011s(37%) tail=0.001s(3%) head=0.003s(11%) total=0.030s]
[prefill host enc.front=0.002s(3%) wait.front=0.024s(52%) drain=0.001s(2%) route=0.000s(0%) meta=0.000s(0%) fetch=0.015s(32%) enc.moe=0.000s(1%) tail=0.000s(0%) head=0.004s(8%) other=0.000s(1%) call=0.047s | tiles=66 ahead=66 experts=305 miss=18 io=0.015s 4.1GB/s]
[prefill gpuq busy=0.030s(64%) idle=0.017s(36%) span=0.047s buffers=157]
[prefill gpu attn=0.011s(35%) shared=0.004s(12%) moe=0.012s(40%) tail=0.001s(2%) head=0.003s(11%) total=0.030s]
[prefill host enc.front=0.002s(4%) wait.front=0.024s(61%) drain=0.001s(1%) route=0.000s(1%) meta=0.000s(0%) fetch=0.008s(21%) enc.moe=0.001s(1%) tail=0.000s(0%) head=0.004s(9%) other=0.000s(1%) call=0.039s | tiles=67 ahead=67 experts=349 miss=10 io=0.008s 4.2GB/s]
[prefill gpuq busy=0.030s(78%) idle=0.008s(22%) span=0.039s buffers=158]
[prefill gpu attn=0.011s(35%) shared=0.004s(12%) moe=0.012s(39%) tail=0.001s(2%) head=0.003s(11%) total=0.031s]
[prefill host enc.front=0.002s(3%) wait.front=0.031s(64%) drain=0.000s(1%) route=0.000s(0%) meta=0.000s(0%) fetch=0.011s(22%) enc.moe=0.000s(1%) tail=0.000s(0%) head=0.004s(7%) other=0.000s(1%) call=0.049s | tiles=63 ahead=63 experts=326 miss=14 io=0.011s 4.6GB/s]
[prefill gpuq busy=0.031s(63%) idle=0.018s(37%) span=0.049s buffers=154]
[prefill gpu attn=0.011s(35%) shared=0.004s(11%) moe=0.013s(41%) tail=0.001s(2%) head=0.003s(11%) total=0.032s]
[prefill host enc.front=0.002s(4%) wait.front=0.027s(61%) drain=0.001s(2%) route=0.000s(0%) meta=0.000s(0%) fetch=0.010s(23%) enc.moe=0.000s(1%) tail=0.000s(0%) head=0.004s(8%) other=0.000s(1%) call=0.045s | tiles=68 ahead=68 experts=366 miss=10 io=0.010s 3.4GB/s]
[prefill gpuq busy=0.032s(71%) idle=0.013s(29%) span=0.044s buffers=159]
[prefill gpu attn=0.011s(35%) shared=0.004s(13%) moe=0.011s(38%) tail=0.001s(2%) head=0.003s(11%) total=0.030s]
[prefill host enc.front=0.002s(4%) wait.front=0.025s(67%) drain=0.000s(1%) route=0.000s(0%) meta=0.000s(0%) fetch=0.006s(16%) enc.moe=0.000s(1%) tail=0.000s(0%) head=0.004s(9%) other=0.000s(1%) call=0.038s | tiles=66 ahead=66 experts=331 miss=10 io=0.006s 5.8GB/s]
[prefill gpuq busy=0.030s(78%) idle=0.008s(22%) span=0.038s buffers=157]
[prefill gpu attn=0.011s(35%) shared=0.004s(12%) moe=0.012s(40%) tail=0.001s(2%) head=0.003s(11%) total=0.031s]
[prefill host enc.front=0.002s(4%) wait.front=0.024s(66%) drain=0.000s(1%) route=0.000s(1%) meta=0.000s(0%) fetch=0.006s(16%) enc.moe=0.000s(1%) tail=0.000s(0%) head=0.004s(10%) other=0.000s(1%) call=0.037s | tiles=67 ahead=67 experts=360 miss=10 io=0.006s 5.9GB/s]
[prefill gpuq busy=0.031s(85%) idle=0.006s(15%) span=0.037s buffers=158]
[prefill gpu attn=0.011s(37%) shared=0.004s(12%) moe=0.011s(36%) tail=0.001s(3%) head=0.004s(12%) total=0.029s]
[prefill host enc.front=0.002s(4%) wait.front=0.023s(69%) drain=0.001s(3%) route=0.000s(0%) meta=0.000s(0%) fetch=0.004s(10%) enc.moe=0.000s(1%) tail=0.000s(0%) head=0.004s(11%) other=0.000s(1%) call=0.034s | tiles=63 ahead=63 experts=314 miss=7 io=0.004s 6.8GB/s]
[prefill gpuq busy=0.029s(87%) idle=0.004s(13%) span=0.034s buffers=154]
[prefill gpu attn=0.011s(37%) shared=0.004s(12%) moe=0.011s(37%) tail=0.001s(2%) head=0.003s(11%) total=0.029s]
[prefill host enc.front=0.002s(4%) wait.front=0.022s(59%) drain=0.000s(1%) route=0.000s(0%) meta=0.000s(0%) fetch=0.009s(24%) enc.moe=0.000s(1%) tail=0.000s(0%) head=0.004s(9%) other=0.000s(1%) call=0.037s | tiles=63 ahead=63 experts=310 miss=10 io=0.009s 3.8GB/s]
[prefill gpuq busy=0.029s(79%) idle=0.008s(21%) span=0.037s buffers=154]
[prefill gpu attn=0.011s(37%) shared=0.004s(12%) moe=0.011s(37%) tail=0.001s(3%) head=0.003s(11%) total=0.029s]
[prefill host enc.front=0.002s(4%) wait.front=0.023s(67%) drain=0.001s(3%) route=0.000s(1%) meta=0.000s(0%) fetch=0.004s(13%) enc.moe=0.000s(1%) tail=0.000s(0%) head=0.004s(10%) other=0.000s(1%) call=0.034s | tiles=63 ahead=63 experts=317 miss=6 io=0.004s 4.8GB/s]
[prefill gpuq busy=0.029s(85%) idle=0.005s(15%) span=0.034s buffers=154]
[prefill gpu attn=0.011s(36%) shared=0.004s(13%) moe=0.011s(37%) tail=0.001s(2%) head=0.004s(12%) total=0.030s]
[prefill host enc.front=0.002s(4%) wait.front=0.024s(57%) drain=0.001s(1%) route=0.000s(0%) meta=0.000s(0%) fetch=0.011s(26%) enc.moe=0.000s(1%) tail=0.000s(0%) head=0.004s(9%) other=0.000s(1%) call=0.042s | tiles=66 ahead=66 experts=306 miss=13 io=0.011s 4.0GB/s]
[prefill gpuq busy=0.030s(70%) idle=0.012s(30%) span=0.042s buffers=157]
[prefill gpu attn=0.011s(36%) shared=0.004s(12%) moe=0.011s(38%) tail=0.001s(3%) head=0.003s(12%) total=0.030s]
[prefill host enc.front=0.002s(4%) wait.front=0.021s(60%) drain=0.000s(1%) route=0.000s(1%) meta=0.000s(0%) fetch=0.008s(21%) enc.moe=0.001s(1%) tail=0.000s(0%) head=0.004s(10%) other=0.000s(1%) call=0.036s | tiles=67 ahead=67 experts=318 miss=15 io=0.008s 6.8GB/s]
[prefill gpuq busy=0.030s(83%) idle=0.006s(17%) span=0.036s buffers=158]
[prefill gpu attn=0.011s(37%) shared=0.004s(12%) moe=0.011s(37%) tail=0.001s(2%) head=0.003s(11%) total=0.029s]
[prefill host enc.front=0.002s(4%) wait.front=0.024s(69%) drain=0.000s(1%) route=0.000s(1%) meta=0.000s(0%) fetch=0.004s(12%) enc.moe=0.000s(1%) tail=0.000s(0%) head=0.004s(10%) other=0.000s(1%) call=0.034s | tiles=64 ahead=64 experts=317 miss=6 io=0.004s 5.2GB/s]
[prefill gpuq busy=0.029s(86%) idle=0.005s(14%) span=0.034s buffers=155]
[prefill gpu attn=0.011s(38%) shared=0.004s(13%) moe=0.010s(35%) tail=0.001s(3%) head=0.003s(12%) total=0.028s]
[prefill host enc.front=0.001s(5%) wait.front=0.022s(76%) drain=0.000s(1%) route=0.000s(1%) meta=0.000s(0%) fetch=0.001s(2%) enc.moe=0.000s(1%) tail=0.000s(0%) head=0.004s(12%) other=0.000s(1%) call=0.029s | tiles=55 ahead=55 experts=297 miss=2 io=0.001s 10.6GB/s]
[prefill gpuq busy=0.028s(96%) idle=0.001s(4%) span=0.029s buffers=146]
[prefill gpu attn=0.011s(37%) shared=0.004s(12%) moe=0.011s(37%) tail=0.001s(2%) head=0.003s(12%) total=0.030s]
[prefill host enc.front=0.002s(4%) wait.front=0.023s(62%) drain=0.001s(2%) route=0.000s(0%) meta=0.000s(0%) fetch=0.007s(19%) enc.moe=0.000s(1%) tail=0.000s(0%) head=0.004s(10%) other=0.000s(1%) call=0.037s | tiles=63 ahead=63 experts=298 miss=11 io=0.007s 5.5GB/s]
[prefill gpuq busy=0.029s(80%) idle=0.007s(20%) span=0.037s buffers=154]
[prefill gpu attn=0.011s(37%) shared=0.004s(12%) moe=0.011s(37%) tail=0.001s(2%) head=0.004s(12%) total=0.029s]
[prefill host enc.front=0.002s(4%) wait.front=0.024s(69%) drain=0.000s(1%) route=0.000s(1%) meta=0.000s(0%) fetch=0.004s(11%) enc.moe=0.000s(1%) tail=0.000s(0%) head=0.004s(11%) other=0.000s(1%) call=0.035s | tiles=62 ahead=62 experts=321 miss=3 io=0.004s 2.6GB/s]
[prefill gpuq busy=0.029s(84%) idle=0.006s(16%) span=0.035s buffers=153]
[prefill gpu attn=0.011s(37%) shared=0.004s(13%) moe=0.010s(35%) tail=0.001s(3%) head=0.004s(13%) total=0.029s]
[prefill host enc.front=0.002s(5%) wait.front=0.023s(69%) drain=0.001s(2%) route=0.000s(0%) meta=0.000s(0%) fetch=0.003s(10%) enc.moe=0.000s(1%) tail=0.000s(0%) head=0.004s(12%) other=0.000s(1%) call=0.033s | tiles=58 ahead=58 experts=291 miss=4 io=0.003s 4.4GB/s]
[prefill gpuq busy=0.028s(86%) idle=0.004s(14%) span=0.033s buffers=149]
[prefill gpu attn=0.011s(37%) shared=0.004s(12%) moe=0.011s(37%) tail=0.001s(2%) head=0.003s(12%) total=0.030s]
[prefill host enc.front=0.002s(4%) wait.front=0.022s(63%) drain=0.000s(1%) route=0.000s(0%) meta=0.000s(0%) fetch=0.007s(18%) enc.moe=0.000s(1%) tail=0.000s(0%) head=0.004s(10%) other=0.000s(1%) call=0.036s | tiles=65 ahead=65 experts=317 miss=7 io=0.007s 3.6GB/s]
[prefill gpuq busy=0.030s(83%) idle=0.006s(17%) span=0.035s buffers=156]
[prefill gpu attn=0.011s(38%) shared=0.004s(13%) moe=0.010s(35%) tail=0.001s(2%) head=0.003s(12%) total=0.029s]
[prefill host enc.front=0.002s(4%) wait.front=0.025s(65%) drain=0.001s(2%) route=0.000s(0%) meta=0.000s(0%) fetch=0.006s(17%) enc.moe=0.000s(1%) tail=0.000s(0%) head=0.004s(10%) other=0.000s(1%) call=0.038s | tiles=63 ahead=63 experts=297 miss=6 io=0.006s 3.3GB/s]
[prefill gpuq busy=0.029s(77%) idle=0.009s(23%) span=0.037s buffers=154]
[prefill gpu attn=0.011s(37%) shared=0.003s(12%) moe=0.011s(37%) tail=0.001s(3%) head=0.003s(12%) total=0.029s]
[prefill host enc.front=0.002s(5%) wait.front=0.023s(68%) drain=0.001s(2%) route=0.000s(1%) meta=0.000s(0%) fetch=0.004s(12%) enc.moe=0.000s(1%) tail=0.000s(0%) head=0.004s(11%) other=0.000s(1%) call=0.034s | tiles=64 ahead=64 experts=319 miss=5 io=0.004s 4.4GB/s]
[prefill gpuq busy=0.029s(88%) idle=0.004s(12%) span=0.033s buffers=155]
[prefill gpu attn=0.011s(37%) shared=0.004s(12%) moe=0.011s(36%) tail=0.001s(3%) head=0.004s(12%) total=0.030s]
[prefill host enc.front=0.001s(5%) wait.front=0.023s(76%) drain=0.000s(2%) route=0.000s(1%) meta=0.000s(0%) fetch=0.001s(2%) enc.moe=0.000s(1%) tail=0.000s(0%) head=0.004s(12%) other=0.000s(1%) call=0.030s | tiles=59 ahead=59 experts=315 miss=1 io=0.001s 5.8GB/s]
[prefill gpuq busy=0.029s(98%) idle=0.001s(2%) span=0.030s buffers=150]
[prefill gpu attn=0.011s(37%) shared=0.004s(12%) moe=0.011s(37%) tail=0.001s(3%) head=0.003s(12%) total=0.029s]
[prefill host enc.front=0.002s(5%) wait.front=0.022s(66%) drain=0.000s(1%) route=0.000s(1%) meta=0.000s(0%) fetch=0.005s(15%) enc.moe=0.000s(1%) tail=0.000s(0%) head=0.004s(11%) other=0.000s(1%) call=0.033s | tiles=64 ahead=64 experts=309 miss=13 io=0.005s 9.2GB/s]
[prefill gpuq busy=0.029s(87%) idle=0.004s(13%) span=0.033s buffers=155]
[prefill gpu attn=0.011s(38%) shared=0.004s(12%) moe=0.010s(36%) tail=0.001s(2%) head=0.003s(12%) total=0.029s]
[prefill host enc.front=0.002s(4%) wait.front=0.023s(66%) drain=0.000s(1%) route=0.000s(1%) meta=0.000s(0%) fetch=0.005s(15%) enc.moe=0.000s(1%) tail=0.000s(0%) head=0.004s(10%) other=0.000s(1%) call=0.034s | tiles=60 ahead=60 experts=295 miss=8 io=0.005s 5.4GB/s]
[prefill gpuq busy=0.029s(84%) idle=0.006s(16%) span=0.034s buffers=151]
[prefill gpu attn=0.011s(35%) shared=0.004s(12%) moe=0.012s(39%) tail=0.001s(2%) head=0.004s(12%) total=0.031s]
[prefill host enc.front=0.002s(4%) wait.front=0.023s(59%) drain=0.001s(1%) route=0.000s(0%) meta=0.000s(0%) fetch=0.009s(23%) enc.moe=0.000s(1%) tail=0.000s(0%) head=0.004s(10%) other=0.000s(1%) call=0.039s | tiles=65 ahead=65 experts=340 miss=12 io=0.009s 4.7GB/s]
[prefill gpuq busy=0.031s(79%) idle=0.008s(21%) span=0.039s buffers=156]
[prefill gpu attn=0.011s(35%) shared=0.004s(12%) moe=0.012s(39%) tail=0.001s(2%) head=0.003s(11%) total=0.031s]
[prefill host enc.front=0.002s(4%) wait.front=0.024s(66%) drain=0.000s(1%) route=0.000s(1%) meta=0.000s(0%) fetch=0.006s(16%) enc.moe=0.000s(1%) tail=0.000s(0%) head=0.004s(10%) other=0.000s(1%) call=0.036s | tiles=67 ahead=67 experts=350 miss=9 io=0.006s 5.4GB/s]
[prefill gpuq busy=0.031s(85%) idle=0.006s(15%) span=0.036s buffers=158]
[prefill gpu attn=0.011s(37%) shared=0.004s(12%) moe=0.012s(38%) tail=0.001s(2%) head=0.003s(11%) total=0.030s]
[prefill host enc.front=0.002s(4%) wait.front=0.022s(60%) drain=0.001s(3%) route=0.000s(0%) meta=0.000s(0%) fetch=0.008s(21%) enc.moe=0.000s(1%) tail=0.000s(0%) head=0.004s(10%) other=0.000s(1%) call=0.037s | tiles=65 ahead=65 experts=324 miss=14 io=0.008s 6.2GB/s]
[prefill gpuq busy=0.030s(82%) idle=0.007s(18%) span=0.037s buffers=156]
[prefill gpu attn=0.011s(35%) shared=0.004s(12%) moe=0.012s(39%) tail=0.001s(2%) head=0.004s(12%) total=0.030s]
[prefill host enc.front=0.002s(5%) wait.front=0.022s(64%) drain=0.000s(1%) route=0.000s(1%) meta=0.000s(0%) fetch=0.006s(16%) enc.moe=0.000s(1%) tail=0.000s(0%) head=0.004s(11%) other=0.000s(1%) call=0.035s | tiles=66 ahead=66 experts=351 miss=7 io=0.006s 4.3GB/s]
[prefill gpuq busy=0.030s(88%) idle=0.004s(12%) span=0.034s buffers=157]
[prefill gpu attn=0.011s(34%) shared=0.004s(12%) moe=0.013s(41%) tail=0.001s(2%) head=0.004s(11%) total=0.033s]
[prefill host enc.front=0.002s(4%) wait.front=0.028s(63%) drain=0.001s(1%) route=0.000s(0%) meta=0.000s(0%) fetch=0.009s(21%) enc.moe=0.001s(1%) tail=0.000s(0%) head=0.004s(9%) other=0.000s(1%) call=0.044s | tiles=67 ahead=67 experts=377 miss=14 io=0.009s 5.2GB/s]
[prefill gpuq busy=0.032s(73%) idle=0.012s(27%) span=0.044s buffers=158]
[prefill gpu attn=0.011s(36%) shared=0.004s(12%) moe=0.011s(38%) tail=0.001s(2%) head=0.003s(11%) total=0.030s]
[prefill host enc.front=0.002s(5%) wait.front=0.024s(70%) drain=0.000s(1%) route=0.000s(0%) meta=0.000s(0%) fetch=0.004s(11%) enc.moe=0.000s(1%) tail=0.000s(0%) head=0.004s(11%) other=0.000s(1%) call=0.034s | tiles=66 ahead=66 experts=331 miss=6 io=0.004s 5.6GB/s]
[prefill gpuq busy=0.030s(88%) idle=0.004s(12%) span=0.034s buffers=157]
[prefill gpu attn=0.011s(36%) shared=0.004s(12%) moe=0.011s(38%) tail=0.001s(3%) head=0.004s(12%) total=0.030s]
[prefill host enc.front=0.002s(4%) wait.front=0.023s(58%) drain=0.001s(1%) route=0.000s(0%) meta=0.000s(0%) fetch=0.010s(25%) enc.moe=0.000s(1%) tail=0.000s(0%) head=0.004s(9%) other=0.000s(1%) call=0.041s | tiles=68 ahead=68 experts=325 miss=13 io=0.010s 4.4GB/s]
[prefill gpuq busy=0.030s(74%) idle=0.010s(26%) span=0.040s buffers=159]
[prefill gpu attn=0.011s(36%) shared=0.004s(12%) moe=0.011s(38%) tail=0.001s(2%) head=0.003s(11%) total=0.030s]
[prefill host enc.front=0.002s(4%) wait.front=0.024s(68%) drain=0.000s(1%) route=0.000s(0%) meta=0.000s(0%) fetch=0.004s(13%) enc.moe=0.000s(1%) tail=0.000s(0%) head=0.004s(10%) other=0.000s(1%) call=0.035s | tiles=64 ahead=64 experts=343 miss=5 io=0.005s 3.8GB/s]
[prefill gpuq busy=0.030s(86%) idle=0.005s(14%) span=0.035s buffers=155]
[prefill gpu attn=0.011s(37%) shared=0.004s(13%) moe=0.010s(36%) tail=0.001s(2%) head=0.003s(12%) total=0.029s]
[prefill host enc.front=0.002s(5%) wait.front=0.022s(64%) drain=0.001s(3%) route=0.000s(1%) meta=0.000s(0%) fetch=0.005s(15%) enc.moe=0.000s(1%) tail=0.000s(0%) head=0.004s(10%) other=0.000s(1%) call=0.034s | tiles=60 ahead=60 experts=292 miss=8 io=0.005s 5.4GB/s]
[prefill gpuq busy=0.029s(85%) idle=0.005s(15%) span=0.034s buffers=151]
[prefill gpu attn=0.011s(37%) shared=0.004s(13%) moe=0.010s(36%) tail=0.001s(2%) head=0.003s(12%) total=0.029s]
[prefill host enc.front=0.002s(5%) wait.front=0.023s(73%) drain=0.000s(1%) route=0.000s(1%) meta=0.000s(0%) fetch=0.002s(7%) enc.moe=0.000s(1%) tail=0.000s(0%) head=0.004s(11%) other=0.000s(1%) call=0.032s | tiles=62 ahead=62 experts=311 miss=3 io=0.002s 4.8GB/s]
[prefill gpuq busy=0.029s(90%) idle=0.003s(10%) span=0.032s buffers=153]
[prefill gpu attn=0.011s(38%) shared=0.004s(12%) moe=0.010s(36%) tail=0.001s(3%) head=0.003s(12%) total=0.029s]
[prefill host enc.front=0.001s(5%) wait.front=0.023s(74%) drain=0.001s(2%) route=0.000s(1%) meta=0.000s(0%) fetch=0.002s(5%) enc.moe=0.000s(1%) tail=0.000s(0%) head=0.004s(12%) other=0.000s(1%) call=0.031s | tiles=62 ahead=62 experts=301 miss=3 io=0.002s 6.7GB/s]
[prefill gpuq busy=0.029s(93%) idle=0.002s(7%) span=0.031s buffers=153]
[prefill gpu attn=0.011s(37%) shared=0.003s(12%) moe=0.011s(36%) tail=0.001s(2%) head=0.004s(12%) total=0.029s]
[prefill host enc.front=0.002s(4%) wait.front=0.023s(64%) drain=0.000s(1%) route=0.000s(1%) meta=0.000s(0%) fetch=0.006s(17%) enc.moe=0.000s(1%) tail=0.000s(0%) head=0.004s(11%) other=0.000s(1%) call=0.035s | tiles=63 ahead=63 experts=306 miss=6 io=0.006s 3.4GB/s]
[prefill gpuq busy=0.029s(83%) idle=0.006s(17%) span=0.035s buffers=154]
[prefill gpu attn=0.011s(38%) shared=0.004s(12%) moe=0.011s(36%) tail=0.001s(3%) head=0.003s(12%) total=0.029s]
[prefill host enc.front=0.002s(4%) wait.front=0.024s(68%) drain=0.000s(1%) route=0.000s(1%) meta=0.000s(0%) fetch=0.005s(14%) enc.moe=0.000s(1%) tail=0.000s(0%) head=0.004s(10%) other=0.000s(1%) call=0.036s | tiles=60 ahead=60 experts=305 miss=8 io=0.005s 5.6GB/s]
[prefill gpuq busy=0.029s(82%) idle=0.006s(18%) span=0.036s buffers=151]
[prefill gpu attn=0.011s(35%) shared=0.004s(13%) moe=0.012s(38%) tail=0.001s(2%) head=0.004s(12%) total=0.031s]
[prefill host enc.front=0.002s(4%) wait.front=0.023s(58%) drain=0.001s(1%) route=0.000s(1%) meta=0.000s(0%) fetch=0.009s(23%) enc.moe=0.001s(1%) tail=0.000s(0%) head=0.004s(10%) other=0.000s(1%) call=0.039s | tiles=65 ahead=65 experts=325 miss=10 io=0.009s 3.8GB/s]
[prefill gpuq busy=0.030s(78%) idle=0.008s(22%) span=0.039s buffers=156]
[prefill gpu attn=0.011s(36%) shared=0.004s(12%) moe=0.011s(38%) tail=0.001s(2%) head=0.003s(11%) total=0.030s]
[prefill host enc.front=0.002s(5%) wait.front=0.023s(73%) drain=0.000s(1%) route=0.000s(1%) meta=0.000s(0%) fetch=0.002s(6%) enc.moe=0.000s(1%) tail=0.000s(0%) head=0.004s(11%) other=0.000s(1%) call=0.032s | tiles=61 ahead=61 experts=335 miss=5 io=0.002s 9.2GB/s]
[prefill gpuq busy=0.030s(95%) idle=0.002s(5%) span=0.031s buffers=152]
[prefill gpu attn=0.011s(38%) shared=0.004s(12%) moe=0.010s(35%) tail=0.001s(3%) head=0.003s(12%) total=0.028s]
[prefill host enc.front=0.002s(5%) wait.front=0.024s(77%) drain=0.001s(2%) route=0.000s(1%) meta=0.000s(0%) fetch=0.001s(2%) enc.moe=0.000s(1%) tail=0.000s(0%) head=0.004s(12%) other=0.000s(1%) call=0.031s | tiles=59 ahead=59 experts=295 miss=1 io=0.001s 5.5GB/s]
[prefill gpuq busy=0.028s(91%) idle=0.003s(9%) span=0.031s buffers=150]
[prefill gpu attn=0.011s(37%) shared=0.004s(12%) moe=0.011s(37%) tail=0.001s(2%) head=0.004s(12%) total=0.030s]
[prefill host enc.front=0.002s(4%) wait.front=0.023s(58%) drain=0.001s(1%) route=0.000s(0%) meta=0.000s(0%) fetch=0.010s(25%) enc.moe=0.000s(1%) tail=0.000s(0%) head=0.004s(10%) other=0.000s(1%) call=0.040s | tiles=65 ahead=65 experts=320 miss=7 io=0.010s 2.4GB/s]
[prefill gpuq busy=0.030s(75%) idle=0.010s(25%) span=0.040s buffers=156]
[prefill gpu attn=0.011s(36%) shared=0.004s(12%) moe=0.011s(37%) tail=0.001s(3%) head=0.004s(12%) total=0.030s]
[prefill host enc.front=0.002s(5%) wait.front=0.024s(67%) drain=0.000s(1%) route=0.000s(1%) meta=0.000s(0%) fetch=0.004s(13%) enc.moe=0.001s(1%) tail=0.000s(0%) head=0.004s(11%) other=0.000s(1%) call=0.035s | tiles=61 ahead=61 experts=315 miss=10 io=0.004s 7.7GB/s]
[prefill gpuq busy=0.030s(85%) idle=0.005s(15%) span=0.035s buffers=152]
[prefill gpu attn=0.011s(37%) shared=0.004s(12%) moe=0.011s(37%) tail=0.001s(2%) head=0.003s(12%) total=0.029s]
[prefill host enc.front=0.001s(5%) wait.front=0.023s(74%) drain=0.000s(1%) route=0.000s(1%) meta=0.000s(0%) fetch=0.002s(6%) enc.moe=0.000s(1%) tail=0.000s(0%) head=0.004s(11%) other=0.000s(1%) call=0.031s | tiles=61 ahead=61 experts=322 miss=3 io=0.002s 6.0GB/s]
[prefill gpuq busy=0.029s(94%) idle=0.002s(6%) span=0.031s buffers=152]
[prefill gpu attn=0.011s(38%) shared=0.004s(13%) moe=0.010s(35%) tail=0.001s(2%) head=0.003s(12%) total=0.028s]
[prefill host enc.front=0.002s(5%) wait.front=0.022s(69%) drain=0.000s(1%) route=0.000s(1%) meta=0.000s(0%) fetch=0.003s(10%) enc.moe=0.000s(1%) tail=0.000s(0%) head=0.004s(12%) other=0.000s(1%) call=0.032s | tiles=54 ahead=54 experts=279 miss=8 io=0.003s 8.9GB/s]
[prefill gpuq busy=0.028s(90%) idle=0.003s(10%) span=0.031s buffers=145]
[prefill gpu attn=0.011s(37%) shared=0.004s(13%) moe=0.011s(37%) tail=0.001s(2%) head=0.003s(12%) total=0.029s]
[prefill host enc.front=0.002s(5%) wait.front=0.023s(68%) drain=0.000s(1%) route=0.000s(1%) meta=0.000s(0%) fetch=0.004s(12%) enc.moe=0.000s(1%) tail=0.000s(0%) head=0.004s(11%) other=0.000s(1%) call=0.033s | tiles=63 ahead=63 experts=310 miss=5 io=0.004s 4.5GB/s]
[prefill gpuq busy=0.029s(87%) idle=0.004s(13%) span=0.033s buffers=154]
[prefill gpu attn=0.011s(37%) shared=0.003s(12%) moe=0.011s(37%) tail=0.001s(2%) head=0.003s(11%) total=0.029s]
[prefill host enc.front=0.002s(4%) wait.front=0.022s(62%) drain=0.000s(1%) route=0.000s(0%) meta=0.000s(0%) fetch=0.007s(20%) enc.moe=0.000s(1%) tail=0.000s(0%) head=0.004s(10%) other=0.000s(1%) call=0.036s | tiles=65 ahead=65 experts=319 miss=8 io=0.007s 3.8GB/s]
[prefill gpuq busy=0.029s(81%) idle=0.007s(19%) span=0.036s buffers=156]
[prefill gpu attn=0.011s(37%) shared=0.003s(12%) moe=0.011s(37%) tail=0.001s(3%) head=0.003s(12%) total=0.029s]
[prefill host enc.front=0.002s(4%) wait.front=0.024s(62%) drain=0.000s(1%) route=0.000s(0%) meta=0.000s(0%) fetch=0.008s(21%) enc.moe=0.000s(1%) tail=0.000s(0%) head=0.004s(9%) other=0.000s(1%) call=0.039s | tiles=62 ahead=62 experts=316 miss=10 io=0.008s 4.2GB/s]
[prefill gpuq busy=0.029s(76%) idle=0.010s(24%) span=0.039s buffers=153]
[prefill gpu attn=0.011s(35%) shared=0.004s(12%) moe=0.013s(40%) tail=0.001s(2%) head=0.003s(11%) total=0.032s]
[prefill host enc.front=0.002s(4%) wait.front=0.025s(64%) drain=0.001s(2%) route=0.000s(1%) meta=0.000s(0%) fetch=0.007s(18%) enc.moe=0.001s(1%) tail=0.000s(0%) head=0.004s(9%) other=0.000s(1%) call=0.039s | tiles=67 ahead=67 experts=369 miss=10 io=0.007s 5.0GB/s]
[prefill gpuq busy=0.032s(81%) idle=0.007s(19%) span=0.039s buffers=158]
[prefill gpu attn=0.011s(35%) shared=0.004s(11%) moe=0.013s(41%) tail=0.001s(2%) head=0.003s(11%) total=0.032s]
[prefill host enc.front=0.002s(4%) wait.front=0.023s(60%) drain=0.000s(1%) route=0.000s(0%) meta=0.000s(0%) fetch=0.009s(23%) enc.moe=0.001s(1%) tail=0.000s(0%) head=0.004s(9%) other=0.000s(1%) call=0.039s | tiles=68 ahead=68 experts=386 miss=13 io=0.009s 5.1GB/s]
[prefill gpuq busy=0.031s(82%) idle=0.007s(18%) span=0.038s buffers=159]
[prefill gpu attn=0.011s(37%) shared=0.004s(13%) moe=0.010s(35%) tail=0.001s(2%) head=0.004s(12%) total=0.029s]
[prefill host enc.front=0.002s(5%) wait.front=0.021s(63%) drain=0.001s(3%) route=0.000s(1%) meta=0.000s(0%) fetch=0.005s(15%) enc.moe=0.000s(1%) tail=0.000s(0%) head=0.004s(11%) other=0.000s(1%) call=0.033s | tiles=57 ahead=57 experts=293 miss=7 io=0.005s 4.8GB/s]
[prefill gpuq busy=0.029s(88%) idle=0.004s(12%) span=0.033s buffers=148]
[prefill gpu attn=0.011s(37%) shared=0.004s(12%) moe=0.011s(36%) tail=0.001s(3%) head=0.003s(12%) total=0.029s]
[prefill host enc.front=0.002s(5%) wait.front=0.023s(71%) drain=0.000s(2%) route=0.000s(1%) meta=0.000s(0%) fetch=0.003s(9%) enc.moe=0.000s(1%) tail=0.000s(0%) head=0.004s(11%) other=0.000s(1%) call=0.033s | tiles=61 ahead=61 experts=297 miss=7 io=0.003s 8.0GB/s]
[prefill gpuq busy=0.029s(89%) idle=0.004s(11%) span=0.033s buffers=152]
[prefill gpu attn=0.011s(38%) shared=0.004s(12%) moe=0.010s(36%) tail=0.001s(3%) head=0.003s(12%) total=0.029s]
[prefill host enc.front=0.002s(5%) wait.front=0.024s(70%) drain=0.000s(1%) route=0.000s(0%) meta=0.000s(0%) fetch=0.003s(10%) enc.moe=0.000s(1%) tail=0.000s(0%) head=0.004s(11%) other=0.000s(1%) call=0.034s | tiles=60 ahead=60 experts=304 miss=2 io=0.003s 2.0GB/s]
[prefill gpuq busy=0.029s(86%) idle=0.005s(14%) span=0.033s buffers=151]
[prefill gpu attn=0.011s(37%) shared=0.004s(13%) moe=0.010s(35%) tail=0.001s(3%) head=0.003s(12%) total=0.029s]
[prefill host enc.front=0.002s(5%) wait.front=0.021s(67%) drain=0.001s(4%) route=0.000s(1%) meta=0.000s(0%) fetch=0.003s(9%) enc.moe=0.000s(1%) tail=0.000s(0%) head=0.004s(12%) other=0.000s(1%) call=0.031s | tiles=59 ahead=59 experts=284 miss=8 io=0.003s 10.0GB/s]
[prefill gpuq busy=0.028s(92%) idle=0.002s(8%) span=0.031s buffers=150]
[prefill gpu attn=0.013s(46%) shared=0.004s(13%) moe=0.007s(26%) tail=0.001s(3%) head=0.003s(12%) total=0.028s]
[prefill host enc.front=0.002s(5%) wait.front=0.022s(74%) drain=0.000s(1%) route=0.000s(0%) meta=0.000s(0%) fetch=0.002s(5%) enc.moe=0.000s(1%) tail=0.000s(0%) head=0.004s(12%) other=0.000s(1%) call=0.030s | tiles=33 ahead=33 experts=240 miss=3 io=0.002s 6.8GB/s]
[prefill gpuq busy=0.028s(94%) idle=0.002s(6%) span=0.029s buffers=124]

[stop=maxTokens prefill=365tok new=192tok decode=5.90s tok/s=32.565]
[load=0.759s layerVerify=0.000s/30layers prefill=4.219s ttft=4.221s peak=6.75GB rss=3.64GB]
[expert prefill hit=0.0% 0/2734 io=1.683s | decode hit=96.0% 37121/38675 io=1.468s]
[vision images=1 soft=260 tower=1.754s towerLoad=0.002s]
[decode/tok io=0.00ms cb1=0.00ms cb2=0.00ms head=0.00ms]
[mtp bs=2 rounds=121 accept=0.579/1 tok/round=1.587 draft=0.441s verify=5.214s accepted=51,70]
