[prefill gpu attn=0.395s(30%) shared=0.114s(9%) moe=0.779s(60%) tail=0.007s(1%) head=0.003s(0%) total=1.299s]
[prefill host enc.front=0.002s(0%) wait.front=0.528s(22%) drain=0.000s(0%) route=0.006s(0%) wait.shared=0.108s(4%) meta=0.000s(0%) fetch=1.660s(68%) enc.moe=0.015s(1%) wait.tile=0.094s(4%) tail=0.014s(1%) head=0.004s(0%) other=0.006s(0%) call=2.437s | tiles=358 ahead=0 experts=0 miss=0 io=0.000s 0.0GB/s]
[prefill gpuq busy=1.299s(56%) idle=1.011s(44%) span=2.309s buffers=449]
[prefill gpu attn=0.032s(59%) shared=0.004s(7%) moe=0.014s(26%) tail=0.001s(2%) head=0.003s(6%) total=0.054s]
[prefill host enc.front=0.003s(1%) wait.front=0.078s(34%) drain=0.001s(0%) route=0.001s(0%) meta=0.000s(0%) fetch=0.140s(61%) enc.moe=0.002s(1%) tail=0.000s(0%) head=0.004s(2%) other=0.001s(0%) call=0.228s | tiles=63 ahead=63 experts=336 miss=154 io=0.149s 3.6GB/s]
[prefill gpuq busy=0.054s(24%) idle=0.174s(76%) span=0.227s buffers=154]
[prefill gpu attn=0.013s(34%) shared=0.005s(12%) moe=0.016s(41%) tail=0.001s(3%) head=0.004s(10%) total=0.040s]
[prefill host enc.front=0.002s(2%) wait.front=0.032s(33%) drain=0.000s(0%) route=0.000s(0%) meta=0.000s(0%) fetch=0.056s(58%) enc.moe=0.001s(1%) tail=0.000s(0%) head=0.004s(4%) other=0.001s(1%) call=0.097s | tiles=72 ahead=72 experts=324 miss=59 io=0.056s 3.6GB/s]
[prefill gpuq busy=0.039s(41%) idle=0.057s(59%) span=0.097s buffers=163]
[prefill gpu attn=0.012s(34%) shared=0.004s(11%) moe=0.014s(42%) tail=0.001s(3%) head=0.003s(10%) total=0.034s]
[prefill host enc.front=0.002s(2%) wait.front=0.031s(39%) drain=0.000s(0%) route=0.000s(0%) meta=0.000s(0%) fetch=0.042s(52%) enc.moe=0.001s(1%) tail=0.000s(0%) head=0.004s(4%) other=0.000s(1%) call=0.081s | tiles=75 ahead=75 experts=340 miss=33 io=0.042s 2.7GB/s]
[prefill gpuq busy=0.034s(42%) idle=0.047s(58%) span=0.081s buffers=166]
[prefill gpu attn=0.011s(34%) shared=0.004s(11%) moe=0.013s(42%) tail=0.001s(3%) head=0.003s(11%) total=0.032s]
[prefill host enc.front=0.002s(2%) wait.front=0.026s(28%) drain=0.000s(0%) route=0.000s(0%) meta=0.000s(0%) fetch=0.058s(63%) enc.moe=0.001s(1%) tail=0.000s(0%) head=0.004s(4%) other=0.001s(1%) call=0.091s | tiles=77 ahead=77 experts=339 miss=48 io=0.058s 2.9GB/s]
[prefill gpuq busy=0.032s(35%) idle=0.059s(65%) span=0.091s buffers=168]
[prefill gpu attn=0.011s(35%) shared=0.003s(11%) moe=0.012s(40%) tail=0.001s(3%) head=0.003s(11%) total=0.031s]
[prefill host enc.front=0.002s(2%) wait.front=0.024s(29%) drain=0.000s(1%) route=0.000s(0%) meta=0.000s(0%) fetch=0.052s(62%) enc.moe=0.001s(1%) tail=0.000s(0%) head=0.004s(4%) other=0.000s(1%) call=0.084s | tiles=69 ahead=69 experts=321 miss=54 io=0.052s 3.6GB/s]
[prefill gpuq busy=0.031s(37%) idle=0.053s(63%) span=0.084s buffers=160]
[prefill gpu attn=0.011s(36%) shared=0.003s(12%) moe=0.012s(39%) tail=0.001s(3%) head=0.003s(11%) total=0.030s]
[prefill host enc.front=0.002s(2%) wait.front=0.029s(40%) drain=0.000s(0%) route=0.000s(0%) meta=0.000s(0%) fetch=0.036s(50%) enc.moe=0.001s(1%) tail=0.000s(0%) head=0.004s(5%) other=0.000s(1%) call=0.072s | tiles=71 ahead=71 experts=305 miss=36 io=0.037s 3.4GB/s]
[prefill gpuq busy=0.030s(41%) idle=0.043s(59%) span=0.072s buffers=162]
[prefill gpu attn=0.011s(35%) shared=0.004s(12%) moe=0.012s(39%) tail=0.001s(3%) head=0.003s(12%) total=0.030s]
[prefill host enc.front=0.002s(3%) wait.front=0.025s(39%) drain=0.001s(1%) route=0.000s(0%) meta=0.000s(0%) fetch=0.032s(50%) enc.moe=0.001s(1%) tail=0.000s(0%) head=0.004s(6%) other=0.000s(1%) call=0.064s | tiles=69 ahead=69 experts=320 miss=25 io=0.032s 2.7GB/s]
[prefill gpuq busy=0.030s(47%) idle=0.034s(53%) span=0.064s buffers=160]
[prefill gpu attn=0.011s(37%) shared=0.004s(12%) moe=0.011s(37%) tail=0.001s(3%) head=0.003s(12%) total=0.029s]
[prefill host enc.front=0.002s(3%) wait.front=0.024s(48%) drain=0.001s(1%) route=0.000s(0%) meta=0.000s(0%) fetch=0.019s(38%) enc.moe=0.001s(1%) tail=0.000s(0%) head=0.004s(7%) other=0.000s(1%) call=0.051s | tiles=67 ahead=67 experts=300 miss=15 io=0.020s 2.7GB/s]
[prefill gpuq busy=0.029s(58%) idle=0.021s(42%) span=0.050s buffers=158]
[prefill gpu attn=0.011s(35%) shared=0.003s(12%) moe=0.012s(40%) tail=0.001s(3%) head=0.003s(11%) total=0.030s]
[prefill host enc.front=0.002s(3%) wait.front=0.023s(44%) drain=0.000s(1%) route=0.000s(0%) meta=0.000s(0%) fetch=0.023s(43%) enc.moe=0.001s(1%) tail=0.000s(0%) head=0.004s(7%) other=0.000s(1%) call=0.053s | tiles=69 ahead=69 experts=337 miss=16 io=0.023s 2.4GB/s]
[prefill gpuq busy=0.030s(57%) idle=0.023s(43%) span=0.053s buffers=160]
[prefill gpu attn=0.011s(36%) shared=0.003s(12%) moe=0.011s(38%) tail=0.001s(2%) head=0.003s(12%) total=0.029s]
[prefill host enc.front=0.002s(3%) wait.front=0.023s(51%) drain=0.001s(3%) route=0.000s(0%) meta=0.000s(0%) fetch=0.015s(33%) enc.moe=0.000s(1%) tail=0.000s(0%) head=0.004s(8%) other=0.000s(1%) call=0.045s | tiles=68 ahead=68 experts=316 miss=12 io=0.015s 2.8GB/s]
[prefill gpuq busy=0.029s(65%) idle=0.016s(35%) span=0.045s buffers=159]
[prefill gpu attn=0.011s(36%) shared=0.003s(12%) moe=0.011s(38%) tail=0.001s(2%) head=0.004s(12%) total=0.030s]
[prefill host enc.front=0.002s(4%) wait.front=0.023s(55%) drain=0.001s(1%) route=0.000s(0%) meta=0.000s(0%) fetch=0.012s(28%) enc.moe=0.000s(1%) tail=0.000s(0%) head=0.004s(9%) other=0.000s(1%) call=0.042s | tiles=64 ahead=64 experts=331 miss=6 io=0.012s 1.7GB/s]
[prefill gpuq busy=0.030s(70%) idle=0.013s(30%) span=0.042s buffers=155]
[prefill gpu attn=0.011s(36%) shared=0.004s(12%) moe=0.012s(39%) tail=0.001s(3%) head=0.003s(11%) total=0.030s]
[prefill host enc.front=0.002s(3%) wait.front=0.025s(48%) drain=0.000s(1%) route=0.000s(0%) meta=0.000s(0%) fetch=0.020s(39%) enc.moe=0.001s(1%) tail=0.000s(0%) head=0.004s(7%) other=0.000s(1%) call=0.052s | tiles=68 ahead=68 experts=332 miss=19 io=0.020s 3.2GB/s]
[prefill gpuq busy=0.030s(58%) idle=0.022s(42%) span=0.052s buffers=159]
[prefill gpu attn=0.011s(35%) shared=0.003s(11%) moe=0.012s(39%) tail=0.001s(2%) head=0.003s(12%) total=0.030s]
[prefill host enc.front=0.002s(4%) wait.front=0.024s(54%) drain=0.000s(1%) route=0.000s(0%) meta=0.000s(0%) fetch=0.014s(31%) enc.moe=0.000s(1%) tail=0.000s(0%) head=0.004s(8%) other=0.000s(1%) call=0.045s | tiles=66 ahead=66 experts=347 miss=10 io=0.014s 2.5GB/s]
[prefill gpuq busy=0.030s(68%) idle=0.014s(32%) span=0.044s buffers=157]
[prefill gpu attn=0.011s(35%) shared=0.004s(12%) moe=0.012s(40%) tail=0.001s(3%) head=0.003s(11%) total=0.031s]
[prefill host enc.front=0.002s(2%) wait.front=0.026s(32%) drain=0.001s(1%) route=0.000s(0%) meta=0.000s(0%) fetch=0.046s(58%) enc.moe=0.001s(1%) tail=0.000s(0%) head=0.004s(4%) other=0.000s(0%) call=0.079s | tiles=70 ahead=70 experts=329 miss=30 io=0.046s 2.2GB/s]
[prefill gpuq busy=0.031s(39%) idle=0.049s(61%) span=0.079s buffers=161]
[prefill gpu attn=0.011s(35%) shared=0.004s(11%) moe=0.013s(41%) tail=0.001s(3%) head=0.003s(11%) total=0.031s]
[prefill host enc.front=0.002s(3%) wait.front=0.024s(40%) drain=0.000s(1%) route=0.000s(0%) meta=0.000s(0%) fetch=0.029s(48%) enc.moe=0.001s(1%) tail=0.000s(0%) head=0.004s(6%) other=0.000s(1%) call=0.060s | tiles=69 ahead=69 experts=354 miss=20 io=0.029s 2.4GB/s]
[prefill gpuq busy=0.031s(52%) idle=0.029s(48%) span=0.060s buffers=160]
[prefill gpu attn=0.011s(36%) shared=0.003s(12%) moe=0.011s(38%) tail=0.001s(3%) head=0.004s(12%) total=0.029s]
[prefill host enc.front=0.002s(3%) wait.front=0.024s(41%) drain=0.000s(1%) route=0.000s(0%) meta=0.000s(0%) fetch=0.027s(47%) enc.moe=0.001s(1%) tail=0.000s(0%) head=0.004s(6%) other=0.000s(1%) call=0.058s | tiles=70 ahead=70 experts=311 miss=24 io=0.027s 3.0GB/s]
[prefill gpuq busy=0.029s(51%) idle=0.028s(49%) span=0.058s buffers=161]
[prefill gpu attn=0.011s(34%) shared=0.003s(11%) moe=0.013s(41%) tail=0.001s(2%) head=0.003s(11%) total=0.031s]
[prefill host enc.front=0.002s(3%) wait.front=0.022s(37%) drain=0.000s(1%) route=0.000s(0%) meta=0.000s(0%) fetch=0.030s(51%) enc.moe=0.001s(1%) tail=0.000s(0%) head=0.004s(6%) other=0.000s(1%) call=0.060s | tiles=78 ahead=78 experts=356 miss=29 io=0.031s 3.3GB/s]
[prefill gpuq busy=0.031s(52%) idle=0.029s(48%) span=0.059s buffers=169]
[prefill gpu attn=0.011s(36%) shared=0.003s(11%) moe=0.012s(39%) tail=0.001s(2%) head=0.003s(12%) total=0.030s]
[prefill host enc.front=0.002s(3%) wait.front=0.023s(43%) drain=0.001s(1%) route=0.000s(0%) meta=0.000s(0%) fetch=0.022s(43%) enc.moe=0.001s(1%) tail=0.000s(0%) head=0.004s(7%) other=0.000s(1%) call=0.052s | tiles=73 ahead=73 experts=330 miss=28 io=0.023s 4.2GB/s]
[prefill gpuq busy=0.030s(57%) idle=0.022s(43%) span=0.052s buffers=164]
[prefill gpu attn=0.011s(37%) shared=0.003s(12%) moe=0.011s(37%) tail=0.001s(3%) head=0.003s(12%) total=0.029s]
[prefill host enc.front=0.002s(4%) wait.front=0.023s(51%) drain=0.000s(1%) route=0.000s(0%) meta=0.000s(0%) fetch=0.016s(35%) enc.moe=0.000s(1%) tail=0.000s(0%) head=0.004s(8%) other=0.000s(1%) call=0.046s | tiles=62 ahead=62 experts=304 miss=9 io=0.016s 2.0GB/s]
[prefill gpuq busy=0.029s(63%) idle=0.017s(37%) span=0.046s buffers=153]
[prefill gpu attn=0.011s(36%) shared=0.003s(12%) moe=0.011s(38%) tail=0.001s(2%) head=0.003s(12%) total=0.029s]
[prefill host enc.front=0.002s(3%) wait.front=0.023s(47%) drain=0.000s(1%) route=0.000s(0%) meta=0.000s(0%) fetch=0.019s(39%) enc.moe=0.001s(1%) tail=0.000s(0%) head=0.004s(7%) other=0.000s(1%) call=0.050s | tiles=67 ahead=67 experts=318 miss=16 io=0.019s 2.9GB/s]
[prefill gpuq busy=0.029s(59%) idle=0.020s(41%) span=0.049s buffers=158]
[prefill gpu attn=0.011s(35%) shared=0.003s(11%) moe=0.012s(40%) tail=0.001s(3%) head=0.003s(11%) total=0.030s]
[prefill host enc.front=0.002s(2%) wait.front=0.025s(30%) drain=0.000s(0%) route=0.000s(0%) meta=0.000s(0%) fetch=0.053s(62%) enc.moe=0.001s(1%) tail=0.000s(0%) head=0.004s(4%) other=0.000s(1%) call=0.085s | tiles=67 ahead=67 experts=316 miss=63 io=0.053s 4.1GB/s]
[prefill gpuq busy=0.030s(36%) idle=0.054s(64%) span=0.085s buffers=158]
[prefill gpu attn=0.011s(35%) shared=0.003s(11%) moe=0.012s(40%) tail=0.001s(3%) head=0.003s(11%) total=0.030s]
[prefill host enc.front=0.002s(3%) wait.front=0.023s(46%) drain=0.000s(1%) route=0.000s(0%) meta=0.000s(0%) fetch=0.020s(40%) enc.moe=0.001s(1%) tail=0.000s(0%) head=0.004s(7%) other=0.000s(1%) call=0.049s | tiles=74 ahead=74 experts=346 miss=19 io=0.020s 3.3GB/s]
[prefill gpuq busy=0.030s(61%) idle=0.019s(39%) span=0.049s buffers=165]
[prefill gpu attn=0.011s(37%) shared=0.003s(12%) moe=0.011s(37%) tail=0.001s(3%) head=0.003s(12%) total=0.029s]
[prefill host enc.front=0.002s(4%) wait.front=0.023s(56%) drain=0.001s(1%) route=0.000s(0%) meta=0.000s(0%) fetch=0.011s(27%) enc.moe=0.000s(1%) tail=0.000s(0%) head=0.004s(9%) other=0.000s(1%) call=0.041s | tiles=64 ahead=64 experts=320 miss=12 io=0.011s 3.8GB/s]
[prefill gpuq busy=0.029s(71%) idle=0.012s(29%) span=0.040s buffers=155]
[prefill gpu attn=0.011s(37%) shared=0.003s(12%) moe=0.011s(36%) tail=0.001s(3%) head=0.004s(12%) total=0.029s]
[prefill host enc.front=0.002s(4%) wait.front=0.023s(57%) drain=0.000s(1%) route=0.000s(0%) meta=0.000s(0%) fetch=0.011s(26%) enc.moe=0.000s(1%) tail=0.000s(0%) head=0.004s(9%) other=0.000s(1%) call=0.040s | tiles=61 ahead=61 experts=303 miss=11 io=0.011s 3.6GB/s]
[prefill gpuq busy=0.029s(72%) idle=0.011s(28%) span=0.040s buffers=152]
[prefill gpu attn=0.010s(36%) shared=0.003s(12%) moe=0.011s(39%) tail=0.001s(2%) head=0.003s(11%) total=0.029s]
[prefill host enc.front=0.002s(4%) wait.front=0.026s(70%) drain=0.001s(1%) route=0.000s(1%) meta=0.000s(0%) fetch=0.004s(12%) enc.moe=0.000s(1%) tail=0.000s(0%) head=0.004s(10%) other=0.000s(1%) call=0.037s | tiles=63 ahead=63 experts=326 miss=7 io=0.005s 5.4GB/s]
[prefill gpuq busy=0.029s(79%) idle=0.008s(21%) span=0.037s buffers=154]
[prefill gpu attn=0.011s(37%) shared=0.003s(12%) moe=0.011s(37%) tail=0.001s(2%) head=0.003s(12%) total=0.029s]
[prefill host enc.front=0.002s(4%) wait.front=0.024s(59%) drain=0.000s(1%) route=0.000s(0%) meta=0.000s(0%) fetch=0.010s(24%) enc.moe=0.000s(1%) tail=0.000s(0%) head=0.004s(9%) other=0.000s(1%) call=0.040s | tiles=62 ahead=62 experts=312 miss=14 io=0.010s 5.0GB/s]
[prefill gpuq busy=0.029s(72%) idle=0.011s(28%) span=0.040s buffers=153]
[prefill gpu attn=0.011s(38%) shared=0.003s(12%) moe=0.010s(36%) tail=0.001s(2%) head=0.003s(12%) total=0.028s]
[prefill host enc.front=0.002s(5%) wait.front=0.022s(62%) drain=0.000s(1%) route=0.000s(0%) meta=0.000s(0%) fetch=0.007s(19%) enc.moe=0.000s(1%) tail=0.000s(0%) head=0.004s(10%) other=0.000s(1%) call=0.035s | tiles=61 ahead=61 experts=293 miss=7 io=0.007s 3.5GB/s]
[prefill gpuq busy=0.028s(80%) idle=0.007s(20%) span=0.035s buffers=152]
[prefill gpu attn=0.011s(36%) shared=0.003s(12%) moe=0.011s(37%) tail=0.001s(2%) head=0.003s(12%) total=0.029s]
[prefill host enc.front=0.002s(4%) wait.front=0.021s(54%) drain=0.000s(1%) route=0.000s(0%) meta=0.000s(0%) fetch=0.012s(29%) enc.moe=0.000s(1%) tail=0.000s(0%) head=0.004s(9%) other=0.000s(1%) call=0.040s | tiles=68 ahead=68 experts=321 miss=13 io=0.012s 3.9GB/s]
[prefill gpuq busy=0.029s(74%) idle=0.010s(26%) span=0.039s buffers=159]
[prefill gpu attn=0.011s(36%) shared=0.003s(11%) moe=0.012s(39%) tail=0.001s(2%) head=0.003s(11%) total=0.030s]
[prefill host enc.front=0.002s(3%) wait.front=0.022s(47%) drain=0.001s(1%) route=0.000s(0%) meta=0.000s(0%) fetch=0.018s(38%) enc.moe=0.001s(1%) tail=0.000s(0%) head=0.004s(7%) other=0.000s(1%) call=0.047s | tiles=71 ahead=71 experts=337 miss=20 io=0.018s 3.8GB/s]
[prefill gpuq busy=0.030s(63%) idle=0.017s(37%) span=0.047s buffers=162]
[prefill gpu attn=0.011s(37%) shared=0.003s(12%) moe=0.011s(38%) tail=0.001s(2%) head=0.003s(12%) total=0.029s]
[prefill host enc.front=0.002s(5%) wait.front=0.022s(63%) drain=0.001s(2%) route=0.000s(0%) meta=0.000s(0%) fetch=0.006s(17%) enc.moe=0.000s(1%) tail=0.000s(0%) head=0.004s(10%) other=0.000s(1%) call=0.035s | tiles=63 ahead=63 experts=321 miss=10 io=0.006s 5.7GB/s]
[prefill gpuq busy=0.029s(83%) idle=0.006s(17%) span=0.035s buffers=154]
[prefill gpu attn=0.010s(37%) shared=0.003s(12%) moe=0.010s(37%) tail=0.001s(3%) head=0.003s(12%) total=0.028s]
[prefill host enc.front=0.002s(5%) wait.front=0.022s(61%) drain=0.000s(1%) route=0.000s(1%) meta=0.000s(0%) fetch=0.007s(20%) enc.moe=0.000s(1%) tail=0.000s(0%) head=0.004s(10%) other=0.000s(1%) call=0.036s | tiles=63 ahead=63 experts=297 miss=11 io=0.007s 5.3GB/s]
[prefill gpuq busy=0.028s(79%) idle=0.008s(21%) span=0.036s buffers=154]
[prefill gpu attn=0.011s(36%) shared=0.003s(12%) moe=0.011s(38%) tail=0.001s(2%) head=0.003s(12%) total=0.029s]
[prefill host enc.front=0.002s(5%) wait.front=0.023s(65%) drain=0.001s(3%) route=0.000s(0%) meta=0.000s(0%) fetch=0.005s(15%) enc.moe=0.000s(1%) tail=0.000s(0%) head=0.004s(10%) other=0.000s(1%) call=0.035s | tiles=65 ahead=65 experts=341 miss=5 io=0.005s 3.3GB/s]
[prefill gpuq busy=0.029s(83%) idle=0.006s(17%) span=0.035s buffers=156]
[prefill gpu attn=0.011s(37%) shared=0.003s(12%) moe=0.010s(37%) tail=0.001s(3%) head=0.003s(12%) total=0.029s]
[prefill host enc.front=0.002s(4%) wait.front=0.022s(60%) drain=0.000s(1%) route=0.000s(0%) meta=0.000s(0%) fetch=0.008s(21%) enc.moe=0.000s(1%) tail=0.000s(0%) head=0.004s(10%) other=0.000s(1%) call=0.037s | tiles=66 ahead=66 experts=307 miss=11 io=0.008s 4.8GB/s]
[prefill gpuq busy=0.029s(78%) idle=0.008s(22%) span=0.037s buffers=157]
[prefill gpu attn=0.011s(36%) shared=0.003s(12%) moe=0.011s(38%) tail=0.001s(3%) head=0.003s(11%) total=0.029s]
[prefill host enc.front=0.002s(4%) wait.front=0.022s(56%) drain=0.000s(1%) route=0.000s(0%) meta=0.000s(0%) fetch=0.011s(27%) enc.moe=0.000s(1%) tail=0.000s(0%) head=0.004s(9%) other=0.000s(1%) call=0.039s | tiles=68 ahead=68 experts=323 miss=11 io=0.011s 3.6GB/s]
[prefill gpuq busy=0.029s(75%) idle=0.010s(25%) span=0.039s buffers=159]
[prefill gpu attn=0.011s(36%) shared=0.004s(12%) moe=0.012s(39%) tail=0.001s(3%) head=0.003s(11%) total=0.030s]
[prefill host enc.front=0.002s(4%) wait.front=0.023s(49%) drain=0.001s(1%) route=0.000s(0%) meta=0.000s(0%) fetch=0.017s(36%) enc.moe=0.001s(1%) tail=0.000s(0%) head=0.004s(8%) other=0.000s(1%) call=0.047s | tiles=68 ahead=68 experts=336 miss=19 io=0.017s 3.9GB/s]
[prefill gpuq busy=0.030s(64%) idle=0.017s(36%) span=0.047s buffers=159]
[prefill gpu attn=0.011s(37%) shared=0.003s(12%) moe=0.011s(37%) tail=0.001s(3%) head=0.003s(12%) total=0.029s]
[prefill host enc.front=0.002s(4%) wait.front=0.024s(61%) drain=0.000s(1%) route=0.000s(0%) meta=0.000s(0%) fetch=0.008s(22%) enc.moe=0.000s(1%) tail=0.000s(0%) head=0.004s(9%) other=0.000s(1%) call=0.039s | tiles=60 ahead=60 experts=321 miss=8 io=0.008s 3.3GB/s]
[prefill gpuq busy=0.029s(75%) idle=0.010s(25%) span=0.039s buffers=151]
[prefill gpu attn=0.011s(37%) shared=0.003s(12%) moe=0.011s(37%) tail=0.001s(3%) head=0.003s(12%) total=0.029s]
[prefill host enc.front=0.002s(4%) wait.front=0.025s(58%) drain=0.001s(1%) route=0.000s(0%) meta=0.000s(0%) fetch=0.011s(26%) enc.moe=0.000s(1%) tail=0.000s(0%) head=0.004s(8%) other=0.000s(1%) call=0.042s | tiles=64 ahead=64 experts=307 miss=7 io=0.011s 2.2GB/s]
[prefill gpuq busy=0.029s(69%) idle=0.013s(31%) span=0.042s buffers=155]
[prefill gpu attn=0.011s(36%) shared=0.003s(12%) moe=0.011s(37%) tail=0.001s(3%) head=0.003s(12%) total=0.029s]
[prefill host enc.front=0.002s(3%) wait.front=0.020s(43%) drain=0.000s(1%) route=0.000s(0%) meta=0.000s(0%) fetch=0.020s(42%) enc.moe=0.001s(1%) tail=0.000s(0%) head=0.004s(8%) other=0.000s(1%) call=0.047s | tiles=69 ahead=69 experts=299 miss=25 io=0.020s 4.3GB/s]
[prefill gpuq busy=0.029s(62%) idle=0.018s(38%) span=0.047s buffers=160]
[prefill gpu attn=0.010s(36%) shared=0.003s(12%) moe=0.011s(38%) tail=0.001s(2%) head=0.003s(12%) total=0.028s]
[prefill host enc.front=0.002s(5%) wait.front=0.022s(64%) drain=0.000s(1%) route=0.000s(1%) meta=0.000s(0%) fetch=0.005s(15%) enc.moe=0.001s(2%) tail=0.000s(0%) head=0.004s(11%) other=0.000s(1%) call=0.034s | tiles=65 ahead=65 experts=317 miss=5 io=0.005s 3.3GB/s]
[prefill gpuq busy=0.028s(84%) idle=0.006s(16%) span=0.034s buffers=156]
[prefill gpu attn=0.011s(38%) shared=0.003s(12%) moe=0.011s(36%) tail=0.001s(3%) head=0.003s(12%) total=0.029s]
[prefill host enc.front=0.002s(5%) wait.front=0.023s(71%) drain=0.000s(1%) route=0.000s(1%) meta=0.000s(0%) fetch=0.003s(9%) enc.moe=0.000s(1%) tail=0.000s(0%) head=0.004s(11%) other=0.000s(1%) call=0.033s | tiles=63 ahead=63 experts=318 miss=3 io=0.003s 3.4GB/s]
[prefill gpuq busy=0.029s(89%) idle=0.004s(11%) span=0.033s buffers=154]
[prefill gpu attn=0.011s(36%) shared=0.004s(12%) moe=0.011s(37%) tail=0.001s(3%) head=0.004s(12%) total=0.031s]
[prefill host enc.front=0.002s(3%) wait.front=0.024s(54%) drain=0.000s(1%) route=0.000s(0%) meta=0.000s(0%) fetch=0.013s(29%) enc.moe=0.001s(2%) tail=0.000s(0%) head=0.004s(9%) other=0.000s(1%) call=0.045s | tiles=65 ahead=65 experts=316 miss=6 io=0.013s 1.6GB/s]
[prefill gpuq busy=0.031s(69%) idle=0.014s(31%) span=0.045s buffers=156]
[prefill gpu attn=0.011s(37%) shared=0.003s(12%) moe=0.011s(37%) tail=0.001s(2%) head=0.003s(12%) total=0.029s]
[prefill host enc.front=0.002s(5%) wait.front=0.023s(64%) drain=0.000s(1%) route=0.000s(1%) meta=0.000s(0%) fetch=0.006s(17%) enc.moe=0.000s(1%) tail=0.000s(0%) head=0.004s(10%) other=0.000s(1%) call=0.036s | tiles=64 ahead=64 experts=320 miss=7 io=0.006s 4.0GB/s]
[prefill gpuq busy=0.029s(82%) idle=0.006s(18%) span=0.035s buffers=155]
[prefill gpu attn=0.011s(38%) shared=0.003s(12%) moe=0.010s(36%) tail=0.001s(3%) head=0.003s(12%) total=0.028s]
[prefill host enc.front=0.002s(5%) wait.front=0.023s(70%) drain=0.001s(2%) route=0.000s(1%) meta=0.000s(0%) fetch=0.003s(10%) enc.moe=0.000s(1%) tail=0.000s(0%) head=0.004s(11%) other=0.000s(1%) call=0.032s | tiles=61 ahead=61 experts=298 miss=5 io=0.003s 5.6GB/s]
[prefill gpuq busy=0.028s(88%) idle=0.004s(12%) span=0.032s buffers=152]
[prefill gpu attn=0.011s(38%) shared=0.003s(12%) moe=0.010s(36%) tail=0.001s(3%) head=0.003s(12%) total=0.028s]
[prefill host enc.front=0.002s(5%) wait.front=0.024s(70%) drain=0.000s(1%) route=0.000s(0%) meta=0.000s(0%) fetch=0.004s(10%) enc.moe=0.000s(1%) tail=0.000s(0%) head=0.004s(11%) other=0.000s(1%) call=0.034s | tiles=59 ahead=59 experts=309 miss=2 io=0.004s 1.9GB/s]
[prefill gpuq busy=0.028s(84%) idle=0.005s(16%) span=0.034s buffers=150]
[prefill gpu attn=0.011s(37%) shared=0.004s(12%) moe=0.011s(36%) tail=0.001s(2%) head=0.003s(12%) total=0.029s]
[prefill host enc.front=0.002s(4%) wait.front=0.024s(65%) drain=0.000s(1%) route=0.000s(1%) meta=0.000s(0%) fetch=0.006s(17%) enc.moe=0.000s(1%) tail=0.000s(0%) head=0.004s(10%) other=0.000s(1%) call=0.037s | tiles=63 ahead=63 experts=305 miss=8 io=0.006s 4.5GB/s]
[prefill gpuq busy=0.029s(79%) idle=0.008s(21%) span=0.037s buffers=154]
[prefill gpu attn=0.011s(37%) shared=0.003s(12%) moe=0.011s(37%) tail=0.001s(2%) head=0.003s(12%) total=0.029s]
[prefill host enc.front=0.002s(4%) wait.front=0.027s(61%) drain=0.001s(1%) route=0.000s(0%) meta=0.000s(0%) fetch=0.010s(24%) enc.moe=0.000s(1%) tail=0.000s(0%) head=0.004s(8%) other=0.000s(1%) call=0.044s | tiles=66 ahead=66 experts=302 miss=9 io=0.010s 3.0GB/s]
[prefill gpuq busy=0.029s(66%) idle=0.015s(34%) span=0.044s buffers=157]
[prefill gpu attn=0.011s(37%) shared=0.003s(12%) moe=0.011s(37%) tail=0.001s(2%) head=0.003s(12%) total=0.029s]
[prefill host enc.front=0.002s(4%) wait.front=0.023s(56%) drain=0.000s(1%) route=0.000s(0%) meta=0.000s(0%) fetch=0.011s(27%) enc.moe=0.000s(1%) tail=0.000s(0%) head=0.004s(9%) other=0.000s(1%) call=0.040s | tiles=64 ahead=64 experts=310 miss=10 io=0.011s 3.2GB/s]
[prefill gpuq busy=0.029s(73%) idle=0.011s(27%) span=0.040s buffers=155]
[prefill gpu attn=0.011s(35%) shared=0.003s(11%) moe=0.012s(40%) tail=0.001s(2%) head=0.003s(11%) total=0.031s]
[prefill host enc.front=0.002s(3%) wait.front=0.025s(54%) drain=0.000s(1%) route=0.000s(0%) meta=0.000s(0%) fetch=0.014s(31%) enc.moe=0.001s(1%) tail=0.000s(0%) head=0.004s(8%) other=0.000s(1%) call=0.046s | tiles=70 ahead=70 experts=348 miss=14 io=0.014s 3.4GB/s]
[prefill gpuq busy=0.031s(68%) idle=0.015s(32%) span=0.045s buffers=161]
[prefill gpu attn=0.011s(35%) shared=0.003s(11%) moe=0.012s(41%) tail=0.001s(2%) head=0.003s(11%) total=0.030s]
[prefill host enc.front=0.002s(4%) wait.front=0.025s(58%) drain=0.000s(1%) route=0.000s(0%) meta=0.000s(0%) fetch=0.012s(27%) enc.moe=0.001s(1%) tail=0.000s(0%) head=0.004s(8%) other=0.000s(1%) call=0.044s | tiles=66 ahead=66 experts=366 miss=15 io=0.012s 4.4GB/s]
[prefill gpuq busy=0.030s(70%) idle=0.013s(30%) span=0.043s buffers=157]
[prefill gpu attn=0.013s(40%) shared=0.003s(11%) moe=0.012s(37%) tail=0.001s(2%) head=0.003s(10%) total=0.033s]
[prefill host enc.front=0.002s(3%) wait.front=0.027s(55%) drain=0.001s(1%) route=0.000s(0%) meta=0.000s(0%) fetch=0.016s(31%) enc.moe=0.001s(1%) tail=0.000s(0%) head=0.004s(7%) other=0.000s(1%) call=0.050s | tiles=70 ahead=70 experts=339 miss=14 io=0.016s 3.1GB/s]
[prefill gpuq busy=0.033s(66%) idle=0.017s(34%) span=0.050s buffers=161]
[prefill gpu attn=0.011s(37%) shared=0.003s(12%) moe=0.011s(38%) tail=0.001s(2%) head=0.003s(12%) total=0.029s]
[prefill host enc.front=0.002s(5%) wait.front=0.023s(65%) drain=0.000s(1%) route=0.000s(0%) meta=0.000s(0%) fetch=0.006s(16%) enc.moe=0.000s(1%) tail=0.000s(0%) head=0.004s(11%) other=0.000s(1%) call=0.035s | tiles=63 ahead=63 experts=327 miss=7 io=0.006s 4.3GB/s]
[prefill gpuq busy=0.029s(84%) idle=0.006s(16%) span=0.035s buffers=154]
[prefill gpu attn=0.011s(37%) shared=0.003s(12%) moe=0.011s(37%) tail=0.001s(2%) head=0.003s(12%) total=0.029s]
[prefill host enc.front=0.002s(5%) wait.front=0.023s(70%) drain=0.001s(2%) route=0.000s(1%) meta=0.000s(0%) fetch=0.003s(9%) enc.moe=0.000s(1%) tail=0.000s(0%) head=0.004s(11%) other=0.000s(1%) call=0.033s | tiles=60 ahead=60 experts=309 miss=5 io=0.003s 5.8GB/s]
[prefill gpuq busy=0.029s(88%) idle=0.004s(12%) span=0.032s buffers=151]
[prefill gpu attn=0.011s(36%) shared=0.003s(11%) moe=0.012s(39%) tail=0.001s(2%) head=0.003s(11%) total=0.030s]
[prefill host enc.front=0.002s(4%) wait.front=0.025s(62%) drain=0.001s(2%) route=0.000s(0%) meta=0.000s(0%) fetch=0.008s(20%) enc.moe=0.000s(1%) tail=0.000s(0%) head=0.004s(9%) other=0.000s(1%) call=0.041s | tiles=67 ahead=67 experts=348 miss=8 io=0.008s 3.4GB/s]
[prefill gpuq busy=0.030s(74%) idle=0.010s(26%) span=0.040s buffers=158]
[prefill gpu attn=0.011s(37%) shared=0.003s(12%) moe=0.011s(38%) tail=0.001s(3%) head=0.003s(12%) total=0.029s]
[prefill host enc.front=0.002s(4%) wait.front=0.025s(65%) drain=0.000s(1%) route=0.000s(0%) meta=0.000s(0%) fetch=0.007s(18%) enc.moe=0.000s(1%) tail=0.000s(0%) head=0.004s(9%) other=0.000s(1%) call=0.038s | tiles=63 ahead=63 experts=329 miss=6 io=0.007s 3.0GB/s]
[prefill gpuq busy=0.029s(77%) idle=0.009s(23%) span=0.038s buffers=154]
[prefill gpu attn=0.011s(38%) shared=0.003s(12%) moe=0.010s(36%) tail=0.001s(2%) head=0.003s(12%) total=0.028s]
[prefill host enc.front=0.002s(5%) wait.front=0.022s(65%) drain=0.000s(1%) route=0.000s(1%) meta=0.000s(0%) fetch=0.005s(15%) enc.moe=0.000s(1%) tail=0.000s(0%) head=0.004s(11%) other=0.000s(1%) call=0.033s | tiles=63 ahead=63 experts=295 miss=8 io=0.005s 5.6GB/s]
[prefill gpuq busy=0.028s(86%) idle=0.004s(14%) span=0.033s buffers=154]
[prefill gpu attn=0.011s(37%) shared=0.003s(12%) moe=0.011s(37%) tail=0.001s(2%) head=0.003s(12%) total=0.029s]
[prefill host enc.front=0.002s(4%) wait.front=0.024s(64%) drain=0.001s(2%) route=0.000s(0%) meta=0.000s(0%) fetch=0.007s(18%) enc.moe=0.000s(1%) tail=0.000s(0%) head=0.004s(10%) other=0.000s(1%) call=0.037s | tiles=64 ahead=64 experts=309 miss=10 io=0.007s 5.2GB/s]
[prefill gpuq busy=0.029s(78%) idle=0.008s(22%) span=0.037s buffers=155]
[prefill gpu attn=0.011s(38%) shared=0.003s(12%) moe=0.010s(36%) tail=0.001s(2%) head=0.003s(12%) total=0.028s]
[prefill host enc.front=0.002s(5%) wait.front=0.024s(76%) drain=0.000s(2%) route=0.000s(1%) meta=0.000s(0%) fetch=0.001s(3%) enc.moe=0.000s(1%) tail=0.000s(0%) head=0.004s(12%) other=0.000s(1%) call=0.032s | tiles=58 ahead=58 experts=295 miss=5 io=0.001s 20.4GB/s]
[prefill gpuq busy=0.028s(90%) idle=0.003s(10%) span=0.031s buffers=149]
[prefill gpu attn=0.011s(37%) shared=0.004s(12%) moe=0.011s(38%) tail=0.001s(3%) head=0.003s(11%) total=0.029s]
[prefill host enc.front=0.002s(4%) wait.front=0.024s(65%) drain=0.001s(2%) route=0.000s(0%) meta=0.000s(0%) fetch=0.006s(17%) enc.moe=0.000s(1%) tail=0.000s(0%) head=0.004s(10%) other=0.000s(1%) call=0.037s | tiles=64 ahead=64 experts=324 miss=9 io=0.006s 5.1GB/s]
[prefill gpuq busy=0.029s(81%) idle=0.007s(19%) span=0.036s buffers=155]
[prefill gpu attn=0.011s(37%) shared=0.003s(12%) moe=0.011s(38%) tail=0.001s(2%) head=0.003s(12%) total=0.029s]
[prefill host enc.front=0.002s(5%) wait.front=0.023s(69%) drain=0.000s(1%) route=0.000s(1%) meta=0.000s(0%) fetch=0.003s(10%) enc.moe=0.000s(1%) tail=0.000s(0%) head=0.004s(11%) other=0.000s(1%) call=0.034s | tiles=62 ahead=62 experts=325 miss=5 io=0.003s 5.0GB/s]
[prefill gpuq busy=0.029s(87%) idle=0.004s(13%) span=0.033s buffers=153]
[prefill gpu attn=0.011s(37%) shared=0.003s(12%) moe=0.011s(38%) tail=0.001s(2%) head=0.003s(11%) total=0.030s]
[prefill host enc.front=0.002s(3%) wait.front=0.024s(48%) drain=0.000s(1%) route=0.000s(0%) meta=0.000s(0%) fetch=0.019s(38%) enc.moe=0.001s(1%) tail=0.000s(0%) head=0.004s(7%) other=0.000s(1%) call=0.049s | tiles=69 ahead=69 experts=320 miss=17 io=0.019s 3.1GB/s]
[prefill gpuq busy=0.030s(60%) idle=0.019s(40%) span=0.049s buffers=160]
[prefill gpu attn=0.011s(37%) shared=0.003s(12%) moe=0.011s(38%) tail=0.001s(2%) head=0.003s(11%) total=0.029s]
[prefill host enc.front=0.002s(4%) wait.front=0.025s(67%) drain=0.001s(1%) route=0.000s(1%) meta=0.000s(0%) fetch=0.005s(14%) enc.moe=0.000s(1%) tail=0.000s(0%) head=0.004s(10%) other=0.000s(1%) call=0.037s | tiles=64 ahead=64 experts=328 miss=7 io=0.005s 4.5GB/s]
[prefill gpuq busy=0.029s(80%) idle=0.007s(20%) span=0.036s buffers=155]
[prefill gpu attn=0.011s(37%) shared=0.003s(12%) moe=0.011s(37%) tail=0.001s(2%) head=0.003s(12%) total=0.029s]
[prefill host enc.front=0.002s(4%) wait.front=0.021s(53%) drain=0.000s(1%) route=0.000s(0%) meta=0.000s(0%) fetch=0.012s(30%) enc.moe=0.000s(1%) tail=0.000s(0%) head=0.004s(9%) other=0.000s(1%) call=0.040s | tiles=67 ahead=67 experts=307 miss=15 io=0.012s 4.2GB/s]
[prefill gpuq busy=0.029s(72%) idle=0.011s(28%) span=0.040s buffers=158]
[prefill gpu attn=0.011s(36%) shared=0.004s(12%) moe=0.011s(38%) tail=0.001s(2%) head=0.003s(11%) total=0.029s]
[prefill host enc.front=0.002s(4%) wait.front=0.022s(55%) drain=0.001s(1%) route=0.000s(0%) meta=0.000s(0%) fetch=0.011s(28%) enc.moe=0.001s(1%) tail=0.000s(0%) head=0.003s(9%) other=0.000s(1%) call=0.040s | tiles=70 ahead=70 experts=324 miss=11 io=0.011s 3.3GB/s]
[prefill gpuq busy=0.029s(74%) idle=0.011s(26%) span=0.040s buffers=161]
[prefill gpu attn=0.011s(37%) shared=0.003s(12%) moe=0.011s(37%) tail=0.001s(3%) head=0.003s(12%) total=0.029s]
[prefill host enc.front=0.002s(4%) wait.front=0.024s(60%) drain=0.001s(2%) route=0.000s(0%) meta=0.000s(0%) fetch=0.009s(23%) enc.moe=0.000s(1%) tail=0.000s(0%) head=0.004s(9%) other=0.000s(1%) call=0.040s | tiles=65 ahead=65 experts=315 miss=9 io=0.009s 3.4GB/s]
[prefill gpuq busy=0.029s(74%) idle=0.010s(26%) span=0.039s buffers=156]
[prefill gpu attn=0.011s(36%) shared=0.003s(11%) moe=0.011s(39%) tail=0.001s(2%) head=0.003s(11%) total=0.030s]
[prefill host enc.front=0.002s(3%) wait.front=0.022s(42%) drain=0.000s(1%) route=0.000s(0%) meta=0.000s(0%) fetch=0.023s(44%) enc.moe=0.001s(1%) tail=0.000s(0%) head=0.004s(7%) other=0.000s(1%) call=0.051s | tiles=70 ahead=70 experts=329 miss=15 io=0.023s 2.3GB/s]
[prefill gpuq busy=0.030s(58%) idle=0.021s(42%) span=0.051s buffers=161]
[prefill gpu attn=0.011s(36%) shared=0.003s(11%) moe=0.012s(39%) tail=0.001s(2%) head=0.003s(11%) total=0.030s]
[prefill host enc.front=0.002s(4%) wait.front=0.024s(59%) drain=0.001s(2%) route=0.000s(0%) meta=0.000s(0%) fetch=0.010s(23%) enc.moe=0.000s(1%) tail=0.000s(0%) head=0.004s(9%) other=0.000s(1%) call=0.041s | tiles=67 ahead=67 experts=345 miss=14 io=0.010s 5.0GB/s]
[prefill gpuq busy=0.030s(73%) idle=0.011s(27%) span=0.041s buffers=158]
[prefill gpu attn=0.011s(35%) shared=0.004s(12%) moe=0.012s(40%) tail=0.001s(2%) head=0.003s(11%) total=0.030s]
[prefill host enc.front=0.002s(4%) wait.front=0.027s(63%) drain=0.000s(1%) route=0.000s(0%) meta=0.000s(0%) fetch=0.009s(22%) enc.moe=0.001s(1%) tail=0.000s(0%) head=0.004s(8%) other=0.000s(1%) call=0.043s | tiles=66 ahead=66 experts=346 miss=16 io=0.009s 5.9GB/s]
[prefill gpuq busy=0.030s(70%) idle=0.013s(30%) span=0.043s buffers=157]
[prefill gpu attn=0.011s(37%) shared=0.003s(12%) moe=0.011s(38%) tail=0.001s(2%) head=0.003s(11%) total=0.029s]
[prefill host enc.front=0.002s(5%) wait.front=0.023s(68%) drain=0.000s(1%) route=0.000s(0%) meta=0.000s(0%) fetch=0.004s(12%) enc.moe=0.001s(2%) tail=0.000s(0%) head=0.004s(11%) other=0.000s(1%) call=0.033s | tiles=65 ahead=65 experts=325 miss=5 io=0.004s 4.2GB/s]
[prefill gpuq busy=0.029s(88%) idle=0.004s(12%) span=0.033s buffers=156]
[prefill gpu attn=0.011s(38%) shared=0.003s(12%) moe=0.010s(36%) tail=0.001s(2%) head=0.003s(12%) total=0.029s]
[prefill host enc.front=0.002s(5%) wait.front=0.022s(64%) drain=0.000s(1%) route=0.000s(0%) meta=0.000s(0%) fetch=0.006s(16%) enc.moe=0.000s(1%) tail=0.000s(0%) head=0.004s(10%) other=0.000s(1%) call=0.035s | tiles=64 ahead=64 experts=304 miss=9 io=0.006s 5.5GB/s]
[prefill gpuq busy=0.029s(84%) idle=0.006s(16%) span=0.034s buffers=155]
[prefill gpu attn=0.011s(37%) shared=0.004s(12%) moe=0.011s(37%) tail=0.001s(3%) head=0.003s(12%) total=0.029s]
[prefill host enc.front=0.002s(5%) wait.front=0.023s(70%) drain=0.000s(2%) route=0.000s(1%) meta=0.000s(0%) fetch=0.003s(9%) enc.moe=0.000s(1%) tail=0.000s(0%) head=0.004s(11%) other=0.000s(1%) call=0.033s | tiles=59 ahead=59 experts=312 miss=5 io=0.003s 5.9GB/s]
[prefill gpuq busy=0.029s(90%) idle=0.003s(10%) span=0.032s buffers=150]
[prefill gpu attn=0.011s(37%) shared=0.004s(13%) moe=0.011s(36%) tail=0.001s(3%) head=0.003s(11%) total=0.030s]
[prefill host enc.front=0.002s(4%) wait.front=0.024s(56%) drain=0.001s(2%) route=0.000s(0%) meta=0.000s(0%) fetch=0.011s(27%) enc.moe=0.000s(1%) tail=0.000s(0%) head=0.004s(8%) other=0.000s(1%) call=0.043s | tiles=64 ahead=64 experts=299 miss=8 io=0.012s 2.4GB/s]
[prefill gpuq busy=0.030s(71%) idle=0.012s(29%) span=0.043s buffers=155]
[prefill gpu attn=0.011s(37%) shared=0.003s(12%) moe=0.010s(36%) tail=0.001s(2%) head=0.003s(12%) total=0.029s]
[prefill host enc.front=0.002s(5%) wait.front=0.022s(69%) drain=0.001s(2%) route=0.000s(1%) meta=0.000s(0%) fetch=0.003s(10%) enc.moe=0.000s(1%) tail=0.000s(0%) head=0.004s(11%) other=0.000s(1%) call=0.032s | tiles=59 ahead=59 experts=304 miss=6 io=0.003s 6.4GB/s]
[prefill gpuq busy=0.029s(89%) idle=0.003s(11%) span=0.032s buffers=150]
[prefill gpu attn=0.011s(38%) shared=0.003s(12%) moe=0.011s(37%) tail=0.001s(3%) head=0.003s(11%) total=0.029s]
[prefill host enc.front=0.002s(4%) wait.front=0.026s(72%) drain=0.001s(1%) route=0.000s(0%) meta=0.000s(0%) fetch=0.003s(10%) enc.moe=0.000s(1%) tail=0.000s(0%) head=0.004s(10%) other=0.000s(1%) call=0.037s | tiles=61 ahead=61 experts=313 miss=3 io=0.004s 3.0GB/s]
[prefill gpuq busy=0.029s(81%) idle=0.007s(19%) span=0.036s buffers=152]
[prefill gpu attn=0.011s(37%) shared=0.003s(12%) moe=0.010s(36%) tail=0.001s(2%) head=0.003s(12%) total=0.029s]
[prefill host enc.front=0.002s(5%) wait.front=0.024s(65%) drain=0.001s(3%) route=0.000s(0%) meta=0.000s(0%) fetch=0.005s(15%) enc.moe=0.000s(1%) tail=0.000s(0%) head=0.004s(10%) other=0.000s(1%) call=0.036s | tiles=64 ahead=64 experts=305 miss=6 io=0.005s 3.9GB/s]
[prefill gpuq busy=0.029s(80%) idle=0.007s(20%) span=0.036s buffers=155]
[prefill gpu attn=0.011s(37%) shared=0.003s(12%) moe=0.011s(37%) tail=0.001s(2%) head=0.003s(12%) total=0.029s]
[prefill host enc.front=0.002s(5%) wait.front=0.023s(66%) drain=0.000s(1%) route=0.000s(0%) meta=0.000s(0%) fetch=0.005s(14%) enc.moe=0.000s(1%) tail=0.000s(0%) head=0.004s(10%) other=0.000s(1%) call=0.035s | tiles=65 ahead=65 experts=315 miss=8 io=0.005s 5.7GB/s]
[prefill gpuq busy=0.029s(84%) idle=0.005s(16%) span=0.034s buffers=156]
[prefill gpu attn=0.011s(37%) shared=0.003s(12%) moe=0.011s(37%) tail=0.001s(3%) head=0.003s(12%) total=0.029s]
[prefill host enc.front=0.002s(5%) wait.front=0.024s(66%) drain=0.000s(1%) route=0.000s(0%) meta=0.000s(0%) fetch=0.006s(16%) enc.moe=0.000s(1%) tail=0.000s(0%) head=0.004s(10%) other=0.000s(1%) call=0.037s | tiles=64 ahead=64 experts=315 miss=10 io=0.006s 5.8GB/s]
[prefill gpuq busy=0.029s(79%) idle=0.008s(21%) span=0.037s buffers=155]
[prefill gpu attn=0.011s(37%) shared=0.003s(12%) moe=0.011s(37%) tail=0.001s(3%) head=0.003s(12%) total=0.029s]
[prefill host enc.front=0.002s(4%) wait.front=0.024s(64%) drain=0.000s(1%) route=0.000s(0%) meta=0.000s(0%) fetch=0.007s(18%) enc.moe=0.000s(1%) tail=0.000s(0%) head=0.004s(10%) other=0.000s(1%) call=0.037s | tiles=61 ahead=61 experts=318 miss=4 io=0.007s 2.1GB/s]
[prefill gpuq busy=0.029s(79%) idle=0.008s(21%) span=0.037s buffers=152]
[prefill gpu attn=0.011s(36%) shared=0.003s(12%) moe=0.011s(38%) tail=0.001s(2%) head=0.003s(12%) total=0.030s]
[prefill host enc.front=0.002s(5%) wait.front=0.023s(69%) drain=0.000s(1%) route=0.000s(1%) meta=0.000s(0%) fetch=0.004s(11%) enc.moe=0.000s(1%) tail=0.000s(0%) head=0.004s(11%) other=0.000s(1%) call=0.034s | tiles=63 ahead=63 experts=348 miss=5 io=0.004s 4.7GB/s]
[prefill gpuq busy=0.030s(89%) idle=0.004s(11%) span=0.033s buffers=154]
[prefill gpu attn=0.011s(36%) shared=0.003s(12%) moe=0.011s(38%) tail=0.001s(2%) head=0.004s(12%) total=0.030s]
[prefill host enc.front=0.002s(3%) wait.front=0.026s(55%) drain=0.001s(1%) route=0.000s(0%) meta=0.000s(0%) fetch=0.014s(29%) enc.moe=0.001s(1%) tail=0.000s(0%) head=0.004s(8%) other=0.000s(1%) call=0.046s | tiles=68 ahead=68 experts=319 miss=16 io=0.014s 4.1GB/s]
[prefill gpuq busy=0.030s(65%) idle=0.016s(35%) span=0.046s buffers=159]
[prefill gpu attn=0.011s(34%) shared=0.004s(11%) moe=0.013s(42%) tail=0.001s(2%) head=0.003s(11%) total=0.032s]
[prefill host enc.front=0.002s(3%) wait.front=0.027s(52%) drain=0.000s(1%) route=0.000s(0%) meta=0.000s(0%) fetch=0.018s(34%) enc.moe=0.001s(1%) tail=0.000s(0%) head=0.004s(7%) other=0.000s(1%) call=0.052s | tiles=73 ahead=73 experts=368 miss=25 io=0.018s 4.8GB/s]
[prefill gpuq busy=0.032s(61%) idle=0.020s(39%) span=0.052s buffers=164]
[prefill gpu attn=0.011s(36%) shared=0.003s(12%) moe=0.011s(38%) tail=0.001s(3%) head=0.003s(11%) total=0.030s]
[prefill host enc.front=0.002s(4%) wait.front=0.023s(52%) drain=0.001s(1%) route=0.000s(0%) meta=0.000s(0%) fetch=0.014s(32%) enc.moe=0.001s(1%) tail=0.000s(0%) head=0.004s(8%) other=0.000s(1%) call=0.043s | tiles=68 ahead=68 experts=314 miss=16 io=0.014s 3.9GB/s]
[prefill gpuq busy=0.030s(68%) idle=0.014s(32%) span=0.043s buffers=159]
[prefill gpu attn=0.011s(37%) shared=0.003s(12%) moe=0.010s(36%) tail=0.001s(2%) head=0.003s(12%) total=0.029s]
[prefill host enc.front=0.002s(5%) wait.front=0.023s(74%) drain=0.001s(2%) route=0.000s(1%) meta=0.000s(0%) fetch=0.001s(4%) enc.moe=0.000s(1%) tail=0.000s(0%) head=0.004s(11%) other=0.000s(1%) call=0.031s | tiles=59 ahead=59 experts=315 miss=2 io=0.001s 5.2GB/s]
[prefill gpuq busy=0.029s(92%) idle=0.002s(8%) span=0.031s buffers=150]
[prefill gpu attn=0.011s(38%) shared=0.003s(12%) moe=0.010s(36%) tail=0.001s(2%) head=0.003s(12%) total=0.029s]
[prefill host enc.front=0.002s(4%) wait.front=0.022s(62%) drain=0.000s(1%) route=0.000s(0%) meta=0.000s(0%) fetch=0.007s(20%) enc.moe=0.000s(1%) tail=0.000s(0%) head=0.004s(10%) other=0.000s(1%) call=0.036s | tiles=64 ahead=64 experts=305 miss=8 io=0.007s 3.8GB/s]
[prefill gpuq busy=0.029s(80%) idle=0.007s(20%) span=0.036s buffers=155]
[prefill gpu attn=0.011s(37%) shared=0.003s(12%) moe=0.011s(37%) tail=0.001s(2%) head=0.003s(12%) total=0.029s]
[prefill host enc.front=0.002s(5%) wait.front=0.024s(69%) drain=0.000s(1%) route=0.000s(1%) meta=0.000s(0%) fetch=0.004s(12%) enc.moe=0.000s(1%) tail=0.000s(0%) head=0.004s(10%) other=0.000s(1%) call=0.035s | tiles=64 ahead=64 experts=318 miss=5 io=0.004s 4.2GB/s]
[prefill gpuq busy=0.029s(84%) idle=0.005s(16%) span=0.034s buffers=155]
[prefill gpu attn=0.011s(38%) shared=0.003s(12%) moe=0.010s(35%) tail=0.001s(3%) head=0.003s(12%) total=0.028s]
[prefill host enc.front=0.002s(5%) wait.front=0.023s(74%) drain=0.000s(1%) route=0.000s(0%) meta=0.000s(0%) fetch=0.002s(5%) enc.moe=0.000s(1%) tail=0.000s(0%) head=0.004s(12%) other=0.000s(1%) call=0.031s | tiles=61 ahead=61 experts=293 miss=4 io=0.002s 8.5GB/s]
[prefill gpuq busy=0.028s(91%) idle=0.003s(9%) span=0.031s buffers=152]
[prefill gpu attn=0.011s(35%) shared=0.003s(11%) moe=0.012s(40%) tail=0.001s(2%) head=0.003s(11%) total=0.030s]
[prefill host enc.front=0.002s(4%) wait.front=0.024s(67%) drain=0.001s(3%) route=0.000s(0%) meta=0.000s(0%) fetch=0.005s(13%) enc.moe=0.000s(1%) tail=0.000s(0%) head=0.004s(10%) other=0.000s(1%) call=0.036s | tiles=64 ahead=64 experts=362 miss=7 io=0.005s 5.2GB/s]
[prefill gpuq busy=0.030s(84%) idle=0.006s(16%) span=0.036s buffers=155]
[prefill gpu attn=0.011s(35%) shared=0.003s(11%) moe=0.013s(41%) tail=0.001s(2%) head=0.003s(11%) total=0.031s]
[prefill host enc.front=0.002s(5%) wait.front=0.024s(64%) drain=0.001s(1%) route=0.000s(1%) meta=0.000s(0%) fetch=0.007s(18%) enc.moe=0.001s(1%) tail=0.000s(0%) head=0.004s(9%) other=0.000s(1%) call=0.038s | tiles=67 ahead=67 experts=377 miss=13 io=0.007s 6.7GB/s]
[prefill gpuq busy=0.031s(83%) idle=0.006s(17%) span=0.037s buffers=158]
[prefill gpu attn=0.011s(37%) shared=0.003s(12%) moe=0.011s(37%) tail=0.001s(2%) head=0.003s(12%) total=0.029s]
[prefill host enc.front=0.002s(4%) wait.front=0.025s(71%) drain=0.000s(1%) route=0.000s(0%) meta=0.000s(0%) fetch=0.004s(10%) enc.moe=0.000s(1%) tail=0.000s(0%) head=0.004s(10%) other=0.000s(1%) call=0.035s | tiles=64 ahead=64 experts=325 miss=4 io=0.004s 3.7GB/s]
[prefill gpuq busy=0.029s(83%) idle=0.006s(17%) span=0.035s buffers=155]
[prefill gpu attn=0.011s(37%) shared=0.003s(12%) moe=0.011s(38%) tail=0.001s(2%) head=0.003s(11%) total=0.029s]
[prefill host enc.front=0.002s(4%) wait.front=0.025s(65%) drain=0.001s(2%) route=0.000s(0%) meta=0.000s(0%) fetch=0.007s(17%) enc.moe=0.000s(1%) tail=0.000s(0%) head=0.004s(9%) other=0.000s(1%) call=0.038s | tiles=65 ahead=65 experts=327 miss=9 io=0.007s 4.6GB/s]
[prefill gpuq busy=0.029s(77%) idle=0.009s(23%) span=0.038s buffers=156]
[prefill gpu attn=0.010s(37%) shared=0.003s(12%) moe=0.011s(37%) tail=0.001s(2%) head=0.003s(12%) total=0.028s]
[prefill host enc.front=0.001s(5%) wait.front=0.023s(72%) drain=0.000s(2%) route=0.000s(1%) meta=0.000s(0%) fetch=0.003s(8%) enc.moe=0.000s(1%) tail=0.000s(0%) head=0.004s(11%) other=0.000s(1%) call=0.033s | tiles=63 ahead=63 experts=316 miss=4 io=0.003s 5.4GB/s]
[prefill gpuq busy=0.028s(88%) idle=0.004s(12%) span=0.032s buffers=154]
[prefill gpu attn=0.011s(37%) shared=0.003s(12%) moe=0.010s(37%) tail=0.001s(2%) head=0.003s(12%) total=0.029s]
[prefill host enc.front=0.002s(5%) wait.front=0.023s(71%) drain=0.000s(1%) route=0.000s(1%) meta=0.000s(0%) fetch=0.003s(9%) enc.moe=0.000s(1%) tail=0.000s(0%) head=0.004s(11%) other=0.000s(1%) call=0.033s | tiles=59 ahead=59 experts=312 miss=5 io=0.003s 5.8GB/s]
[prefill gpuq busy=0.029s(88%) idle=0.004s(12%) span=0.033s buffers=150]
[prefill gpu attn=0.011s(37%) shared=0.003s(12%) moe=0.011s(37%) tail=0.001s(2%) head=0.003s(12%) total=0.029s]
[prefill host enc.front=0.002s(4%) wait.front=0.023s(61%) drain=0.000s(1%) route=0.000s(0%) meta=0.000s(0%) fetch=0.008s(22%) enc.moe=0.000s(1%) tail=0.000s(0%) head=0.004s(10%) other=0.000s(1%) call=0.038s | tiles=65 ahead=65 experts=318 miss=8 io=0.008s 3.4GB/s]
[prefill gpuq busy=0.029s(77%) idle=0.008s(23%) span=0.038s buffers=156]
[prefill gpu attn=0.011s(37%) shared=0.003s(12%) moe=0.011s(37%) tail=0.001s(2%) head=0.003s(12%) total=0.029s]
[prefill host enc.front=0.002s(5%) wait.front=0.023s(63%) drain=0.000s(1%) route=0.000s(0%) meta=0.000s(0%) fetch=0.007s(18%) enc.moe=0.000s(1%) tail=0.000s(0%) head=0.004s(10%) other=0.000s(1%) call=0.036s | tiles=63 ahead=63 experts=318 miss=7 io=0.007s 3.7GB/s]
[prefill gpuq busy=0.029s(82%) idle=0.007s(18%) span=0.036s buffers=154]
[prefill gpu attn=0.011s(37%) shared=0.003s(12%) moe=0.011s(37%) tail=0.001s(2%) head=0.003s(12%) total=0.029s]
[prefill host enc.front=0.002s(5%) wait.front=0.024s(75%) drain=0.000s(2%) route=0.000s(1%) meta=0.000s(0%) fetch=0.001s(3%) enc.moe=0.000s(1%) tail=0.000s(0%) head=0.004s(12%) other=0.000s(1%) call=0.031s | tiles=58 ahead=58 experts=322 miss=4 io=0.001s 17.1GB/s]
[prefill gpuq busy=0.029s(94%) idle=0.002s(6%) span=0.031s buffers=149]
[prefill gpu attn=0.011s(37%) shared=0.003s(12%) moe=0.011s(37%) tail=0.001s(2%) head=0.003s(12%) total=0.029s]
[prefill host enc.front=0.002s(5%) wait.front=0.022s(64%) drain=0.000s(1%) route=0.000s(1%) meta=0.000s(0%) fetch=0.005s(16%) enc.moe=0.001s(1%) tail=0.000s(0%) head=0.004s(11%) other=0.000s(1%) call=0.034s | tiles=66 ahead=66 experts=308 miss=13 io=0.005s 8.3GB/s]
[prefill gpuq busy=0.029s(86%) idle=0.005s(14%) span=0.034s buffers=157]
[prefill gpu attn=0.011s(35%) shared=0.003s(11%) moe=0.012s(39%) tail=0.001s(2%) head=0.004s(12%) total=0.031s]
[prefill host enc.front=0.002s(3%) wait.front=0.024s(44%) drain=0.001s(1%) route=0.000s(0%) meta=0.000s(0%) fetch=0.023s(43%) enc.moe=0.001s(1%) tail=0.000s(0%) head=0.004s(7%) other=0.000s(1%) call=0.055s | tiles=73 ahead=73 experts=324 miss=27 io=0.025s 3.8GB/s]
[prefill gpuq busy=0.031s(57%) idle=0.024s(43%) span=0.054s buffers=164]
[prefill gpu attn=0.011s(38%) shared=0.003s(12%) moe=0.010s(36%) tail=0.001s(3%) head=0.003s(12%) total=0.029s]
[prefill host enc.front=0.002s(5%) wait.front=0.023s(70%) drain=0.001s(2%) route=0.000s(1%) meta=0.000s(0%) fetch=0.003s(10%) enc.moe=0.000s(1%) tail=0.000s(0%) head=0.004s(11%) other=0.000s(1%) call=0.033s | tiles=63 ahead=63 experts=304 miss=5 io=0.003s 5.1GB/s]
[prefill gpuq busy=0.029s(87%) idle=0.004s(13%) span=0.033s buffers=154]
[prefill gpu attn=0.011s(38%) shared=0.003s(12%) moe=0.010s(35%) tail=0.001s(3%) head=0.003s(12%) total=0.028s]
[prefill host enc.front=0.002s(5%) wait.front=0.023s(73%) drain=0.000s(2%) route=0.000s(1%) meta=0.000s(0%) fetch=0.002s(6%) enc.moe=0.000s(1%) tail=0.000s(0%) head=0.004s(11%) other=0.000s(1%) call=0.031s | tiles=56 ahead=56 experts=284 miss=6 io=0.002s 11.0GB/s]
[prefill gpuq busy=0.028s(91%) idle=0.003s(9%) span=0.031s buffers=147]
[prefill gpu attn=0.011s(38%) shared=0.003s(12%) moe=0.011s(37%) tail=0.001s(2%) head=0.003s(12%) total=0.029s]
[prefill host enc.front=0.002s(5%) wait.front=0.023s(69%) drain=0.000s(1%) route=0.000s(1%) meta=0.000s(0%) fetch=0.004s(11%) enc.moe=0.000s(1%) tail=0.000s(0%) head=0.004s(11%) other=0.000s(1%) call=0.034s | tiles=63 ahead=63 experts=310 miss=7 io=0.004s 6.5GB/s]
[prefill gpuq busy=0.029s(86%) idle=0.005s(14%) span=0.033s buffers=154]
[prefill gpu attn=0.011s(37%) shared=0.003s(12%) moe=0.011s(37%) tail=0.001s(3%) head=0.003s(11%) total=0.029s]
[prefill host enc.front=0.002s(4%) wait.front=0.024s(62%) drain=0.001s(1%) route=0.000s(0%) meta=0.000s(0%) fetch=0.008s(21%) enc.moe=0.000s(1%) tail=0.000s(0%) head=0.004s(9%) other=0.000s(1%) call=0.040s | tiles=64 ahead=64 experts=320 miss=5 io=0.008s 2.1GB/s]
[prefill gpuq busy=0.029s(75%) idle=0.010s(25%) span=0.039s buffers=155]
[prefill gpu attn=0.011s(37%) shared=0.003s(12%) moe=0.011s(37%) tail=0.001s(3%) head=0.003s(12%) total=0.029s]
[prefill host enc.front=0.002s(4%) wait.front=0.024s(62%) drain=0.001s(1%) route=0.000s(0%) meta=0.000s(0%) fetch=0.008s(21%) enc.moe=0.000s(1%) tail=0.000s(0%) head=0.004s(9%) other=0.000s(1%) call=0.039s | tiles=63 ahead=63 experts=318 miss=9 io=0.008s 3.7GB/s]
[prefill gpuq busy=0.029s(75%) idle=0.010s(25%) span=0.039s buffers=154]
[prefill gpu attn=0.011s(37%) shared=0.003s(12%) moe=0.011s(37%) tail=0.001s(2%) head=0.003s(12%) total=0.029s]
[prefill host enc.front=0.002s(4%) wait.front=0.022s(58%) drain=0.001s(1%) route=0.000s(0%) meta=0.000s(0%) fetch=0.009s(24%) enc.moe=0.001s(1%) tail=0.000s(0%) head=0.004s(9%) other=0.000s(1%) call=0.039s | tiles=64 ahead=64 experts=306 miss=15 io=0.009s 5.6GB/s]
[prefill gpuq busy=0.029s(76%) idle=0.009s(24%) span=0.038s buffers=155]
[prefill gpu attn=0.011s(37%) shared=0.003s(12%) moe=0.011s(38%) tail=0.001s(2%) head=0.003s(11%) total=0.029s]
[prefill host enc.front=0.002s(5%) wait.front=0.023s(71%) drain=0.000s(1%) route=0.000s(0%) meta=0.000s(0%) fetch=0.003s(8%) enc.moe=0.000s(1%) tail=0.000s(0%) head=0.004s(11%) other=0.000s(1%) call=0.032s | tiles=63 ahead=63 experts=334 miss=4 io=0.003s 5.2GB/s]
[prefill gpuq busy=0.029s(91%) idle=0.003s(9%) span=0.032s buffers=154]
[prefill gpu attn=0.011s(38%) shared=0.003s(12%) moe=0.010s(36%) tail=0.001s(2%) head=0.003s(12%) total=0.029s]
[prefill host enc.front=0.002s(5%) wait.front=0.023s(65%) drain=0.001s(2%) route=0.000s(1%) meta=0.000s(0%) fetch=0.005s(15%) enc.moe=0.000s(1%) tail=0.000s(0%) head=0.004s(10%) other=0.000s(1%) call=0.036s | tiles=61 ahead=61 experts=295 miss=8 io=0.005s 5.2GB/s]
[prefill gpuq busy=0.029s(82%) idle=0.007s(18%) span=0.035s buffers=152]
[prefill gpu attn=0.011s(40%) shared=0.003s(12%) moe=0.009s(33%) tail=0.001s(3%) head=0.003s(12%) total=0.028s]
[prefill host enc.front=0.002s(6%) wait.front=0.023s(78%) drain=0.000s(2%) route=0.000s(1%) meta=0.000s(0%) fetch=0.000s(0%) enc.moe=0.000s(1%) tail=0.000s(0%) head=0.004s(12%) other=0.000s(1%) call=0.030s | tiles=53 ahead=53 experts=283 miss=0 io=0.000s 0.0GB/s]
[prefill gpuq busy=0.028s(95%) idle=0.001s(5%) span=0.029s buffers=144]
[prefill gpu attn=0.011s(38%) shared=0.003s(12%) moe=0.010s(36%) tail=0.001s(2%) head=0.003s(12%) total=0.029s]
[prefill host enc.front=0.002s(5%) wait.front=0.023s(66%) drain=0.000s(1%) route=0.000s(0%) meta=0.000s(0%) fetch=0.005s(15%) enc.moe=0.000s(1%) tail=0.000s(0%) head=0.004s(10%) other=0.000s(1%) call=0.035s | tiles=62 ahead=62 experts=299 miss=10 io=0.005s 6.4GB/s]
[prefill gpuq busy=0.029s(81%) idle=0.007s(19%) span=0.035s buffers=153]
[prefill gpu attn=0.011s(38%) shared=0.003s(12%) moe=0.010s(36%) tail=0.001s(2%) head=0.003s(12%) total=0.028s]
[prefill host enc.front=0.002s(5%) wait.front=0.024s(76%) drain=0.000s(2%) route=0.000s(0%) meta=0.000s(0%) fetch=0.001s(3%) enc.moe=0.000s(1%) tail=0.000s(0%) head=0.004s(11%) other=0.000s(1%) call=0.031s | tiles=61 ahead=61 experts=307 miss=2 io=0.001s 6.6GB/s]
[prefill gpuq busy=0.028s(91%) idle=0.003s(9%) span=0.031s buffers=152]
[prefill gpu attn=0.011s(37%) shared=0.004s(12%) moe=0.011s(38%) tail=0.001s(2%) head=0.003s(11%) total=0.030s]
[prefill host enc.front=0.002s(5%) wait.front=0.026s(75%) drain=0.001s(2%) route=0.000s(1%) meta=0.000s(0%) fetch=0.002s(5%) enc.moe=0.000s(1%) tail=0.000s(0%) head=0.004s(10%) other=0.000s(1%) call=0.034s | tiles=62 ahead=62 experts=322 miss=5 io=0.002s 9.9GB/s]
[prefill gpuq busy=0.030s(87%) idle=0.004s(13%) span=0.034s buffers=153]
[prefill gpu attn=0.011s(37%) shared=0.003s(12%) moe=0.011s(38%) tail=0.001s(2%) head=0.003s(11%) total=0.030s]
[prefill host enc.front=0.002s(5%) wait.front=0.024s(70%) drain=0.001s(3%) route=0.000s(0%) meta=0.000s(0%) fetch=0.003s(9%) enc.moe=0.000s(1%) tail=0.000s(0%) head=0.004s(10%) other=0.000s(1%) call=0.034s | tiles=63 ahead=63 experts=344 miss=4 io=0.003s 4.3GB/s]
[prefill gpuq busy=0.030s(87%) idle=0.004s(13%) span=0.034s buffers=154]
[prefill gpu attn=0.011s(37%) shared=0.003s(12%) moe=0.011s(37%) tail=0.001s(2%) head=0.003s(12%) total=0.029s]
[prefill host enc.front=0.002s(5%) wait.front=0.023s(73%) drain=0.000s(1%) route=0.000s(1%) meta=0.000s(0%) fetch=0.002s(6%) enc.moe=0.000s(1%) tail=0.000s(0%) head=0.004s(12%) other=0.000s(1%) call=0.031s | tiles=61 ahead=61 experts=322 miss=4 io=0.002s 7.9GB/s]
[prefill gpuq busy=0.029s(94%) idle=0.002s(6%) span=0.031s buffers=152]
[prefill gpu attn=0.011s(38%) shared=0.003s(12%) moe=0.010s(36%) tail=0.001s(2%) head=0.003s(12%) total=0.029s]
[prefill host enc.front=0.002s(4%) wait.front=0.025s(71%) drain=0.000s(1%) route=0.000s(0%) meta=0.000s(0%) fetch=0.004s(11%) enc.moe=0.000s(1%) tail=0.000s(0%) head=0.004s(10%) other=0.000s(1%) call=0.036s | tiles=61 ahead=61 experts=309 miss=5 io=0.004s 4.3GB/s]
[prefill gpuq busy=0.029s(82%) idle=0.006s(18%) span=0.035s buffers=152]
[prefill gpu attn=0.011s(38%) shared=0.003s(12%) moe=0.010s(36%) tail=0.001s(2%) head=0.003s(12%) total=0.028s]
[prefill host enc.front=0.002s(5%) wait.front=0.023s(72%) drain=0.000s(2%) route=0.000s(1%) meta=0.000s(0%) fetch=0.002s(7%) enc.moe=0.000s(1%) tail=0.000s(0%) head=0.004s(11%) other=0.000s(1%) call=0.032s | tiles=60 ahead=60 experts=302 miss=6 io=0.002s 9.2GB/s]
[prefill gpuq busy=0.028s(90%) idle=0.003s(10%) span=0.032s buffers=151]
[prefill gpu attn=0.011s(38%) shared=0.003s(12%) moe=0.010s(36%) tail=0.001s(2%) head=0.004s(12%) total=0.029s]
[prefill host enc.front=0.002s(5%) wait.front=0.023s(72%) drain=0.000s(2%) route=0.000s(1%) meta=0.000s(0%) fetch=0.002s(7%) enc.moe=0.000s(1%) tail=0.000s(0%) head=0.004s(11%) other=0.000s(1%) call=0.032s | tiles=63 ahead=63 experts=310 miss=5 io=0.002s 8.1GB/s]
[prefill gpuq busy=0.029s(91%) idle=0.003s(9%) span=0.032s buffers=154]
[prefill gpu attn=0.013s(46%) shared=0.004s(13%) moe=0.007s(26%) tail=0.001s(3%) head=0.003s(12%) total=0.028s]
[prefill host enc.front=0.002s(5%) wait.front=0.023s(72%) drain=0.000s(1%) route=0.000s(1%) meta=0.000s(0%) fetch=0.002s(8%) enc.moe=0.000s(1%) tail=0.000s(0%) head=0.004s(11%) other=0.000s(1%) call=0.032s | tiles=33 ahead=33 experts=240 miss=3 io=0.003s 4.2GB/s]
[prefill gpuq busy=0.028s(87%) idle=0.004s(13%) span=0.032s buffers=124]

[stop=maxTokens prefill=365tok new=192tok decode=5.71s tok/s=33.643]
[load=0.748s layerVerify=0.000s/30layers prefill=4.205s ttft=4.206s peak=6.79GB rss=3.84GB]
[expert prefill hit=0.0% 0/2734 io=1.657s | decode hit=95.8% 34877/36407 io=1.467s]
[vision images=1 soft=260 tower=1.765s towerLoad=0.001s]
[decode/tok io=0.00ms cb1=0.00ms cb2=0.00ms head=0.00ms]
[mtp bs=2 rounds=114 accept=0.675/1 tok/round=1.684 draft=0.428s verify=5.030s accepted=37,77]
