[prefill gpu attn=0.392s(30%) shared=0.115s(9%) moe=0.779s(60%) tail=0.007s(1%) head=0.003s(0%) total=1.296s]
[prefill host enc.front=0.003s(0%) wait.front=0.528s(22%) drain=0.000s(0%) route=0.006s(0%) wait.shared=0.109s(4%) meta=0.000s(0%) fetch=1.669s(69%) enc.moe=0.014s(1%) wait.tile=0.075s(3%) tail=0.013s(1%) head=0.004s(0%) other=0.005s(0%) call=2.426s | tiles=358 ahead=0 experts=0 miss=0 io=0.000s 0.0GB/s]
[prefill gpuq busy=1.296s(56%) idle=0.999s(44%) span=2.295s buffers=449]
[prefill gpu attn=0.026s(46%) shared=0.004s(7%) moe=0.022s(39%) tail=0.001s(2%) head=0.003s(6%) total=0.056s]
[prefill host enc.front=0.003s(1%) wait.front=0.085s(35%) drain=0.001s(0%) route=0.001s(0%) meta=0.000s(0%) fetch=0.145s(60%) enc.moe=0.002s(1%) tail=0.000s(0%) head=0.004s(2%) other=0.001s(0%) call=0.241s | tiles=69 ahead=69 experts=373 miss=171 io=0.175s 3.4GB/s]
[prefill gpuq busy=0.056s(23%) idle=0.185s(77%) span=0.240s buffers=160]
[prefill gpu attn=0.012s(27%) shared=0.004s(9%) moe=0.025s(54%) tail=0.001s(2%) head=0.003s(7%) total=0.046s]
[prefill host enc.front=0.002s(2%) wait.front=0.034s(32%) drain=0.000s(0%) route=0.000s(0%) meta=0.000s(0%) fetch=0.065s(61%) enc.moe=0.001s(1%) tail=0.000s(0%) head=0.004s(3%) other=0.001s(1%) call=0.107s | tiles=87 ahead=87 experts=398 miss=73 io=0.073s 3.5GB/s]
[prefill gpuq busy=0.045s(42%) idle=0.062s(58%) span=0.107s buffers=178]
[prefill gpu attn=0.015s(26%) shared=0.006s(10%) moe=0.032s(55%) tail=0.001s(2%) head=0.004s(7%) total=0.058s]
[prefill host enc.front=0.002s(1%) wait.front=0.047s(30%) drain=0.001s(1%) route=0.000s(0%) meta=0.000s(0%) fetch=0.101s(64%) enc.moe=0.001s(1%) tail=0.000s(0%) head=0.004s(3%) other=0.001s(0%) call=0.157s | tiles=79 ahead=79 experts=395 miss=81 io=0.101s 2.8GB/s]
[prefill gpuq busy=0.057s(37%) idle=0.100s(63%) span=0.157s buffers=170]
[prefill gpu attn=0.011s(29%) shared=0.004s(9%) moe=0.020s(51%) tail=0.001s(2%) head=0.003s(9%) total=0.039s]
[prefill host enc.front=0.002s(2%) wait.front=0.028s(28%) drain=0.001s(1%) route=0.000s(0%) meta=0.000s(0%) fetch=0.062s(63%) enc.moe=0.001s(1%) tail=0.000s(0%) head=0.004s(4%) other=0.001s(1%) call=0.098s | tiles=81 ahead=81 experts=379 miss=52 io=0.062s 2.9GB/s]
[prefill gpuq busy=0.039s(40%) idle=0.059s(60%) span=0.097s buffers=172]
[prefill gpu attn=0.011s(30%) shared=0.004s(10%) moe=0.019s(49%) tail=0.001s(2%) head=0.003s(9%) total=0.038s]
[prefill host enc.front=0.002s(2%) wait.front=0.030s(37%) drain=0.000s(0%) route=0.000s(0%) meta=0.000s(0%) fetch=0.044s(54%) enc.moe=0.001s(1%) tail=0.000s(0%) head=0.004s(4%) other=0.000s(1%) call=0.082s | tiles=80 ahead=80 experts=346 miss=34 io=0.044s 2.6GB/s]
[prefill gpuq busy=0.038s(46%) idle=0.044s(54%) span=0.082s buffers=171]
[prefill gpu attn=0.011s(31%) shared=0.004s(10%) moe=0.017s(48%) tail=0.001s(2%) head=0.003s(9%) total=0.036s]
[prefill host enc.front=0.002s(3%) wait.front=0.028s(47%) drain=0.001s(1%) route=0.000s(0%) meta=0.000s(0%) fetch=0.023s(40%) enc.moe=0.001s(1%) tail=0.000s(0%) head=0.004s(6%) other=0.000s(1%) call=0.059s | tiles=70 ahead=70 experts=334 miss=26 io=0.024s 3.8GB/s]
[prefill gpuq busy=0.036s(61%) idle=0.023s(39%) span=0.058s buffers=161]
[prefill gpu attn=0.011s(31%) shared=0.004s(10%) moe=0.017s(48%) tail=0.001s(2%) head=0.003s(9%) total=0.036s]
[prefill host enc.front=0.002s(3%) wait.front=0.027s(50%) drain=0.001s(1%) route=0.000s(0%) meta=0.000s(0%) fetch=0.020s(37%) enc.moe=0.001s(1%) tail=0.000s(0%) head=0.004s(7%) other=0.000s(1%) call=0.053s | tiles=70 ahead=70 experts=366 miss=18 io=0.020s 3.2GB/s]
[prefill gpuq busy=0.036s(67%) idle=0.017s(33%) span=0.053s buffers=161]
[prefill gpu attn=0.011s(30%) shared=0.004s(10%) moe=0.018s(49%) tail=0.001s(2%) head=0.003s(9%) total=0.037s]
[prefill host enc.front=0.002s(3%) wait.front=0.027s(43%) drain=0.000s(0%) route=0.000s(0%) meta=0.000s(0%) fetch=0.028s(45%) enc.moe=0.001s(1%) tail=0.000s(0%) head=0.004s(6%) other=0.000s(1%) call=0.063s | tiles=74 ahead=74 experts=388 miss=27 io=0.029s 3.3GB/s]
[prefill gpuq busy=0.037s(59%) idle=0.026s(41%) span=0.062s buffers=165]
[prefill gpu attn=0.011s(29%) shared=0.004s(10%) moe=0.018s(49%) tail=0.001s(2%) head=0.004s(10%) total=0.038s]
[prefill host enc.front=0.002s(2%) wait.front=0.030s(38%) drain=0.000s(0%) route=0.000s(0%) meta=0.000s(0%) fetch=0.040s(52%) enc.moe=0.001s(1%) tail=0.000s(0%) head=0.004s(5%) other=0.000s(1%) call=0.077s | tiles=77 ahead=77 experts=392 miss=28 io=0.040s 2.4GB/s]
[prefill gpuq busy=0.038s(49%) idle=0.039s(51%) span=0.077s buffers=168]
[prefill gpu attn=0.011s(30%) shared=0.004s(10%) moe=0.018s(49%) tail=0.001s(2%) head=0.003s(9%) total=0.037s]
[prefill host enc.front=0.002s(3%) wait.front=0.027s(37%) drain=0.000s(0%) route=0.000s(0%) meta=0.000s(0%) fetch=0.038s(52%) enc.moe=0.001s(1%) tail=0.000s(0%) head=0.004s(5%) other=0.000s(1%) call=0.073s | tiles=78 ahead=78 experts=395 miss=31 io=0.038s 2.8GB/s]
[prefill gpuq busy=0.037s(51%) idle=0.035s(49%) span=0.073s buffers=169]
[prefill gpu attn=0.011s(30%) shared=0.004s(10%) moe=0.018s(49%) tail=0.001s(2%) head=0.003s(9%) total=0.037s]
[prefill host enc.front=0.002s(3%) wait.front=0.026s(41%) drain=0.000s(0%) route=0.000s(0%) meta=0.000s(0%) fetch=0.030s(48%) enc.moe=0.001s(1%) tail=0.000s(0%) head=0.004s(6%) other=0.000s(1%) call=0.064s | tiles=77 ahead=77 experts=356 miss=32 io=0.031s 3.6GB/s]
[prefill gpuq busy=0.036s(58%) idle=0.027s(42%) span=0.063s buffers=168]
[prefill gpu attn=0.011s(29%) shared=0.004s(10%) moe=0.019s(50%) tail=0.001s(2%) head=0.003s(9%) total=0.038s]
[prefill host enc.front=0.002s(2%) wait.front=0.027s(31%) drain=0.001s(1%) route=0.000s(0%) meta=0.000s(0%) fetch=0.052s(60%) enc.moe=0.001s(1%) tail=0.000s(0%) head=0.004s(4%) other=0.000s(1%) call=0.086s | tiles=84 ahead=84 experts=428 miss=45 io=0.052s 3.0GB/s]
[prefill gpuq busy=0.038s(44%) idle=0.048s(56%) span=0.086s buffers=175]
[prefill gpu attn=0.011s(30%) shared=0.004s(10%) moe=0.017s(48%) tail=0.001s(2%) head=0.003s(9%) total=0.036s]
[prefill host enc.front=0.002s(4%) wait.front=0.028s(62%) drain=0.001s(2%) route=0.000s(0%) meta=0.000s(0%) fetch=0.010s(22%) enc.moe=0.001s(1%) tail=0.000s(0%) head=0.004s(8%) other=0.000s(1%) call=0.045s | tiles=66 ahead=66 experts=346 miss=12 io=0.010s 4.1GB/s]
[prefill gpuq busy=0.036s(79%) idle=0.009s(21%) span=0.045s buffers=157]
[prefill gpu attn=0.011s(29%) shared=0.004s(10%) moe=0.018s(50%) tail=0.001s(2%) head=0.003s(9%) total=0.037s]
[prefill host enc.front=0.002s(2%) wait.front=0.026s(36%) drain=0.001s(1%) route=0.000s(0%) meta=0.000s(0%) fetch=0.038s(53%) enc.moe=0.001s(1%) tail=0.000s(0%) head=0.004s(5%) other=0.000s(1%) call=0.072s | tiles=77 ahead=77 experts=406 miss=47 io=0.038s 4.2GB/s]
[prefill gpuq busy=0.037s(52%) idle=0.035s(48%) span=0.072s buffers=168]
[prefill gpu attn=0.011s(28%) shared=0.004s(9%) moe=0.020s(52%) tail=0.001s(2%) head=0.003s(9%) total=0.039s]
[prefill host enc.front=0.002s(2%) wait.front=0.025s(28%) drain=0.000s(0%) route=0.000s(0%) meta=0.000s(0%) fetch=0.057s(63%) enc.moe=0.001s(1%) tail=0.000s(0%) head=0.004s(4%) other=0.001s(1%) call=0.090s | tiles=91 ahead=91 experts=476 miss=51 io=0.057s 3.1GB/s]
[prefill gpuq busy=0.039s(43%) idle=0.051s(57%) span=0.090s buffers=182]
[prefill gpu attn=0.011s(30%) shared=0.003s(10%) moe=0.017s(49%) tail=0.001s(2%) head=0.003s(10%) total=0.035s]
[prefill host enc.front=0.002s(4%) wait.front=0.026s(59%) drain=0.001s(2%) route=0.000s(0%) meta=0.000s(0%) fetch=0.010s(24%) enc.moe=0.001s(1%) tail=0.000s(0%) head=0.004s(8%) other=0.000s(1%) call=0.043s | tiles=68 ahead=68 experts=358 miss=13 io=0.011s 4.3GB/s]
[prefill gpuq busy=0.035s(83%) idle=0.007s(17%) span=0.043s buffers=159]
[prefill gpu attn=0.011s(30%) shared=0.003s(10%) moe=0.017s(48%) tail=0.001s(2%) head=0.003s(10%) total=0.036s]
[prefill host enc.front=0.002s(4%) wait.front=0.026s(55%) drain=0.000s(1%) route=0.000s(0%) meta=0.000s(0%) fetch=0.014s(30%) enc.moe=0.001s(1%) tail=0.000s(0%) head=0.004s(8%) other=0.000s(1%) call=0.048s | tiles=67 ahead=67 experts=363 miss=18 io=0.015s 4.3GB/s]
[prefill gpuq busy=0.036s(76%) idle=0.012s(24%) span=0.047s buffers=158]
[prefill gpu attn=0.011s(30%) shared=0.004s(10%) moe=0.018s(49%) tail=0.001s(2%) head=0.003s(9%) total=0.036s]
[prefill host enc.front=0.002s(4%) wait.front=0.029s(62%) drain=0.001s(2%) route=0.000s(0%) meta=0.000s(0%) fetch=0.010s(22%) enc.moe=0.001s(1%) tail=0.000s(0%) head=0.004s(8%) other=0.000s(1%) call=0.046s | tiles=66 ahead=66 experts=368 miss=15 io=0.010s 5.0GB/s]
[prefill gpuq busy=0.036s(79%) idle=0.010s(21%) span=0.046s buffers=157]
[prefill gpu attn=0.011s(30%) shared=0.004s(10%) moe=0.018s(49%) tail=0.001s(2%) head=0.003s(9%) total=0.037s]
[prefill host enc.front=0.002s(3%) wait.front=0.025s(51%) drain=0.000s(1%) route=0.000s(0%) meta=0.000s(0%) fetch=0.017s(35%) enc.moe=0.001s(1%) tail=0.000s(0%) head=0.004s(7%) other=0.000s(1%) call=0.050s | tiles=73 ahead=73 experts=394 miss=24 io=0.017s 4.8GB/s]
[prefill gpuq busy=0.037s(74%) idle=0.013s(26%) span=0.049s buffers=164]
[prefill gpu attn=0.011s(30%) shared=0.003s(10%) moe=0.017s(48%) tail=0.001s(2%) head=0.003s(9%) total=0.036s]
[prefill host enc.front=0.002s(4%) wait.front=0.027s(64%) drain=0.000s(1%) route=0.000s(0%) meta=0.000s(0%) fetch=0.009s(20%) enc.moe=0.001s(1%) tail=0.000s(0%) head=0.004s(8%) other=0.000s(1%) call=0.043s | tiles=66 ahead=66 experts=341 miss=14 io=0.009s 5.5GB/s]
[prefill gpuq busy=0.036s(84%) idle=0.007s(16%) span=0.042s buffers=157]
[prefill gpu attn=0.011s(31%) shared=0.003s(10%) moe=0.017s(48%) tail=0.001s(2%) head=0.003s(9%) total=0.036s]
[prefill host enc.front=0.002s(4%) wait.front=0.026s(57%) drain=0.001s(2%) route=0.000s(0%) meta=0.000s(0%) fetch=0.012s(27%) enc.moe=0.001s(1%) tail=0.000s(0%) head=0.004s(8%) other=0.000s(1%) call=0.045s | tiles=70 ahead=70 experts=358 miss=18 io=0.012s 5.0GB/s]
[prefill gpuq busy=0.036s(79%) idle=0.009s(21%) span=0.045s buffers=161]
[prefill gpu attn=0.011s(30%) shared=0.004s(10%) moe=0.018s(50%) tail=0.001s(2%) head=0.003s(9%) total=0.037s]
[prefill host enc.front=0.002s(4%) wait.front=0.024s(53%) drain=0.001s(2%) route=0.000s(0%) meta=0.000s(0%) fetch=0.015s(31%) enc.moe=0.001s(1%) tail=0.000s(0%) head=0.004s(8%) other=0.000s(1%) call=0.046s | tiles=75 ahead=75 experts=397 miss=19 io=0.015s 4.5GB/s]
[prefill gpuq busy=0.037s(80%) idle=0.009s(20%) span=0.046s buffers=166]
[prefill gpu attn=0.011s(31%) shared=0.003s(10%) moe=0.017s(48%) tail=0.001s(2%) head=0.003s(9%) total=0.036s]
[prefill host enc.front=0.002s(4%) wait.front=0.028s(64%) drain=0.001s(2%) route=0.000s(0%) meta=0.000s(0%) fetch=0.009s(20%) enc.moe=0.000s(1%) tail=0.000s(0%) head=0.004s(8%) other=0.000s(1%) call=0.044s | tiles=66 ahead=66 experts=339 miss=14 io=0.009s 5.5GB/s]
[prefill gpuq busy=0.036s(82%) idle=0.008s(18%) span=0.044s buffers=157]
[prefill gpu attn=0.011s(30%) shared=0.004s(11%) moe=0.017s(48%) tail=0.001s(2%) head=0.003s(9%) total=0.036s]
[prefill host enc.front=0.002s(4%) wait.front=0.028s(65%) drain=0.001s(2%) route=0.000s(0%) meta=0.000s(0%) fetch=0.008s(19%) enc.moe=0.001s(1%) tail=0.000s(0%) head=0.004s(8%) other=0.000s(1%) call=0.043s | tiles=69 ahead=69 experts=387 miss=10 io=0.008s 4.2GB/s]
[prefill gpuq busy=0.036s(84%) idle=0.007s(16%) span=0.043s buffers=160]
[prefill gpu attn=0.011s(30%) shared=0.004s(10%) moe=0.017s(48%) tail=0.001s(2%) head=0.003s(10%) total=0.036s]
[prefill host enc.front=0.002s(4%) wait.front=0.028s(61%) drain=0.001s(2%) route=0.000s(0%) meta=0.000s(0%) fetch=0.011s(23%) enc.moe=0.001s(1%) tail=0.000s(0%) head=0.004s(8%) other=0.000s(1%) call=0.046s | tiles=68 ahead=68 experts=344 miss=14 io=0.011s 4.5GB/s]
[prefill gpuq busy=0.036s(79%) idle=0.009s(21%) span=0.046s buffers=159]
[prefill gpu attn=0.011s(30%) shared=0.004s(10%) moe=0.018s(48%) tail=0.001s(2%) head=0.003s(9%) total=0.037s]
[prefill host enc.front=0.002s(3%) wait.front=0.026s(51%) drain=0.000s(1%) route=0.000s(0%) meta=0.000s(0%) fetch=0.018s(36%) enc.moe=0.001s(1%) tail=0.000s(0%) head=0.004s(7%) other=0.000s(1%) call=0.051s | tiles=73 ahead=73 experts=377 miss=19 io=0.018s 3.6GB/s]
[prefill gpuq busy=0.037s(72%) idle=0.014s(28%) span=0.051s buffers=164]
[prefill gpu attn=0.011s(30%) shared=0.003s(10%) moe=0.018s(49%) tail=0.001s(2%) head=0.003s(9%) total=0.036s]
[prefill host enc.front=0.002s(4%) wait.front=0.027s(60%) drain=0.001s(2%) route=0.000s(0%) meta=0.000s(0%) fetch=0.010s(23%) enc.moe=0.001s(1%) tail=0.000s(0%) head=0.004s(8%) other=0.000s(1%) call=0.044s | tiles=68 ahead=68 experts=380 miss=18 io=0.010s 6.0GB/s]
[prefill gpuq busy=0.036s(82%) idle=0.008s(18%) span=0.044s buffers=159]
[prefill gpu attn=0.011s(30%) shared=0.004s(10%) moe=0.018s(49%) tail=0.001s(2%) head=0.003s(9%) total=0.037s]
[prefill host enc.front=0.002s(3%) wait.front=0.029s(55%) drain=0.001s(1%) route=0.000s(0%) meta=0.000s(0%) fetch=0.016s(31%) enc.moe=0.001s(1%) tail=0.000s(0%) head=0.004s(7%) other=0.000s(1%) call=0.053s | tiles=76 ahead=76 experts=415 miss=16 io=0.016s 3.4GB/s]
[prefill gpuq busy=0.037s(70%) idle=0.016s(30%) span=0.053s buffers=167]
[prefill gpu attn=0.011s(31%) shared=0.004s(10%) moe=0.017s(48%) tail=0.001s(2%) head=0.003s(9%) total=0.036s]
[prefill host enc.front=0.002s(3%) wait.front=0.029s(63%) drain=0.001s(2%) route=0.000s(0%) meta=0.000s(0%) fetch=0.010s(22%) enc.moe=0.001s(1%) tail=0.000s(0%) head=0.004s(8%) other=0.000s(1%) call=0.047s | tiles=67 ahead=67 experts=391 miss=10 io=0.010s 3.4GB/s]
[prefill gpuq busy=0.036s(78%) idle=0.010s(22%) span=0.046s buffers=158]
[prefill gpu attn=0.011s(30%) shared=0.004s(10%) moe=0.018s(49%) tail=0.001s(2%) head=0.003s(9%) total=0.036s]
[prefill host enc.front=0.002s(4%) wait.front=0.027s(56%) drain=0.000s(1%) route=0.000s(0%) meta=0.000s(0%) fetch=0.014s(29%) enc.moe=0.001s(1%) tail=0.000s(0%) head=0.004s(8%) other=0.000s(1%) call=0.047s | tiles=67 ahead=67 experts=350 miss=20 io=0.014s 5.0GB/s]
[prefill gpuq busy=0.036s(77%) idle=0.011s(23%) span=0.047s buffers=158]
[prefill gpu attn=0.011s(31%) shared=0.004s(10%) moe=0.017s(48%) tail=0.001s(2%) head=0.003s(9%) total=0.036s]
[prefill host enc.front=0.002s(4%) wait.front=0.027s(61%) drain=0.000s(1%) route=0.000s(0%) meta=0.000s(0%) fetch=0.010s(23%) enc.moe=0.001s(1%) tail=0.000s(0%) head=0.004s(8%) other=0.000s(1%) call=0.044s | tiles=68 ahead=68 experts=360 miss=15 io=0.010s 5.1GB/s]
[prefill gpuq busy=0.036s(81%) idle=0.008s(19%) span=0.044s buffers=159]
[prefill gpu attn=0.011s(30%) shared=0.004s(10%) moe=0.018s(49%) tail=0.001s(2%) head=0.003s(9%) total=0.036s]
[prefill host enc.front=0.002s(4%) wait.front=0.025s(55%) drain=0.001s(2%) route=0.000s(0%) meta=0.000s(0%) fetch=0.013s(29%) enc.moe=0.001s(1%) tail=0.000s(0%) head=0.004s(8%) other=0.000s(1%) call=0.046s | tiles=71 ahead=71 experts=338 miss=21 io=0.014s 5.4GB/s]
[prefill gpuq busy=0.036s(79%) idle=0.010s(21%) span=0.046s buffers=162]
[prefill gpu attn=0.011s(31%) shared=0.004s(10%) moe=0.017s(48%) tail=0.001s(2%) head=0.003s(9%) total=0.036s]
[prefill host enc.front=0.002s(4%) wait.front=0.026s(65%) drain=0.001s(2%) route=0.000s(0%) meta=0.000s(0%) fetch=0.007s(17%) enc.moe=0.001s(1%) tail=0.000s(0%) head=0.004s(9%) other=0.000s(1%) call=0.041s | tiles=69 ahead=69 experts=360 miss=11 io=0.007s 5.4GB/s]
[prefill gpuq busy=0.036s(89%) idle=0.005s(11%) span=0.040s buffers=160]
[prefill gpu attn=0.011s(30%) shared=0.004s(10%) moe=0.018s(48%) tail=0.001s(2%) head=0.003s(9%) total=0.036s]
[prefill host enc.front=0.002s(3%) wait.front=0.028s(56%) drain=0.001s(2%) route=0.000s(0%) meta=0.000s(0%) fetch=0.015s(30%) enc.moe=0.001s(1%) tail=0.000s(0%) head=0.004s(7%) other=0.000s(1%) call=0.050s | tiles=69 ahead=69 experts=365 miss=14 io=0.015s 3.2GB/s]
[prefill gpuq busy=0.036s(73%) idle=0.014s(27%) span=0.050s buffers=160]
[prefill gpu attn=0.011s(30%) shared=0.004s(10%) moe=0.018s(49%) tail=0.001s(2%) head=0.003s(9%) total=0.037s]
[prefill host enc.front=0.002s(3%) wait.front=0.026s(42%) drain=0.001s(1%) route=0.000s(0%) meta=0.000s(0%) fetch=0.029s(46%) enc.moe=0.001s(1%) tail=0.000s(0%) head=0.004s(6%) other=0.000s(1%) call=0.063s | tiles=77 ahead=77 experts=403 miss=22 io=0.029s 2.6GB/s]
[prefill gpuq busy=0.037s(60%) idle=0.025s(40%) span=0.063s buffers=168]
[prefill gpu attn=0.011s(29%) shared=0.004s(9%) moe=0.019s(51%) tail=0.001s(2%) head=0.003s(9%) total=0.038s]
[prefill host enc.front=0.002s(3%) wait.front=0.023s(37%) drain=0.000s(1%) route=0.000s(0%) meta=0.000s(0%) fetch=0.032s(51%) enc.moe=0.001s(1%) tail=0.000s(0%) head=0.004s(6%) other=0.000s(1%) call=0.062s | tiles=83 ahead=83 experts=434 miss=39 io=0.032s 4.3GB/s]
[prefill gpuq busy=0.038s(62%) idle=0.024s(38%) span=0.062s buffers=174]
[prefill gpu attn=0.011s(31%) shared=0.004s(10%) moe=0.018s(48%) tail=0.001s(2%) head=0.003s(9%) total=0.037s]
[prefill host enc.front=0.002s(3%) wait.front=0.030s(56%) drain=0.001s(2%) route=0.000s(0%) meta=0.000s(0%) fetch=0.016s(30%) enc.moe=0.001s(1%) tail=0.000s(0%) head=0.004s(7%) other=0.000s(1%) call=0.054s | tiles=72 ahead=72 experts=394 miss=10 io=0.016s 2.1GB/s]
[prefill gpuq busy=0.037s(69%) idle=0.016s(31%) span=0.053s buffers=163]
[prefill gpu attn=0.011s(31%) shared=0.004s(10%) moe=0.017s(48%) tail=0.001s(2%) head=0.003s(9%) total=0.036s]
[prefill host enc.front=0.002s(4%) wait.front=0.027s(59%) drain=0.001s(2%) route=0.000s(0%) meta=0.000s(0%) fetch=0.012s(25%) enc.moe=0.001s(1%) tail=0.000s(0%) head=0.004s(8%) other=0.000s(1%) call=0.046s | tiles=68 ahead=68 experts=365 miss=14 io=0.012s 4.1GB/s]
[prefill gpuq busy=0.036s(79%) idle=0.010s(21%) span=0.046s buffers=159]
[prefill gpu attn=0.011s(30%) shared=0.003s(10%) moe=0.018s(49%) tail=0.001s(2%) head=0.003s(9%) total=0.037s]
[prefill host enc.front=0.002s(4%) wait.front=0.026s(55%) drain=0.001s(2%) route=0.000s(0%) meta=0.000s(0%) fetch=0.014s(29%) enc.moe=0.001s(1%) tail=0.000s(0%) head=0.004s(8%) other=0.000s(1%) call=0.048s | tiles=71 ahead=71 experts=400 miss=20 io=0.014s 4.9GB/s]
[prefill gpuq busy=0.037s(77%) idle=0.011s(23%) span=0.048s buffers=162]
[prefill gpu attn=0.011s(30%) shared=0.004s(10%) moe=0.018s(49%) tail=0.001s(2%) head=0.003s(9%) total=0.037s]
[prefill host enc.front=0.002s(4%) wait.front=0.026s(59%) drain=0.001s(2%) route=0.000s(0%) meta=0.000s(0%) fetch=0.011s(24%) enc.moe=0.001s(1%) tail=0.000s(0%) head=0.004s(8%) other=0.000s(1%) call=0.044s | tiles=73 ahead=73 experts=406 miss=14 io=0.011s 4.5GB/s]
[prefill gpuq busy=0.037s(83%) idle=0.008s(17%) span=0.044s buffers=164]
[prefill gpu attn=0.011s(30%) shared=0.004s(10%) moe=0.018s(49%) tail=0.001s(2%) head=0.004s(10%) total=0.037s]
[prefill host enc.front=0.002s(4%) wait.front=0.026s(57%) drain=0.001s(2%) route=0.000s(0%) meta=0.000s(0%) fetch=0.012s(27%) enc.moe=0.001s(1%) tail=0.000s(0%) head=0.004s(8%) other=0.000s(1%) call=0.046s | tiles=73 ahead=73 experts=401 miss=16 io=0.012s 4.5GB/s]
[prefill gpuq busy=0.037s(80%) idle=0.009s(20%) span=0.046s buffers=164]
[prefill gpu attn=0.011s(30%) shared=0.004s(10%) moe=0.018s(49%) tail=0.001s(2%) head=0.003s(9%) total=0.036s]
[prefill host enc.front=0.002s(4%) wait.front=0.029s(70%) drain=0.001s(2%) route=0.000s(0%) meta=0.000s(0%) fetch=0.005s(13%) enc.moe=0.001s(1%) tail=0.000s(0%) head=0.004s(9%) other=0.000s(1%) call=0.041s | tiles=68 ahead=68 experts=395 miss=13 io=0.007s 6.9GB/s]
[prefill gpuq busy=0.036s(88%) idle=0.005s(12%) span=0.041s buffers=159]
[prefill gpu attn=0.011s(30%) shared=0.004s(10%) moe=0.018s(49%) tail=0.001s(2%) head=0.003s(9%) total=0.036s]
[prefill host enc.front=0.002s(4%) wait.front=0.026s(63%) drain=0.001s(2%) route=0.000s(1%) meta=0.000s(0%) fetch=0.008s(19%) enc.moe=0.001s(1%) tail=0.000s(0%) head=0.004s(9%) other=0.000s(1%) call=0.041s | tiles=69 ahead=69 experts=383 miss=12 io=0.008s 5.2GB/s]
[prefill gpuq busy=0.036s(88%) idle=0.005s(12%) span=0.041s buffers=160]
[prefill gpu attn=0.011s(30%) shared=0.003s(9%) moe=0.018s(49%) tail=0.001s(2%) head=0.003s(9%) total=0.037s]
[prefill host enc.front=0.002s(4%) wait.front=0.028s(62%) drain=0.000s(1%) route=0.000s(0%) meta=0.000s(0%) fetch=0.010s(23%) enc.moe=0.001s(1%) tail=0.000s(0%) head=0.004s(8%) other=0.000s(1%) call=0.046s | tiles=72 ahead=72 experts=415 miss=16 io=0.011s 5.2GB/s]
[prefill gpuq busy=0.037s(82%) idle=0.008s(18%) span=0.045s buffers=163]
[prefill gpu attn=0.011s(31%) shared=0.003s(10%) moe=0.017s(48%) tail=0.001s(2%) head=0.003s(10%) total=0.036s]
[prefill host enc.front=0.002s(4%) wait.front=0.028s(73%) drain=0.001s(3%) route=0.000s(0%) meta=0.000s(0%) fetch=0.003s(7%) enc.moe=0.000s(1%) tail=0.000s(0%) head=0.004s(9%) other=0.000s(1%) call=0.039s | tiles=68 ahead=68 experts=401 miss=4 io=0.003s 4.9GB/s]
[prefill gpuq busy=0.036s(93%) idle=0.003s(7%) span=0.038s buffers=159]
[prefill gpu attn=0.011s(31%) shared=0.004s(10%) moe=0.017s(48%) tail=0.001s(2%) head=0.003s(9%) total=0.036s]
[prefill host enc.front=0.002s(4%) wait.front=0.030s(72%) drain=0.001s(2%) route=0.000s(1%) meta=0.000s(0%) fetch=0.004s(10%) enc.moe=0.001s(1%) tail=0.000s(0%) head=0.004s(9%) other=0.000s(1%) call=0.041s | tiles=66 ahead=66 experts=396 miss=5 io=0.004s 4.0GB/s]
[prefill gpuq busy=0.036s(89%) idle=0.005s(11%) span=0.041s buffers=157]
[prefill gpu attn=0.011s(30%) shared=0.004s(10%) moe=0.017s(48%) tail=0.001s(2%) head=0.003s(10%) total=0.036s]
[prefill host enc.front=0.002s(3%) wait.front=0.027s(57%) drain=0.001s(2%) route=0.000s(0%) meta=0.000s(0%) fetch=0.013s(28%) enc.moe=0.001s(1%) tail=0.000s(0%) head=0.004s(8%) other=0.000s(1%) call=0.048s | tiles=69 ahead=69 experts=364 miss=12 io=0.013s 3.1GB/s]
[prefill gpuq busy=0.036s(76%) idle=0.011s(24%) span=0.047s buffers=160]
[prefill gpu attn=0.011s(31%) shared=0.004s(10%) moe=0.017s(48%) tail=0.001s(2%) head=0.003s(10%) total=0.036s]
[prefill host enc.front=0.002s(4%) wait.front=0.030s(74%) drain=0.001s(2%) route=0.000s(0%) meta=0.000s(0%) fetch=0.003s(8%) enc.moe=0.000s(1%) tail=0.000s(0%) head=0.004s(9%) other=0.000s(1%) call=0.040s | tiles=62 ahead=62 experts=345 miss=8 io=0.003s 8.7GB/s]
[prefill gpuq busy=0.036s(91%) idle=0.004s(9%) span=0.040s buffers=153]
[prefill gpu attn=0.011s(31%) shared=0.004s(10%) moe=0.017s(48%) tail=0.001s(2%) head=0.003s(9%) total=0.036s]
[prefill host enc.front=0.002s(4%) wait.front=0.030s(70%) drain=0.001s(2%) route=0.000s(0%) meta=0.000s(0%) fetch=0.006s(13%) enc.moe=0.000s(1%) tail=0.000s(0%) head=0.004s(8%) other=0.000s(1%) call=0.043s | tiles=64 ahead=64 experts=350 miss=8 io=0.006s 4.9GB/s]
[prefill gpuq busy=0.036s(85%) idle=0.007s(15%) span=0.042s buffers=155]
[prefill gpu attn=0.011s(30%) shared=0.004s(9%) moe=0.019s(50%) tail=0.001s(2%) head=0.004s(9%) total=0.038s]
[prefill host enc.front=0.002s(3%) wait.front=0.025s(49%) drain=0.001s(1%) route=0.000s(0%) meta=0.000s(0%) fetch=0.019s(37%) enc.moe=0.001s(1%) tail=0.000s(0%) head=0.004s(7%) other=0.000s(1%) call=0.052s | tiles=80 ahead=80 experts=447 miss=26 io=0.019s 4.7GB/s]
[prefill gpuq busy=0.038s(74%) idle=0.013s(26%) span=0.052s buffers=171]
[prefill gpu attn=0.011s(30%) shared=0.004s(10%) moe=0.018s(49%) tail=0.001s(2%) head=0.004s(10%) total=0.037s]
[prefill host enc.front=0.002s(3%) wait.front=0.024s(38%) drain=0.001s(1%) route=0.000s(0%) meta=0.000s(0%) fetch=0.031s(50%) enc.moe=0.001s(1%) tail=0.000s(0%) head=0.004s(6%) other=0.000s(1%) call=0.063s | tiles=81 ahead=81 experts=409 miss=26 io=0.032s 2.8GB/s]
[prefill gpuq busy=0.037s(59%) idle=0.026s(41%) span=0.063s buffers=172]
[prefill gpu attn=0.011s(31%) shared=0.004s(10%) moe=0.017s(48%) tail=0.001s(2%) head=0.003s(9%) total=0.036s]
[prefill host enc.front=0.002s(4%) wait.front=0.029s(69%) drain=0.001s(2%) route=0.000s(0%) meta=0.000s(0%) fetch=0.006s(14%) enc.moe=0.001s(1%) tail=0.000s(0%) head=0.004s(8%) other=0.000s(1%) call=0.042s | tiles=66 ahead=66 experts=366 miss=9 io=0.006s 5.4GB/s]
[prefill gpuq busy=0.036s(86%) idle=0.006s(14%) span=0.042s buffers=157]
[prefill gpu attn=0.011s(30%) shared=0.004s(10%) moe=0.018s(49%) tail=0.001s(2%) head=0.003s(9%) total=0.037s]
[prefill host enc.front=0.002s(4%) wait.front=0.029s(63%) drain=0.001s(3%) route=0.000s(0%) meta=0.000s(0%) fetch=0.009s(20%) enc.moe=0.001s(1%) tail=0.000s(0%) head=0.004s(8%) other=0.000s(1%) call=0.046s | tiles=70 ahead=70 experts=396 miss=14 io=0.009s 5.2GB/s]
[prefill gpuq busy=0.037s(80%) idle=0.009s(20%) span=0.046s buffers=161]
[prefill gpu attn=0.011s(31%) shared=0.004s(10%) moe=0.017s(48%) tail=0.001s(2%) head=0.003s(10%) total=0.036s]
[prefill host enc.front=0.002s(4%) wait.front=0.027s(65%) drain=0.000s(1%) route=0.000s(0%) meta=0.000s(0%) fetch=0.008s(18%) enc.moe=0.001s(1%) tail=0.000s(0%) head=0.004s(9%) other=0.000s(1%) call=0.042s | tiles=67 ahead=67 experts=363 miss=12 io=0.008s 5.4GB/s]
[prefill gpuq busy=0.036s(86%) idle=0.006s(14%) span=0.042s buffers=158]
[prefill gpu attn=0.011s(31%) shared=0.003s(10%) moe=0.017s(48%) tail=0.001s(2%) head=0.003s(9%) total=0.036s]
[prefill host enc.front=0.002s(4%) wait.front=0.027s(67%) drain=0.001s(2%) route=0.000s(1%) meta=0.000s(0%) fetch=0.006s(15%) enc.moe=0.001s(1%) tail=0.000s(0%) head=0.004s(9%) other=0.000s(1%) call=0.040s | tiles=71 ahead=71 experts=389 miss=10 io=0.006s 5.6GB/s]
[prefill gpuq busy=0.036s(90%) idle=0.004s(10%) span=0.040s buffers=162]
[prefill gpu attn=0.011s(31%) shared=0.004s(10%) moe=0.017s(48%) tail=0.001s(2%) head=0.003s(9%) total=0.036s]
[prefill host enc.front=0.002s(4%) wait.front=0.029s(73%) drain=0.001s(2%) route=0.000s(0%) meta=0.000s(0%) fetch=0.004s(9%) enc.moe=0.000s(1%) tail=0.000s(0%) head=0.004s(9%) other=0.000s(1%) call=0.040s | tiles=65 ahead=65 experts=359 miss=9 io=0.004s 8.1GB/s]
[prefill gpuq busy=0.036s(90%) idle=0.004s(10%) span=0.040s buffers=156]
[prefill gpu attn=0.011s(31%) shared=0.004s(10%) moe=0.018s(48%) tail=0.001s(2%) head=0.003s(9%) total=0.037s]
[prefill host enc.front=0.002s(3%) wait.front=0.032s(61%) drain=0.001s(1%) route=0.000s(0%) meta=0.000s(0%) fetch=0.013s(25%) enc.moe=0.001s(1%) tail=0.000s(0%) head=0.004s(7%) other=0.000s(1%) call=0.052s | tiles=67 ahead=67 experts=338 miss=19 io=0.013s 5.0GB/s]
[prefill gpuq busy=0.037s(71%) idle=0.015s(29%) span=0.052s buffers=158]
[prefill gpu attn=0.011s(31%) shared=0.004s(10%) moe=0.018s(48%) tail=0.001s(2%) head=0.003s(9%) total=0.036s]
[prefill host enc.front=0.002s(4%) wait.front=0.029s(63%) drain=0.001s(2%) route=0.000s(0%) meta=0.000s(0%) fetch=0.009s(21%) enc.moe=0.001s(1%) tail=0.000s(0%) head=0.004s(8%) other=0.000s(1%) call=0.046s | tiles=67 ahead=67 experts=359 miss=14 io=0.010s 5.1GB/s]
[prefill gpuq busy=0.036s(80%) idle=0.009s(20%) span=0.045s buffers=158]
[prefill gpu attn=0.011s(31%) shared=0.004s(10%) moe=0.017s(48%) tail=0.001s(2%) head=0.003s(9%) total=0.036s]
[prefill host enc.front=0.002s(4%) wait.front=0.029s(69%) drain=0.001s(2%) route=0.000s(0%) meta=0.000s(0%) fetch=0.006s(14%) enc.moe=0.000s(1%) tail=0.000s(0%) head=0.004s(9%) other=0.000s(1%) call=0.042s | tiles=64 ahead=64 experts=363 miss=9 io=0.006s 5.4GB/s]
[prefill gpuq busy=0.036s(87%) idle=0.006s(13%) span=0.041s buffers=155]
[prefill gpu attn=0.011s(29%) shared=0.004s(10%) moe=0.018s(49%) tail=0.001s(2%) head=0.004s(10%) total=0.037s]
[prefill host enc.front=0.002s(3%) wait.front=0.025s(49%) drain=0.001s(2%) route=0.000s(0%) meta=0.000s(0%) fetch=0.019s(36%) enc.moe=0.001s(1%) tail=0.000s(0%) head=0.004s(7%) other=0.000s(1%) call=0.052s | tiles=74 ahead=74 experts=367 miss=21 io=0.019s 3.9GB/s]
[prefill gpuq busy=0.037s(70%) idle=0.015s(30%) span=0.052s buffers=165]
[prefill gpu attn=0.011s(30%) shared=0.004s(10%) moe=0.017s(48%) tail=0.001s(2%) head=0.004s(10%) total=0.036s]
[prefill host enc.front=0.002s(4%) wait.front=0.028s(64%) drain=0.001s(1%) route=0.000s(0%) meta=0.000s(0%) fetch=0.008s(19%) enc.moe=0.001s(1%) tail=0.000s(0%) head=0.004s(9%) other=0.000s(1%) call=0.044s | tiles=68 ahead=68 experts=377 miss=9 io=0.008s 3.7GB/s]
[prefill gpuq busy=0.036s(84%) idle=0.007s(16%) span=0.044s buffers=159]
[prefill gpu attn=0.011s(31%) shared=0.004s(10%) moe=0.017s(48%) tail=0.001s(2%) head=0.003s(9%) total=0.036s]
[prefill host enc.front=0.002s(4%) wait.front=0.028s(71%) drain=0.001s(2%) route=0.000s(1%) meta=0.000s(0%) fetch=0.004s(11%) enc.moe=0.001s(1%) tail=0.000s(0%) head=0.004s(9%) other=0.000s(1%) call=0.040s | tiles=67 ahead=67 experts=365 miss=5 io=0.004s 4.1GB/s]
[prefill gpuq busy=0.036s(91%) idle=0.004s(9%) span=0.039s buffers=158]
[prefill gpu attn=0.011s(30%) shared=0.004s(10%) moe=0.017s(48%) tail=0.001s(2%) head=0.003s(9%) total=0.036s]
[prefill host enc.front=0.002s(4%) wait.front=0.028s(69%) drain=0.001s(2%) route=0.000s(0%) meta=0.000s(0%) fetch=0.005s(13%) enc.moe=0.001s(1%) tail=0.000s(0%) head=0.004s(9%) other=0.000s(1%) call=0.040s | tiles=66 ahead=66 experts=345 miss=8 io=0.005s 5.3GB/s]
[prefill gpuq busy=0.036s(90%) idle=0.004s(10%) span=0.040s buffers=157]
[prefill gpu attn=0.011s(31%) shared=0.004s(10%) moe=0.017s(48%) tail=0.001s(2%) head=0.003s(9%) total=0.036s]
[prefill host enc.front=0.002s(4%) wait.front=0.032s(75%) drain=0.001s(2%) route=0.000s(0%) meta=0.000s(0%) fetch=0.004s(9%) enc.moe=0.000s(1%) tail=0.000s(0%) head=0.004s(8%) other=0.000s(1%) call=0.042s | tiles=64 ahead=64 experts=364 miss=5 io=0.004s 4.7GB/s]
[prefill gpuq busy=0.036s(86%) idle=0.006s(14%) span=0.042s buffers=155]
[prefill gpu attn=0.011s(31%) shared=0.004s(10%) moe=0.017s(48%) tail=0.001s(2%) head=0.003s(10%) total=0.036s]
[prefill host enc.front=0.002s(4%) wait.front=0.029s(76%) drain=0.001s(2%) route=0.000s(0%) meta=0.000s(0%) fetch=0.002s(5%) enc.moe=0.000s(1%) tail=0.000s(0%) head=0.004s(10%) other=0.000s(1%) call=0.038s | tiles=64 ahead=64 experts=360 miss=4 io=0.002s 7.8GB/s]
[prefill gpuq busy=0.036s(95%) idle=0.002s(5%) span=0.038s buffers=155]
[prefill gpu attn=0.011s(31%) shared=0.004s(10%) moe=0.017s(48%) tail=0.001s(2%) head=0.003s(9%) total=0.036s]
[prefill host enc.front=0.002s(4%) wait.front=0.028s(64%) drain=0.001s(2%) route=0.000s(0%) meta=0.000s(0%) fetch=0.008s(19%) enc.moe=0.001s(1%) tail=0.000s(0%) head=0.004s(8%) other=0.000s(1%) call=0.044s | tiles=66 ahead=66 experts=414 miss=14 io=0.008s 5.8GB/s]
[prefill gpuq busy=0.036s(82%) idle=0.008s(18%) span=0.044s buffers=157]
[prefill gpu attn=0.011s(30%) shared=0.004s(10%) moe=0.018s(48%) tail=0.001s(2%) head=0.004s(10%) total=0.037s]
[prefill host enc.front=0.002s(3%) wait.front=0.028s(60%) drain=0.001s(2%) route=0.000s(0%) meta=0.000s(0%) fetch=0.011s(24%) enc.moe=0.001s(1%) tail=0.000s(0%) head=0.004s(8%) other=0.000s(1%) call=0.047s | tiles=72 ahead=72 experts=366 miss=11 io=0.011s 3.4GB/s]
[prefill gpuq busy=0.037s(79%) idle=0.010s(21%) span=0.046s buffers=163]
[prefill gpu attn=0.011s(30%) shared=0.004s(10%) moe=0.018s(49%) tail=0.001s(2%) head=0.003s(9%) total=0.037s]
[prefill host enc.front=0.002s(3%) wait.front=0.030s(59%) drain=0.000s(1%) route=0.000s(0%) meta=0.000s(0%) fetch=0.014s(27%) enc.moe=0.001s(1%) tail=0.000s(0%) head=0.004s(7%) other=0.000s(1%) call=0.050s | tiles=72 ahead=72 experts=356 miss=20 io=0.014s 5.1GB/s]
[prefill gpuq busy=0.037s(74%) idle=0.013s(26%) span=0.050s buffers=163]
[prefill gpu attn=0.011s(30%) shared=0.004s(10%) moe=0.018s(48%) tail=0.001s(2%) head=0.004s(10%) total=0.036s]
[prefill host enc.front=0.002s(4%) wait.front=0.028s(67%) drain=0.000s(1%) route=0.000s(0%) meta=0.000s(0%) fetch=0.007s(16%) enc.moe=0.001s(1%) tail=0.000s(0%) head=0.004s(9%) other=0.000s(1%) call=0.042s | tiles=67 ahead=67 experts=347 miss=10 io=0.007s 5.0GB/s]
[prefill gpuq busy=0.036s(87%) idle=0.005s(13%) span=0.042s buffers=158]
[prefill gpu attn=0.011s(31%) shared=0.004s(10%) moe=0.018s(48%) tail=0.001s(2%) head=0.003s(9%) total=0.036s]
[prefill host enc.front=0.002s(4%) wait.front=0.029s(73%) drain=0.001s(3%) route=0.000s(1%) meta=0.000s(0%) fetch=0.003s(8%) enc.moe=0.001s(1%) tail=0.000s(0%) head=0.004s(9%) other=0.000s(1%) call=0.040s | tiles=62 ahead=62 experts=375 miss=7 io=0.003s 7.6GB/s]
[prefill gpuq busy=0.036s(92%) idle=0.003s(8%) span=0.040s buffers=153]
[prefill gpu attn=0.011s(31%) shared=0.004s(10%) moe=0.017s(48%) tail=0.001s(2%) head=0.003s(9%) total=0.036s]
[prefill host enc.front=0.002s(4%) wait.front=0.028s(59%) drain=0.001s(2%) route=0.000s(0%) meta=0.000s(0%) fetch=0.012s(26%) enc.moe=0.001s(1%) tail=0.000s(0%) head=0.004s(7%) other=0.000s(1%) call=0.048s | tiles=67 ahead=67 experts=352 miss=11 io=0.012s 3.1GB/s]
[prefill gpuq busy=0.036s(76%) idle=0.011s(24%) span=0.048s buffers=158]
[prefill gpu attn=0.011s(31%) shared=0.004s(10%) moe=0.017s(47%) tail=0.001s(2%) head=0.003s(9%) total=0.036s]
[prefill host enc.front=0.002s(4%) wait.front=0.028s(73%) drain=0.001s(2%) route=0.000s(0%) meta=0.000s(0%) fetch=0.003s(9%) enc.moe=0.000s(1%) tail=0.000s(0%) head=0.004s(9%) other=0.000s(1%) call=0.039s | tiles=65 ahead=65 experts=368 miss=7 io=0.003s 7.2GB/s]
[prefill gpuq busy=0.036s(93%) idle=0.003s(7%) span=0.038s buffers=156]
[prefill gpu attn=0.011s(31%) shared=0.003s(10%) moe=0.017s(47%) tail=0.001s(2%) head=0.003s(9%) total=0.036s]
[prefill host enc.front=0.002s(4%) wait.front=0.029s(73%) drain=0.001s(2%) route=0.000s(0%) meta=0.000s(0%) fetch=0.003s(9%) enc.moe=0.000s(1%) tail=0.000s(0%) head=0.004s(9%) other=0.000s(1%) call=0.039s | tiles=63 ahead=63 experts=345 miss=5 io=0.003s 5.0GB/s]
[prefill gpuq busy=0.036s(91%) idle=0.004s(9%) span=0.039s buffers=154]
[prefill gpu attn=0.011s(30%) shared=0.004s(10%) moe=0.018s(49%) tail=0.001s(2%) head=0.003s(9%) total=0.037s]
[prefill host enc.front=0.002s(4%) wait.front=0.028s(68%) drain=0.001s(2%) route=0.000s(0%) meta=0.000s(0%) fetch=0.006s(15%) enc.moe=0.001s(1%) tail=0.000s(0%) head=0.004s(9%) other=0.000s(1%) call=0.041s | tiles=68 ahead=68 experts=390 miss=9 io=0.006s 4.9GB/s]
[prefill gpuq busy=0.037s(89%) idle=0.005s(11%) span=0.041s buffers=159]
[prefill gpu attn=0.011s(31%) shared=0.004s(10%) moe=0.018s(48%) tail=0.001s(2%) head=0.003s(9%) total=0.036s]
[prefill host enc.front=0.002s(4%) wait.front=0.033s(77%) drain=0.001s(2%) route=0.000s(0%) meta=0.000s(0%) fetch=0.003s(6%) enc.moe=0.001s(1%) tail=0.000s(0%) head=0.004s(8%) other=0.000s(1%) call=0.043s | tiles=63 ahead=63 experts=359 miss=12 io=0.003s 14.8GB/s]
[prefill gpuq busy=0.036s(85%) idle=0.006s(15%) span=0.043s buffers=154]
[prefill gpu attn=0.011s(31%) shared=0.004s(10%) moe=0.017s(48%) tail=0.001s(2%) head=0.003s(9%) total=0.036s]
[prefill host enc.front=0.002s(4%) wait.front=0.030s(74%) drain=0.001s(2%) route=0.000s(1%) meta=0.000s(0%) fetch=0.004s(9%) enc.moe=0.000s(1%) tail=0.000s(0%) head=0.004s(9%) other=0.000s(1%) call=0.041s | tiles=61 ahead=61 experts=320 miss=9 io=0.004s 8.8GB/s]
[prefill gpuq busy=0.036s(89%) idle=0.004s(11%) span=0.040s buffers=152]
[prefill gpu attn=0.011s(31%) shared=0.004s(10%) moe=0.018s(48%) tail=0.001s(2%) head=0.003s(9%) total=0.037s]
[prefill host enc.front=0.002s(3%) wait.front=0.030s(60%) drain=0.001s(1%) route=0.000s(0%) meta=0.000s(0%) fetch=0.012s(25%) enc.moe=0.001s(1%) tail=0.000s(0%) head=0.004s(7%) other=0.000s(1%) call=0.049s | tiles=70 ahead=70 experts=404 miss=9 io=0.013s 2.5GB/s]
[prefill gpuq busy=0.037s(75%) idle=0.012s(25%) span=0.049s buffers=161]
[prefill gpu attn=0.011s(31%) shared=0.004s(10%) moe=0.017s(48%) tail=0.001s(2%) head=0.003s(9%) total=0.036s]
[prefill host enc.front=0.002s(4%) wait.front=0.029s(70%) drain=0.001s(3%) route=0.000s(0%) meta=0.000s(0%) fetch=0.004s(11%) enc.moe=0.001s(1%) tail=0.000s(0%) head=0.004s(9%) other=0.000s(1%) call=0.041s | tiles=65 ahead=65 experts=359 miss=9 io=0.004s 7.0GB/s]
[prefill gpuq busy=0.036s(90%) idle=0.004s(10%) span=0.040s buffers=156]
[prefill gpu attn=0.011s(31%) shared=0.004s(10%) moe=0.018s(48%) tail=0.001s(2%) head=0.003s(9%) total=0.036s]
[prefill host enc.front=0.002s(4%) wait.front=0.030s(72%) drain=0.001s(2%) route=0.000s(0%) meta=0.000s(0%) fetch=0.004s(10%) enc.moe=0.001s(1%) tail=0.000s(0%) head=0.004s(9%) other=0.000s(1%) call=0.041s | tiles=65 ahead=65 experts=345 miss=13 io=0.004s 11.0GB/s]
[prefill gpuq busy=0.036s(89%) idle=0.004s(11%) span=0.041s buffers=156]
[prefill gpu attn=0.011s(30%) shared=0.004s(10%) moe=0.018s(49%) tail=0.001s(2%) head=0.003s(9%) total=0.037s]
[prefill host enc.front=0.002s(4%) wait.front=0.027s(58%) drain=0.001s(2%) route=0.000s(0%) meta=0.000s(0%) fetch=0.012s(26%) enc.moe=0.001s(1%) tail=0.000s(0%) head=0.004s(8%) other=0.000s(1%) call=0.046s | tiles=71 ahead=71 experts=370 miss=16 io=0.012s 4.7GB/s]
[prefill gpuq busy=0.037s(81%) idle=0.009s(19%) span=0.045s buffers=162]
[prefill gpu attn=0.011s(31%) shared=0.004s(10%) moe=0.017s(47%) tail=0.001s(2%) head=0.003s(9%) total=0.036s]
[prefill host enc.front=0.002s(4%) wait.front=0.029s(71%) drain=0.001s(3%) route=0.000s(1%) meta=0.000s(0%) fetch=0.004s(10%) enc.moe=0.001s(1%) tail=0.000s(0%) head=0.004s(9%) other=0.000s(1%) call=0.041s | tiles=63 ahead=63 experts=359 miss=3 io=0.004s 2.6GB/s]
[prefill gpuq busy=0.036s(89%) idle=0.005s(11%) span=0.041s buffers=154]
[prefill gpu attn=0.011s(30%) shared=0.003s(9%) moe=0.018s(49%) tail=0.001s(2%) head=0.003s(9%) total=0.037s]
[prefill host enc.front=0.002s(4%) wait.front=0.029s(66%) drain=0.001s(2%) route=0.000s(0%) meta=0.000s(0%) fetch=0.007s(17%) enc.moe=0.001s(1%) tail=0.000s(0%) head=0.004s(8%) other=0.000s(1%) call=0.044s | tiles=70 ahead=70 experts=426 miss=19 io=0.008s 8.8GB/s]
[prefill gpuq busy=0.037s(85%) idle=0.006s(15%) span=0.043s buffers=161]
[prefill gpu attn=0.011s(31%) shared=0.003s(10%) moe=0.017s(48%) tail=0.001s(2%) head=0.003s(9%) total=0.036s]
[prefill host enc.front=0.002s(4%) wait.front=0.029s(69%) drain=0.001s(2%) route=0.000s(0%) meta=0.000s(0%) fetch=0.006s(13%) enc.moe=0.001s(1%) tail=0.000s(0%) head=0.004s(8%) other=0.000s(1%) call=0.042s | tiles=65 ahead=65 experts=354 miss=11 io=0.006s 6.7GB/s]
[prefill gpuq busy=0.036s(86%) idle=0.006s(14%) span=0.042s buffers=156]
[prefill gpu attn=0.011s(31%) shared=0.003s(10%) moe=0.017s(48%) tail=0.001s(2%) head=0.003s(9%) total=0.036s]
[prefill host enc.front=0.002s(4%) wait.front=0.029s(70%) drain=0.001s(2%) route=0.000s(0%) meta=0.000s(0%) fetch=0.005s(13%) enc.moe=0.000s(1%) tail=0.000s(0%) head=0.004s(9%) other=0.000s(1%) call=0.042s | tiles=65 ahead=65 experts=360 miss=12 io=0.005s 7.7GB/s]
[prefill gpuq busy=0.036s(87%) idle=0.005s(13%) span=0.041s buffers=156]
[prefill gpu attn=0.011s(31%) shared=0.004s(10%) moe=0.017s(48%) tail=0.001s(2%) head=0.003s(9%) total=0.036s]
[prefill host enc.front=0.002s(4%) wait.front=0.030s(74%) drain=0.001s(3%) route=0.000s(0%) meta=0.000s(0%) fetch=0.003s(8%) enc.moe=0.001s(1%) tail=0.000s(0%) head=0.004s(9%) other=0.000s(1%) call=0.040s | tiles=66 ahead=66 experts=378 miss=6 io=0.003s 6.3GB/s]
[prefill gpuq busy=0.036s(90%) idle=0.004s(10%) span=0.040s buffers=157]
[prefill gpu attn=0.011s(31%) shared=0.003s(10%) moe=0.017s(47%) tail=0.001s(2%) head=0.003s(10%) total=0.036s]
[prefill host enc.front=0.002s(4%) wait.front=0.030s(78%) drain=0.001s(3%) route=0.000s(0%) meta=0.000s(0%) fetch=0.001s(2%) enc.moe=0.000s(1%) tail=0.000s(0%) head=0.004s(9%) other=0.000s(1%) call=0.039s | tiles=60 ahead=60 experts=328 miss=5 io=0.001s 18.6GB/s]
[prefill gpuq busy=0.036s(93%) idle=0.003s(7%) span=0.038s buffers=151]
[prefill gpu attn=0.011s(31%) shared=0.004s(10%) moe=0.017s(47%) tail=0.001s(2%) head=0.004s(10%) total=0.037s]
[prefill host enc.front=0.002s(4%) wait.front=0.028s(67%) drain=0.001s(2%) route=0.000s(0%) meta=0.000s(0%) fetch=0.006s(15%) enc.moe=0.001s(1%) tail=0.000s(0%) head=0.004s(9%) other=0.000s(1%) call=0.042s | tiles=66 ahead=66 experts=374 miss=8 io=0.006s 4.3GB/s]
[prefill gpuq busy=0.037s(88%) idle=0.005s(12%) span=0.042s buffers=157]
[prefill gpu attn=0.011s(32%) shared=0.003s(10%) moe=0.017s(47%) tail=0.001s(2%) head=0.003s(10%) total=0.035s]
[prefill host enc.front=0.002s(4%) wait.front=0.028s(74%) drain=0.001s(2%) route=0.000s(0%) meta=0.000s(0%) fetch=0.003s(7%) enc.moe=0.000s(1%) tail=0.000s(0%) head=0.004s(10%) other=0.000s(1%) call=0.038s | tiles=64 ahead=64 experts=337 miss=5 io=0.003s 6.4GB/s]
[prefill gpuq busy=0.035s(93%) idle=0.003s(7%) span=0.038s buffers=155]
[prefill gpu attn=0.011s(31%) shared=0.004s(10%) moe=0.018s(48%) tail=0.001s(2%) head=0.003s(9%) total=0.037s]
[prefill host enc.front=0.002s(3%) wait.front=0.033s(70%) drain=0.001s(2%) route=0.000s(0%) meta=0.000s(0%) fetch=0.007s(14%) enc.moe=0.001s(1%) tail=0.000s(0%) head=0.004s(7%) other=0.000s(1%) call=0.047s | tiles=67 ahead=67 experts=378 miss=12 io=0.007s 6.1GB/s]
[prefill gpuq busy=0.037s(79%) idle=0.010s(21%) span=0.047s buffers=158]
[prefill gpu attn=0.011s(31%) shared=0.004s(10%) moe=0.017s(48%) tail=0.001s(2%) head=0.003s(9%) total=0.036s]
[prefill host enc.front=0.002s(4%) wait.front=0.028s(71%) drain=0.001s(2%) route=0.000s(0%) meta=0.000s(0%) fetch=0.004s(11%) enc.moe=0.001s(1%) tail=0.000s(0%) head=0.004s(9%) other=0.000s(1%) call=0.040s | tiles=66 ahead=66 experts=360 miss=11 io=0.004s 8.9GB/s]
[prefill gpuq busy=0.036s(92%) idle=0.003s(8%) span=0.039s buffers=157]
[prefill gpu attn=0.011s(31%) shared=0.003s(9%) moe=0.018s(49%) tail=0.001s(2%) head=0.003s(9%) total=0.037s]
[prefill host enc.front=0.002s(4%) wait.front=0.029s(61%) drain=0.001s(2%) route=0.000s(0%) meta=0.000s(0%) fetch=0.011s(24%) enc.moe=0.001s(1%) tail=0.000s(0%) head=0.004s(7%) other=0.000s(1%) call=0.047s | tiles=71 ahead=71 experts=413 miss=17 io=0.011s 5.2GB/s]
[prefill gpuq busy=0.037s(78%) idle=0.010s(22%) span=0.047s buffers=162]
[prefill gpu attn=0.011s(31%) shared=0.004s(10%) moe=0.017s(48%) tail=0.001s(2%) head=0.003s(9%) total=0.036s]
[prefill host enc.front=0.002s(4%) wait.front=0.030s(72%) drain=0.001s(2%) route=0.000s(0%) meta=0.000s(0%) fetch=0.005s(11%) enc.moe=0.001s(1%) tail=0.000s(0%) head=0.004s(9%) other=0.000s(1%) call=0.042s | tiles=65 ahead=65 experts=375 miss=10 io=0.005s 7.5GB/s]
[prefill gpuq busy=0.036s(87%) idle=0.005s(13%) span=0.042s buffers=156]

[stop=maxTokens prefill=365tok new=192tok decode=5.72s tok/s=33.579]
[load=0.753s layerVerify=0.000s/30layers prefill=4.185s ttft=4.186s peak=6.74GB rss=3.99GB]
[expert prefill hit=0.0% 0/2734 io=1.665s | decode hit=95.0% 32769/34494 io=1.532s]
[vision images=1 soft=260 tower=1.757s towerLoad=0.002s]
[decode/tok io=0.00ms cb1=0.00ms cb2=0.00ms head=0.00ms]
[mtp bs=3 rounds=92 accept=1.076/2 tok/round=2.087 draft=0.625s verify=4.844s accepted=34,17,41]
