[prefill gpu attn=0.393s(30%) shared=0.114s(9%) moe=0.778s(60%) tail=0.007s(1%) head=0.003s(0%) total=1.296s]
[prefill host enc.front=0.003s(0%) wait.front=0.528s(22%) drain=0.000s(0%) route=0.006s(0%) wait.shared=0.109s(4%) meta=0.000s(0%) fetch=1.693s(69%) enc.moe=0.014s(1%) wait.tile=0.080s(3%) tail=0.014s(1%) head=0.004s(0%) other=0.005s(0%) call=2.453s | tiles=358 ahead=0 experts=0 miss=0 io=0.000s 0.0GB/s]
[prefill gpuq busy=1.296s(56%) idle=1.029s(44%) span=2.325s buffers=449]
[prefill gpu attn=0.028s(54%) shared=0.004s(9%) moe=0.015s(29%) tail=0.001s(2%) head=0.004s(7%) total=0.051s]
[prefill host enc.front=0.003s(1%) wait.front=0.077s(32%) drain=0.001s(0%) route=0.001s(0%) meta=0.000s(0%) fetch=0.151s(63%) enc.moe=0.002s(1%) tail=0.000s(0%) head=0.004s(2%) other=0.001s(0%) call=0.239s | tiles=66 ahead=66 experts=328 miss=151 io=0.177s 3.0GB/s]
[prefill gpuq busy=0.051s(21%) idle=0.188s(79%) span=0.239s buffers=157]
[prefill gpu attn=0.014s(34%) shared=0.005s(13%) moe=0.017s(41%) tail=0.001s(3%) head=0.003s(8%) total=0.042s]
[prefill host enc.front=0.002s(2%) wait.front=0.033s(34%) drain=0.000s(0%) route=0.000s(0%) meta=0.000s(0%) fetch=0.054s(57%) enc.moe=0.001s(1%) tail=0.000s(0%) head=0.004s(4%) other=0.001s(1%) call=0.096s | tiles=72 ahead=72 experts=321 miss=52 io=0.055s 3.3GB/s]
[prefill gpuq busy=0.041s(43%) idle=0.054s(57%) span=0.095s buffers=163]
[prefill gpu attn=0.012s(34%) shared=0.004s(13%) moe=0.014s(40%) tail=0.001s(3%) head=0.004s(10%) total=0.035s]
[prefill host enc.front=0.002s(2%) wait.front=0.028s(26%) drain=0.000s(0%) route=0.000s(0%) meta=0.000s(0%) fetch=0.069s(66%) enc.moe=0.001s(1%) tail=0.000s(0%) head=0.004s(3%) other=0.001s(1%) call=0.104s | tiles=74 ahead=74 experts=320 miss=49 io=0.069s 2.5GB/s]
[prefill gpuq busy=0.034s(33%) idle=0.070s(67%) span=0.104s buffers=165]
[prefill gpu attn=0.011s(34%) shared=0.004s(12%) moe=0.012s(40%) tail=0.001s(2%) head=0.003s(11%) total=0.031s]
[prefill host enc.front=0.002s(3%) wait.front=0.022s(31%) drain=0.000s(0%) route=0.000s(0%) meta=0.000s(0%) fetch=0.041s(58%) enc.moe=0.001s(1%) tail=0.000s(0%) head=0.004s(5%) other=0.000s(1%) call=0.071s | tiles=72 ahead=72 experts=319 miss=39 io=0.041s 3.3GB/s]
[prefill gpuq busy=0.031s(43%) idle=0.040s(57%) span=0.070s buffers=163]
[prefill gpu attn=0.011s(33%) shared=0.004s(11%) moe=0.014s(42%) tail=0.001s(2%) head=0.003s(11%) total=0.032s]
[prefill host enc.front=0.002s(3%) wait.front=0.023s(34%) drain=0.000s(1%) route=0.000s(0%) meta=0.000s(0%) fetch=0.037s(55%) enc.moe=0.001s(1%) tail=0.000s(0%) head=0.003s(5%) other=0.000s(1%) call=0.067s | tiles=81 ahead=81 experts=360 miss=37 io=0.037s 3.5GB/s]
[prefill gpuq busy=0.032s(48%) idle=0.035s(52%) span=0.067s buffers=172]
[prefill gpu attn=0.011s(35%) shared=0.003s(11%) moe=0.012s(40%) tail=0.001s(3%) head=0.003s(11%) total=0.030s]
[prefill host enc.front=0.002s(2%) wait.front=0.021s(29%) drain=0.000s(0%) route=0.000s(0%) meta=0.000s(0%) fetch=0.045s(61%) enc.moe=0.001s(1%) tail=0.000s(0%) head=0.004s(5%) other=0.000s(1%) call=0.074s | tiles=77 ahead=77 experts=310 miss=42 io=0.045s 3.2GB/s]
[prefill gpuq busy=0.030s(41%) idle=0.043s(59%) span=0.073s buffers=168]
[prefill gpu attn=0.011s(34%) shared=0.004s(11%) moe=0.013s(42%) tail=0.001s(2%) head=0.003s(11%) total=0.032s]
[prefill host enc.front=0.002s(3%) wait.front=0.027s(41%) drain=0.000s(0%) route=0.000s(0%) meta=0.000s(0%) fetch=0.033s(49%) enc.moe=0.001s(1%) tail=0.000s(0%) head=0.004s(5%) other=0.000s(1%) call=0.067s | tiles=74 ahead=74 experts=358 miss=28 io=0.033s 3.0GB/s]
[prefill gpuq busy=0.032s(47%) idle=0.035s(53%) span=0.067s buffers=165]
[prefill gpu attn=0.011s(35%) shared=0.004s(12%) moe=0.012s(39%) tail=0.001s(3%) head=0.004s(12%) total=0.031s]
[prefill host enc.front=0.002s(2%) wait.front=0.022s(32%) drain=0.001s(1%) route=0.000s(0%) meta=0.000s(0%) fetch=0.041s(58%) enc.moe=0.001s(1%) tail=0.000s(0%) head=0.004s(5%) other=0.000s(1%) call=0.071s | tiles=69 ahead=69 experts=329 miss=31 io=0.041s 2.6GB/s]
[prefill gpuq busy=0.031s(43%) idle=0.040s(57%) span=0.071s buffers=160]
[prefill gpu attn=0.011s(35%) shared=0.004s(12%) moe=0.012s(40%) tail=0.001s(3%) head=0.003s(11%) total=0.030s]
[prefill host enc.front=0.002s(3%) wait.front=0.026s(44%) drain=0.000s(1%) route=0.000s(0%) meta=0.000s(0%) fetch=0.025s(43%) enc.moe=0.001s(1%) tail=0.000s(0%) head=0.004s(6%) other=0.000s(1%) call=0.058s | tiles=68 ahead=68 experts=333 miss=18 io=0.025s 2.5GB/s]
[prefill gpuq busy=0.030s(53%) idle=0.027s(47%) span=0.057s buffers=159]
[prefill gpu attn=0.011s(35%) shared=0.003s(11%) moe=0.012s(40%) tail=0.001s(2%) head=0.003s(11%) total=0.031s]
[prefill host enc.front=0.002s(3%) wait.front=0.024s(35%) drain=0.001s(1%) route=0.000s(0%) meta=0.000s(0%) fetch=0.036s(54%) enc.moe=0.001s(1%) tail=0.000s(0%) head=0.004s(5%) other=0.000s(1%) call=0.067s | tiles=75 ahead=75 experts=340 miss=24 io=0.036s 2.3GB/s]
[prefill gpuq busy=0.031s(46%) idle=0.036s(54%) span=0.067s buffers=166]
[prefill gpu attn=0.011s(36%) shared=0.003s(12%) moe=0.011s(38%) tail=0.001s(3%) head=0.003s(12%) total=0.029s]
[prefill host enc.front=0.002s(3%) wait.front=0.025s(47%) drain=0.000s(1%) route=0.000s(0%) meta=0.000s(0%) fetch=0.021s(40%) enc.moe=0.001s(1%) tail=0.000s(0%) head=0.004s(7%) other=0.000s(1%) call=0.053s | tiles=66 ahead=66 experts=298 miss=18 io=0.021s 3.0GB/s]
[prefill gpuq busy=0.029s(55%) idle=0.023s(45%) span=0.053s buffers=157]
[prefill gpu attn=0.011s(36%) shared=0.004s(13%) moe=0.011s(37%) tail=0.001s(3%) head=0.003s(12%) total=0.029s]
[prefill host enc.front=0.002s(3%) wait.front=0.023s(37%) drain=0.000s(1%) route=0.000s(0%) meta=0.000s(0%) fetch=0.032s(52%) enc.moe=0.001s(1%) tail=0.000s(0%) head=0.004s(6%) other=0.000s(1%) call=0.062s | tiles=64 ahead=64 experts=290 miss=26 io=0.032s 2.8GB/s]
[prefill gpuq busy=0.029s(46%) idle=0.033s(54%) span=0.062s buffers=155]
[prefill gpu attn=0.011s(37%) shared=0.004s(13%) moe=0.011s(36%) tail=0.001s(3%) head=0.003s(12%) total=0.029s]
[prefill host enc.front=0.002s(3%) wait.front=0.024s(47%) drain=0.000s(1%) route=0.000s(0%) meta=0.000s(0%) fetch=0.020s(39%) enc.moe=0.000s(1%) tail=0.000s(0%) head=0.004s(7%) other=0.000s(1%) call=0.052s | tiles=61 ahead=61 experts=298 miss=16 io=0.020s 2.7GB/s]
[prefill gpuq busy=0.029s(56%) idle=0.023s(44%) span=0.051s buffers=152]
[prefill gpu attn=0.011s(33%) shared=0.004s(12%) moe=0.013s(41%) tail=0.001s(2%) head=0.004s(12%) total=0.032s]
[prefill host enc.front=0.002s(2%) wait.front=0.027s(35%) drain=0.001s(1%) route=0.000s(0%) meta=0.000s(0%) fetch=0.042s(54%) enc.moe=0.001s(1%) tail=0.000s(0%) head=0.004s(5%) other=0.000s(1%) call=0.077s | tiles=76 ahead=76 experts=350 miss=28 io=0.042s 2.3GB/s]
[prefill gpuq busy=0.032s(42%) idle=0.044s(58%) span=0.077s buffers=167]
[prefill gpu attn=0.011s(34%) shared=0.004s(11%) moe=0.013s(41%) tail=0.001s(3%) head=0.003s(11%) total=0.031s]
[prefill host enc.front=0.002s(2%) wait.front=0.025s(24%) drain=0.000s(0%) route=0.000s(0%) meta=0.000s(0%) fetch=0.072s(69%) enc.moe=0.001s(1%) tail=0.000s(0%) head=0.004s(3%) other=0.001s(1%) call=0.105s | tiles=72 ahead=72 experts=315 miss=61 io=0.072s 2.9GB/s]
[prefill gpuq busy=0.031s(30%) idle=0.073s(70%) span=0.104s buffers=163]
[prefill gpu attn=0.011s(35%) shared=0.004s(11%) moe=0.012s(41%) tail=0.001s(2%) head=0.003s(11%) total=0.031s]
[prefill host enc.front=0.002s(3%) wait.front=0.022s(37%) drain=0.001s(1%) route=0.000s(0%) meta=0.000s(0%) fetch=0.030s(51%) enc.moe=0.001s(1%) tail=0.000s(0%) head=0.004s(6%) other=0.000s(1%) call=0.060s | tiles=74 ahead=74 experts=351 miss=22 io=0.030s 2.5GB/s]
[prefill gpuq busy=0.031s(51%) idle=0.029s(49%) span=0.060s buffers=165]
[prefill gpu attn=0.011s(34%) shared=0.003s(11%) moe=0.012s(41%) tail=0.001s(2%) head=0.003s(11%) total=0.031s]
[prefill host enc.front=0.002s(3%) wait.front=0.023s(43%) drain=0.000s(1%) route=0.000s(0%) meta=0.000s(0%) fetch=0.024s(44%) enc.moe=0.001s(1%) tail=0.000s(0%) head=0.004s(7%) other=0.000s(1%) call=0.053s | tiles=74 ahead=74 experts=354 miss=21 io=0.024s 3.1GB/s]
[prefill gpuq busy=0.031s(58%) idle=0.022s(42%) span=0.053s buffers=165]
[prefill gpu attn=0.010s(35%) shared=0.003s(12%) moe=0.012s(40%) tail=0.001s(3%) head=0.003s(11%) total=0.030s]
[prefill host enc.front=0.002s(3%) wait.front=0.021s(46%) drain=0.000s(1%) route=0.000s(0%) meta=0.000s(0%) fetch=0.018s(39%) enc.moe=0.001s(1%) tail=0.000s(0%) head=0.004s(8%) other=0.000s(1%) call=0.046s | tiles=73 ahead=73 experts=343 miss=20 io=0.018s 3.9GB/s]
[prefill gpuq busy=0.030s(65%) idle=0.016s(35%) span=0.046s buffers=164]
[prefill gpu attn=0.010s(37%) shared=0.003s(12%) moe=0.010s(36%) tail=0.001s(3%) head=0.003s(12%) total=0.028s]
[prefill host enc.front=0.002s(4%) wait.front=0.022s(58%) drain=0.000s(1%) route=0.000s(0%) meta=0.000s(0%) fetch=0.009s(24%) enc.moe=0.000s(1%) tail=0.000s(0%) head=0.004s(10%) other=0.000s(1%) call=0.037s | tiles=61 ahead=61 experts=302 miss=9 io=0.009s 3.4GB/s]
[prefill gpuq busy=0.028s(76%) idle=0.009s(24%) span=0.037s buffers=152]
[prefill gpu attn=0.010s(37%) shared=0.003s(12%) moe=0.011s(37%) tail=0.001s(3%) head=0.003s(12%) total=0.029s]
[prefill host enc.front=0.002s(5%) wait.front=0.022s(65%) drain=0.001s(1%) route=0.000s(1%) meta=0.000s(0%) fetch=0.005s(15%) enc.moe=0.000s(1%) tail=0.000s(0%) head=0.004s(11%) other=0.000s(1%) call=0.034s | tiles=61 ahead=61 experts=316 miss=6 io=0.005s 4.1GB/s]
[prefill gpuq busy=0.029s(86%) idle=0.005s(14%) span=0.033s buffers=152]
[prefill gpu attn=0.010s(36%) shared=0.003s(12%) moe=0.011s(39%) tail=0.001s(3%) head=0.003s(12%) total=0.030s]
[prefill host enc.front=0.002s(3%) wait.front=0.023s(51%) drain=0.000s(1%) route=0.000s(0%) meta=0.000s(0%) fetch=0.015s(34%) enc.moe=0.000s(1%) tail=0.000s(0%) head=0.004s(8%) other=0.000s(1%) call=0.045s | tiles=68 ahead=68 experts=338 miss=10 io=0.015s 2.3GB/s]
[prefill gpuq busy=0.030s(66%) idle=0.015s(34%) span=0.045s buffers=159]
[prefill gpu attn=0.010s(36%) shared=0.003s(12%) moe=0.011s(37%) tail=0.001s(3%) head=0.003s(12%) total=0.029s]
[prefill host enc.front=0.002s(4%) wait.front=0.022s(57%) drain=0.001s(1%) route=0.000s(0%) meta=0.000s(0%) fetch=0.010s(26%) enc.moe=0.000s(1%) tail=0.000s(0%) head=0.004s(9%) other=0.000s(1%) call=0.039s | tiles=65 ahead=65 experts=316 miss=8 io=0.010s 2.7GB/s]
[prefill gpuq busy=0.029s(74%) idle=0.010s(26%) span=0.039s buffers=156]
[prefill gpu attn=0.010s(35%) shared=0.003s(12%) moe=0.011s(39%) tail=0.001s(3%) head=0.003s(12%) total=0.029s]
[prefill host enc.front=0.002s(4%) wait.front=0.022s(54%) drain=0.000s(1%) route=0.000s(0%) meta=0.000s(0%) fetch=0.012s(30%) enc.moe=0.001s(1%) tail=0.000s(0%) head=0.004s(9%) other=0.000s(1%) call=0.042s | tiles=69 ahead=69 experts=330 miss=16 io=0.013s 4.4GB/s]
[prefill gpuq busy=0.029s(71%) idle=0.012s(29%) span=0.041s buffers=160]
[prefill gpu attn=0.010s(36%) shared=0.003s(12%) moe=0.011s(37%) tail=0.001s(3%) head=0.003s(12%) total=0.029s]
[prefill host enc.front=0.002s(5%) wait.front=0.022s(62%) drain=0.001s(3%) route=0.000s(1%) meta=0.000s(0%) fetch=0.006s(17%) enc.moe=0.000s(1%) tail=0.000s(0%) head=0.004s(10%) other=0.000s(1%) call=0.036s | tiles=63 ahead=63 experts=304 miss=11 io=0.006s 6.2GB/s]
[prefill gpuq busy=0.029s(81%) idle=0.007s(19%) span=0.035s buffers=154]
[prefill gpu attn=0.011s(37%) shared=0.003s(12%) moe=0.010s(36%) tail=0.001s(3%) head=0.003s(12%) total=0.028s]
[prefill host enc.front=0.002s(4%) wait.front=0.021s(57%) drain=0.000s(1%) route=0.000s(0%) meta=0.000s(0%) fetch=0.009s(24%) enc.moe=0.000s(1%) tail=0.000s(0%) head=0.004s(10%) other=0.000s(1%) call=0.037s | tiles=61 ahead=61 experts=292 miss=11 io=0.009s 4.2GB/s]
[prefill gpuq busy=0.028s(77%) idle=0.008s(23%) span=0.037s buffers=152]
[prefill gpu attn=0.010s(34%) shared=0.004s(12%) moe=0.012s(40%) tail=0.001s(2%) head=0.004s(12%) total=0.030s]
[prefill host enc.front=0.002s(4%) wait.front=0.023s(49%) drain=0.000s(1%) route=0.000s(0%) meta=0.000s(0%) fetch=0.016s(36%) enc.moe=0.001s(1%) tail=0.000s(0%) head=0.004s(8%) other=0.000s(1%) call=0.046s | tiles=68 ahead=68 experts=338 miss=18 io=0.017s 3.8GB/s]
[prefill gpuq busy=0.030s(66%) idle=0.015s(34%) span=0.046s buffers=159]
[prefill gpu attn=0.011s(37%) shared=0.003s(12%) moe=0.010s(36%) tail=0.001s(3%) head=0.003s(12%) total=0.029s]
[prefill host enc.front=0.002s(5%) wait.front=0.022s(65%) drain=0.000s(1%) route=0.000s(1%) meta=0.000s(0%) fetch=0.005s(16%) enc.moe=0.000s(1%) tail=0.000s(0%) head=0.004s(10%) other=0.000s(1%) call=0.034s | tiles=59 ahead=59 experts=301 miss=4 io=0.005s 2.5GB/s]
[prefill gpuq busy=0.029s(83%) idle=0.006s(17%) span=0.034s buffers=150]
[prefill gpu attn=0.011s(35%) shared=0.004s(12%) moe=0.012s(40%) tail=0.001s(2%) head=0.004s(11%) total=0.031s]
[prefill host enc.front=0.002s(3%) wait.front=0.023s(42%) drain=0.001s(2%) route=0.000s(0%) meta=0.000s(0%) fetch=0.024s(44%) enc.moe=0.001s(1%) tail=0.000s(0%) head=0.004s(7%) other=0.000s(1%) call=0.056s | tiles=74 ahead=74 experts=338 miss=24 io=0.025s 3.4GB/s]
[prefill gpuq busy=0.031s(56%) idle=0.024s(44%) span=0.055s buffers=165]
[prefill gpu attn=0.011s(35%) shared=0.004s(12%) moe=0.012s(39%) tail=0.001s(2%) head=0.003s(11%) total=0.030s]
[prefill host enc.front=0.002s(3%) wait.front=0.021s(42%) drain=0.000s(1%) route=0.000s(0%) meta=0.000s(0%) fetch=0.022s(44%) enc.moe=0.001s(1%) tail=0.000s(0%) head=0.004s(7%) other=0.000s(1%) call=0.050s | tiles=73 ahead=73 experts=321 miss=20 io=0.023s 3.1GB/s]
[prefill gpuq busy=0.030s(59%) idle=0.021s(41%) span=0.050s buffers=164]
[prefill gpu attn=0.011s(35%) shared=0.003s(11%) moe=0.012s(40%) tail=0.001s(2%) head=0.003s(11%) total=0.030s]
[prefill host enc.front=0.002s(4%) wait.front=0.024s(63%) drain=0.000s(1%) route=0.000s(1%) meta=0.000s(0%) fetch=0.007s(19%) enc.moe=0.001s(1%) tail=0.000s(0%) head=0.004s(10%) other=0.000s(1%) call=0.038s | tiles=66 ahead=66 experts=353 miss=9 io=0.007s 4.4GB/s]
[prefill gpuq busy=0.030s(81%) idle=0.007s(19%) span=0.037s buffers=157]
[prefill gpu attn=0.011s(36%) shared=0.004s(12%) moe=0.011s(38%) tail=0.001s(2%) head=0.003s(12%) total=0.030s]
[prefill host enc.front=0.002s(4%) wait.front=0.022s(47%) drain=0.000s(1%) route=0.000s(1%) meta=0.000s(0%) fetch=0.018s(38%) enc.moe=0.001s(1%) tail=0.000s(0%) head=0.004s(8%) other=0.000s(1%) call=0.047s | tiles=68 ahead=68 experts=318 miss=19 io=0.018s 3.7GB/s]
[prefill gpuq busy=0.030s(64%) idle=0.016s(36%) span=0.046s buffers=159]
[prefill gpu attn=0.011s(35%) shared=0.004s(12%) moe=0.012s(38%) tail=0.001s(3%) head=0.004s(12%) total=0.031s]
[prefill host enc.front=0.002s(3%) wait.front=0.023s(47%) drain=0.000s(1%) route=0.000s(0%) meta=0.000s(0%) fetch=0.018s(38%) enc.moe=0.001s(1%) tail=0.000s(0%) head=0.004s(8%) other=0.000s(1%) call=0.049s | tiles=67 ahead=67 experts=317 miss=12 io=0.018s 2.3GB/s]
[prefill gpuq busy=0.030s(63%) idle=0.018s(37%) span=0.049s buffers=158]
[prefill gpu attn=0.011s(37%) shared=0.003s(12%) moe=0.011s(37%) tail=0.001s(3%) head=0.003s(12%) total=0.029s]
[prefill host enc.front=0.002s(3%) wait.front=0.023s(46%) drain=0.001s(1%) route=0.000s(0%) meta=0.000s(0%) fetch=0.020s(40%) enc.moe=0.001s(1%) tail=0.000s(0%) head=0.004s(7%) other=0.000s(1%) call=0.051s | tiles=66 ahead=66 experts=299 miss=13 io=0.020s 2.2GB/s]
[prefill gpuq busy=0.029s(58%) idle=0.021s(42%) span=0.051s buffers=157]
[prefill gpu attn=0.011s(37%) shared=0.003s(12%) moe=0.010s(37%) tail=0.001s(3%) head=0.003s(12%) total=0.029s]
[prefill host enc.front=0.002s(4%) wait.front=0.021s(60%) drain=0.000s(1%) route=0.000s(1%) meta=0.000s(0%) fetch=0.008s(21%) enc.moe=0.000s(1%) tail=0.000s(0%) head=0.004s(10%) other=0.000s(1%) call=0.036s | tiles=63 ahead=63 experts=308 miss=7 io=0.008s 3.2GB/s]
[prefill gpuq busy=0.029s(81%) idle=0.007s(19%) span=0.036s buffers=154]
[prefill gpu attn=0.011s(37%) shared=0.004s(13%) moe=0.010s(36%) tail=0.001s(3%) head=0.003s(12%) total=0.028s]
[prefill host enc.front=0.002s(5%) wait.front=0.023s(70%) drain=0.000s(1%) route=0.000s(1%) meta=0.000s(0%) fetch=0.003s(10%) enc.moe=0.000s(1%) tail=0.000s(0%) head=0.004s(11%) other=0.000s(1%) call=0.033s | tiles=55 ahead=55 experts=286 miss=5 io=0.003s 5.5GB/s]
[prefill gpuq busy=0.028s(86%) idle=0.004s(14%) span=0.032s buffers=146]
[prefill gpu attn=0.011s(37%) shared=0.003s(12%) moe=0.010s(36%) tail=0.001s(3%) head=0.003s(12%) total=0.028s]
[prefill host enc.front=0.002s(5%) wait.front=0.023s(69%) drain=0.000s(1%) route=0.000s(0%) meta=0.000s(0%) fetch=0.004s(11%) enc.moe=0.000s(1%) tail=0.000s(0%) head=0.004s(11%) other=0.000s(1%) call=0.033s | tiles=61 ahead=61 experts=308 miss=4 io=0.004s 3.7GB/s]
[prefill gpuq busy=0.028s(86%) idle=0.005s(14%) span=0.033s buffers=152]
[prefill gpu attn=0.011s(36%) shared=0.003s(12%) moe=0.011s(38%) tail=0.001s(3%) head=0.004s(12%) total=0.029s]
[prefill host enc.front=0.002s(4%) wait.front=0.024s(66%) drain=0.000s(1%) route=0.000s(1%) meta=0.000s(0%) fetch=0.006s(15%) enc.moe=0.000s(1%) tail=0.000s(0%) head=0.004s(10%) other=0.000s(1%) call=0.037s | tiles=63 ahead=63 experts=323 miss=6 io=0.006s 3.7GB/s]
[prefill gpuq busy=0.029s(81%) idle=0.007s(19%) span=0.036s buffers=154]
[prefill gpu attn=0.011s(35%) shared=0.004s(12%) moe=0.012s(39%) tail=0.001s(3%) head=0.004s(12%) total=0.030s]
[prefill host enc.front=0.002s(4%) wait.front=0.025s(61%) drain=0.001s(1%) route=0.000s(0%) meta=0.000s(0%) fetch=0.009s(21%) enc.moe=0.000s(1%) tail=0.000s(0%) head=0.004s(10%) other=0.000s(1%) call=0.040s | tiles=65 ahead=65 experts=338 miss=9 io=0.009s 3.6GB/s]
[prefill gpuq busy=0.030s(76%) idle=0.010s(24%) span=0.040s buffers=156]
[prefill gpu attn=0.011s(36%) shared=0.003s(12%) moe=0.011s(38%) tail=0.001s(3%) head=0.003s(12%) total=0.029s]
[prefill host enc.front=0.002s(4%) wait.front=0.022s(55%) drain=0.001s(1%) route=0.000s(0%) meta=0.000s(0%) fetch=0.011s(28%) enc.moe=0.000s(1%) tail=0.000s(0%) head=0.004s(9%) other=0.000s(1%) call=0.039s | tiles=64 ahead=64 experts=327 miss=11 io=0.011s 3.5GB/s]
[prefill gpuq busy=0.029s(76%) idle=0.009s(24%) span=0.039s buffers=155]
[prefill gpu attn=0.010s(34%) shared=0.003s(11%) moe=0.012s(40%) tail=0.001s(2%) head=0.003s(11%) total=0.030s]
[prefill host enc.front=0.002s(3%) wait.front=0.024s(50%) drain=0.000s(1%) route=0.000s(0%) meta=0.000s(0%) fetch=0.017s(35%) enc.moe=0.001s(1%) tail=0.000s(0%) head=0.004s(8%) other=0.000s(1%) call=0.048s | tiles=68 ahead=68 experts=333 miss=26 io=0.017s 5.3GB/s]
[prefill gpuq busy=0.030s(64%) idle=0.017s(36%) span=0.047s buffers=159]
[prefill gpu attn=0.010s(35%) shared=0.003s(12%) moe=0.011s(39%) tail=0.001s(2%) head=0.003s(11%) total=0.029s]
[prefill host enc.front=0.002s(4%) wait.front=0.022s(57%) drain=0.000s(1%) route=0.000s(1%) meta=0.000s(0%) fetch=0.009s(24%) enc.moe=0.001s(1%) tail=0.000s(0%) head=0.004s(9%) other=0.000s(1%) call=0.038s | tiles=69 ahead=69 experts=329 miss=15 io=0.009s 5.6GB/s]
[prefill gpuq busy=0.029s(77%) idle=0.009s(23%) span=0.038s buffers=160]
[prefill gpu attn=0.011s(36%) shared=0.003s(12%) moe=0.011s(38%) tail=0.001s(3%) head=0.003s(12%) total=0.029s]
[prefill host enc.front=0.002s(4%) wait.front=0.022s(61%) drain=0.001s(1%) route=0.000s(0%) meta=0.000s(0%) fetch=0.007s(20%) enc.moe=0.000s(1%) tail=0.000s(0%) head=0.004s(10%) other=0.000s(1%) call=0.035s | tiles=63 ahead=63 experts=324 miss=9 io=0.007s 4.4GB/s]
[prefill gpuq busy=0.029s(83%) idle=0.006s(17%) span=0.035s buffers=154]
[prefill gpu attn=0.011s(36%) shared=0.003s(12%) moe=0.011s(38%) tail=0.001s(3%) head=0.003s(11%) total=0.030s]
[prefill host enc.front=0.002s(4%) wait.front=0.026s(67%) drain=0.000s(1%) route=0.000s(0%) meta=0.000s(0%) fetch=0.006s(16%) enc.moe=0.000s(1%) tail=0.000s(0%) head=0.004s(9%) other=0.000s(1%) call=0.039s | tiles=65 ahead=65 experts=326 miss=7 io=0.006s 4.0GB/s]
[prefill gpuq busy=0.030s(77%) idle=0.009s(23%) span=0.038s buffers=156]
[prefill gpu attn=0.011s(38%) shared=0.003s(12%) moe=0.010s(35%) tail=0.001s(3%) head=0.003s(12%) total=0.028s]
[prefill host enc.front=0.002s(4%) wait.front=0.022s(51%) drain=0.001s(2%) route=0.000s(0%) meta=0.000s(0%) fetch=0.015s(34%) enc.moe=0.000s(1%) tail=0.000s(0%) head=0.004s(8%) other=0.000s(1%) call=0.044s | tiles=58 ahead=58 experts=287 miss=9 io=0.015s 2.1GB/s]
[prefill gpuq busy=0.028s(65%) idle=0.016s(35%) span=0.044s buffers=149]
[prefill gpu attn=0.011s(37%) shared=0.003s(12%) moe=0.011s(37%) tail=0.001s(3%) head=0.003s(12%) total=0.029s]
[prefill host enc.front=0.002s(5%) wait.front=0.024s(69%) drain=0.000s(1%) route=0.000s(1%) meta=0.000s(0%) fetch=0.004s(11%) enc.moe=0.000s(1%) tail=0.000s(0%) head=0.004s(11%) other=0.000s(1%) call=0.034s | tiles=60 ahead=60 experts=310 miss=8 io=0.004s 7.4GB/s]
[prefill gpuq busy=0.029s(86%) idle=0.005s(14%) span=0.034s buffers=151]
[prefill gpu attn=0.010s(36%) shared=0.003s(12%) moe=0.011s(38%) tail=0.001s(3%) head=0.003s(12%) total=0.029s]
[prefill host enc.front=0.002s(4%) wait.front=0.024s(58%) drain=0.000s(1%) route=0.000s(1%) meta=0.000s(0%) fetch=0.010s(25%) enc.moe=0.000s(1%) tail=0.000s(0%) head=0.004s(9%) other=0.000s(1%) call=0.041s | tiles=65 ahead=65 experts=308 miss=14 io=0.010s 4.7GB/s]
[prefill gpuq busy=0.029s(71%) idle=0.012s(29%) span=0.041s buffers=156]
[prefill gpu attn=0.011s(37%) shared=0.003s(12%) moe=0.010s(36%) tail=0.001s(3%) head=0.003s(12%) total=0.028s]
[prefill host enc.front=0.002s(4%) wait.front=0.021s(57%) drain=0.000s(1%) route=0.000s(0%) meta=0.000s(0%) fetch=0.009s(25%) enc.moe=0.000s(1%) tail=0.000s(0%) head=0.004s(10%) other=0.000s(1%) call=0.037s | tiles=63 ahead=63 experts=297 miss=12 io=0.009s 4.5GB/s]
[prefill gpuq busy=0.028s(78%) idle=0.008s(22%) span=0.037s buffers=154]
[prefill gpu attn=0.011s(38%) shared=0.003s(12%) moe=0.010s(35%) tail=0.001s(3%) head=0.003s(12%) total=0.028s]
[prefill host enc.front=0.002s(5%) wait.front=0.023s(75%) drain=0.000s(1%) route=0.000s(1%) meta=0.000s(0%) fetch=0.001s(4%) enc.moe=0.000s(1%) tail=0.000s(0%) head=0.004s(12%) other=0.000s(1%) call=0.031s | tiles=55 ahead=55 experts=289 miss=3 io=0.001s 9.0GB/s]
[prefill gpuq busy=0.028s(92%) idle=0.002s(8%) span=0.030s buffers=146]
[prefill gpu attn=0.011s(36%) shared=0.003s(12%) moe=0.011s(38%) tail=0.001s(3%) head=0.003s(12%) total=0.030s]
[prefill host enc.front=0.002s(3%) wait.front=0.024s(49%) drain=0.000s(1%) route=0.000s(0%) meta=0.000s(0%) fetch=0.018s(37%) enc.moe=0.000s(1%) tail=0.000s(0%) head=0.004s(8%) other=0.000s(1%) call=0.048s | tiles=66 ahead=66 experts=316 miss=15 io=0.018s 2.9GB/s]
[prefill gpuq busy=0.030s(62%) idle=0.018s(38%) span=0.048s buffers=157]
[prefill gpu attn=0.011s(37%) shared=0.004s(12%) moe=0.011s(37%) tail=0.001s(3%) head=0.004s(12%) total=0.030s]
[prefill host enc.front=0.002s(4%) wait.front=0.025s(56%) drain=0.000s(1%) route=0.000s(0%) meta=0.000s(0%) fetch=0.013s(29%) enc.moe=0.000s(1%) tail=0.000s(0%) head=0.004s(8%) other=0.000s(1%) call=0.045s | tiles=60 ahead=60 experts=298 miss=14 io=0.013s 3.8GB/s]
[prefill gpuq busy=0.030s(67%) idle=0.015s(33%) span=0.044s buffers=151]
[prefill gpu attn=0.011s(36%) shared=0.003s(12%) moe=0.011s(38%) tail=0.001s(2%) head=0.003s(12%) total=0.029s]
[prefill host enc.front=0.002s(4%) wait.front=0.027s(62%) drain=0.000s(1%) route=0.000s(0%) meta=0.000s(0%) fetch=0.010s(22%) enc.moe=0.000s(1%) tail=0.000s(0%) head=0.004s(8%) other=0.000s(1%) call=0.044s | tiles=65 ahead=65 experts=311 miss=12 io=0.010s 4.2GB/s]
[prefill gpuq busy=0.029s(68%) idle=0.014s(32%) span=0.044s buffers=156]
[prefill gpu attn=0.011s(36%) shared=0.003s(12%) moe=0.011s(38%) tail=0.001s(2%) head=0.003s(12%) total=0.029s]
[prefill host enc.front=0.002s(5%) wait.front=0.022s(62%) drain=0.001s(2%) route=0.000s(1%) meta=0.000s(0%) fetch=0.006s(18%) enc.moe=0.000s(1%) tail=0.000s(0%) head=0.004s(10%) other=0.000s(1%) call=0.035s | tiles=64 ahead=64 experts=323 miss=11 io=0.006s 6.1GB/s]
[prefill gpuq busy=0.029s(84%) idle=0.005s(16%) span=0.035s buffers=155]
[prefill gpu attn=0.011s(38%) shared=0.003s(12%) moe=0.010s(36%) tail=0.001s(2%) head=0.003s(12%) total=0.028s]
[prefill host enc.front=0.002s(5%) wait.front=0.021s(64%) drain=0.000s(1%) route=0.000s(1%) meta=0.000s(0%) fetch=0.005s(16%) enc.moe=0.000s(1%) tail=0.000s(0%) head=0.004s(11%) other=0.000s(1%) call=0.033s | tiles=61 ahead=61 experts=299 miss=7 io=0.005s 4.6GB/s]
[prefill gpuq busy=0.028s(86%) idle=0.005s(14%) span=0.033s buffers=152]
[prefill gpu attn=0.011s(37%) shared=0.003s(12%) moe=0.010s(36%) tail=0.001s(3%) head=0.003s(12%) total=0.028s]
[prefill host enc.front=0.002s(4%) wait.front=0.022s(61%) drain=0.000s(1%) route=0.000s(0%) meta=0.000s(0%) fetch=0.008s(21%) enc.moe=0.000s(1%) tail=0.000s(0%) head=0.004s(10%) other=0.000s(1%) call=0.036s | tiles=62 ahead=62 experts=309 miss=7 io=0.008s 3.2GB/s]
[prefill gpuq busy=0.028s(79%) idle=0.008s(21%) span=0.036s buffers=153]
[prefill gpu attn=0.011s(37%) shared=0.004s(12%) moe=0.011s(37%) tail=0.001s(3%) head=0.003s(12%) total=0.029s]
[prefill host enc.front=0.002s(4%) wait.front=0.024s(66%) drain=0.001s(2%) route=0.000s(1%) meta=0.000s(0%) fetch=0.005s(15%) enc.moe=0.000s(1%) tail=0.000s(0%) head=0.004s(10%) other=0.000s(1%) call=0.036s | tiles=61 ahead=61 experts=301 miss=8 io=0.005s 5.3GB/s]
[prefill gpuq busy=0.029s(81%) idle=0.007s(19%) span=0.036s buffers=152]
[prefill gpu attn=0.011s(37%) shared=0.003s(12%) moe=0.010s(36%) tail=0.001s(3%) head=0.003s(12%) total=0.029s]
[prefill host enc.front=0.002s(5%) wait.front=0.023s(67%) drain=0.001s(2%) route=0.000s(1%) meta=0.000s(0%) fetch=0.004s(12%) enc.moe=0.000s(1%) tail=0.000s(0%) head=0.004s(11%) other=0.000s(1%) call=0.034s | tiles=61 ahead=61 experts=301 miss=5 io=0.004s 4.2GB/s]
[prefill gpuq busy=0.029s(85%) idle=0.005s(15%) span=0.033s buffers=152]
[prefill gpu attn=0.011s(35%) shared=0.003s(11%) moe=0.012s(40%) tail=0.001s(2%) head=0.003s(11%) total=0.030s]
[prefill host enc.front=0.002s(4%) wait.front=0.024s(58%) drain=0.000s(1%) route=0.000s(0%) meta=0.000s(0%) fetch=0.011s(26%) enc.moe=0.001s(1%) tail=0.000s(0%) head=0.004s(9%) other=0.000s(1%) call=0.042s | tiles=64 ahead=64 experts=353 miss=12 io=0.011s 3.8GB/s]
[prefill gpuq busy=0.030s(73%) idle=0.011s(27%) span=0.041s buffers=155]
[prefill gpu attn=0.011s(36%) shared=0.003s(12%) moe=0.011s(38%) tail=0.001s(2%) head=0.003s(12%) total=0.030s]
[prefill host enc.front=0.002s(4%) wait.front=0.026s(61%) drain=0.000s(1%) route=0.000s(0%) meta=0.000s(0%) fetch=0.010s(22%) enc.moe=0.001s(1%) tail=0.000s(0%) head=0.004s(8%) other=0.000s(1%) call=0.043s | tiles=66 ahead=66 experts=322 miss=11 io=0.010s 3.9GB/s]
[prefill gpuq busy=0.030s(69%) idle=0.013s(31%) span=0.043s buffers=157]
[prefill gpu attn=0.011s(36%) shared=0.003s(11%) moe=0.012s(39%) tail=0.001s(2%) head=0.003s(11%) total=0.030s]
[prefill host enc.front=0.002s(4%) wait.front=0.022s(57%) drain=0.000s(1%) route=0.000s(0%) meta=0.000s(0%) fetch=0.010s(25%) enc.moe=0.000s(1%) tail=0.000s(0%) head=0.004s(9%) other=0.000s(1%) call=0.039s | tiles=68 ahead=68 experts=344 miss=12 io=0.010s 4.2GB/s]
[prefill gpuq busy=0.030s(77%) idle=0.009s(23%) span=0.038s buffers=159]
[prefill gpu attn=0.011s(37%) shared=0.003s(12%) moe=0.011s(37%) tail=0.001s(2%) head=0.003s(12%) total=0.029s]
[prefill host enc.front=0.002s(4%) wait.front=0.022s(57%) drain=0.000s(1%) route=0.000s(0%) meta=0.000s(0%) fetch=0.010s(26%) enc.moe=0.000s(1%) tail=0.000s(0%) head=0.004s(9%) other=0.000s(1%) call=0.039s | tiles=64 ahead=64 experts=307 miss=11 io=0.010s 3.7GB/s]
[prefill gpuq busy=0.029s(74%) idle=0.010s(26%) span=0.039s buffers=155]
[prefill gpu attn=0.011s(36%) shared=0.003s(11%) moe=0.012s(39%) tail=0.001s(3%) head=0.003s(11%) total=0.030s]
[prefill host enc.front=0.002s(4%) wait.front=0.024s(59%) drain=0.001s(3%) route=0.000s(0%) meta=0.000s(0%) fetch=0.009s(23%) enc.moe=0.000s(1%) tail=0.000s(0%) head=0.004s(9%) other=0.000s(1%) call=0.041s | tiles=68 ahead=68 experts=350 miss=9 io=0.009s 3.3GB/s]
[prefill gpuq busy=0.030s(74%) idle=0.010s(26%) span=0.041s buffers=159]
[prefill gpu attn=0.011s(36%) shared=0.003s(12%) moe=0.011s(38%) tail=0.001s(2%) head=0.003s(12%) total=0.029s]
[prefill host enc.front=0.002s(4%) wait.front=0.021s(52%) drain=0.000s(1%) route=0.000s(0%) meta=0.000s(0%) fetch=0.013s(32%) enc.moe=0.000s(1%) tail=0.000s(0%) head=0.004s(9%) other=0.000s(1%) call=0.041s | tiles=63 ahead=63 experts=305 miss=21 io=0.013s 5.6GB/s]
[prefill gpuq busy=0.029s(71%) idle=0.012s(29%) span=0.041s buffers=154]
[prefill gpu attn=0.011s(37%) shared=0.003s(12%) moe=0.011s(37%) tail=0.001s(2%) head=0.003s(12%) total=0.029s]
[prefill host enc.front=0.002s(4%) wait.front=0.021s(56%) drain=0.001s(1%) route=0.000s(1%) meta=0.000s(0%) fetch=0.010s(26%) enc.moe=0.001s(1%) tail=0.000s(0%) head=0.004s(10%) other=0.000s(1%) call=0.037s | tiles=69 ahead=69 experts=308 miss=18 io=0.010s 6.4GB/s]
[prefill gpuq busy=0.029s(79%) idle=0.008s(21%) span=0.037s buffers=160]
[prefill gpu attn=0.011s(37%) shared=0.003s(12%) moe=0.011s(38%) tail=0.001s(2%) head=0.003s(12%) total=0.029s]
[prefill host enc.front=0.002s(5%) wait.front=0.024s(68%) drain=0.001s(3%) route=0.000s(1%) meta=0.000s(0%) fetch=0.004s(11%) enc.moe=0.000s(1%) tail=0.000s(0%) head=0.004s(10%) other=0.000s(1%) call=0.036s | tiles=63 ahead=63 experts=321 miss=11 io=0.004s 9.5GB/s]
[prefill gpuq busy=0.029s(83%) idle=0.006s(17%) span=0.035s buffers=154]
[prefill gpu attn=0.011s(38%) shared=0.003s(12%) moe=0.010s(36%) tail=0.001s(2%) head=0.003s(12%) total=0.028s]
[prefill host enc.front=0.002s(5%) wait.front=0.022s(65%) drain=0.001s(2%) route=0.000s(1%) meta=0.000s(0%) fetch=0.005s(15%) enc.moe=0.000s(1%) tail=0.000s(0%) head=0.004s(11%) other=0.000s(1%) call=0.033s | tiles=63 ahead=63 experts=300 miss=8 io=0.005s 5.7GB/s]
[prefill gpuq busy=0.028s(86%) idle=0.005s(14%) span=0.033s buffers=154]
[prefill gpu attn=0.011s(37%) shared=0.003s(12%) moe=0.010s(36%) tail=0.001s(2%) head=0.003s(12%) total=0.029s]
[prefill host enc.front=0.002s(5%) wait.front=0.023s(75%) drain=0.000s(2%) route=0.000s(1%) meta=0.000s(0%) fetch=0.001s(3%) enc.moe=0.000s(1%) tail=0.000s(0%) head=0.004s(12%) other=0.000s(1%) call=0.031s | tiles=62 ahead=62 experts=315 miss=2 io=0.001s 6.4GB/s]
[prefill gpuq busy=0.029s(93%) idle=0.002s(7%) span=0.031s buffers=153]
[prefill gpu attn=0.011s(37%) shared=0.003s(12%) moe=0.010s(37%) tail=0.001s(2%) head=0.003s(12%) total=0.029s]
[prefill host enc.front=0.002s(5%) wait.front=0.023s(71%) drain=0.001s(3%) route=0.000s(0%) meta=0.000s(0%) fetch=0.002s(7%) enc.moe=0.000s(1%) tail=0.000s(0%) head=0.004s(11%) other=0.000s(1%) call=0.033s | tiles=62 ahead=62 experts=316 miss=3 io=0.002s 4.4GB/s]
[prefill gpuq busy=0.029s(88%) idle=0.004s(12%) span=0.032s buffers=153]
[prefill gpu attn=0.011s(37%) shared=0.003s(12%) moe=0.011s(37%) tail=0.001s(2%) head=0.003s(12%) total=0.029s]
[prefill host enc.front=0.002s(5%) wait.front=0.023s(68%) drain=0.000s(1%) route=0.000s(0%) meta=0.000s(0%) fetch=0.004s(12%) enc.moe=0.000s(1%) tail=0.000s(0%) head=0.004s(10%) other=0.000s(1%) call=0.034s | tiles=62 ahead=62 experts=322 miss=5 io=0.004s 4.1GB/s]
[prefill gpuq busy=0.029s(86%) idle=0.005s(14%) span=0.034s buffers=153]
[prefill gpu attn=0.011s(38%) shared=0.003s(12%) moe=0.010s(36%) tail=0.001s(2%) head=0.003s(12%) total=0.028s]
[prefill host enc.front=0.002s(5%) wait.front=0.024s(71%) drain=0.000s(1%) route=0.000s(0%) meta=0.000s(0%) fetch=0.003s(9%) enc.moe=0.000s(1%) tail=0.000s(0%) head=0.004s(11%) other=0.000s(1%) call=0.033s | tiles=63 ahead=63 experts=307 miss=5 io=0.003s 5.6GB/s]
[prefill gpuq busy=0.028s(86%) idle=0.005s(14%) span=0.033s buffers=154]
[prefill gpu attn=0.011s(38%) shared=0.003s(12%) moe=0.010s(36%) tail=0.001s(3%) head=0.003s(12%) total=0.029s]
[prefill host enc.front=0.002s(4%) wait.front=0.023s(55%) drain=0.000s(1%) route=0.000s(0%) meta=0.000s(0%) fetch=0.013s(30%) enc.moe=0.000s(1%) tail=0.000s(0%) head=0.004s(8%) other=0.000s(1%) call=0.043s | tiles=65 ahead=65 experts=299 miss=9 io=0.013s 2.4GB/s]
[prefill gpuq busy=0.029s(68%) idle=0.014s(32%) span=0.042s buffers=156]
[prefill gpu attn=0.011s(36%) shared=0.003s(12%) moe=0.011s(38%) tail=0.001s(2%) head=0.004s(12%) total=0.030s]
[prefill host enc.front=0.002s(4%) wait.front=0.026s(65%) drain=0.000s(1%) route=0.000s(0%) meta=0.000s(0%) fetch=0.007s(18%) enc.moe=0.000s(1%) tail=0.000s(0%) head=0.004s(9%) other=0.000s(1%) call=0.040s | tiles=64 ahead=64 experts=326 miss=6 io=0.007s 2.8GB/s]
[prefill gpuq busy=0.030s(75%) idle=0.010s(25%) span=0.040s buffers=155]
[prefill gpu attn=0.011s(37%) shared=0.003s(12%) moe=0.011s(37%) tail=0.001s(2%) head=0.003s(12%) total=0.029s]
[prefill host enc.front=0.002s(4%) wait.front=0.024s(63%) drain=0.000s(1%) route=0.000s(0%) meta=0.000s(0%) fetch=0.007s(20%) enc.moe=0.000s(1%) tail=0.000s(0%) head=0.004s(9%) other=0.000s(1%) call=0.038s | tiles=65 ahead=65 experts=311 miss=8 io=0.008s 3.7GB/s]
[prefill gpuq busy=0.029s(76%) idle=0.009s(24%) span=0.038s buffers=156]
[prefill gpu attn=0.011s(36%) shared=0.004s(12%) moe=0.011s(37%) tail=0.001s(2%) head=0.004s(12%) total=0.030s]
[prefill host enc.front=0.002s(4%) wait.front=0.025s(64%) drain=0.002s(4%) route=0.000s(0%) meta=0.000s(0%) fetch=0.006s(15%) enc.moe=0.000s(1%) tail=0.000s(0%) head=0.004s(10%) other=0.000s(1%) call=0.038s | tiles=66 ahead=66 experts=324 miss=6 io=0.006s 3.7GB/s]
[prefill gpuq busy=0.030s(79%) idle=0.008s(21%) span=0.038s buffers=157]
[prefill gpu attn=0.011s(36%) shared=0.003s(11%) moe=0.011s(38%) tail=0.001s(2%) head=0.003s(11%) total=0.030s]
[prefill host enc.front=0.002s(4%) wait.front=0.023s(57%) drain=0.000s(1%) route=0.000s(0%) meta=0.000s(0%) fetch=0.011s(26%) enc.moe=0.000s(1%) tail=0.000s(0%) head=0.004s(9%) other=0.000s(1%) call=0.040s | tiles=67 ahead=67 experts=338 miss=10 io=0.011s 3.2GB/s]
[prefill gpuq busy=0.030s(75%) idle=0.010s(25%) span=0.040s buffers=158]
[prefill gpu attn=0.011s(38%) shared=0.003s(12%) moe=0.010s(35%) tail=0.001s(3%) head=0.003s(12%) total=0.028s]
[prefill host enc.front=0.002s(5%) wait.front=0.023s(73%) drain=0.000s(1%) route=0.000s(0%) meta=0.000s(0%) fetch=0.002s(7%) enc.moe=0.000s(1%) tail=0.000s(0%) head=0.004s(11%) other=0.000s(1%) call=0.032s | tiles=59 ahead=59 experts=303 miss=2 io=0.002s 3.2GB/s]
[prefill gpuq busy=0.028s(90%) idle=0.003s(10%) span=0.032s buffers=150]
[prefill gpu attn=0.011s(37%) shared=0.003s(12%) moe=0.011s(37%) tail=0.001s(2%) head=0.003s(12%) total=0.029s]
[prefill host enc.front=0.002s(5%) wait.front=0.024s(73%) drain=0.001s(2%) route=0.000s(1%) meta=0.000s(0%) fetch=0.002s(7%) enc.moe=0.000s(1%) tail=0.000s(0%) head=0.004s(11%) other=0.000s(1%) call=0.033s | tiles=62 ahead=62 experts=313 miss=3 io=0.002s 4.6GB/s]
[prefill gpuq busy=0.029s(87%) idle=0.004s(13%) span=0.033s buffers=153]
[prefill gpu attn=0.011s(36%) shared=0.003s(12%) moe=0.011s(39%) tail=0.001s(2%) head=0.003s(11%) total=0.030s]
[prefill host enc.front=0.002s(5%) wait.front=0.023s(73%) drain=0.001s(2%) route=0.000s(1%) meta=0.000s(0%) fetch=0.002s(6%) enc.moe=0.000s(1%) tail=0.000s(0%) head=0.004s(11%) other=0.000s(1%) call=0.032s | tiles=63 ahead=63 experts=348 miss=4 io=0.002s 6.9GB/s]
[prefill gpuq busy=0.030s(93%) idle=0.002s(7%) span=0.032s buffers=154]
[prefill gpu attn=0.011s(37%) shared=0.003s(12%) moe=0.011s(37%) tail=0.001s(3%) head=0.003s(12%) total=0.029s]
[prefill host enc.front=0.002s(4%) wait.front=0.027s(72%) drain=0.000s(1%) route=0.000s(0%) meta=0.000s(0%) fetch=0.004s(10%) enc.moe=0.000s(1%) tail=0.000s(0%) head=0.004s(10%) other=0.000s(1%) call=0.037s | tiles=62 ahead=62 experts=323 miss=5 io=0.004s 4.5GB/s]
[prefill gpuq busy=0.029s(79%) idle=0.008s(21%) span=0.037s buffers=153]
[prefill gpu attn=0.011s(37%) shared=0.003s(12%) moe=0.011s(37%) tail=0.001s(3%) head=0.003s(12%) total=0.029s]
[prefill host enc.front=0.002s(4%) wait.front=0.027s(60%) drain=0.001s(1%) route=0.000s(0%) meta=0.000s(0%) fetch=0.011s(25%) enc.moe=0.000s(1%) tail=0.000s(0%) head=0.004s(8%) other=0.000s(1%) call=0.046s | tiles=63 ahead=63 experts=297 miss=13 io=0.011s 4.0GB/s]
[prefill gpuq busy=0.029s(64%) idle=0.016s(36%) span=0.045s buffers=154]
[prefill gpu attn=0.011s(37%) shared=0.003s(12%) moe=0.011s(37%) tail=0.001s(2%) head=0.003s(12%) total=0.029s]
[prefill host enc.front=0.002s(4%) wait.front=0.023s(64%) drain=0.000s(1%) route=0.000s(0%) meta=0.000s(0%) fetch=0.006s(17%) enc.moe=0.000s(1%) tail=0.000s(0%) head=0.004s(10%) other=0.000s(1%) call=0.036s | tiles=64 ahead=64 experts=315 miss=7 io=0.006s 3.9GB/s]
[prefill gpuq busy=0.029s(81%) idle=0.007s(19%) span=0.036s buffers=155]
[prefill gpu attn=0.011s(37%) shared=0.003s(11%) moe=0.011s(37%) tail=0.001s(2%) head=0.004s(12%) total=0.030s]
[prefill host enc.front=0.002s(4%) wait.front=0.025s(61%) drain=0.001s(1%) route=0.000s(0%) meta=0.000s(0%) fetch=0.009s(21%) enc.moe=0.000s(1%) tail=0.000s(0%) head=0.004s(9%) other=0.000s(1%) call=0.041s | tiles=64 ahead=64 experts=314 miss=15 io=0.009s 6.0GB/s]
[prefill gpuq busy=0.030s(73%) idle=0.011s(27%) span=0.041s buffers=155]
[prefill gpu attn=0.011s(37%) shared=0.003s(12%) moe=0.011s(37%) tail=0.001s(3%) head=0.003s(12%) total=0.030s]
[prefill host enc.front=0.002s(4%) wait.front=0.023s(56%) drain=0.001s(1%) route=0.000s(0%) meta=0.000s(0%) fetch=0.011s(27%) enc.moe=0.001s(1%) tail=0.000s(0%) head=0.004s(9%) other=0.000s(1%) call=0.042s | tiles=66 ahead=66 experts=318 miss=11 io=0.011s 3.3GB/s]
[prefill gpuq busy=0.030s(72%) idle=0.012s(28%) span=0.041s buffers=157]
[prefill gpu attn=0.011s(38%) shared=0.003s(12%) moe=0.010s(36%) tail=0.001s(2%) head=0.003s(12%) total=0.028s]
[prefill host enc.front=0.002s(5%) wait.front=0.023s(74%) drain=0.001s(2%) route=0.000s(1%) meta=0.000s(0%) fetch=0.002s(5%) enc.moe=0.000s(1%) tail=0.000s(0%) head=0.004s(11%) other=0.000s(1%) call=0.031s | tiles=61 ahead=61 experts=300 miss=3 io=0.002s 6.2GB/s]
[prefill gpuq busy=0.028s(91%) idle=0.003s(9%) span=0.031s buffers=152]
[prefill gpu attn=0.011s(37%) shared=0.003s(12%) moe=0.011s(37%) tail=0.001s(3%) head=0.003s(12%) total=0.029s]
[prefill host enc.front=0.002s(4%) wait.front=0.022s(52%) drain=0.000s(1%) route=0.000s(0%) meta=0.000s(0%) fetch=0.013s(31%) enc.moe=0.000s(1%) tail=0.000s(0%) head=0.004s(9%) other=0.000s(1%) call=0.042s | tiles=64 ahead=64 experts=301 miss=13 io=0.013s 3.4GB/s]
[prefill gpuq busy=0.029s(69%) idle=0.013s(31%) span=0.042s buffers=155]
[prefill gpu attn=0.011s(38%) shared=0.003s(12%) moe=0.010s(36%) tail=0.001s(2%) head=0.004s(12%) total=0.029s]
[prefill host enc.front=0.002s(4%) wait.front=0.023s(59%) drain=0.001s(1%) route=0.000s(0%) meta=0.000s(0%) fetch=0.009s(22%) enc.moe=0.000s(1%) tail=0.000s(0%) head=0.004s(10%) other=0.000s(1%) call=0.038s | tiles=60 ahead=60 experts=295 miss=10 io=0.009s 4.0GB/s]
[prefill gpuq busy=0.029s(76%) idle=0.009s(24%) span=0.038s buffers=151]
[prefill gpu attn=0.011s(38%) shared=0.003s(12%) moe=0.010s(36%) tail=0.001s(2%) head=0.003s(12%) total=0.029s]
[prefill host enc.front=0.002s(5%) wait.front=0.023s(64%) drain=0.000s(1%) route=0.000s(0%) meta=0.000s(0%) fetch=0.006s(17%) enc.moe=0.000s(1%) tail=0.000s(0%) head=0.004s(10%) other=0.000s(1%) call=0.035s | tiles=57 ahead=57 experts=308 miss=8 io=0.006s 4.7GB/s]
[prefill gpuq busy=0.029s(83%) idle=0.006s(17%) span=0.035s buffers=148]
[prefill gpu attn=0.011s(38%) shared=0.003s(12%) moe=0.010s(36%) tail=0.001s(3%) head=0.003s(12%) total=0.029s]
[prefill host enc.front=0.002s(4%) wait.front=0.023s(63%) drain=0.000s(1%) route=0.000s(0%) meta=0.000s(0%) fetch=0.007s(19%) enc.moe=0.000s(1%) tail=0.000s(0%) head=0.004s(10%) other=0.000s(1%) call=0.037s | tiles=63 ahead=63 experts=298 miss=7 io=0.007s 3.4GB/s]
[prefill gpuq busy=0.029s(77%) idle=0.008s(23%) span=0.037s buffers=154]
[prefill gpu attn=0.011s(38%) shared=0.003s(12%) moe=0.010s(36%) tail=0.001s(3%) head=0.003s(12%) total=0.029s]
[prefill host enc.front=0.002s(5%) wait.front=0.025s(70%) drain=0.000s(1%) route=0.000s(0%) meta=0.000s(0%) fetch=0.004s(11%) enc.moe=0.000s(1%) tail=0.000s(0%) head=0.004s(10%) other=0.000s(1%) call=0.035s | tiles=60 ahead=60 experts=304 miss=7 io=0.004s 6.3GB/s]
[prefill gpuq busy=0.029s(83%) idle=0.006s(17%) span=0.035s buffers=151]
[prefill gpu attn=0.011s(37%) shared=0.004s(12%) moe=0.011s(37%) tail=0.001s(2%) head=0.003s(11%) total=0.029s]
[prefill host enc.front=0.002s(5%) wait.front=0.022s(67%) drain=0.001s(2%) route=0.000s(1%) meta=0.000s(0%) fetch=0.004s(12%) enc.moe=0.000s(1%) tail=0.000s(0%) head=0.004s(11%) other=0.000s(1%) call=0.033s | tiles=63 ahead=63 experts=315 miss=7 io=0.004s 5.9GB/s]
[prefill gpuq busy=0.029s(88%) idle=0.004s(12%) span=0.033s buffers=154]
[prefill gpu attn=0.011s(38%) shared=0.003s(12%) moe=0.010s(36%) tail=0.001s(3%) head=0.003s(12%) total=0.028s]
[prefill host enc.front=0.002s(4%) wait.front=0.025s(66%) drain=0.000s(1%) route=0.000s(0%) meta=0.000s(0%) fetch=0.006s(17%) enc.moe=0.000s(1%) tail=0.000s(0%) head=0.004s(9%) other=0.000s(1%) call=0.038s | tiles=63 ahead=63 experts=292 miss=8 io=0.006s 4.4GB/s]
[prefill gpuq busy=0.028s(76%) idle=0.009s(24%) span=0.037s buffers=154]
[prefill gpu attn=0.011s(37%) shared=0.003s(11%) moe=0.011s(38%) tail=0.001s(2%) head=0.003s(11%) total=0.029s]
[prefill host enc.front=0.002s(5%) wait.front=0.025s(72%) drain=0.001s(1%) route=0.000s(0%) meta=0.000s(0%) fetch=0.003s(9%) enc.moe=0.000s(1%) tail=0.000s(0%) head=0.004s(10%) other=0.000s(1%) call=0.035s | tiles=65 ahead=65 experts=333 miss=6 io=0.003s 6.2GB/s]
[prefill gpuq busy=0.029s(84%) idle=0.006s(16%) span=0.035s buffers=156]
[prefill gpu attn=0.011s(38%) shared=0.003s(12%) moe=0.010s(36%) tail=0.001s(3%) head=0.003s(12%) total=0.029s]
[prefill host enc.front=0.002s(5%) wait.front=0.022s(67%) drain=0.000s(1%) route=0.000s(0%) meta=0.000s(0%) fetch=0.004s(13%) enc.moe=0.000s(1%) tail=0.000s(0%) head=0.004s(11%) other=0.000s(1%) call=0.034s | tiles=61 ahead=61 experts=310 miss=7 io=0.005s 5.4GB/s]
[prefill gpuq busy=0.029s(86%) idle=0.005s(14%) span=0.033s buffers=152]
[prefill gpu attn=0.011s(38%) shared=0.003s(12%) moe=0.010s(36%) tail=0.001s(2%) head=0.003s(12%) total=0.029s]
[prefill host enc.front=0.002s(5%) wait.front=0.023s(66%) drain=0.000s(1%) route=0.000s(0%) meta=0.000s(0%) fetch=0.005s(15%) enc.moe=0.000s(1%) tail=0.000s(0%) head=0.004s(10%) other=0.000s(1%) call=0.034s | tiles=66 ahead=66 experts=308 miss=7 io=0.005s 4.8GB/s]
[prefill gpuq busy=0.029s(84%) idle=0.006s(16%) span=0.034s buffers=157]
[prefill gpu attn=0.011s(38%) shared=0.003s(12%) moe=0.010s(36%) tail=0.001s(2%) head=0.003s(12%) total=0.028s]
[prefill host enc.front=0.002s(5%) wait.front=0.021s(64%) drain=0.001s(2%) route=0.000s(0%) meta=0.000s(0%) fetch=0.005s(16%) enc.moe=0.000s(1%) tail=0.000s(0%) head=0.004s(11%) other=0.000s(1%) call=0.033s | tiles=62 ahead=62 experts=308 miss=6 io=0.005s 3.9GB/s]
[prefill gpuq busy=0.028s(85%) idle=0.005s(15%) span=0.033s buffers=153]
[prefill gpu attn=0.011s(37%) shared=0.003s(12%) moe=0.011s(37%) tail=0.001s(2%) head=0.004s(12%) total=0.029s]
[prefill host enc.front=0.002s(4%) wait.front=0.024s(66%) drain=0.000s(1%) route=0.000s(0%) meta=0.000s(0%) fetch=0.006s(15%) enc.moe=0.000s(1%) tail=0.000s(0%) head=0.004s(10%) other=0.000s(1%) call=0.037s | tiles=64 ahead=64 experts=305 miss=15 io=0.006s 9.2GB/s]
[prefill gpuq busy=0.029s(80%) idle=0.007s(20%) span=0.037s buffers=155]
[prefill gpu attn=0.011s(35%) shared=0.003s(11%) moe=0.012s(40%) tail=0.001s(2%) head=0.003s(11%) total=0.031s]
[prefill host enc.front=0.002s(3%) wait.front=0.030s(53%) drain=0.000s(1%) route=0.000s(0%) meta=0.000s(0%) fetch=0.020s(35%) enc.moe=0.001s(1%) tail=0.000s(0%) head=0.004s(6%) other=0.000s(1%) call=0.058s | tiles=72 ahead=72 experts=330 miss=23 io=0.022s 3.7GB/s]
[prefill gpuq busy=0.031s(53%) idle=0.027s(47%) span=0.057s buffers=163]
[prefill gpu attn=0.011s(38%) shared=0.003s(12%) moe=0.010s(36%) tail=0.001s(3%) head=0.003s(12%) total=0.029s]
[prefill host enc.front=0.002s(5%) wait.front=0.024s(68%) drain=0.000s(1%) route=0.000s(0%) meta=0.000s(0%) fetch=0.004s(13%) enc.moe=0.000s(1%) tail=0.000s(0%) head=0.004s(10%) other=0.000s(1%) call=0.035s | tiles=61 ahead=61 experts=303 miss=4 io=0.004s 3.1GB/s]
[prefill gpuq busy=0.029s(83%) idle=0.006s(17%) span=0.034s buffers=152]
[prefill gpu attn=0.015s(44%) shared=0.004s(11%) moe=0.010s(32%) tail=0.001s(2%) head=0.003s(10%) total=0.033s]
[prefill host enc.front=0.002s(4%) wait.front=0.028s(75%) drain=0.000s(1%) route=0.000s(1%) meta=0.000s(0%) fetch=0.003s(8%) enc.moe=0.000s(1%) tail=0.000s(0%) head=0.004s(9%) other=0.000s(1%) call=0.037s | tiles=60 ahead=60 experts=304 miss=6 io=0.003s 7.0GB/s]
[prefill gpuq busy=0.033s(88%) idle=0.005s(12%) span=0.037s buffers=151]
[prefill gpu attn=0.011s(37%) shared=0.003s(12%) moe=0.011s(36%) tail=0.001s(2%) head=0.004s(12%) total=0.029s]
[prefill host enc.front=0.002s(5%) wait.front=0.024s(72%) drain=0.000s(1%) route=0.000s(1%) meta=0.000s(0%) fetch=0.002s(7%) enc.moe=0.000s(1%) tail=0.000s(0%) head=0.004s(11%) other=0.000s(1%) call=0.033s | tiles=60 ahead=60 experts=318 miss=4 io=0.002s 6.0GB/s]
[prefill gpuq busy=0.029s(88%) idle=0.004s(12%) span=0.033s buffers=151]
[prefill gpu attn=0.011s(35%) shared=0.004s(11%) moe=0.013s(41%) tail=0.001s(2%) head=0.003s(11%) total=0.031s]
[prefill host enc.front=0.002s(4%) wait.front=0.026s(64%) drain=0.001s(1%) route=0.000s(0%) meta=0.000s(0%) fetch=0.008s(19%) enc.moe=0.000s(1%) tail=0.000s(0%) head=0.004s(9%) other=0.000s(1%) call=0.041s | tiles=67 ahead=67 experts=371 miss=12 io=0.008s 5.4GB/s]
[prefill gpuq busy=0.031s(78%) idle=0.009s(22%) span=0.040s buffers=158]
[prefill gpu attn=0.011s(33%) shared=0.003s(11%) moe=0.014s(43%) tail=0.001s(2%) head=0.003s(10%) total=0.033s]
[prefill host enc.front=0.002s(1%) wait.front=0.025s(21%) drain=0.001s(1%) route=0.000s(0%) meta=0.000s(0%) fetch=0.087s(73%) enc.moe=0.001s(1%) tail=0.000s(0%) head=0.004s(3%) other=0.001s(0%) call=0.120s | tiles=79 ahead=79 experts=354 miss=82 io=0.088s 3.2GB/s]
[prefill gpuq busy=0.033s(27%) idle=0.087s(73%) span=0.120s buffers=170]

[stop=endOfTurn prefill=365tok new=169tok decode=5.34s tok/s=31.640]
[load=0.767s layerVerify=0.000s/30layers prefill=4.215s ttft=4.216s peak=6.76GB rss=4.01GB]
[expert prefill hit=0.0% 0/2734 io=1.689s | decode hit=95.1% 30548/32107 io=1.593s]
[vision images=1 soft=260 tower=1.759s towerLoad=0.001s]
[decode/tok io=0.00ms cb1=0.00ms cb2=0.00ms head=0.00ms]
[mtp bs=2 rounds=101 accept=0.673/1 tok/round=1.673 draft=0.395s verify=4.726s accepted=33,68]
