[prefill gpu attn=0.400s(31%) shared=0.115s(9%) moe=0.783s(60%) tail=0.007s(1%) head=0.004s(0%) total=1.309s]
[prefill host enc.front=0.002s(0%) wait.front=0.536s(22%) drain=0.000s(0%) route=0.005s(0%) wait.shared=0.109s(4%) meta=0.000s(0%) fetch=1.663s(68%) enc.moe=0.014s(1%) wait.tile=0.105s(4%) tail=0.014s(1%) head=0.004s(0%) other=0.005s(0%) call=2.459s | tiles=358 ahead=0 experts=0 miss=0 io=0.000s 0.0GB/s]
[prefill gpuq busy=1.309s(56%) idle=1.020s(44%) span=2.330s buffers=449]
[prefill gpu attn=0.028s(44%) shared=0.005s(8%) moe=0.026s(41%) tail=0.001s(2%) head=0.004s(6%) total=0.064s]
[prefill host enc.front=0.003s(1%) wait.front=0.094s(36%) drain=0.001s(0%) route=0.001s(0%) meta=0.000s(0%) fetch=0.155s(59%) enc.moe=0.002s(1%) tail=0.000s(0%) head=0.004s(2%) other=0.001s(0%) call=0.262s | tiles=74 ahead=74 experts=393 miss=178 io=0.216s 2.9GB/s]
[prefill gpuq busy=0.063s(24%) idle=0.198s(76%) span=0.261s buffers=165]
[prefill gpu attn=0.012s(28%) shared=0.004s(9%) moe=0.021s(52%) tail=0.001s(2%) head=0.003s(8%) total=0.040s]
[prefill host enc.front=0.002s(2%) wait.front=0.030s(31%) drain=0.000s(0%) route=0.000s(0%) meta=0.000s(0%) fetch=0.058s(61%) enc.moe=0.001s(1%) tail=0.000s(0%) head=0.004s(4%) other=0.001s(1%) call=0.095s | tiles=80 ahead=80 experts=362 miss=61 io=0.069s 3.1GB/s]
[prefill gpuq busy=0.040s(43%) idle=0.054s(57%) span=0.095s buffers=171]
[prefill gpu attn=0.011s(29%) shared=0.004s(10%) moe=0.019s(50%) tail=0.001s(2%) head=0.003s(9%) total=0.038s]
[prefill host enc.front=0.002s(2%) wait.front=0.030s(30%) drain=0.000s(0%) route=0.000s(0%) meta=0.000s(0%) fetch=0.062s(62%) enc.moe=0.001s(1%) tail=0.000s(0%) head=0.004s(4%) other=0.001s(1%) call=0.099s | tiles=80 ahead=80 experts=360 miss=52 io=0.062s 2.9GB/s]
[prefill gpuq busy=0.038s(38%) idle=0.062s(62%) span=0.099s buffers=171]
[prefill gpu attn=0.011s(29%) shared=0.004s(10%) moe=0.018s(50%) tail=0.001s(2%) head=0.003s(9%) total=0.037s]
[prefill host enc.front=0.002s(2%) wait.front=0.023s(26%) drain=0.001s(1%) route=0.000s(0%) meta=0.000s(0%) fetch=0.056s(64%) enc.moe=0.001s(1%) tail=0.000s(0%) head=0.004s(4%) other=0.001s(1%) call=0.087s | tiles=81 ahead=81 experts=379 miss=49 io=0.057s 3.0GB/s]
[prefill gpuq busy=0.037s(42%) idle=0.050s(58%) span=0.087s buffers=172]
[prefill gpu attn=0.011s(29%) shared=0.004s(10%) moe=0.019s(50%) tail=0.001s(2%) head=0.003s(9%) total=0.038s]
[prefill host enc.front=0.002s(2%) wait.front=0.030s(31%) drain=0.000s(0%) route=0.000s(0%) meta=0.000s(0%) fetch=0.058s(61%) enc.moe=0.001s(1%) tail=0.000s(0%) head=0.004s(4%) other=0.001s(1%) call=0.096s | tiles=84 ahead=84 experts=350 miss=48 io=0.058s 2.8GB/s]
[prefill gpuq busy=0.038s(40%) idle=0.058s(60%) span=0.096s buffers=175]
[prefill gpu attn=0.011s(29%) shared=0.004s(10%) moe=0.019s(50%) tail=0.001s(2%) head=0.003s(9%) total=0.038s]
[prefill host enc.front=0.002s(2%) wait.front=0.027s(32%) drain=0.000s(0%) route=0.000s(0%) meta=0.000s(0%) fetch=0.050s(59%) enc.moe=0.001s(1%) tail=0.000s(0%) head=0.004s(4%) other=0.001s(1%) call=0.085s | tiles=82 ahead=82 experts=398 miss=51 io=0.050s 3.5GB/s]
[prefill gpuq busy=0.038s(45%) idle=0.047s(55%) span=0.085s buffers=173]
[prefill gpu attn=0.011s(30%) shared=0.004s(10%) moe=0.018s(49%) tail=0.001s(2%) head=0.003s(9%) total=0.037s]
[prefill host enc.front=0.002s(3%) wait.front=0.029s(44%) drain=0.000s(0%) route=0.000s(0%) meta=0.000s(0%) fetch=0.030s(45%) enc.moe=0.001s(1%) tail=0.000s(0%) head=0.004s(5%) other=0.000s(1%) call=0.065s | tiles=74 ahead=74 experts=373 miss=27 io=0.030s 3.1GB/s]
[prefill gpuq busy=0.037s(57%) idle=0.028s(43%) span=0.065s buffers=165]
[prefill gpu attn=0.011s(29%) shared=0.004s(10%) moe=0.018s(49%) tail=0.001s(2%) head=0.004s(10%) total=0.037s]
[prefill host enc.front=0.002s(2%) wait.front=0.029s(35%) drain=0.000s(0%) route=0.000s(0%) meta=0.000s(0%) fetch=0.045s(55%) enc.moe=0.001s(1%) tail=0.000s(0%) head=0.004s(5%) other=0.000s(1%) call=0.081s | tiles=79 ahead=79 experts=383 miss=33 io=0.045s 2.5GB/s]
[prefill gpuq busy=0.037s(46%) idle=0.044s(54%) span=0.081s buffers=170]
[prefill gpu attn=0.011s(29%) shared=0.004s(10%) moe=0.018s(49%) tail=0.001s(2%) head=0.003s(9%) total=0.038s]
[prefill host enc.front=0.002s(3%) wait.front=0.026s(39%) drain=0.001s(1%) route=0.000s(0%) meta=0.000s(0%) fetch=0.034s(50%) enc.moe=0.001s(1%) tail=0.000s(0%) head=0.004s(5%) other=0.000s(1%) call=0.068s | tiles=77 ahead=77 experts=368 miss=33 io=0.034s 3.4GB/s]
[prefill gpuq busy=0.037s(55%) idle=0.030s(45%) span=0.068s buffers=168]
[prefill gpu attn=0.011s(30%) shared=0.004s(10%) moe=0.018s(49%) tail=0.001s(2%) head=0.003s(9%) total=0.037s]
[prefill host enc.front=0.002s(3%) wait.front=0.027s(44%) drain=0.000s(1%) route=0.000s(0%) meta=0.000s(0%) fetch=0.027s(44%) enc.moe=0.001s(1%) tail=0.000s(0%) head=0.004s(6%) other=0.000s(1%) call=0.062s | tiles=74 ahead=74 experts=350 miss=31 io=0.033s 3.2GB/s]
[prefill gpuq busy=0.037s(60%) idle=0.025s(40%) span=0.062s buffers=165]
[prefill gpu attn=0.011s(30%) shared=0.004s(10%) moe=0.018s(49%) tail=0.001s(2%) head=0.003s(10%) total=0.036s]
[prefill host enc.front=0.002s(3%) wait.front=0.026s(47%) drain=0.001s(1%) route=0.000s(0%) meta=0.000s(0%) fetch=0.022s(40%) enc.moe=0.001s(1%) tail=0.000s(0%) head=0.004s(7%) other=0.000s(1%) call=0.055s | tiles=72 ahead=72 experts=373 miss=22 io=0.022s 3.5GB/s]
[prefill gpuq busy=0.036s(66%) idle=0.019s(34%) span=0.055s buffers=163]
[prefill gpu attn=0.011s(29%) shared=0.004s(10%) moe=0.019s(51%) tail=0.001s(2%) head=0.003s(9%) total=0.038s]
[prefill host enc.front=0.002s(2%) wait.front=0.029s(33%) drain=0.001s(1%) route=0.000s(0%) meta=0.000s(0%) fetch=0.049s(57%) enc.moe=0.001s(1%) tail=0.000s(0%) head=0.004s(4%) other=0.000s(1%) call=0.086s | tiles=79 ahead=79 experts=428 miss=54 io=0.050s 3.8GB/s]
[prefill gpuq busy=0.038s(44%) idle=0.048s(56%) span=0.086s buffers=170]
[prefill gpu attn=0.011s(28%) shared=0.004s(9%) moe=0.020s(52%) tail=0.001s(2%) head=0.003s(9%) total=0.038s]
[prefill host enc.front=0.002s(2%) wait.front=0.025s(34%) drain=0.001s(1%) route=0.000s(0%) meta=0.000s(0%) fetch=0.041s(56%) enc.moe=0.001s(1%) tail=0.000s(0%) head=0.004s(5%) other=0.001s(1%) call=0.074s | tiles=86 ahead=86 experts=480 miss=50 io=0.041s 4.2GB/s]
[prefill gpuq busy=0.038s(52%) idle=0.035s(48%) span=0.073s buffers=177]
[prefill gpu attn=0.011s(29%) shared=0.004s(10%) moe=0.018s(50%) tail=0.001s(2%) head=0.003s(9%) total=0.037s]
[prefill host enc.front=0.002s(3%) wait.front=0.024s(42%) drain=0.001s(1%) route=0.000s(0%) meta=0.000s(0%) fetch=0.025s(45%) enc.moe=0.001s(1%) tail=0.000s(0%) head=0.004s(6%) other=0.000s(1%) call=0.057s | tiles=80 ahead=80 experts=410 miss=30 io=0.026s 4.1GB/s]
[prefill gpuq busy=0.037s(65%) idle=0.020s(35%) span=0.057s buffers=171]
[prefill gpu attn=0.011s(30%) shared=0.004s(10%) moe=0.018s(49%) tail=0.001s(2%) head=0.003s(9%) total=0.037s]
[prefill host enc.front=0.002s(2%) wait.front=0.023s(32%) drain=0.001s(1%) route=0.000s(0%) meta=0.000s(0%) fetch=0.041s(57%) enc.moe=0.001s(1%) tail=0.000s(0%) head=0.004s(5%) other=0.000s(1%) call=0.072s | tiles=76 ahead=76 experts=355 miss=33 io=0.041s 2.8GB/s]
[prefill gpuq busy=0.037s(52%) idle=0.034s(48%) span=0.071s buffers=167]
[prefill gpu attn=0.011s(30%) shared=0.004s(10%) moe=0.018s(48%) tail=0.001s(2%) head=0.003s(9%) total=0.036s]
[prefill host enc.front=0.002s(3%) wait.front=0.025s(53%) drain=0.000s(1%) route=0.000s(0%) meta=0.000s(0%) fetch=0.016s(33%) enc.moe=0.001s(1%) tail=0.000s(0%) head=0.004s(8%) other=0.000s(1%) call=0.048s | tiles=74 ahead=74 experts=404 miss=16 io=0.016s 3.5GB/s]
[prefill gpuq busy=0.036s(76%) idle=0.011s(24%) span=0.048s buffers=165]
[prefill gpu attn=0.011s(30%) shared=0.004s(10%) moe=0.017s(49%) tail=0.001s(2%) head=0.003s(9%) total=0.036s]
[prefill host enc.front=0.002s(4%) wait.front=0.028s(68%) drain=0.001s(2%) route=0.000s(0%) meta=0.000s(0%) fetch=0.006s(15%) enc.moe=0.000s(1%) tail=0.000s(0%) head=0.004s(9%) other=0.000s(1%) call=0.041s | tiles=68 ahead=68 experts=377 miss=10 io=0.006s 5.4GB/s]
[prefill gpuq busy=0.036s(87%) idle=0.005s(13%) span=0.041s buffers=159]
[prefill gpu attn=0.011s(30%) shared=0.004s(10%) moe=0.018s(48%) tail=0.001s(2%) head=0.004s(10%) total=0.036s]
[prefill host enc.front=0.002s(4%) wait.front=0.025s(56%) drain=0.000s(1%) route=0.000s(1%) meta=0.000s(0%) fetch=0.013s(28%) enc.moe=0.001s(1%) tail=0.000s(0%) head=0.004s(8%) other=0.000s(1%) call=0.045s | tiles=72 ahead=72 experts=364 miss=18 io=0.013s 4.9GB/s]
[prefill gpuq busy=0.036s(81%) idle=0.009s(19%) span=0.045s buffers=163]
[prefill gpu attn=0.011s(30%) shared=0.004s(10%) moe=0.018s(49%) tail=0.001s(2%) head=0.003s(9%) total=0.037s]
[prefill host enc.front=0.002s(3%) wait.front=0.027s(50%) drain=0.000s(1%) route=0.000s(0%) meta=0.000s(0%) fetch=0.020s(37%) enc.moe=0.001s(1%) tail=0.000s(0%) head=0.004s(7%) other=0.000s(1%) call=0.055s | tiles=72 ahead=72 experts=366 miss=24 io=0.021s 3.9GB/s]
[prefill gpuq busy=0.037s(67%) idle=0.018s(33%) span=0.054s buffers=163]
[prefill gpu attn=0.011s(29%) shared=0.004s(11%) moe=0.018s(49%) tail=0.001s(2%) head=0.003s(9%) total=0.037s]
[prefill host enc.front=0.002s(3%) wait.front=0.024s(41%) drain=0.000s(1%) route=0.000s(0%) meta=0.000s(0%) fetch=0.028s(47%) enc.moe=0.001s(1%) tail=0.000s(0%) head=0.004s(6%) other=0.000s(1%) call=0.059s | tiles=81 ahead=81 experts=407 miss=22 io=0.028s 2.7GB/s]
[prefill gpuq busy=0.037s(63%) idle=0.022s(37%) span=0.059s buffers=172]
[prefill gpu attn=0.011s(30%) shared=0.004s(10%) moe=0.017s(47%) tail=0.001s(2%) head=0.004s(10%) total=0.036s]
[prefill host enc.front=0.002s(4%) wait.front=0.027s(67%) drain=0.001s(2%) route=0.000s(0%) meta=0.000s(0%) fetch=0.006s(15%) enc.moe=0.000s(1%) tail=0.000s(0%) head=0.004s(9%) other=0.000s(1%) call=0.040s | tiles=68 ahead=68 experts=368 miss=6 io=0.006s 3.5GB/s]
[prefill gpuq busy=0.036s(90%) idle=0.004s(10%) span=0.040s buffers=159]
[prefill gpu attn=0.011s(29%) shared=0.004s(10%) moe=0.019s(50%) tail=0.001s(2%) head=0.003s(9%) total=0.037s]
[prefill host enc.front=0.002s(3%) wait.front=0.023s(41%) drain=0.000s(1%) route=0.000s(0%) meta=0.000s(0%) fetch=0.027s(47%) enc.moe=0.001s(1%) tail=0.000s(0%) head=0.004s(6%) other=0.000s(1%) call=0.057s | tiles=80 ahead=80 experts=412 miss=30 io=0.027s 3.8GB/s]
[prefill gpuq busy=0.037s(66%) idle=0.020s(34%) span=0.057s buffers=171]
[prefill gpu attn=0.011s(30%) shared=0.004s(10%) moe=0.018s(48%) tail=0.001s(2%) head=0.003s(9%) total=0.037s]
[prefill host enc.front=0.002s(3%) wait.front=0.026s(46%) drain=0.001s(1%) route=0.000s(0%) meta=0.000s(0%) fetch=0.023s(41%) enc.moe=0.001s(1%) tail=0.000s(0%) head=0.004s(6%) other=0.000s(1%) call=0.056s | tiles=73 ahead=73 experts=384 miss=17 io=0.023s 2.6GB/s]
[prefill gpuq busy=0.037s(65%) idle=0.020s(35%) span=0.056s buffers=164]
[prefill gpu attn=0.011s(30%) shared=0.004s(10%) moe=0.018s(50%) tail=0.001s(2%) head=0.003s(9%) total=0.037s]
[prefill host enc.front=0.002s(3%) wait.front=0.026s(48%) drain=0.001s(1%) route=0.000s(0%) meta=0.000s(0%) fetch=0.021s(38%) enc.moe=0.001s(1%) tail=0.000s(0%) head=0.004s(7%) other=0.000s(1%) call=0.054s | tiles=73 ahead=73 experts=369 miss=26 io=0.021s 4.3GB/s]
[prefill gpuq busy=0.037s(69%) idle=0.017s(31%) span=0.054s buffers=164]
[prefill gpu attn=0.011s(30%) shared=0.004s(10%) moe=0.018s(49%) tail=0.001s(2%) head=0.003s(10%) total=0.036s]
[prefill host enc.front=0.002s(3%) wait.front=0.027s(57%) drain=0.001s(2%) route=0.000s(0%) meta=0.000s(0%) fetch=0.013s(27%) enc.moe=0.001s(1%) tail=0.000s(0%) head=0.004s(8%) other=0.000s(1%) call=0.047s | tiles=71 ahead=71 experts=383 miss=15 io=0.013s 4.1GB/s]
[prefill gpuq busy=0.036s(78%) idle=0.010s(22%) span=0.046s buffers=162]
[prefill gpu attn=0.011s(31%) shared=0.004s(10%) moe=0.017s(47%) tail=0.001s(2%) head=0.003s(9%) total=0.036s]
[prefill host enc.front=0.002s(4%) wait.front=0.027s(58%) drain=0.001s(2%) route=0.000s(0%) meta=0.000s(0%) fetch=0.012s(26%) enc.moe=0.001s(1%) tail=0.000s(0%) head=0.004s(8%) other=0.000s(1%) call=0.046s | tiles=68 ahead=68 experts=327 miss=10 io=0.012s 2.9GB/s]
[prefill gpuq busy=0.036s(79%) idle=0.010s(21%) span=0.046s buffers=159]
[prefill gpu attn=0.011s(30%) shared=0.004s(10%) moe=0.017s(48%) tail=0.001s(2%) head=0.003s(10%) total=0.036s]
[prefill host enc.front=0.002s(4%) wait.front=0.030s(68%) drain=0.001s(2%) route=0.000s(0%) meta=0.000s(0%) fetch=0.007s(15%) enc.moe=0.000s(1%) tail=0.000s(0%) head=0.004s(9%) other=0.000s(1%) call=0.044s | tiles=63 ahead=63 experts=320 miss=8 io=0.007s 4.2GB/s]
[prefill gpuq busy=0.036s(83%) idle=0.007s(17%) span=0.043s buffers=154]
[prefill gpu attn=0.011s(30%) shared=0.004s(10%) moe=0.018s(48%) tail=0.001s(2%) head=0.004s(10%) total=0.037s]
[prefill host enc.front=0.002s(3%) wait.front=0.029s(60%) drain=0.001s(2%) route=0.000s(0%) meta=0.000s(0%) fetch=0.011s(23%) enc.moe=0.001s(1%) tail=0.000s(0%) head=0.004s(9%) other=0.000s(1%) call=0.047s | tiles=69 ahead=69 experts=414 miss=8 io=0.011s 2.5GB/s]
[prefill gpuq busy=0.037s(80%) idle=0.009s(20%) span=0.047s buffers=160]
[prefill gpu attn=0.011s(30%) shared=0.004s(10%) moe=0.018s(48%) tail=0.001s(2%) head=0.003s(10%) total=0.036s]
[prefill host enc.front=0.002s(3%) wait.front=0.027s(59%) drain=0.001s(2%) route=0.000s(0%) meta=0.000s(0%) fetch=0.012s(26%) enc.moe=0.001s(1%) tail=0.000s(0%) head=0.004s(8%) other=0.000s(1%) call=0.046s | tiles=67 ahead=67 experts=364 miss=10 io=0.012s 2.9GB/s]
[prefill gpuq busy=0.036s(79%) idle=0.010s(21%) span=0.046s buffers=158]
[prefill gpu attn=0.011s(30%) shared=0.004s(10%) moe=0.018s(48%) tail=0.001s(2%) head=0.004s(10%) total=0.037s]
[prefill host enc.front=0.002s(4%) wait.front=0.027s(64%) drain=0.001s(2%) route=0.000s(0%) meta=0.000s(0%) fetch=0.008s(19%) enc.moe=0.001s(1%) tail=0.000s(0%) head=0.004s(9%) other=0.000s(1%) call=0.043s | tiles=67 ahead=67 experts=382 miss=12 io=0.008s 4.9GB/s]
[prefill gpuq busy=0.037s(86%) idle=0.006s(14%) span=0.043s buffers=158]
[prefill gpu attn=0.011s(30%) shared=0.004s(10%) moe=0.018s(49%) tail=0.001s(2%) head=0.004s(10%) total=0.037s]
[prefill host enc.front=0.002s(3%) wait.front=0.025s(50%) drain=0.001s(2%) route=0.000s(0%) meta=0.000s(0%) fetch=0.017s(35%) enc.moe=0.001s(1%) tail=0.000s(0%) head=0.004s(8%) other=0.000s(1%) call=0.050s | tiles=73 ahead=73 experts=424 miss=27 io=0.018s 5.3GB/s]
[prefill gpuq busy=0.036s(74%) idle=0.013s(26%) span=0.050s buffers=164]
[prefill gpu attn=0.011s(30%) shared=0.004s(10%) moe=0.018s(49%) tail=0.001s(2%) head=0.003s(9%) total=0.037s]
[prefill host enc.front=0.002s(3%) wait.front=0.029s(58%) drain=0.001s(2%) route=0.000s(0%) meta=0.000s(0%) fetch=0.014s(28%) enc.moe=0.001s(1%) tail=0.000s(0%) head=0.004s(7%) other=0.000s(1%) call=0.050s | tiles=68 ahead=68 experts=389 miss=16 io=0.014s 4.0GB/s]
[prefill gpuq busy=0.037s(75%) idle=0.013s(25%) span=0.050s buffers=159]
[prefill gpu attn=0.011s(30%) shared=0.004s(10%) moe=0.017s(48%) tail=0.001s(2%) head=0.003s(9%) total=0.036s]
[prefill host enc.front=0.002s(4%) wait.front=0.029s(69%) drain=0.001s(2%) route=0.000s(0%) meta=0.000s(0%) fetch=0.006s(14%) enc.moe=0.001s(1%) tail=0.000s(0%) head=0.004s(9%) other=0.000s(1%) call=0.042s | tiles=66 ahead=66 experts=368 miss=10 io=0.006s 5.9GB/s]
[prefill gpuq busy=0.036s(86%) idle=0.006s(14%) span=0.042s buffers=157]
[prefill gpu attn=0.011s(31%) shared=0.004s(10%) moe=0.017s(48%) tail=0.001s(2%) head=0.003s(10%) total=0.036s]
[prefill host enc.front=0.002s(3%) wait.front=0.027s(56%) drain=0.000s(1%) route=0.000s(0%) meta=0.000s(0%) fetch=0.014s(30%) enc.moe=0.001s(1%) tail=0.000s(0%) head=0.004s(8%) other=0.000s(1%) call=0.048s | tiles=68 ahead=68 experts=354 miss=14 io=0.014s 3.4GB/s]
[prefill gpuq busy=0.036s(76%) idle=0.011s(24%) span=0.048s buffers=159]
[prefill gpu attn=0.011s(30%) shared=0.004s(10%) moe=0.018s(50%) tail=0.001s(2%) head=0.003s(9%) total=0.037s]
[prefill host enc.front=0.002s(3%) wait.front=0.031s(64%) drain=0.000s(1%) route=0.000s(0%) meta=0.000s(0%) fetch=0.010s(22%) enc.moe=0.001s(1%) tail=0.000s(0%) head=0.004s(8%) other=0.000s(1%) call=0.048s | tiles=71 ahead=71 experts=412 miss=19 io=0.010s 6.3GB/s]
[prefill gpuq busy=0.037s(77%) idle=0.011s(23%) span=0.048s buffers=162]
[prefill gpu attn=0.011s(30%) shared=0.004s(11%) moe=0.017s(47%) tail=0.001s(2%) head=0.003s(10%) total=0.036s]
[prefill host enc.front=0.002s(4%) wait.front=0.029s(66%) drain=0.001s(2%) route=0.000s(0%) meta=0.000s(0%) fetch=0.008s(18%) enc.moe=0.001s(1%) tail=0.000s(0%) head=0.004s(8%) other=0.000s(1%) call=0.044s | tiles=66 ahead=66 experts=335 miss=10 io=0.008s 4.5GB/s]
[prefill gpuq busy=0.036s(83%) idle=0.007s(17%) span=0.043s buffers=157]
[prefill gpu attn=0.011s(30%) shared=0.004s(10%) moe=0.018s(48%) tail=0.001s(2%) head=0.004s(10%) total=0.037s]
[prefill host enc.front=0.002s(3%) wait.front=0.027s(57%) drain=0.001s(2%) route=0.000s(0%) meta=0.000s(0%) fetch=0.013s(27%) enc.moe=0.001s(1%) tail=0.000s(0%) head=0.004s(8%) other=0.000s(1%) call=0.048s | tiles=66 ahead=66 experts=332 miss=14 io=0.013s 3.8GB/s]
[prefill gpuq busy=0.037s(78%) idle=0.011s(22%) span=0.047s buffers=157]
[prefill gpu attn=0.011s(30%) shared=0.004s(10%) moe=0.018s(49%) tail=0.001s(2%) head=0.003s(9%) total=0.036s]
[prefill host enc.front=0.002s(3%) wait.front=0.030s(64%) drain=0.001s(2%) route=0.000s(0%) meta=0.000s(0%) fetch=0.010s(21%) enc.moe=0.001s(1%) tail=0.000s(0%) head=0.004s(8%) other=0.000s(1%) call=0.046s | tiles=66 ahead=66 experts=371 miss=12 io=0.010s 4.3GB/s]
[prefill gpuq busy=0.036s(78%) idle=0.010s(22%) span=0.046s buffers=157]
[prefill gpu attn=0.011s(30%) shared=0.004s(10%) moe=0.018s(48%) tail=0.001s(2%) head=0.003s(10%) total=0.036s]
[prefill host enc.front=0.002s(4%) wait.front=0.027s(61%) drain=0.000s(1%) route=0.000s(0%) meta=0.000s(0%) fetch=0.011s(24%) enc.moe=0.001s(1%) tail=0.000s(0%) head=0.004s(8%) other=0.000s(1%) call=0.045s | tiles=70 ahead=70 experts=376 miss=15 io=0.011s 4.7GB/s]
[prefill gpuq busy=0.036s(81%) idle=0.009s(19%) span=0.045s buffers=161]
[prefill gpu attn=0.011s(30%) shared=0.004s(10%) moe=0.018s(49%) tail=0.001s(2%) head=0.003s(9%) total=0.037s]
[prefill host enc.front=0.002s(3%) wait.front=0.027s(59%) drain=0.001s(2%) route=0.000s(0%) meta=0.000s(0%) fetch=0.012s(25%) enc.moe=0.001s(1%) tail=0.000s(0%) head=0.004s(8%) other=0.000s(1%) call=0.046s | tiles=73 ahead=73 experts=401 miss=19 io=0.012s 5.6GB/s]
[prefill gpuq busy=0.037s(80%) idle=0.009s(20%) span=0.045s buffers=164]
[prefill gpu attn=0.011s(30%) shared=0.004s(10%) moe=0.018s(49%) tail=0.001s(2%) head=0.003s(9%) total=0.036s]
[prefill host enc.front=0.002s(4%) wait.front=0.028s(61%) drain=0.000s(1%) route=0.000s(0%) meta=0.000s(0%) fetch=0.011s(24%) enc.moe=0.001s(1%) tail=0.000s(0%) head=0.004s(8%) other=0.000s(1%) call=0.045s | tiles=70 ahead=70 experts=341 miss=18 io=0.011s 5.6GB/s]
[prefill gpuq busy=0.036s(81%) idle=0.009s(19%) span=0.045s buffers=161]
[prefill gpu attn=0.011s(30%) shared=0.004s(10%) moe=0.017s(48%) tail=0.001s(2%) head=0.003s(10%) total=0.036s]
[prefill host enc.front=0.002s(4%) wait.front=0.027s(67%) drain=0.001s(2%) route=0.000s(0%) meta=0.000s(0%) fetch=0.006s(15%) enc.moe=0.001s(1%) tail=0.000s(0%) head=0.004s(9%) other=0.000s(1%) call=0.040s | tiles=67 ahead=67 experts=349 miss=10 io=0.006s 5.6GB/s]
[prefill gpuq busy=0.036s(90%) idle=0.004s(10%) span=0.040s buffers=158]
[prefill gpu attn=0.011s(30%) shared=0.004s(11%) moe=0.018s(48%) tail=0.001s(2%) head=0.003s(9%) total=0.037s]
[prefill host enc.front=0.002s(4%) wait.front=0.026s(61%) drain=0.001s(2%) route=0.000s(0%) meta=0.000s(0%) fetch=0.010s(22%) enc.moe=0.001s(1%) tail=0.000s(0%) head=0.004s(8%) other=0.000s(1%) call=0.043s | tiles=70 ahead=70 experts=363 miss=9 io=0.010s 3.2GB/s]
[prefill gpuq busy=0.037s(86%) idle=0.006s(14%) span=0.043s buffers=161]
[prefill gpu attn=0.011s(31%) shared=0.004s(10%) moe=0.017s(47%) tail=0.001s(2%) head=0.003s(9%) total=0.036s]
[prefill host enc.front=0.002s(4%) wait.front=0.028s(66%) drain=0.001s(2%) route=0.000s(0%) meta=0.000s(0%) fetch=0.008s(18%) enc.moe=0.001s(1%) tail=0.000s(0%) head=0.004s(8%) other=0.000s(1%) call=0.043s | tiles=65 ahead=65 experts=349 miss=10 io=0.008s 4.5GB/s]
[prefill gpuq busy=0.036s(83%) idle=0.007s(17%) span=0.043s buffers=156]
[prefill gpu attn=0.011s(30%) shared=0.004s(10%) moe=0.018s(48%) tail=0.001s(2%) head=0.003s(9%) total=0.036s]
[prefill host enc.front=0.002s(4%) wait.front=0.029s(66%) drain=0.000s(1%) route=0.000s(0%) meta=0.000s(0%) fetch=0.008s(19%) enc.moe=0.001s(1%) tail=0.000s(0%) head=0.004s(8%) other=0.000s(1%) call=0.044s | tiles=67 ahead=67 experts=394 miss=13 io=0.008s 5.3GB/s]
[prefill gpuq busy=0.036s(82%) idle=0.008s(18%) span=0.044s buffers=158]
[prefill gpu attn=0.011s(30%) shared=0.004s(10%) moe=0.017s(48%) tail=0.001s(2%) head=0.003s(10%) total=0.036s]
[prefill host enc.front=0.002s(3%) wait.front=0.030s(60%) drain=0.001s(1%) route=0.000s(0%) meta=0.000s(0%) fetch=0.013s(26%) enc.moe=0.001s(1%) tail=0.000s(0%) head=0.004s(7%) other=0.000s(1%) call=0.050s | tiles=69 ahead=69 experts=366 miss=11 io=0.013s 2.9GB/s]
[prefill gpuq busy=0.036s(73%) idle=0.014s(27%) span=0.050s buffers=160]
[prefill gpu attn=0.011s(31%) shared=0.004s(10%) moe=0.018s(48%) tail=0.001s(2%) head=0.003s(9%) total=0.037s]
[prefill host enc.front=0.002s(3%) wait.front=0.027s(49%) drain=0.001s(1%) route=0.000s(0%) meta=0.000s(0%) fetch=0.021s(38%) enc.moe=0.001s(1%) tail=0.000s(0%) head=0.004s(6%) other=0.000s(1%) call=0.056s | tiles=73 ahead=73 experts=382 miss=15 io=0.021s 2.4GB/s]
[prefill gpuq busy=0.037s(66%) idle=0.019s(34%) span=0.055s buffers=164]
[prefill gpu attn=0.011s(30%) shared=0.004s(10%) moe=0.018s(49%) tail=0.001s(2%) head=0.003s(9%) total=0.036s]
[prefill host enc.front=0.002s(4%) wait.front=0.028s(62%) drain=0.001s(2%) route=0.000s(0%) meta=0.000s(0%) fetch=0.010s(22%) enc.moe=0.001s(1%) tail=0.000s(0%) head=0.004s(8%) other=0.000s(1%) call=0.045s | tiles=69 ahead=69 experts=363 miss=15 io=0.010s 5.3GB/s]
[prefill gpuq busy=0.036s(82%) idle=0.008s(18%) span=0.044s buffers=160]
[prefill gpu attn=0.011s(30%) shared=0.004s(10%) moe=0.018s(49%) tail=0.001s(2%) head=0.003s(9%) total=0.037s]
[prefill host enc.front=0.002s(3%) wait.front=0.025s(53%) drain=0.001s(2%) route=0.000s(0%) meta=0.000s(0%) fetch=0.015s(31%) enc.moe=0.001s(1%) tail=0.000s(0%) head=0.004s(8%) other=0.000s(1%) call=0.047s | tiles=75 ahead=75 experts=404 miss=24 io=0.016s 5.2GB/s]
[prefill gpuq busy=0.037s(80%) idle=0.009s(20%) span=0.046s buffers=166]
[prefill gpu attn=0.011s(30%) shared=0.004s(10%) moe=0.019s(50%) tail=0.001s(2%) head=0.003s(9%) total=0.037s]
[prefill host enc.front=0.002s(2%) wait.front=0.028s(40%) drain=0.001s(1%) route=0.000s(0%) meta=0.000s(0%) fetch=0.035s(49%) enc.moe=0.001s(1%) tail=0.000s(0%) head=0.004s(5%) other=0.000s(1%) call=0.070s | tiles=76 ahead=76 experts=364 miss=48 io=0.035s 4.8GB/s]
[prefill gpuq busy=0.037s(53%) idle=0.033s(47%) span=0.070s buffers=167]
[prefill gpu attn=0.011s(30%) shared=0.004s(10%) moe=0.018s(49%) tail=0.001s(2%) head=0.003s(9%) total=0.036s]
[prefill host enc.front=0.002s(4%) wait.front=0.027s(68%) drain=0.000s(1%) route=0.000s(0%) meta=0.000s(0%) fetch=0.006s(15%) enc.moe=0.001s(1%) tail=0.000s(0%) head=0.004s(9%) other=0.000s(1%) call=0.040s | tiles=70 ahead=70 experts=370 miss=15 io=0.006s 8.7GB/s]
[prefill gpuq busy=0.036s(91%) idle=0.004s(9%) span=0.040s buffers=161]
[prefill gpu attn=0.011s(31%) shared=0.004s(10%) moe=0.017s(48%) tail=0.001s(2%) head=0.004s(10%) total=0.036s]
[prefill host enc.front=0.002s(4%) wait.front=0.027s(69%) drain=0.001s(2%) route=0.000s(0%) meta=0.000s(0%) fetch=0.005s(12%) enc.moe=0.001s(1%) tail=0.000s(0%) head=0.004s(10%) other=0.000s(1%) call=0.039s | tiles=68 ahead=68 experts=342 miss=7 io=0.005s 5.0GB/s]
[prefill gpuq busy=0.036s(92%) idle=0.003s(8%) span=0.039s buffers=159]
[prefill gpu attn=0.011s(31%) shared=0.003s(10%) moe=0.017s(48%) tail=0.001s(2%) head=0.003s(10%) total=0.035s]
[prefill host enc.front=0.002s(4%) wait.front=0.028s(75%) drain=0.001s(3%) route=0.000s(0%) meta=0.000s(0%) fetch=0.002s(6%) enc.moe=0.000s(1%) tail=0.000s(0%) head=0.004s(10%) other=0.000s(1%) call=0.038s | tiles=63 ahead=63 experts=352 miss=5 io=0.002s 7.9GB/s]
[prefill gpuq busy=0.035s(94%) idle=0.002s(6%) span=0.038s buffers=154]
[prefill gpu attn=0.011s(31%) shared=0.004s(10%) moe=0.017s(48%) tail=0.001s(2%) head=0.003s(9%) total=0.035s]
[prefill host enc.front=0.002s(4%) wait.front=0.030s(77%) drain=0.001s(3%) route=0.000s(0%) meta=0.000s(0%) fetch=0.002s(4%) enc.moe=0.000s(1%) tail=0.000s(0%) head=0.004s(9%) other=0.000s(1%) call=0.039s | tiles=63 ahead=63 experts=356 miss=3 io=0.002s 6.1GB/s]
[prefill gpuq busy=0.035s(92%) idle=0.003s(8%) span=0.039s buffers=154]
[prefill gpu attn=0.011s(30%) shared=0.004s(10%) moe=0.018s(49%) tail=0.001s(2%) head=0.003s(9%) total=0.037s]
[prefill host enc.front=0.002s(4%) wait.front=0.029s(70%) drain=0.001s(2%) route=0.000s(0%) meta=0.000s(0%) fetch=0.005s(13%) enc.moe=0.001s(1%) tail=0.000s(0%) head=0.004s(9%) other=0.000s(1%) call=0.042s | tiles=70 ahead=70 experts=413 miss=8 io=0.006s 5.0GB/s]
[prefill gpuq busy=0.037s(88%) idle=0.005s(12%) span=0.042s buffers=161]
[prefill gpu attn=0.011s(31%) shared=0.004s(10%) moe=0.017s(48%) tail=0.001s(2%) head=0.003s(9%) total=0.036s]
[prefill host enc.front=0.002s(4%) wait.front=0.031s(78%) drain=0.001s(2%) route=0.000s(0%) meta=0.000s(0%) fetch=0.002s(4%) enc.moe=0.000s(1%) tail=0.000s(0%) head=0.004s(9%) other=0.000s(1%) call=0.040s | tiles=64 ahead=64 experts=368 miss=3 io=0.002s 6.3GB/s]
[prefill gpuq busy=0.036s(90%) idle=0.004s(10%) span=0.040s buffers=155]
[prefill gpu attn=0.011s(30%) shared=0.004s(10%) moe=0.017s(48%) tail=0.001s(2%) head=0.004s(10%) total=0.036s]
[prefill host enc.front=0.002s(4%) wait.front=0.027s(63%) drain=0.000s(1%) route=0.000s(0%) meta=0.000s(0%) fetch=0.009s(21%) enc.moe=0.001s(1%) tail=0.000s(0%) head=0.004s(9%) other=0.000s(1%) call=0.043s | tiles=68 ahead=68 experts=349 miss=11 io=0.009s 4.2GB/s]
[prefill gpuq busy=0.036s(85%) idle=0.007s(15%) span=0.043s buffers=159]
[prefill gpu attn=0.011s(31%) shared=0.004s(10%) moe=0.017s(48%) tail=0.001s(2%) head=0.003s(9%) total=0.036s]
[prefill host enc.front=0.002s(4%) wait.front=0.031s(70%) drain=0.000s(1%) route=0.000s(0%) meta=0.000s(0%) fetch=0.007s(16%) enc.moe=0.000s(1%) tail=0.000s(0%) head=0.004s(8%) other=0.000s(1%) call=0.045s | tiles=66 ahead=66 experts=338 miss=7 io=0.007s 3.4GB/s]
[prefill gpuq busy=0.036s(81%) idle=0.009s(19%) span=0.044s buffers=157]
[prefill gpu attn=0.012s(31%) shared=0.004s(10%) moe=0.018s(48%) tail=0.001s(2%) head=0.003s(9%) total=0.038s]
[prefill host enc.front=0.002s(3%) wait.front=0.029s(59%) drain=0.001s(2%) route=0.000s(0%) meta=0.000s(0%) fetch=0.013s(26%) enc.moe=0.001s(1%) tail=0.000s(0%) head=0.004s(7%) other=0.000s(1%) call=0.049s | tiles=71 ahead=71 experts=386 miss=9 io=0.013s 2.4GB/s]
[prefill gpuq busy=0.038s(78%) idle=0.011s(22%) span=0.049s buffers=162]
[prefill gpu attn=0.011s(30%) shared=0.004s(10%) moe=0.018s(49%) tail=0.001s(2%) head=0.003s(9%) total=0.037s]
[prefill host enc.front=0.002s(3%) wait.front=0.028s(53%) drain=0.001s(1%) route=0.000s(0%) meta=0.000s(0%) fetch=0.017s(32%) enc.moe=0.001s(1%) tail=0.000s(0%) head=0.004s(7%) other=0.000s(1%) call=0.052s | tiles=72 ahead=72 experts=381 miss=18 io=0.017s 3.7GB/s]
[prefill gpuq busy=0.037s(73%) idle=0.014s(27%) span=0.051s buffers=163]
[prefill gpu attn=0.011s(30%) shared=0.004s(10%) moe=0.018s(48%) tail=0.001s(2%) head=0.003s(9%) total=0.037s]
[prefill host enc.front=0.002s(4%) wait.front=0.030s(67%) drain=0.001s(2%) route=0.000s(1%) meta=0.000s(0%) fetch=0.007s(16%) enc.moe=0.001s(1%) tail=0.000s(0%) head=0.004s(8%) other=0.000s(1%) call=0.045s | tiles=67 ahead=67 experts=389 miss=9 io=0.007s 4.2GB/s]
[prefill gpuq busy=0.037s(83%) idle=0.008s(17%) span=0.045s buffers=158]
[prefill gpu attn=0.011s(31%) shared=0.004s(10%) moe=0.017s(48%) tail=0.001s(2%) head=0.003s(9%) total=0.036s]
[prefill host enc.front=0.002s(4%) wait.front=0.030s(79%) drain=0.001s(2%) route=0.000s(0%) meta=0.000s(0%) fetch=0.001s(4%) enc.moe=0.000s(1%) tail=0.000s(0%) head=0.003s(9%) other=0.000s(1%) call=0.038s | tiles=62 ahead=62 experts=378 miss=4 io=0.001s 10.3GB/s]
[prefill gpuq busy=0.036s(95%) idle=0.002s(5%) span=0.038s buffers=153]
[prefill gpu attn=0.011s(31%) shared=0.004s(10%) moe=0.017s(48%) tail=0.001s(2%) head=0.003s(9%) total=0.036s]
[prefill host enc.front=0.002s(4%) wait.front=0.029s(70%) drain=0.000s(1%) route=0.000s(0%) meta=0.000s(0%) fetch=0.006s(15%) enc.moe=0.001s(1%) tail=0.000s(0%) head=0.004s(8%) other=0.000s(1%) call=0.042s | tiles=67 ahead=67 experts=359 miss=9 io=0.006s 5.0GB/s]
[prefill gpuq busy=0.036s(87%) idle=0.005s(13%) span=0.041s buffers=158]
[prefill gpu attn=0.011s(31%) shared=0.004s(10%) moe=0.017s(48%) tail=0.001s(2%) head=0.003s(9%) total=0.036s]
[prefill host enc.front=0.002s(3%) wait.front=0.030s(66%) drain=0.000s(1%) route=0.000s(0%) meta=0.000s(0%) fetch=0.009s(20%) enc.moe=0.001s(1%) tail=0.000s(0%) head=0.004s(8%) other=0.000s(1%) call=0.046s | tiles=66 ahead=66 experts=345 miss=14 io=0.009s 5.4GB/s]
[prefill gpuq busy=0.036s(79%) idle=0.009s(21%) span=0.046s buffers=157]
[prefill gpu attn=0.011s(30%) shared=0.004s(10%) moe=0.017s(48%) tail=0.001s(2%) head=0.004s(10%) total=0.036s]
[prefill host enc.front=0.002s(4%) wait.front=0.029s(71%) drain=0.001s(2%) route=0.000s(0%) meta=0.000s(0%) fetch=0.005s(12%) enc.moe=0.001s(1%) tail=0.000s(0%) head=0.004s(9%) other=0.000s(1%) call=0.041s | tiles=66 ahead=66 experts=363 miss=12 io=0.005s 8.4GB/s]
[prefill gpuq busy=0.036s(89%) idle=0.004s(11%) span=0.040s buffers=157]
[prefill gpu attn=0.011s(30%) shared=0.004s(10%) moe=0.018s(49%) tail=0.001s(2%) head=0.003s(9%) total=0.037s]
[prefill host enc.front=0.002s(4%) wait.front=0.028s(66%) drain=0.001s(2%) route=0.000s(0%) meta=0.000s(0%) fetch=0.007s(16%) enc.moe=0.001s(1%) tail=0.000s(0%) head=0.004s(8%) other=0.000s(1%) call=0.042s | tiles=72 ahead=72 experts=419 miss=17 io=0.007s 8.5GB/s]
[prefill gpuq busy=0.037s(89%) idle=0.005s(11%) span=0.041s buffers=163]
[prefill gpu attn=0.011s(30%) shared=0.004s(10%) moe=0.017s(47%) tail=0.001s(2%) head=0.004s(10%) total=0.037s]
[prefill host enc.front=0.002s(4%) wait.front=0.026s(64%) drain=0.001s(2%) route=0.000s(0%) meta=0.000s(0%) fetch=0.008s(19%) enc.moe=0.000s(1%) tail=0.000s(0%) head=0.004s(10%) other=0.000s(1%) call=0.041s | tiles=69 ahead=69 experts=365 miss=12 io=0.008s 5.4GB/s]
[prefill gpuq busy=0.037s(90%) idle=0.004s(10%) span=0.041s buffers=160]
[prefill gpu attn=0.011s(31%) shared=0.004s(10%) moe=0.017s(47%) tail=0.001s(2%) head=0.003s(9%) total=0.036s]
[prefill host enc.front=0.002s(4%) wait.front=0.029s(72%) drain=0.001s(2%) route=0.000s(0%) meta=0.000s(0%) fetch=0.004s(10%) enc.moe=0.000s(1%) tail=0.000s(0%) head=0.004s(9%) other=0.000s(1%) call=0.041s | tiles=64 ahead=64 experts=339 miss=6 io=0.004s 4.9GB/s]
[prefill gpuq busy=0.036s(89%) idle=0.005s(11%) span=0.040s buffers=155]
[prefill gpu attn=0.011s(31%) shared=0.004s(10%) moe=0.018s(48%) tail=0.001s(2%) head=0.003s(9%) total=0.037s]
[prefill host enc.front=0.002s(3%) wait.front=0.027s(57%) drain=0.001s(2%) route=0.000s(0%) meta=0.000s(0%) fetch=0.013s(28%) enc.moe=0.001s(1%) tail=0.000s(0%) head=0.004s(7%) other=0.000s(1%) call=0.048s | tiles=69 ahead=69 experts=358 miss=17 io=0.013s 4.4GB/s]
[prefill gpuq busy=0.037s(77%) idle=0.011s(23%) span=0.047s buffers=160]
[prefill gpu attn=0.011s(31%) shared=0.004s(10%) moe=0.017s(48%) tail=0.001s(2%) head=0.003s(9%) total=0.036s]
[prefill host enc.front=0.002s(3%) wait.front=0.028s(54%) drain=0.001s(2%) route=0.000s(1%) meta=0.000s(0%) fetch=0.016s(31%) enc.moe=0.001s(1%) tail=0.000s(0%) head=0.004s(7%) other=0.000s(1%) call=0.051s | tiles=66 ahead=66 experts=334 miss=14 io=0.016s 3.0GB/s]
[prefill gpuq busy=0.036s(71%) idle=0.015s(29%) span=0.051s buffers=157]
[prefill gpu attn=0.011s(31%) shared=0.004s(10%) moe=0.018s(48%) tail=0.001s(2%) head=0.003s(9%) total=0.036s]
[prefill host enc.front=0.002s(4%) wait.front=0.028s(71%) drain=0.001s(2%) route=0.000s(1%) meta=0.000s(0%) fetch=0.005s(11%) enc.moe=0.001s(1%) tail=0.000s(0%) head=0.004s(9%) other=0.000s(1%) call=0.040s | tiles=69 ahead=69 experts=397 miss=8 io=0.005s 6.0GB/s]
[prefill gpuq busy=0.036s(92%) idle=0.003s(8%) span=0.039s buffers=160]
[prefill gpu attn=0.011s(30%) shared=0.004s(10%) moe=0.018s(48%) tail=0.001s(2%) head=0.004s(10%) total=0.037s]
[prefill host enc.front=0.002s(3%) wait.front=0.029s(61%) drain=0.000s(1%) route=0.000s(0%) meta=0.000s(0%) fetch=0.011s(24%) enc.moe=0.001s(1%) tail=0.000s(0%) head=0.004s(8%) other=0.000s(1%) call=0.047s | tiles=68 ahead=68 experts=356 miss=10 io=0.012s 3.0GB/s]
[prefill gpuq busy=0.037s(78%) idle=0.010s(22%) span=0.047s buffers=159]
[prefill gpu attn=0.011s(31%) shared=0.004s(10%) moe=0.017s(48%) tail=0.001s(2%) head=0.003s(9%) total=0.036s]
[prefill host enc.front=0.002s(4%) wait.front=0.030s(68%) drain=0.001s(2%) route=0.000s(0%) meta=0.000s(0%) fetch=0.007s(16%) enc.moe=0.001s(1%) tail=0.000s(0%) head=0.004s(8%) other=0.000s(1%) call=0.044s | tiles=63 ahead=63 experts=337 miss=15 io=0.007s 7.6GB/s]
[prefill gpuq busy=0.036s(82%) idle=0.008s(18%) span=0.044s buffers=154]
[prefill gpu attn=0.011s(31%) shared=0.004s(10%) moe=0.017s(47%) tail=0.001s(2%) head=0.003s(10%) total=0.036s]
[prefill host enc.front=0.002s(4%) wait.front=0.028s(72%) drain=0.001s(2%) route=0.000s(0%) meta=0.000s(0%) fetch=0.004s(10%) enc.moe=0.001s(1%) tail=0.000s(0%) head=0.004s(9%) other=0.000s(1%) call=0.040s | tiles=65 ahead=65 experts=345 miss=8 io=0.004s 6.9GB/s]
[prefill gpuq busy=0.036s(92%) idle=0.003s(8%) span=0.039s buffers=156]
[prefill gpu attn=0.011s(31%) shared=0.004s(10%) moe=0.017s(48%) tail=0.001s(2%) head=0.003s(9%) total=0.036s]
[prefill host enc.front=0.002s(4%) wait.front=0.029s(71%) drain=0.001s(2%) route=0.000s(0%) meta=0.000s(0%) fetch=0.005s(12%) enc.moe=0.000s(1%) tail=0.000s(0%) head=0.004s(9%) other=0.000s(1%) call=0.041s | tiles=65 ahead=65 experts=369 miss=6 io=0.005s 4.2GB/s]
[prefill gpuq busy=0.036s(88%) idle=0.005s(12%) span=0.041s buffers=156]
[prefill gpu attn=0.011s(30%) shared=0.004s(10%) moe=0.017s(48%) tail=0.001s(2%) head=0.004s(10%) total=0.036s]
[prefill host enc.front=0.002s(4%) wait.front=0.029s(65%) drain=0.001s(2%) route=0.000s(0%) meta=0.000s(0%) fetch=0.008s(18%) enc.moe=0.001s(1%) tail=0.000s(0%) head=0.004s(9%) other=0.000s(1%) call=0.044s | tiles=67 ahead=67 experts=353 miss=11 io=0.008s 4.9GB/s]
[prefill gpuq busy=0.036s(84%) idle=0.007s(16%) span=0.043s buffers=158]
[prefill gpu attn=0.011s(31%) shared=0.004s(10%) moe=0.017s(48%) tail=0.001s(2%) head=0.003s(9%) total=0.036s]
[prefill host enc.front=0.002s(4%) wait.front=0.028s(68%) drain=0.001s(2%) route=0.000s(0%) meta=0.000s(0%) fetch=0.006s(15%) enc.moe=0.001s(1%) tail=0.000s(0%) head=0.004s(9%) other=0.000s(1%) call=0.041s | tiles=70 ahead=70 experts=384 miss=8 io=0.006s 4.5GB/s]
[prefill gpuq busy=0.036s(90%) idle=0.004s(10%) span=0.040s buffers=161]
[prefill gpu attn=0.011s(30%) shared=0.004s(10%) moe=0.018s(49%) tail=0.001s(2%) head=0.003s(9%) total=0.037s]
[prefill host enc.front=0.002s(4%) wait.front=0.029s(68%) drain=0.001s(2%) route=0.000s(0%) meta=0.000s(0%) fetch=0.007s(16%) enc.moe=0.001s(1%) tail=0.000s(0%) head=0.004s(8%) other=0.000s(1%) call=0.043s | tiles=68 ahead=68 experts=371 miss=21 io=0.008s 9.0GB/s]
[prefill gpuq busy=0.037s(86%) idle=0.006s(14%) span=0.043s buffers=159]
[prefill gpu attn=0.011s(30%) shared=0.004s(10%) moe=0.019s(49%) tail=0.001s(2%) head=0.003s(9%) total=0.038s]
[prefill host enc.front=0.002s(2%) wait.front=0.040s(59%) drain=0.000s(0%) route=0.000s(0%) meta=0.000s(0%) fetch=0.020s(30%) enc.moe=0.001s(1%) tail=0.000s(0%) head=0.004s(5%) other=0.000s(1%) call=0.067s | tiles=75 ahead=75 experts=389 miss=26 io=0.022s 4.2GB/s]
[prefill gpuq busy=0.038s(57%) idle=0.028s(43%) span=0.066s buffers=166]
[prefill gpu attn=0.011s(31%) shared=0.004s(10%) moe=0.017s(47%) tail=0.001s(2%) head=0.004s(10%) total=0.036s]
[prefill host enc.front=0.002s(4%) wait.front=0.029s(70%) drain=0.001s(2%) route=0.000s(0%) meta=0.000s(0%) fetch=0.005s(12%) enc.moe=0.001s(1%) tail=0.000s(0%) head=0.004s(9%) other=0.000s(1%) call=0.041s | tiles=66 ahead=66 experts=331 miss=5 io=0.005s 3.4GB/s]
[prefill gpuq busy=0.036s(88%) idle=0.005s(12%) span=0.041s buffers=157]
[prefill gpu attn=0.011s(31%) shared=0.004s(10%) moe=0.017s(47%) tail=0.001s(2%) head=0.003s(9%) total=0.036s]
[prefill host enc.front=0.002s(4%) wait.front=0.031s(77%) drain=0.000s(1%) route=0.000s(0%) meta=0.000s(0%) fetch=0.003s(6%) enc.moe=0.000s(1%) tail=0.000s(0%) head=0.004s(9%) other=0.000s(1%) call=0.040s | tiles=61 ahead=61 experts=340 miss=6 io=0.003s 8.1GB/s]
[prefill gpuq busy=0.036s(90%) idle=0.004s(10%) span=0.040s buffers=152]
[prefill gpu attn=0.011s(31%) shared=0.004s(10%) moe=0.017s(48%) tail=0.001s(2%) head=0.004s(10%) total=0.036s]
[prefill host enc.front=0.002s(4%) wait.front=0.031s(73%) drain=0.001s(2%) route=0.000s(0%) meta=0.000s(0%) fetch=0.004s(9%) enc.moe=0.001s(1%) tail=0.000s(0%) head=0.004s(9%) other=0.000s(1%) call=0.042s | tiles=69 ahead=69 experts=398 miss=6 io=0.004s 5.2GB/s]
[prefill gpuq busy=0.036s(87%) idle=0.005s(13%) span=0.041s buffers=160]
[prefill gpu attn=0.011s(30%) shared=0.004s(10%) moe=0.018s(48%) tail=0.001s(2%) head=0.003s(9%) total=0.037s]
[prefill host enc.front=0.002s(4%) wait.front=0.029s(65%) drain=0.001s(2%) route=0.000s(0%) meta=0.000s(0%) fetch=0.008s(18%) enc.moe=0.001s(1%) tail=0.000s(0%) head=0.004s(8%) other=0.000s(1%) call=0.045s | tiles=70 ahead=70 experts=423 miss=17 io=0.008s 7.4GB/s]
[prefill gpuq busy=0.037s(83%) idle=0.007s(17%) span=0.044s buffers=161]

[stop=endOfTurn prefill=365tok new=169tok decode=5.27s tok/s=32.075]
[load=0.758s layerVerify=0.000s/30layers prefill=4.228s ttft=4.235s peak=6.78GB rss=3.79GB]
[expert prefill hit=0.0% 0/2734 io=1.660s | decode hit=94.6% 29277/30937 io=1.551s]
[vision images=1 soft=260 tower=1.766s towerLoad=0.001s]
[decode/tok io=0.00ms cb1=0.00ms cb2=0.00ms head=0.00ms]
[mtp bs=3 rounds=83 accept=1.024/2 tok/round=2.036 draft=0.570s verify=4.474s accepted=27,27,29]
