[prefill gpu attn=0.393s(30%) shared=0.114s(9%) moe=0.779s(60%) tail=0.007s(1%) head=0.004s(0%) total=1.297s]
[prefill host enc.front=0.002s(0%) wait.front=0.529s(22%) drain=0.000s(0%) route=0.006s(0%) wait.shared=0.108s(4%) meta=0.000s(0%) fetch=1.682s(69%) enc.moe=0.014s(1%) wait.tile=0.087s(4%) tail=0.014s(1%) head=0.004s(0%) other=0.005s(0%) call=2.452s | tiles=358 ahead=0 experts=0 miss=0 io=0.000s 0.0GB/s]
[prefill gpuq busy=1.297s(56%) idle=1.025s(44%) span=2.322s buffers=449]
[prefill gpu attn=0.027s(45%) shared=0.004s(7%) moe=0.024s(40%) tail=0.001s(2%) head=0.004s(6%) total=0.060s]
[prefill host enc.front=0.003s(1%) wait.front=0.082s(32%) drain=0.001s(0%) route=0.001s(0%) meta=0.000s(0%) fetch=0.162s(63%) enc.moe=0.002s(1%) tail=0.000s(0%) head=0.004s(2%) other=0.001s(0%) call=0.256s | tiles=69 ahead=69 experts=373 miss=171 io=0.194s 3.1GB/s]
[prefill gpuq busy=0.060s(23%) idle=0.196s(77%) span=0.255s buffers=160]
[prefill gpu attn=0.012s(27%) shared=0.004s(9%) moe=0.024s(54%) tail=0.001s(2%) head=0.003s(8%) total=0.045s]
[prefill host enc.front=0.002s(2%) wait.front=0.033s(31%) drain=0.001s(1%) route=0.000s(0%) meta=0.000s(0%) fetch=0.064s(61%) enc.moe=0.001s(1%) tail=0.000s(0%) head=0.004s(3%) other=0.001s(1%) call=0.105s | tiles=87 ahead=87 experts=398 miss=73 io=0.071s 3.6GB/s]
[prefill gpuq busy=0.045s(43%) idle=0.060s(57%) span=0.105s buffers=178]
[prefill gpu attn=0.012s(27%) shared=0.004s(9%) moe=0.024s(54%) tail=0.001s(2%) head=0.003s(8%) total=0.044s]
[prefill host enc.front=0.002s(1%) wait.front=0.038s(26%) drain=0.000s(0%) route=0.000s(0%) meta=0.000s(0%) fetch=0.099s(68%) enc.moe=0.001s(1%) tail=0.000s(0%) head=0.004s(2%) other=0.001s(0%) call=0.145s | tiles=79 ahead=79 experts=395 miss=81 io=0.100s 2.8GB/s]
[prefill gpuq busy=0.044s(30%) idle=0.101s(70%) span=0.145s buffers=170]
[prefill gpu attn=0.011s(28%) shared=0.004s(9%) moe=0.020s(51%) tail=0.001s(2%) head=0.003s(9%) total=0.039s]
[prefill host enc.front=0.002s(2%) wait.front=0.027s(32%) drain=0.001s(1%) route=0.000s(0%) meta=0.000s(0%) fetch=0.050s(58%) enc.moe=0.001s(1%) tail=0.000s(0%) head=0.004s(4%) other=0.001s(1%) call=0.086s | tiles=81 ahead=81 experts=379 miss=52 io=0.050s 3.6GB/s]
[prefill gpuq busy=0.039s(45%) idle=0.047s(55%) span=0.085s buffers=172]
[prefill gpu attn=0.011s(29%) shared=0.004s(11%) moe=0.018s(49%) tail=0.001s(2%) head=0.004s(10%) total=0.038s]
[prefill host enc.front=0.002s(2%) wait.front=0.029s(37%) drain=0.000s(0%) route=0.000s(0%) meta=0.000s(0%) fetch=0.041s(53%) enc.moe=0.001s(1%) tail=0.000s(0%) head=0.004s(5%) other=0.000s(1%) call=0.078s | tiles=78 ahead=78 experts=354 miss=33 io=0.042s 2.7GB/s]
[prefill gpuq busy=0.037s(48%) idle=0.040s(52%) span=0.078s buffers=169]
[prefill gpu attn=0.011s(29%) shared=0.004s(10%) moe=0.019s(50%) tail=0.001s(2%) head=0.003s(9%) total=0.038s]
[prefill host enc.front=0.002s(3%) wait.front=0.027s(41%) drain=0.000s(0%) route=0.000s(0%) meta=0.000s(0%) fetch=0.031s(48%) enc.moe=0.001s(1%) tail=0.000s(0%) head=0.004s(5%) other=0.000s(1%) call=0.065s | tiles=76 ahead=76 experts=392 miss=28 io=0.031s 3.1GB/s]
[prefill gpuq busy=0.037s(58%) idle=0.028s(42%) span=0.065s buffers=167]
[prefill gpu attn=0.011s(30%) shared=0.004s(10%) moe=0.017s(49%) tail=0.001s(2%) head=0.003s(9%) total=0.036s]
[prefill host enc.front=0.002s(3%) wait.front=0.029s(52%) drain=0.000s(0%) route=0.000s(0%) meta=0.000s(0%) fetch=0.020s(36%) enc.moe=0.001s(1%) tail=0.000s(0%) head=0.004s(6%) other=0.000s(1%) call=0.056s | tiles=70 ahead=70 experts=343 miss=22 io=0.020s 3.8GB/s]
[prefill gpuq busy=0.036s(64%) idle=0.020s(36%) span=0.056s buffers=161]
[prefill gpu attn=0.011s(30%) shared=0.004s(10%) moe=0.018s(49%) tail=0.001s(2%) head=0.003s(9%) total=0.036s]
[prefill host enc.front=0.002s(3%) wait.front=0.027s(56%) drain=0.000s(1%) route=0.000s(0%) meta=0.000s(0%) fetch=0.014s(30%) enc.moe=0.001s(1%) tail=0.000s(0%) head=0.004s(7%) other=0.000s(1%) call=0.048s | tiles=71 ahead=71 experts=396 miss=13 io=0.014s 3.1GB/s]
[prefill gpuq busy=0.036s(75%) idle=0.012s(25%) span=0.048s buffers=162]
[prefill gpu attn=0.011s(29%) shared=0.004s(10%) moe=0.019s(50%) tail=0.001s(2%) head=0.004s(9%) total=0.039s]
[prefill host enc.front=0.002s(2%) wait.front=0.033s(43%) drain=0.000s(1%) route=0.000s(0%) meta=0.000s(0%) fetch=0.037s(48%) enc.moe=0.001s(1%) tail=0.000s(0%) head=0.004s(5%) other=0.000s(1%) call=0.078s | tiles=75 ahead=75 experts=411 miss=31 io=0.037s 2.9GB/s]
[prefill gpuq busy=0.039s(49%) idle=0.039s(51%) span=0.078s buffers=166]
[prefill gpu attn=0.011s(29%) shared=0.004s(10%) moe=0.019s(50%) tail=0.001s(2%) head=0.003s(9%) total=0.037s]
[prefill host enc.front=0.002s(2%) wait.front=0.029s(41%) drain=0.001s(1%) route=0.000s(0%) meta=0.000s(0%) fetch=0.034s(48%) enc.moe=0.001s(1%) tail=0.000s(0%) head=0.004s(5%) other=0.000s(1%) call=0.070s | tiles=73 ahead=73 experts=411 miss=29 io=0.034s 3.0GB/s]
[prefill gpuq busy=0.037s(53%) idle=0.033s(47%) span=0.070s buffers=164]
[prefill gpu attn=0.011s(30%) shared=0.004s(10%) moe=0.018s(49%) tail=0.001s(2%) head=0.003s(9%) total=0.037s]
[prefill host enc.front=0.002s(3%) wait.front=0.028s(52%) drain=0.001s(1%) route=0.000s(0%) meta=0.000s(0%) fetch=0.019s(34%) enc.moe=0.001s(1%) tail=0.000s(0%) head=0.004s(7%) other=0.000s(1%) call=0.054s | tiles=70 ahead=70 experts=395 miss=12 io=0.019s 2.2GB/s]
[prefill gpuq busy=0.037s(69%) idle=0.017s(31%) span=0.054s buffers=161]
[prefill gpu attn=0.011s(30%) shared=0.004s(10%) moe=0.019s(49%) tail=0.001s(2%) head=0.003s(9%) total=0.038s]
[prefill host enc.front=0.002s(2%) wait.front=0.026s(29%) drain=0.000s(0%) route=0.000s(0%) meta=0.000s(0%) fetch=0.054s(62%) enc.moe=0.001s(1%) tail=0.000s(0%) head=0.004s(4%) other=0.001s(1%) call=0.087s | tiles=79 ahead=79 experts=363 miss=41 io=0.054s 2.6GB/s]
[prefill gpuq busy=0.038s(43%) idle=0.049s(57%) span=0.087s buffers=170]
[prefill gpu attn=0.011s(29%) shared=0.004s(10%) moe=0.019s(50%) tail=0.001s(2%) head=0.004s(10%) total=0.038s]
[prefill host enc.front=0.002s(2%) wait.front=0.024s(34%) drain=0.000s(0%) route=0.000s(0%) meta=0.000s(0%) fetch=0.039s(55%) enc.moe=0.001s(1%) tail=0.000s(0%) head=0.004s(6%) other=0.000s(1%) call=0.071s | tiles=81 ahead=81 experts=407 miss=46 io=0.040s 4.0GB/s]
[prefill gpuq busy=0.038s(54%) idle=0.033s(46%) span=0.071s buffers=172]
[prefill gpu attn=0.011s(30%) shared=0.004s(10%) moe=0.018s(49%) tail=0.001s(2%) head=0.003s(9%) total=0.038s]
[prefill host enc.front=0.002s(3%) wait.front=0.026s(44%) drain=0.000s(1%) route=0.000s(0%) meta=0.000s(0%) fetch=0.024s(42%) enc.moe=0.001s(2%) tail=0.000s(0%) head=0.004s(6%) other=0.000s(1%) call=0.058s | tiles=76 ahead=76 experts=383 miss=21 io=0.025s 2.9GB/s]
[prefill gpuq busy=0.038s(65%) idle=0.020s(35%) span=0.058s buffers=167]
[prefill gpu attn=0.011s(30%) shared=0.004s(10%) moe=0.017s(48%) tail=0.001s(2%) head=0.003s(10%) total=0.036s]
[prefill host enc.front=0.002s(3%) wait.front=0.026s(54%) drain=0.000s(1%) route=0.000s(0%) meta=0.000s(0%) fetch=0.015s(31%) enc.moe=0.001s(1%) tail=0.000s(0%) head=0.004s(8%) other=0.000s(1%) call=0.047s | tiles=71 ahead=71 experts=352 miss=15 io=0.015s 3.5GB/s]
[prefill gpuq busy=0.036s(76%) idle=0.011s(24%) span=0.047s buffers=162]
[prefill gpu attn=0.011s(30%) shared=0.004s(10%) moe=0.018s(48%) tail=0.001s(2%) head=0.003s(9%) total=0.037s]
[prefill host enc.front=0.002s(3%) wait.front=0.026s(49%) drain=0.001s(2%) route=0.000s(0%) meta=0.000s(0%) fetch=0.019s(36%) enc.moe=0.001s(1%) tail=0.000s(0%) head=0.004s(7%) other=0.000s(1%) call=0.054s | tiles=72 ahead=72 experts=364 miss=18 io=0.019s 3.2GB/s]
[prefill gpuq busy=0.037s(69%) idle=0.017s(31%) span=0.053s buffers=163]
[prefill gpu attn=0.011s(30%) shared=0.004s(10%) moe=0.018s(48%) tail=0.001s(2%) head=0.004s(10%) total=0.037s]
[prefill host enc.front=0.002s(3%) wait.front=0.027s(53%) drain=0.000s(1%) route=0.000s(0%) meta=0.000s(0%) fetch=0.017s(34%) enc.moe=0.001s(1%) tail=0.000s(0%) head=0.004s(7%) other=0.000s(1%) call=0.050s | tiles=72 ahead=72 experts=417 miss=16 io=0.017s 3.2GB/s]
[prefill gpuq busy=0.037s(73%) idle=0.014s(27%) span=0.050s buffers=163]
[prefill gpu attn=0.011s(29%) shared=0.004s(10%) moe=0.019s(50%) tail=0.001s(2%) head=0.003s(9%) total=0.038s]
[prefill host enc.front=0.002s(3%) wait.front=0.028s(46%) drain=0.001s(1%) route=0.000s(0%) meta=0.000s(0%) fetch=0.025s(42%) enc.moe=0.001s(1%) tail=0.000s(0%) head=0.004s(6%) other=0.000s(1%) call=0.061s | tiles=71 ahead=71 experts=360 miss=36 io=0.026s 4.9GB/s]
[prefill gpuq busy=0.038s(62%) idle=0.023s(38%) span=0.061s buffers=162]
[prefill gpu attn=0.011s(30%) shared=0.004s(11%) moe=0.018s(48%) tail=0.001s(2%) head=0.003s(10%) total=0.037s]
[prefill host enc.front=0.002s(4%) wait.front=0.027s(67%) drain=0.001s(2%) route=0.000s(0%) meta=0.000s(0%) fetch=0.006s(15%) enc.moe=0.001s(1%) tail=0.000s(0%) head=0.004s(9%) other=0.000s(1%) call=0.041s | tiles=70 ahead=70 experts=418 miss=8 io=0.006s 4.4GB/s]
[prefill gpuq busy=0.036s(90%) idle=0.004s(10%) span=0.040s buffers=161]
[prefill gpu attn=0.011s(29%) shared=0.004s(10%) moe=0.019s(50%) tail=0.001s(2%) head=0.003s(9%) total=0.038s]
[prefill host enc.front=0.002s(2%) wait.front=0.025s(36%) drain=0.001s(1%) route=0.000s(0%) meta=0.000s(0%) fetch=0.037s(53%) enc.moe=0.001s(1%) tail=0.000s(0%) head=0.004s(5%) other=0.000s(1%) call=0.070s | tiles=82 ahead=82 experts=429 miss=40 io=0.037s 3.8GB/s]
[prefill gpuq busy=0.038s(55%) idle=0.032s(45%) span=0.069s buffers=173]
[prefill gpu attn=0.011s(30%) shared=0.004s(10%) moe=0.017s(48%) tail=0.001s(2%) head=0.003s(9%) total=0.036s]
[prefill host enc.front=0.002s(4%) wait.front=0.027s(59%) drain=0.001s(2%) route=0.000s(0%) meta=0.000s(0%) fetch=0.012s(26%) enc.moe=0.001s(1%) tail=0.000s(0%) head=0.004s(8%) other=0.000s(1%) call=0.046s | tiles=70 ahead=70 experts=391 miss=14 io=0.012s 4.1GB/s]
[prefill gpuq busy=0.036s(79%) idle=0.010s(21%) span=0.045s buffers=161]
[prefill gpu attn=0.011s(29%) shared=0.004s(9%) moe=0.019s(50%) tail=0.001s(2%) head=0.003s(9%) total=0.037s]
[prefill host enc.front=0.002s(3%) wait.front=0.029s(56%) drain=0.001s(1%) route=0.000s(0%) meta=0.000s(0%) fetch=0.015s(30%) enc.moe=0.001s(1%) tail=0.000s(0%) head=0.004s(7%) other=0.000s(1%) call=0.051s | tiles=81 ahead=81 experts=452 miss=24 io=0.018s 4.7GB/s]
[prefill gpuq busy=0.037s(73%) idle=0.014s(27%) span=0.051s buffers=172]
[prefill gpu attn=0.011s(29%) shared=0.004s(10%) moe=0.019s(50%) tail=0.001s(2%) head=0.003s(9%) total=0.037s]
[prefill host enc.front=0.002s(3%) wait.front=0.026s(45%) drain=0.000s(1%) route=0.000s(1%) meta=0.000s(0%) fetch=0.025s(43%) enc.moe=0.001s(1%) tail=0.000s(0%) head=0.004s(6%) other=0.000s(1%) call=0.058s | tiles=77 ahead=77 experts=417 miss=34 io=0.025s 4.7GB/s]
[prefill gpuq busy=0.037s(65%) idle=0.020s(35%) span=0.058s buffers=168]
[prefill gpu attn=0.011s(30%) shared=0.004s(10%) moe=0.018s(49%) tail=0.001s(2%) head=0.003s(9%) total=0.036s]
[prefill host enc.front=0.002s(3%) wait.front=0.025s(51%) drain=0.001s(1%) route=0.000s(0%) meta=0.000s(0%) fetch=0.017s(35%) enc.moe=0.001s(1%) tail=0.000s(0%) head=0.004s(7%) other=0.000s(1%) call=0.049s | tiles=71 ahead=71 experts=363 miss=22 io=0.017s 4.4GB/s]
[prefill gpuq busy=0.036s(74%) idle=0.013s(26%) span=0.049s buffers=162]
[prefill gpu attn=0.011s(30%) shared=0.004s(10%) moe=0.018s(49%) tail=0.001s(2%) head=0.003s(9%) total=0.036s]
[prefill host enc.front=0.002s(4%) wait.front=0.027s(64%) drain=0.001s(2%) route=0.000s(0%) meta=0.000s(0%) fetch=0.009s(20%) enc.moe=0.001s(1%) tail=0.000s(0%) head=0.004s(8%) other=0.000s(1%) call=0.043s | tiles=65 ahead=65 experts=368 miss=16 io=0.009s 6.4GB/s]
[prefill gpuq busy=0.036s(84%) idle=0.007s(16%) span=0.043s buffers=156]
[prefill gpu attn=0.011s(29%) shared=0.004s(10%) moe=0.019s(50%) tail=0.001s(2%) head=0.003s(9%) total=0.037s]
[prefill host enc.front=0.002s(3%) wait.front=0.025s(49%) drain=0.000s(1%) route=0.000s(0%) meta=0.000s(0%) fetch=0.019s(37%) enc.moe=0.001s(1%) tail=0.000s(0%) head=0.004s(7%) other=0.000s(1%) call=0.051s | tiles=75 ahead=75 experts=399 miss=28 io=0.019s 5.1GB/s]
[prefill gpuq busy=0.037s(73%) idle=0.014s(27%) span=0.051s buffers=166]
[prefill gpu attn=0.011s(30%) shared=0.004s(10%) moe=0.018s(49%) tail=0.001s(2%) head=0.003s(9%) total=0.037s]
[prefill host enc.front=0.002s(4%) wait.front=0.024s(53%) drain=0.001s(2%) route=0.000s(0%) meta=0.000s(0%) fetch=0.014s(31%) enc.moe=0.001s(1%) tail=0.000s(0%) head=0.004s(8%) other=0.000s(1%) call=0.046s | tiles=71 ahead=71 experts=348 miss=24 io=0.014s 5.9GB/s]
[prefill gpuq busy=0.037s(80%) idle=0.009s(20%) span=0.046s buffers=162]
[prefill gpu attn=0.011s(30%) shared=0.004s(10%) moe=0.018s(49%) tail=0.001s(2%) head=0.003s(9%) total=0.036s]
[prefill host enc.front=0.002s(4%) wait.front=0.027s(61%) drain=0.001s(2%) route=0.000s(0%) meta=0.000s(0%) fetch=0.010s(22%) enc.moe=0.001s(1%) tail=0.000s(0%) head=0.004s(8%) other=0.000s(1%) call=0.043s | tiles=68 ahead=68 experts=384 miss=16 io=0.010s 5.7GB/s]
[prefill gpuq busy=0.036s(84%) idle=0.007s(16%) span=0.043s buffers=159]
[prefill gpu attn=0.011s(31%) shared=0.004s(10%) moe=0.017s(48%) tail=0.001s(2%) head=0.003s(9%) total=0.036s]
[prefill host enc.front=0.002s(3%) wait.front=0.028s(61%) drain=0.001s(2%) route=0.000s(0%) meta=0.000s(0%) fetch=0.011s(24%) enc.moe=0.001s(1%) tail=0.000s(0%) head=0.004s(8%) other=0.000s(1%) call=0.046s | tiles=68 ahead=68 experts=358 miss=13 io=0.011s 4.1GB/s]
[prefill gpuq busy=0.036s(79%) idle=0.010s(21%) span=0.046s buffers=159]
[prefill gpu attn=0.011s(31%) shared=0.004s(10%) moe=0.017s(48%) tail=0.001s(2%) head=0.003s(10%) total=0.036s]
[prefill host enc.front=0.002s(4%) wait.front=0.029s(70%) drain=0.001s(2%) route=0.000s(0%) meta=0.000s(0%) fetch=0.005s(12%) enc.moe=0.000s(1%) tail=0.000s(0%) head=0.004s(9%) other=0.000s(1%) call=0.041s | tiles=64 ahead=64 experts=349 miss=5 io=0.005s 3.4GB/s]
[prefill gpuq busy=0.036s(88%) idle=0.005s(12%) span=0.040s buffers=155]
[prefill gpu attn=0.011s(30%) shared=0.004s(10%) moe=0.017s(48%) tail=0.001s(2%) head=0.004s(10%) total=0.036s]
[prefill host enc.front=0.002s(4%) wait.front=0.027s(63%) drain=0.001s(2%) route=0.000s(0%) meta=0.000s(0%) fetch=0.008s(20%) enc.moe=0.001s(1%) tail=0.000s(0%) head=0.004s(9%) other=0.000s(1%) call=0.043s | tiles=67 ahead=67 experts=355 miss=11 io=0.009s 4.4GB/s]
[prefill gpuq busy=0.036s(84%) idle=0.007s(16%) span=0.043s buffers=158]
[prefill gpu attn=0.011s(31%) shared=0.004s(10%) moe=0.017s(48%) tail=0.001s(2%) head=0.003s(9%) total=0.036s]
[prefill host enc.front=0.002s(4%) wait.front=0.028s(64%) drain=0.001s(3%) route=0.000s(0%) meta=0.000s(0%) fetch=0.008s(18%) enc.moe=0.001s(1%) tail=0.000s(0%) head=0.004s(8%) other=0.000s(1%) call=0.043s | tiles=68 ahead=68 experts=378 miss=7 io=0.008s 3.1GB/s]
[prefill gpuq busy=0.036s(85%) idle=0.007s(15%) span=0.043s buffers=159]
[prefill gpu attn=0.011s(30%) shared=0.004s(10%) moe=0.018s(48%) tail=0.001s(2%) head=0.004s(10%) total=0.037s]
[prefill host enc.front=0.002s(3%) wait.front=0.030s(60%) drain=0.001s(2%) route=0.000s(0%) meta=0.000s(0%) fetch=0.013s(25%) enc.moe=0.001s(1%) tail=0.000s(0%) head=0.004s(8%) other=0.000s(1%) call=0.050s | tiles=68 ahead=68 experts=348 miss=11 io=0.013s 3.0GB/s]
[prefill gpuq busy=0.037s(75%) idle=0.013s(25%) span=0.050s buffers=159]
[prefill gpu attn=0.011s(30%) shared=0.004s(10%) moe=0.017s(48%) tail=0.001s(2%) head=0.003s(9%) total=0.036s]
[prefill host enc.front=0.002s(4%) wait.front=0.028s(66%) drain=0.001s(2%) route=0.000s(1%) meta=0.000s(0%) fetch=0.007s(17%) enc.moe=0.001s(1%) tail=0.000s(0%) head=0.004s(9%) other=0.000s(1%) call=0.042s | tiles=69 ahead=69 experts=383 miss=8 io=0.007s 4.0GB/s]
[prefill gpuq busy=0.036s(87%) idle=0.005s(13%) span=0.041s buffers=160]
[prefill gpu attn=0.011s(30%) shared=0.004s(10%) moe=0.017s(48%) tail=0.001s(2%) head=0.003s(10%) total=0.036s]
[prefill host enc.front=0.002s(3%) wait.front=0.031s(62%) drain=0.000s(1%) route=0.000s(0%) meta=0.000s(0%) fetch=0.012s(24%) enc.moe=0.001s(1%) tail=0.000s(0%) head=0.004s(7%) other=0.000s(1%) call=0.050s | tiles=70 ahead=70 experts=382 miss=10 io=0.012s 2.8GB/s]
[prefill gpuq busy=0.036s(73%) idle=0.013s(27%) span=0.050s buffers=161]
[prefill gpu attn=0.011s(31%) shared=0.004s(10%) moe=0.017s(48%) tail=0.001s(2%) head=0.003s(10%) total=0.036s]
[prefill host enc.front=0.002s(4%) wait.front=0.029s(73%) drain=0.001s(2%) route=0.000s(0%) meta=0.000s(0%) fetch=0.004s(9%) enc.moe=0.000s(1%) tail=0.000s(0%) head=0.004s(9%) other=0.000s(1%) call=0.039s | tiles=64 ahead=64 experts=341 miss=6 io=0.004s 5.6GB/s]
[prefill gpuq busy=0.036s(91%) idle=0.003s(9%) span=0.039s buffers=155]
[prefill gpu attn=0.011s(31%) shared=0.004s(10%) moe=0.017s(48%) tail=0.001s(2%) head=0.003s(9%) total=0.036s]
[prefill host enc.front=0.002s(4%) wait.front=0.027s(66%) drain=0.001s(2%) route=0.000s(0%) meta=0.000s(0%) fetch=0.007s(17%) enc.moe=0.001s(1%) tail=0.000s(0%) head=0.004s(9%) other=0.000s(1%) call=0.041s | tiles=68 ahead=68 experts=381 miss=7 io=0.007s 3.4GB/s]
[prefill gpuq busy=0.036s(88%) idle=0.005s(12%) span=0.041s buffers=159]
[prefill gpu attn=0.011s(31%) shared=0.003s(10%) moe=0.017s(48%) tail=0.001s(2%) head=0.003s(9%) total=0.036s]
[prefill host enc.front=0.002s(4%) wait.front=0.029s(74%) drain=0.000s(1%) route=0.000s(0%) meta=0.000s(0%) fetch=0.004s(10%) enc.moe=0.000s(1%) tail=0.000s(0%) head=0.004s(9%) other=0.000s(1%) call=0.039s | tiles=65 ahead=65 experts=352 miss=5 io=0.004s 4.4GB/s]
[prefill gpuq busy=0.036s(91%) idle=0.004s(9%) span=0.039s buffers=156]
[prefill gpu attn=0.011s(31%) shared=0.003s(10%) moe=0.017s(47%) tail=0.001s(2%) head=0.003s(10%) total=0.035s]
[prefill host enc.front=0.002s(4%) wait.front=0.029s(75%) drain=0.001s(2%) route=0.000s(0%) meta=0.000s(0%) fetch=0.002s(6%) enc.moe=0.000s(1%) tail=0.000s(0%) head=0.004s(9%) other=0.000s(1%) call=0.038s | tiles=63 ahead=63 experts=352 miss=4 io=0.002s 5.6GB/s]
[prefill gpuq busy=0.035s(93%) idle=0.003s(7%) span=0.038s buffers=154]
[prefill gpu attn=0.011s(30%) shared=0.004s(10%) moe=0.018s(49%) tail=0.001s(2%) head=0.003s(9%) total=0.037s]
[prefill host enc.front=0.002s(3%) wait.front=0.029s(49%) drain=0.000s(1%) route=0.000s(0%) meta=0.000s(0%) fetch=0.023s(39%) enc.moe=0.001s(1%) tail=0.000s(0%) head=0.004s(6%) other=0.000s(1%) call=0.059s | tiles=71 ahead=71 experts=396 miss=18 io=0.023s 2.7GB/s]
[prefill gpuq busy=0.037s(63%) idle=0.021s(37%) span=0.058s buffers=162]
[prefill gpu attn=0.011s(30%) shared=0.004s(10%) moe=0.018s(49%) tail=0.001s(2%) head=0.003s(9%) total=0.037s]
[prefill host enc.front=0.002s(3%) wait.front=0.027s(58%) drain=0.001s(2%) route=0.000s(0%) meta=0.000s(0%) fetch=0.012s(27%) enc.moe=0.001s(1%) tail=0.000s(0%) head=0.004s(8%) other=0.000s(1%) call=0.046s | tiles=72 ahead=72 experts=433 miss=16 io=0.013s 4.4GB/s]
[prefill gpuq busy=0.037s(81%) idle=0.009s(19%) span=0.046s buffers=163]
[prefill gpu attn=0.011s(30%) shared=0.004s(11%) moe=0.018s(48%) tail=0.001s(2%) head=0.003s(9%) total=0.038s]
[prefill host enc.front=0.002s(4%) wait.front=0.027s(58%) drain=0.001s(2%) route=0.000s(0%) meta=0.000s(0%) fetch=0.012s(26%) enc.moe=0.001s(1%) tail=0.000s(0%) head=0.004s(8%) other=0.000s(1%) call=0.047s | tiles=71 ahead=71 experts=371 miss=12 io=0.012s 3.4GB/s]
[prefill gpuq busy=0.037s(81%) idle=0.009s(19%) span=0.046s buffers=162]
[prefill gpu attn=0.011s(30%) shared=0.004s(10%) moe=0.018s(49%) tail=0.001s(2%) head=0.004s(10%) total=0.037s]
[prefill host enc.front=0.002s(3%) wait.front=0.030s(54%) drain=0.001s(2%) route=0.000s(0%) meta=0.000s(0%) fetch=0.018s(32%) enc.moe=0.001s(1%) tail=0.000s(0%) head=0.004s(7%) other=0.000s(1%) call=0.055s | tiles=71 ahead=71 experts=402 miss=18 io=0.018s 3.5GB/s]
[prefill gpuq busy=0.037s(67%) idle=0.018s(33%) span=0.055s buffers=162]
[prefill gpu attn=0.011s(30%) shared=0.004s(10%) moe=0.018s(49%) tail=0.001s(2%) head=0.003s(9%) total=0.036s]
[prefill host enc.front=0.002s(4%) wait.front=0.029s(70%) drain=0.001s(2%) route=0.000s(0%) meta=0.000s(0%) fetch=0.005s(12%) enc.moe=0.001s(1%) tail=0.000s(0%) head=0.004s(9%) other=0.000s(1%) call=0.041s | tiles=65 ahead=65 experts=369 miss=10 io=0.005s 7.0GB/s]
[prefill gpuq busy=0.036s(89%) idle=0.004s(11%) span=0.041s buffers=156]
[prefill gpu attn=0.011s(30%) shared=0.004s(10%) moe=0.018s(49%) tail=0.001s(2%) head=0.003s(9%) total=0.037s]
[prefill host enc.front=0.002s(2%) wait.front=0.030s(42%) drain=0.001s(1%) route=0.000s(0%) meta=0.000s(0%) fetch=0.034s(47%) enc.moe=0.001s(1%) tail=0.000s(0%) head=0.004s(5%) other=0.000s(1%) call=0.071s | tiles=75 ahead=75 experts=422 miss=21 io=0.034s 2.2GB/s]
[prefill gpuq busy=0.037s(53%) idle=0.033s(47%) span=0.070s buffers=166]
[prefill gpu attn=0.011s(31%) shared=0.004s(10%) moe=0.017s(48%) tail=0.001s(2%) head=0.003s(9%) total=0.036s]
[prefill host enc.front=0.002s(3%) wait.front=0.030s(63%) drain=0.001s(2%) route=0.000s(0%) meta=0.000s(0%) fetch=0.010s(22%) enc.moe=0.001s(1%) tail=0.000s(0%) head=0.004s(7%) other=0.000s(1%) call=0.048s | tiles=67 ahead=67 experts=367 miss=9 io=0.011s 3.0GB/s]
[prefill gpuq busy=0.036s(76%) idle=0.011s(24%) span=0.047s buffers=158]
[prefill gpu attn=0.011s(30%) shared=0.004s(10%) moe=0.018s(48%) tail=0.001s(2%) head=0.004s(10%) total=0.037s]
[prefill host enc.front=0.002s(4%) wait.front=0.030s(64%) drain=0.001s(2%) route=0.000s(0%) meta=0.000s(0%) fetch=0.010s(21%) enc.moe=0.001s(1%) tail=0.000s(0%) head=0.004s(8%) other=0.000s(1%) call=0.047s | tiles=67 ahead=67 experts=335 miss=11 io=0.010s 3.9GB/s]
[prefill gpuq busy=0.037s(79%) idle=0.010s(21%) span=0.047s buffers=158]
[prefill gpu attn=0.011s(30%) shared=0.004s(10%) moe=0.018s(49%) tail=0.001s(2%) head=0.003s(9%) total=0.037s]
[prefill host enc.front=0.002s(2%) wait.front=0.028s(39%) drain=0.001s(2%) route=0.000s(0%) meta=0.000s(0%) fetch=0.036s(50%) enc.moe=0.001s(1%) tail=0.000s(0%) head=0.004s(5%) other=0.000s(1%) call=0.072s | tiles=74 ahead=74 experts=367 miss=28 io=0.036s 2.7GB/s]
[prefill gpuq busy=0.037s(52%) idle=0.034s(48%) span=0.071s buffers=165]
[prefill gpu attn=0.011s(30%) shared=0.004s(10%) moe=0.018s(49%) tail=0.001s(2%) head=0.003s(9%) total=0.036s]
[prefill host enc.front=0.002s(4%) wait.front=0.028s(66%) drain=0.000s(1%) route=0.000s(1%) meta=0.000s(0%) fetch=0.008s(18%) enc.moe=0.001s(1%) tail=0.000s(0%) head=0.004s(8%) other=0.000s(1%) call=0.043s | tiles=68 ahead=68 experts=349 miss=12 io=0.008s 5.3GB/s]
[prefill gpuq busy=0.036s(85%) idle=0.007s(15%) span=0.043s buffers=159]
[prefill gpu attn=0.011s(30%) shared=0.004s(10%) moe=0.017s(49%) tail=0.001s(2%) head=0.003s(9%) total=0.036s]
[prefill host enc.front=0.002s(4%) wait.front=0.028s(70%) drain=0.001s(2%) route=0.000s(1%) meta=0.000s(0%) fetch=0.005s(13%) enc.moe=0.001s(1%) tail=0.000s(0%) head=0.004s(9%) other=0.000s(1%) call=0.041s | tiles=66 ahead=66 experts=345 miss=12 io=0.005s 7.8GB/s]
[prefill gpuq busy=0.036s(89%) idle=0.004s(11%) span=0.040s buffers=157]
[prefill gpu attn=0.011s(30%) shared=0.004s(10%) moe=0.017s(48%) tail=0.001s(2%) head=0.003s(10%) total=0.036s]
[prefill host enc.front=0.002s(4%) wait.front=0.029s(64%) drain=0.001s(2%) route=0.000s(0%) meta=0.000s(0%) fetch=0.009s(19%) enc.moe=0.001s(1%) tail=0.000s(0%) head=0.004s(8%) other=0.000s(1%) call=0.045s | tiles=65 ahead=65 experts=365 miss=9 io=0.009s 3.6GB/s]
[prefill gpuq busy=0.036s(82%) idle=0.008s(18%) span=0.044s buffers=156]
[prefill gpu attn=0.011s(29%) shared=0.004s(10%) moe=0.019s(50%) tail=0.001s(2%) head=0.003s(9%) total=0.038s]
[prefill host enc.front=0.002s(3%) wait.front=0.029s(57%) drain=0.001s(1%) route=0.000s(0%) meta=0.000s(0%) fetch=0.015s(29%) enc.moe=0.001s(1%) tail=0.000s(0%) head=0.004s(7%) other=0.000s(1%) call=0.051s | tiles=71 ahead=71 experts=417 miss=22 io=0.015s 5.1GB/s]
[prefill gpuq busy=0.038s(74%) idle=0.013s(26%) span=0.051s buffers=162]
[prefill gpu attn=0.011s(30%) shared=0.004s(10%) moe=0.017s(48%) tail=0.001s(2%) head=0.003s(9%) total=0.036s]
[prefill host enc.front=0.002s(4%) wait.front=0.028s(66%) drain=0.001s(2%) route=0.000s(1%) meta=0.000s(0%) fetch=0.007s(17%) enc.moe=0.001s(1%) tail=0.000s(0%) head=0.004s(8%) other=0.000s(1%) call=0.043s | tiles=68 ahead=68 experts=401 miss=11 io=0.007s 5.4GB/s]
[prefill gpuq busy=0.036s(85%) idle=0.006s(15%) span=0.042s buffers=159]
[prefill gpu attn=0.011s(29%) shared=0.004s(9%) moe=0.019s(50%) tail=0.001s(2%) head=0.003s(9%) total=0.038s]
[prefill host enc.front=0.002s(3%) wait.front=0.031s(60%) drain=0.001s(2%) route=0.000s(0%) meta=0.000s(0%) fetch=0.013s(25%) enc.moe=0.001s(1%) tail=0.000s(0%) head=0.004s(7%) other=0.000s(1%) call=0.052s | tiles=75 ahead=75 experts=430 miss=23 io=0.013s 6.0GB/s]
[prefill gpuq busy=0.038s(73%) idle=0.014s(27%) span=0.052s buffers=166]
[prefill gpu attn=0.011s(31%) shared=0.004s(10%) moe=0.018s(48%) tail=0.001s(2%) head=0.003s(9%) total=0.037s]
[prefill host enc.front=0.002s(4%) wait.front=0.030s(67%) drain=0.001s(2%) route=0.000s(0%) meta=0.000s(0%) fetch=0.008s(17%) enc.moe=0.001s(1%) tail=0.000s(0%) head=0.004s(8%) other=0.000s(1%) call=0.045s | tiles=68 ahead=68 experts=381 miss=11 io=0.008s 4.9GB/s]
[prefill gpuq busy=0.037s(82%) idle=0.008s(18%) span=0.045s buffers=159]
[prefill gpu attn=0.011s(30%) shared=0.004s(10%) moe=0.017s(48%) tail=0.001s(2%) head=0.004s(10%) total=0.036s]
[prefill host enc.front=0.002s(4%) wait.front=0.030s(71%) drain=0.001s(2%) route=0.000s(0%) meta=0.000s(0%) fetch=0.005s(12%) enc.moe=0.000s(1%) tail=0.000s(0%) head=0.004s(9%) other=0.000s(1%) call=0.042s | tiles=64 ahead=64 experts=374 miss=7 io=0.005s 4.9GB/s]
[prefill gpuq busy=0.036s(87%) idle=0.005s(13%) span=0.042s buffers=155]
[prefill gpu attn=0.011s(31%) shared=0.004s(10%) moe=0.017s(47%) tail=0.001s(2%) head=0.004s(10%) total=0.036s]
[prefill host enc.front=0.002s(4%) wait.front=0.029s(69%) drain=0.000s(1%) route=0.000s(0%) meta=0.000s(0%) fetch=0.006s(15%) enc.moe=0.000s(1%) tail=0.000s(0%) head=0.004s(9%) other=0.000s(1%) call=0.042s | tiles=65 ahead=65 experts=351 miss=8 io=0.006s 4.3GB/s]
[prefill gpuq busy=0.036s(86%) idle=0.006s(14%) span=0.042s buffers=156]
[prefill gpu attn=0.011s(31%) shared=0.004s(10%) moe=0.017s(48%) tail=0.001s(2%) head=0.003s(9%) total=0.036s]
[prefill host enc.front=0.002s(4%) wait.front=0.030s(66%) drain=0.001s(2%) route=0.000s(0%) meta=0.000s(0%) fetch=0.008s(17%) enc.moe=0.001s(1%) tail=0.000s(0%) head=0.004s(8%) other=0.000s(1%) call=0.045s | tiles=67 ahead=67 experts=332 miss=11 io=0.008s 4.9GB/s]
[prefill gpuq busy=0.036s(80%) idle=0.009s(20%) span=0.045s buffers=158]
[prefill gpu attn=0.011s(31%) shared=0.004s(10%) moe=0.017s(48%) tail=0.001s(2%) head=0.003s(9%) total=0.036s]
[prefill host enc.front=0.002s(4%) wait.front=0.029s(71%) drain=0.001s(2%) route=0.000s(0%) meta=0.000s(0%) fetch=0.005s(11%) enc.moe=0.000s(1%) tail=0.000s(0%) head=0.004s(9%) other=0.000s(1%) call=0.040s | tiles=64 ahead=64 experts=360 miss=8 io=0.005s 6.1GB/s]
[prefill gpuq busy=0.036s(90%) idle=0.004s(10%) span=0.040s buffers=155]
[prefill gpu attn=0.011s(31%) shared=0.004s(10%) moe=0.018s(48%) tail=0.001s(2%) head=0.003s(9%) total=0.037s]
[prefill host enc.front=0.002s(4%) wait.front=0.028s(65%) drain=0.001s(3%) route=0.000s(0%) meta=0.000s(0%) fetch=0.007s(17%) enc.moe=0.001s(1%) tail=0.000s(0%) head=0.004s(8%) other=0.000s(1%) call=0.042s | tiles=66 ahead=66 experts=347 miss=9 io=0.007s 4.4GB/s]
[prefill gpuq busy=0.037s(87%) idle=0.006s(13%) span=0.042s buffers=157]
[prefill gpu attn=0.011s(30%) shared=0.004s(10%) moe=0.018s(49%) tail=0.001s(2%) head=0.003s(9%) total=0.037s]
[prefill host enc.front=0.002s(3%) wait.front=0.027s(50%) drain=0.001s(2%) route=0.000s(0%) meta=0.000s(0%) fetch=0.019s(35%) enc.moe=0.001s(1%) tail=0.000s(0%) head=0.004s(7%) other=0.000s(1%) call=0.054s | tiles=73 ahead=73 experts=386 miss=19 io=0.019s 3.5GB/s]
[prefill gpuq busy=0.037s(70%) idle=0.016s(30%) span=0.053s buffers=164]
[prefill gpu attn=0.011s(30%) shared=0.004s(11%) moe=0.017s(47%) tail=0.001s(2%) head=0.003s(9%) total=0.036s]
[prefill host enc.front=0.002s(4%) wait.front=0.030s(70%) drain=0.001s(2%) route=0.000s(0%) meta=0.000s(0%) fetch=0.005s(13%) enc.moe=0.001s(1%) tail=0.000s(0%) head=0.004s(8%) other=0.000s(1%) call=0.042s | tiles=64 ahead=64 experts=335 miss=8 io=0.005s 5.2GB/s]
[prefill gpuq busy=0.036s(86%) idle=0.006s(14%) span=0.042s buffers=155]
[prefill gpu attn=0.011s(31%) shared=0.004s(10%) moe=0.017s(47%) tail=0.001s(2%) head=0.004s(10%) total=0.036s]
[prefill host enc.front=0.002s(4%) wait.front=0.029s(74%) drain=0.001s(3%) route=0.000s(0%) meta=0.000s(0%) fetch=0.002s(6%) enc.moe=0.000s(1%) tail=0.000s(0%) head=0.004s(10%) other=0.000s(1%) call=0.039s | tiles=61 ahead=61 experts=322 miss=9 io=0.002s 12.5GB/s]
[prefill gpuq busy=0.036s(93%) idle=0.003s(7%) span=0.039s buffers=152]
[prefill gpu attn=0.011s(30%) shared=0.004s(10%) moe=0.018s(49%) tail=0.001s(2%) head=0.003s(9%) total=0.037s]
[prefill host enc.front=0.002s(4%) wait.front=0.029s(63%) drain=0.001s(2%) route=0.000s(0%) meta=0.000s(0%) fetch=0.009s(20%) enc.moe=0.001s(1%) tail=0.000s(0%) head=0.004s(8%) other=0.000s(1%) call=0.045s | tiles=69 ahead=69 experts=403 miss=13 io=0.009s 4.9GB/s]
[prefill gpuq busy=0.037s(82%) idle=0.008s(18%) span=0.045s buffers=160]
[prefill gpu attn=0.011s(30%) shared=0.004s(10%) moe=0.019s(50%) tail=0.001s(2%) head=0.003s(9%) total=0.037s]
[prefill host enc.front=0.002s(3%) wait.front=0.037s(62%) drain=0.000s(1%) route=0.000s(0%) meta=0.000s(0%) fetch=0.016s(26%) enc.moe=0.001s(1%) tail=0.000s(0%) head=0.004s(6%) other=0.000s(1%) call=0.060s | tiles=74 ahead=74 experts=437 miss=22 io=0.017s 4.5GB/s]
[prefill gpuq busy=0.037s(63%) idle=0.022s(37%) span=0.060s buffers=165]
[prefill gpu attn=0.011s(30%) shared=0.004s(10%) moe=0.018s(49%) tail=0.001s(2%) head=0.003s(9%) total=0.037s]
[prefill host enc.front=0.002s(3%) wait.front=0.032s(63%) drain=0.001s(1%) route=0.000s(0%) meta=0.000s(0%) fetch=0.012s(23%) enc.moe=0.001s(1%) tail=0.000s(0%) head=0.004s(7%) other=0.000s(1%) call=0.052s | tiles=71 ahead=71 experts=368 miss=13 io=0.012s 3.7GB/s]
[prefill gpuq busy=0.037s(71%) idle=0.015s(29%) span=0.052s buffers=162]
[prefill gpu attn=0.011s(30%) shared=0.004s(10%) moe=0.018s(48%) tail=0.001s(2%) head=0.003s(9%) total=0.037s]
[prefill host enc.front=0.002s(3%) wait.front=0.031s(57%) drain=0.001s(2%) route=0.000s(0%) meta=0.000s(0%) fetch=0.015s(28%) enc.moe=0.001s(1%) tail=0.000s(0%) head=0.004s(7%) other=0.000s(1%) call=0.054s | tiles=71 ahead=71 experts=354 miss=19 io=0.015s 4.3GB/s]
[prefill gpuq busy=0.037s(68%) idle=0.017s(32%) span=0.054s buffers=162]
[prefill gpu attn=0.011s(31%) shared=0.004s(10%) moe=0.017s(48%) tail=0.001s(2%) head=0.003s(9%) total=0.036s]
[prefill host enc.front=0.002s(4%) wait.front=0.032s(73%) drain=0.001s(2%) route=0.000s(0%) meta=0.000s(0%) fetch=0.005s(10%) enc.moe=0.000s(1%) tail=0.000s(0%) head=0.004s(8%) other=0.000s(1%) call=0.044s | tiles=66 ahead=66 experts=358 miss=5 io=0.005s 3.8GB/s]
[prefill gpuq busy=0.036s(83%) idle=0.007s(17%) span=0.043s buffers=157]
[prefill gpu attn=0.011s(30%) shared=0.004s(10%) moe=0.017s(47%) tail=0.001s(2%) head=0.004s(10%) total=0.036s]
[prefill host enc.front=0.002s(4%) wait.front=0.029s(70%) drain=0.001s(2%) route=0.000s(0%) meta=0.000s(0%) fetch=0.005s(13%) enc.moe=0.000s(1%) tail=0.000s(0%) head=0.004s(9%) other=0.000s(1%) call=0.041s | tiles=66 ahead=66 experts=350 miss=6 io=0.005s 4.0GB/s]
[prefill gpuq busy=0.036s(88%) idle=0.005s(12%) span=0.041s buffers=157]
[prefill gpu attn=0.011s(30%) shared=0.004s(10%) moe=0.017s(48%) tail=0.001s(2%) head=0.004s(10%) total=0.037s]
[prefill host enc.front=0.002s(4%) wait.front=0.029s(71%) drain=0.000s(1%) route=0.000s(1%) meta=0.000s(0%) fetch=0.005s(13%) enc.moe=0.001s(1%) tail=0.000s(0%) head=0.004s(9%) other=0.000s(1%) call=0.042s | tiles=65 ahead=65 experts=360 miss=6 io=0.005s 3.9GB/s]
[prefill gpuq busy=0.037s(89%) idle=0.005s(11%) span=0.041s buffers=156]
[prefill gpu attn=0.011s(31%) shared=0.004s(10%) moe=0.017s(47%) tail=0.001s(2%) head=0.003s(10%) total=0.036s]
[prefill host enc.front=0.002s(4%) wait.front=0.028s(67%) drain=0.001s(2%) route=0.000s(0%) meta=0.000s(0%) fetch=0.007s(16%) enc.moe=0.000s(1%) tail=0.000s(0%) head=0.004s(9%) other=0.000s(1%) call=0.042s | tiles=66 ahead=66 experts=343 miss=7 io=0.007s 3.6GB/s]
[prefill gpuq busy=0.036s(86%) idle=0.006s(14%) span=0.041s buffers=157]
[prefill gpu attn=0.011s(30%) shared=0.004s(10%) moe=0.018s(49%) tail=0.001s(2%) head=0.004s(10%) total=0.037s]
[prefill host enc.front=0.002s(4%) wait.front=0.030s(71%) drain=0.001s(2%) route=0.000s(0%) meta=0.000s(0%) fetch=0.005s(12%) enc.moe=0.001s(1%) tail=0.000s(0%) head=0.004s(9%) other=0.000s(1%) call=0.042s | tiles=66 ahead=66 experts=397 miss=10 io=0.005s 6.9GB/s]
[prefill gpuq busy=0.037s(88%) idle=0.005s(12%) span=0.042s buffers=157]
[prefill gpu attn=0.011s(30%) shared=0.004s(10%) moe=0.018s(48%) tail=0.001s(2%) head=0.003s(9%) total=0.036s]
[prefill host enc.front=0.002s(4%) wait.front=0.026s(66%) drain=0.001s(2%) route=0.000s(0%) meta=0.000s(0%) fetch=0.006s(16%) enc.moe=0.001s(1%) tail=0.000s(0%) head=0.004s(9%) other=0.000s(1%) call=0.040s | tiles=68 ahead=68 experts=351 miss=16 io=0.006s 8.9GB/s]
[prefill gpuq busy=0.036s(92%) idle=0.003s(8%) span=0.039s buffers=159]
[prefill gpu attn=0.011s(31%) shared=0.004s(10%) moe=0.018s(48%) tail=0.001s(2%) head=0.003s(9%) total=0.036s]
[prefill host enc.front=0.002s(4%) wait.front=0.031s(73%) drain=0.001s(3%) route=0.000s(0%) meta=0.000s(0%) fetch=0.004s(10%) enc.moe=0.001s(1%) tail=0.000s(0%) head=0.004s(8%) other=0.000s(1%) call=0.043s | tiles=68 ahead=68 experts=387 miss=7 io=0.004s 5.8GB/s]
[prefill gpuq busy=0.036s(86%) idle=0.006s(14%) span=0.042s buffers=159]
[prefill gpu attn=0.011s(30%) shared=0.004s(10%) moe=0.018s(48%) tail=0.001s(2%) head=0.003s(9%) total=0.037s]
[prefill host enc.front=0.002s(4%) wait.front=0.031s(71%) drain=0.001s(2%) route=0.000s(0%) meta=0.000s(0%) fetch=0.006s(13%) enc.moe=0.001s(1%) tail=0.000s(0%) head=0.004s(8%) other=0.000s(1%) call=0.043s | tiles=65 ahead=65 experts=346 miss=11 io=0.006s 6.8GB/s]
[prefill gpuq busy=0.037s(86%) idle=0.006s(14%) span=0.043s buffers=156]
[prefill gpu attn=0.011s(30%) shared=0.004s(10%) moe=0.018s(48%) tail=0.001s(2%) head=0.004s(10%) total=0.037s]
[prefill host enc.front=0.002s(3%) wait.front=0.029s(58%) drain=0.001s(1%) route=0.000s(0%) meta=0.000s(0%) fetch=0.013s(27%) enc.moe=0.001s(1%) tail=0.000s(0%) head=0.004s(8%) other=0.000s(1%) call=0.049s | tiles=69 ahead=69 experts=364 miss=12 io=0.013s 3.2GB/s]
[prefill gpuq busy=0.037s(76%) idle=0.012s(24%) span=0.049s buffers=160]
[prefill gpu attn=0.011s(31%) shared=0.004s(10%) moe=0.017s(47%) tail=0.001s(2%) head=0.004s(10%) total=0.036s]
[prefill host enc.front=0.002s(4%) wait.front=0.029s(76%) drain=0.001s(2%) route=0.000s(0%) meta=0.000s(0%) fetch=0.002s(5%) enc.moe=0.000s(1%) tail=0.000s(0%) head=0.004s(10%) other=0.000s(1%) call=0.038s | tiles=64 ahead=64 experts=366 miss=4 io=0.002s 6.7GB/s]
[prefill gpuq busy=0.036s(95%) idle=0.002s(5%) span=0.038s buffers=155]
[prefill gpu attn=0.011s(30%) shared=0.004s(10%) moe=0.019s(50%) tail=0.001s(2%) head=0.003s(9%) total=0.038s]
[prefill host enc.front=0.002s(4%) wait.front=0.029s(64%) drain=0.001s(2%) route=0.000s(0%) meta=0.000s(0%) fetch=0.009s(20%) enc.moe=0.001s(1%) tail=0.000s(0%) head=0.004s(8%) other=0.000s(1%) call=0.045s | tiles=77 ahead=77 experts=453 miss=18 io=0.009s 6.9GB/s]
[prefill gpuq busy=0.038s(83%) idle=0.007s(17%) span=0.045s buffers=168]
[prefill gpu attn=0.011s(30%) shared=0.004s(10%) moe=0.018s(48%) tail=0.001s(2%) head=0.003s(9%) total=0.036s]
[prefill host enc.front=0.002s(4%) wait.front=0.030s(72%) drain=0.001s(2%) route=0.000s(0%) meta=0.000s(0%) fetch=0.005s(11%) enc.moe=0.000s(1%) tail=0.000s(0%) head=0.004s(9%) other=0.000s(1%) call=0.042s | tiles=66 ahead=66 experts=382 miss=10 io=0.005s 7.4GB/s]
[prefill gpuq busy=0.036s(88%) idle=0.005s(12%) span=0.042s buffers=157]
[prefill gpu attn=0.011s(31%) shared=0.004s(10%) moe=0.017s(47%) tail=0.001s(2%) head=0.003s(9%) total=0.035s]
[prefill host enc.front=0.002s(4%) wait.front=0.031s(79%) drain=0.001s(2%) route=0.000s(0%) meta=0.000s(0%) fetch=0.001s(3%) enc.moe=0.000s(1%) tail=0.000s(0%) head=0.004s(9%) other=0.000s(1%) call=0.039s | tiles=62 ahead=62 experts=330 miss=4 io=0.001s 10.7GB/s]
[prefill gpuq busy=0.035s(92%) idle=0.003s(8%) span=0.039s buffers=153]
[prefill gpu attn=0.011s(31%) shared=0.004s(10%) moe=0.018s(48%) tail=0.001s(2%) head=0.003s(9%) total=0.037s]
[prefill host enc.front=0.002s(4%) wait.front=0.031s(71%) drain=0.001s(2%) route=0.000s(0%) meta=0.000s(0%) fetch=0.006s(13%) enc.moe=0.001s(1%) tail=0.000s(0%) head=0.004s(8%) other=0.000s(1%) call=0.044s | tiles=64 ahead=64 experts=360 miss=14 io=0.006s 8.7GB/s]
[prefill gpuq busy=0.037s(84%) idle=0.007s(16%) span=0.044s buffers=155]
[prefill gpu attn=0.011s(31%) shared=0.003s(10%) moe=0.017s(47%) tail=0.001s(2%) head=0.003s(10%) total=0.035s]
[prefill host enc.front=0.002s(4%) wait.front=0.030s(76%) drain=0.001s(2%) route=0.000s(0%) meta=0.000s(0%) fetch=0.002s(6%) enc.moe=0.000s(1%) tail=0.000s(0%) head=0.004s(9%) other=0.000s(1%) call=0.039s | tiles=63 ahead=63 experts=374 miss=3 io=0.002s 4.2GB/s]
[prefill gpuq busy=0.035s(91%) idle=0.003s(9%) span=0.039s buffers=154]
[prefill gpu attn=0.011s(31%) shared=0.003s(10%) moe=0.017s(48%) tail=0.001s(2%) head=0.004s(10%) total=0.036s]
[prefill host enc.front=0.002s(4%) wait.front=0.029s(75%) drain=0.001s(2%) route=0.000s(0%) meta=0.000s(0%) fetch=0.002s(6%) enc.moe=0.000s(1%) tail=0.000s(0%) head=0.004s(10%) other=0.000s(1%) call=0.038s | tiles=65 ahead=65 experts=372 miss=6 io=0.002s 8.8GB/s]
[prefill gpuq busy=0.036s(94%) idle=0.002s(6%) span=0.038s buffers=156]
[prefill gpu attn=0.011s(30%) shared=0.004s(10%) moe=0.018s(49%) tail=0.001s(2%) head=0.003s(9%) total=0.037s]
[prefill host enc.front=0.002s(4%) wait.front=0.030s(65%) drain=0.001s(2%) route=0.000s(0%) meta=0.000s(0%) fetch=0.009s(20%) enc.moe=0.001s(1%) tail=0.000s(0%) head=0.004s(8%) other=0.000s(1%) call=0.046s | tiles=72 ahead=72 experts=389 miss=16 io=0.009s 6.0GB/s]
[prefill gpuq busy=0.037s(81%) idle=0.009s(19%) span=0.046s buffers=163]
[prefill gpu attn=0.011s(30%) shared=0.004s(10%) moe=0.018s(48%) tail=0.001s(2%) head=0.004s(10%) total=0.038s]
[prefill host enc.front=0.002s(4%) wait.front=0.029s(64%) drain=0.000s(1%) route=0.000s(0%) meta=0.000s(0%) fetch=0.009s(20%) enc.moe=0.001s(1%) tail=0.000s(0%) head=0.004s(9%) other=0.000s(1%) call=0.045s | tiles=70 ahead=70 experts=380 miss=17 io=0.009s 6.6GB/s]
[prefill gpuq busy=0.038s(84%) idle=0.007s(16%) span=0.045s buffers=161]
[prefill gpu attn=0.011s(30%) shared=0.004s(11%) moe=0.017s(48%) tail=0.001s(2%) head=0.003s(9%) total=0.036s]
[prefill host enc.front=0.002s(4%) wait.front=0.024s(61%) drain=0.001s(2%) route=0.000s(1%) meta=0.000s(0%) fetch=0.008s(20%) enc.moe=0.001s(2%) tail=0.000s(0%) head=0.004s(9%) other=0.000s(1%) call=0.039s | tiles=71 ahead=71 experts=376 miss=11 io=0.008s 4.8GB/s]
[prefill gpuq busy=0.036s(93%) idle=0.003s(7%) span=0.039s buffers=162]
[prefill gpu attn=0.011s(30%) shared=0.004s(10%) moe=0.018s(49%) tail=0.001s(2%) head=0.003s(9%) total=0.037s]
[prefill host enc.front=0.002s(4%) wait.front=0.028s(66%) drain=0.001s(2%) route=0.000s(0%) meta=0.000s(0%) fetch=0.008s(18%) enc.moe=0.001s(1%) tail=0.000s(0%) head=0.004s(8%) other=0.000s(1%) call=0.043s | tiles=73 ahead=73 experts=415 miss=13 io=0.008s 5.9GB/s]
[prefill gpuq busy=0.037s(88%) idle=0.005s(12%) span=0.042s buffers=164]
[prefill gpu attn=0.011s(31%) shared=0.003s(10%) moe=0.017s(48%) tail=0.001s(2%) head=0.003s(9%) total=0.036s]
[prefill host enc.front=0.002s(4%) wait.front=0.029s(75%) drain=0.001s(2%) route=0.000s(0%) meta=0.000s(0%) fetch=0.002s(6%) enc.moe=0.000s(1%) tail=0.000s(0%) head=0.004s(9%) other=0.000s(1%) call=0.038s | tiles=64 ahead=64 experts=354 miss=7 io=0.002s 10.1GB/s]
[prefill gpuq busy=0.036s(95%) idle=0.002s(5%) span=0.038s buffers=155]
[prefill gpu attn=0.011s(30%) shared=0.004s(10%) moe=0.018s(49%) tail=0.001s(2%) head=0.004s(10%) total=0.037s]
[prefill host enc.front=0.002s(4%) wait.front=0.028s(64%) drain=0.001s(2%) route=0.000s(0%) meta=0.000s(0%) fetch=0.008s(19%) enc.moe=0.001s(1%) tail=0.000s(0%) head=0.004s(9%) other=0.000s(1%) call=0.044s | tiles=71 ahead=71 experts=430 miss=13 io=0.008s 5.4GB/s]
[prefill gpuq busy=0.037s(85%) idle=0.007s(15%) span=0.044s buffers=162]
[prefill gpu attn=0.011s(30%) shared=0.004s(10%) moe=0.017s(47%) tail=0.001s(2%) head=0.004s(10%) total=0.037s]
[prefill host enc.front=0.002s(4%) wait.front=0.029s(63%) drain=0.001s(1%) route=0.000s(0%) meta=0.000s(0%) fetch=0.010s(21%) enc.moe=0.001s(1%) tail=0.000s(0%) head=0.004s(9%) other=0.000s(1%) call=0.046s | tiles=65 ahead=65 experts=365 miss=7 io=0.010s 2.5GB/s]
[prefill gpuq busy=0.037s(80%) idle=0.009s(20%) span=0.046s buffers=156]
[prefill gpu attn=0.011s(30%) shared=0.004s(10%) moe=0.018s(49%) tail=0.001s(2%) head=0.003s(9%) total=0.037s]
[prefill host enc.front=0.002s(4%) wait.front=0.028s(61%) drain=0.001s(2%) route=0.000s(0%) meta=0.000s(0%) fetch=0.011s(23%) enc.moe=0.001s(1%) tail=0.000s(0%) head=0.004s(8%) other=0.000s(1%) call=0.046s | tiles=71 ahead=71 experts=433 miss=18 io=0.011s 5.7GB/s]
[prefill gpuq busy=0.037s(80%) idle=0.009s(20%) span=0.046s buffers=162]

[stop=endOfTurn prefill=365tok new=176tok decode=5.68s tok/s=30.976]
[load=0.745s layerVerify=0.000s/30layers prefill=4.203s ttft=4.205s peak=6.78GB rss=3.99GB]
[expert prefill hit=0.0% 0/2734 io=1.679s | decode hit=95.1% 32714/34395 io=1.541s]
[vision images=1 soft=260 tower=1.749s towerLoad=0.001s]
[decode/tok io=0.00ms cb1=0.00ms cb2=0.00ms head=0.00ms]
[mtp bs=3 rounds=91 accept=0.923/2 tok/round=1.934 draft=0.616s verify=4.839s accepted=36,26,29]
